deploy	Set up job	ï»¿2025-12-26T02:32:49.1208401Z Current runner version: '2.330.0'
deploy	Set up job	2025-12-26T02:32:49.1232613Z ##[group]Runner Image Provisioner
deploy	Set up job	2025-12-26T02:32:49.1233480Z Hosted Compute Agent
deploy	Set up job	2025-12-26T02:32:49.1234041Z Version: 20251211.462
deploy	Set up job	2025-12-26T02:32:49.1234662Z Commit: 6cbad8c2bb55d58165063d031ccabf57e2d2db61
deploy	Set up job	2025-12-26T02:32:49.1235416Z Build Date: 2025-12-11T16:28:49Z
deploy	Set up job	2025-12-26T02:32:49.1236032Z Worker ID: {1357c57e-1067-4576-9565-32bafd1951e2}
deploy	Set up job	2025-12-26T02:32:49.1237042Z ##[endgroup]
deploy	Set up job	2025-12-26T02:32:49.1237602Z ##[group]Operating System
deploy	Set up job	2025-12-26T02:32:49.1238172Z Ubuntu
deploy	Set up job	2025-12-26T02:32:49.1238607Z 24.04.3
deploy	Set up job	2025-12-26T02:32:49.1239150Z LTS
deploy	Set up job	2025-12-26T02:32:49.1239617Z ##[endgroup]
deploy	Set up job	2025-12-26T02:32:49.1240109Z ##[group]Runner Image
deploy	Set up job	2025-12-26T02:32:49.1240753Z Image: ubuntu-24.04
deploy	Set up job	2025-12-26T02:32:49.1241243Z Version: 20251215.174.1
deploy	Set up job	2025-12-26T02:32:49.1242463Z Included Software: https://github.com/actions/runner-images/blob/ubuntu24/20251215.174/images/ubuntu/Ubuntu2404-Readme.md
deploy	Set up job	2025-12-26T02:32:49.1243944Z Image Release: https://github.com/actions/runner-images/releases/tag/ubuntu24%2F20251215.174
deploy	Set up job	2025-12-26T02:32:49.1245218Z ##[endgroup]
deploy	Set up job	2025-12-26T02:32:49.1246174Z ##[group]GITHUB_TOKEN Permissions
deploy	Set up job	2025-12-26T02:32:49.1248465Z Contents: read
deploy	Set up job	2025-12-26T02:32:49.1249129Z Metadata: read
deploy	Set up job	2025-12-26T02:32:49.1249616Z ##[endgroup]
deploy	Set up job	2025-12-26T02:32:49.1251612Z Secret source: Actions
deploy	Set up job	2025-12-26T02:32:49.1252640Z Prepare workflow directory
deploy	Set up job	2025-12-26T02:32:49.1672391Z Prepare all required actions
deploy	Set up job	2025-12-26T02:32:49.1727507Z Getting action download info
deploy	Set up job	2025-12-26T02:32:49.5134191Z Download action repository 'actions/checkout@v4' (SHA:34e114876b0b11c390a56381ad16ebd13914f8d5)
deploy	Set up job	2025-12-26T02:32:49.9515399Z Download action repository 'actions/setup-node@v4' (SHA:49933ea5288caeca8642d1e84afbd3f7d6820020)
deploy	Set up job	2025-12-26T02:32:50.1825128Z Download action repository 'actions/setup-python@v5' (SHA:a26af69be951a213d495a4c3e4e4022e16d87065)
deploy	Set up job	2025-12-26T02:32:50.3824103Z Download action repository 'aws-actions/configure-aws-credentials@v4' (SHA:7474bc4690e29a8392af63c5b98e7449536d5c3a)
deploy	Set up job	2025-12-26T02:32:50.7172356Z Complete job name: deploy
deploy	Checkout repo	ï»¿2025-12-26T02:32:50.7957672Z ##[group]Run actions/checkout@v4
deploy	Checkout repo	2025-12-26T02:32:50.7958906Z with:
deploy	Checkout repo	2025-12-26T02:32:50.7959641Z   repository: AIX-Clever/chat-booking-backend
deploy	Checkout repo	2025-12-26T02:32:50.7960846Z   token: ***
deploy	Checkout repo	2025-12-26T02:32:50.7961511Z   ssh-strict: true
deploy	Checkout repo	2025-12-26T02:32:50.7962195Z   ssh-user: git
deploy	Checkout repo	2025-12-26T02:32:50.7962886Z   persist-credentials: true
deploy	Checkout repo	2025-12-26T02:32:50.7963677Z   clean: true
deploy	Checkout repo	2025-12-26T02:32:50.7964368Z   sparse-checkout-cone-mode: true
deploy	Checkout repo	2025-12-26T02:32:50.7965234Z   fetch-depth: 1
deploy	Checkout repo	2025-12-26T02:32:50.7965903Z   fetch-tags: false
deploy	Checkout repo	2025-12-26T02:32:50.7966609Z   show-progress: true
deploy	Checkout repo	2025-12-26T02:32:50.7967461Z   lfs: false
deploy	Checkout repo	2025-12-26T02:32:50.7968112Z   submodules: false
deploy	Checkout repo	2025-12-26T02:32:50.7968817Z   set-safe-directory: true
deploy	Checkout repo	2025-12-26T02:32:50.7969834Z ##[endgroup]
deploy	Checkout repo	2025-12-26T02:32:50.9038425Z Syncing repository: AIX-Clever/chat-booking-backend
deploy	Checkout repo	2025-12-26T02:32:50.9040899Z ##[group]Getting Git version info
deploy	Checkout repo	2025-12-26T02:32:50.9042371Z Working directory is '/home/runner/work/chat-booking-backend/chat-booking-backend'
deploy	Checkout repo	2025-12-26T02:32:50.9044333Z [command]/usr/bin/git version
deploy	Checkout repo	2025-12-26T02:32:51.3064958Z git version 2.52.0
deploy	Checkout repo	2025-12-26T02:32:51.3095045Z ##[endgroup]
deploy	Checkout repo	2025-12-26T02:32:51.3119481Z Temporarily overriding HOME='/home/runner/work/_temp/9124e296-f632-4a00-9610-3025ff5fc02c' before making global git config changes
deploy	Checkout repo	2025-12-26T02:32:51.3124182Z Adding repository directory to the temporary git global config as a safe directory
deploy	Checkout repo	2025-12-26T02:32:51.3128694Z [command]/usr/bin/git config --global --add safe.directory /home/runner/work/chat-booking-backend/chat-booking-backend
deploy	Checkout repo	2025-12-26T02:32:51.3331008Z Deleting the contents of '/home/runner/work/chat-booking-backend/chat-booking-backend'
deploy	Checkout repo	2025-12-26T02:32:51.3335101Z ##[group]Initializing the repository
deploy	Checkout repo	2025-12-26T02:32:51.3340006Z [command]/usr/bin/git init /home/runner/work/chat-booking-backend/chat-booking-backend
deploy	Checkout repo	2025-12-26T02:32:51.5137038Z hint: Using 'master' as the name for the initial branch. This default branch name
deploy	Checkout repo	2025-12-26T02:32:51.5140720Z hint: will change to "main" in Git 3.0. To configure the initial branch name
deploy	Checkout repo	2025-12-26T02:32:51.5143925Z hint: to use in all of your new repositories, which will suppress this warning,
deploy	Checkout repo	2025-12-26T02:32:51.5145662Z hint: call:
deploy	Checkout repo	2025-12-26T02:32:51.5146581Z hint:
deploy	Checkout repo	2025-12-26T02:32:51.5147968Z hint: 	git config --global init.defaultBranch <name>
deploy	Checkout repo	2025-12-26T02:32:51.5149315Z hint:
deploy	Checkout repo	2025-12-26T02:32:51.5150575Z hint: Names commonly chosen instead of 'master' are 'main', 'trunk' and
deploy	Checkout repo	2025-12-26T02:32:51.5152584Z hint: 'development'. The just-created branch can be renamed via this command:
deploy	Checkout repo	2025-12-26T02:32:51.5154207Z hint:
deploy	Checkout repo	2025-12-26T02:32:51.5359790Z hint: 	git branch -m <name>
deploy	Checkout repo	2025-12-26T02:32:51.5361273Z hint:
deploy	Checkout repo	2025-12-26T02:32:51.5362890Z hint: Disable this message with "git config set advice.defaultBranchName false"
deploy	Checkout repo	2025-12-26T02:32:51.5366371Z Initialized empty Git repository in /home/runner/work/chat-booking-backend/chat-booking-backend/.git/
deploy	Checkout repo	2025-12-26T02:32:51.5374316Z [command]/usr/bin/git remote add origin https://github.com/AIX-Clever/chat-booking-backend
deploy	Checkout repo	2025-12-26T02:32:51.5614194Z ##[endgroup]
deploy	Checkout repo	2025-12-26T02:32:51.5615896Z ##[group]Disabling automatic garbage collection
deploy	Checkout repo	2025-12-26T02:32:51.5618162Z [command]/usr/bin/git config --local gc.auto 0
deploy	Checkout repo	2025-12-26T02:32:51.5650081Z ##[endgroup]
deploy	Checkout repo	2025-12-26T02:32:51.5652328Z ##[group]Setting up auth
deploy	Checkout repo	2025-12-26T02:32:51.5657907Z [command]/usr/bin/git config --local --name-only --get-regexp core\.sshCommand
deploy	Checkout repo	2025-12-26T02:32:51.5690209Z [command]/usr/bin/git submodule foreach --recursive sh -c "git config --local --name-only --get-regexp 'core\.sshCommand' && git config --local --unset-all 'core.sshCommand' || :"
deploy	Checkout repo	2025-12-26T02:32:52.1641963Z [command]/usr/bin/git config --local --name-only --get-regexp http\.https\:\/\/github\.com\/\.extraheader
deploy	Checkout repo	2025-12-26T02:32:52.1671953Z [command]/usr/bin/git submodule foreach --recursive sh -c "git config --local --name-only --get-regexp 'http\.https\:\/\/github\.com\/\.extraheader' && git config --local --unset-all 'http.https://github.com/.extraheader' || :"
deploy	Checkout repo	2025-12-26T02:32:52.1890513Z [command]/usr/bin/git config --local --name-only --get-regexp ^includeIf\.gitdir:
deploy	Checkout repo	2025-12-26T02:32:52.1927609Z [command]/usr/bin/git submodule foreach --recursive git config --local --show-origin --name-only --get-regexp remote.origin.url
deploy	Checkout repo	2025-12-26T02:32:52.2145861Z [command]/usr/bin/git config --local http.https://github.com/.extraheader AUTHORIZATION: basic ***
deploy	Checkout repo	2025-12-26T02:32:52.2178695Z ##[endgroup]
deploy	Checkout repo	2025-12-26T02:32:52.2179642Z ##[group]Fetching the repository
deploy	Checkout repo	2025-12-26T02:32:52.2187195Z [command]/usr/bin/git -c protocol.version=2 fetch --no-tags --prune --no-recurse-submodules --depth=1 origin +db7c234dd4fe969761e21bd055687f5d9d217f17:refs/remotes/origin/dev
deploy	Checkout repo	2025-12-26T02:32:54.2019970Z From https://github.com/AIX-Clever/chat-booking-backend
deploy	Checkout repo	2025-12-26T02:32:54.2208679Z  * [new ref]         db7c234dd4fe969761e21bd055687f5d9d217f17 -> origin/dev
deploy	Checkout repo	2025-12-26T02:32:54.2210223Z ##[endgroup]
deploy	Checkout repo	2025-12-26T02:32:54.2210673Z ##[group]Determining the checkout info
deploy	Checkout repo	2025-12-26T02:32:54.2212041Z ##[endgroup]
deploy	Checkout repo	2025-12-26T02:32:54.2217113Z [command]/usr/bin/git sparse-checkout disable
deploy	Checkout repo	2025-12-26T02:32:54.2456482Z [command]/usr/bin/git config --local --unset-all extensions.worktreeConfig
deploy	Checkout repo	2025-12-26T02:32:54.2480872Z ##[group]Checking out the ref
deploy	Checkout repo	2025-12-26T02:32:54.2484646Z [command]/usr/bin/git checkout --progress --force -B dev refs/remotes/origin/dev
deploy	Checkout repo	2025-12-26T02:32:55.0615353Z Switched to a new branch 'dev'
deploy	Checkout repo	2025-12-26T02:32:55.0616044Z branch 'dev' set up to track 'origin/dev'.
deploy	Checkout repo	2025-12-26T02:32:55.0657628Z ##[endgroup]
deploy	Checkout repo	2025-12-26T02:32:55.0696480Z [command]/usr/bin/git log -1 --format=%H
deploy	Checkout repo	2025-12-26T02:32:55.0719802Z db7c234dd4fe969761e21bd055687f5d9d217f17
deploy	Setup Node.js	ï»¿2025-12-26T02:32:55.0950444Z ##[group]Run actions/setup-node@v4
deploy	Setup Node.js	2025-12-26T02:32:55.0950752Z with:
deploy	Setup Node.js	2025-12-26T02:32:55.0950940Z   node-version: 20
deploy	Setup Node.js	2025-12-26T02:32:55.0951128Z   always-auth: false
deploy	Setup Node.js	2025-12-26T02:32:55.0951501Z   check-latest: false
deploy	Setup Node.js	2025-12-26T02:32:55.0951831Z   token: ***
deploy	Setup Node.js	2025-12-26T02:32:55.0952002Z ##[endgroup]
deploy	Setup Node.js	2025-12-26T02:32:55.3534807Z Found in cache @ /opt/hostedtoolcache/node/20.19.6/x64
deploy	Setup Node.js	2025-12-26T02:32:55.3541532Z ##[group]Environment details
deploy	Setup Node.js	2025-12-26T02:33:02.4643644Z node: v20.19.6
deploy	Setup Node.js	2025-12-26T02:33:02.4644174Z npm: 10.8.2
deploy	Setup Node.js	2025-12-26T02:33:02.4644479Z yarn: 1.22.22
deploy	Setup Node.js	2025-12-26T02:33:02.4647333Z ##[endgroup]
deploy	Setup Python	ï»¿2025-12-26T02:33:02.4841818Z ##[group]Run actions/setup-python@v5
deploy	Setup Python	2025-12-26T02:33:02.4842106Z with:
deploy	Setup Python	2025-12-26T02:33:02.4842305Z   python-version: 3.9
deploy	Setup Python	2025-12-26T02:33:02.4842527Z   check-latest: false
deploy	Setup Python	2025-12-26T02:33:02.4842822Z   token: ***
deploy	Setup Python	2025-12-26T02:33:02.4843007Z   update-environment: true
deploy	Setup Python	2025-12-26T02:33:02.4843223Z   allow-prereleases: false
deploy	Setup Python	2025-12-26T02:33:02.4843417Z   freethreaded: false
deploy	Setup Python	2025-12-26T02:33:02.4843603Z ##[endgroup]
deploy	Setup Python	2025-12-26T02:33:02.6487131Z ##[group]Installed versions
deploy	Setup Python	2025-12-26T02:33:02.7031517Z Successfully set up CPython (3.9.25)
deploy	Setup Python	2025-12-26T02:33:02.7032223Z ##[endgroup]
deploy	Install Lambda Dependencies	ï»¿2025-12-26T02:33:02.7137398Z ##[group]Run # Find all requirements.txt files and install dependencies to their directory
deploy	Install Lambda Dependencies	2025-12-26T02:33:02.7138040Z [36;1m# Find all requirements.txt files and install dependencies to their directory[0m
deploy	Install Lambda Dependencies	2025-12-26T02:33:02.7138639Z [36;1mfind . -name "requirements.txt" -not -path "*/node_modules/*" -not -path "*/.venv/*" | while read req_file; do[0m
deploy	Install Lambda Dependencies	2025-12-26T02:33:02.7139135Z [36;1m  echo "Installing dependencies for $req_file"[0m
deploy	Install Lambda Dependencies	2025-12-26T02:33:02.7139424Z [36;1m  dir=$(dirname "$req_file")[0m
deploy	Install Lambda Dependencies	2025-12-26T02:33:02.7139684Z [36;1m  pip install -r "$req_file" -t "$dir"[0m
deploy	Install Lambda Dependencies	2025-12-26T02:33:02.7139921Z [36;1mdone[0m
deploy	Install Lambda Dependencies	2025-12-26T02:33:02.7188892Z shell: /usr/bin/bash -e {0}
deploy	Install Lambda Dependencies	2025-12-26T02:33:02.7189132Z env:
deploy	Install Lambda Dependencies	2025-12-26T02:33:02.7189360Z   pythonLocation: /opt/hostedtoolcache/Python/3.9.25/x64
deploy	Install Lambda Dependencies	2025-12-26T02:33:02.7189758Z   PKG_CONFIG_PATH: /opt/hostedtoolcache/Python/3.9.25/x64/lib/pkgconfig
deploy	Install Lambda Dependencies	2025-12-26T02:33:02.7190141Z   Python_ROOT_DIR: /opt/hostedtoolcache/Python/3.9.25/x64
deploy	Install Lambda Dependencies	2025-12-26T02:33:02.7190539Z   Python2_ROOT_DIR: /opt/hostedtoolcache/Python/3.9.25/x64
deploy	Install Lambda Dependencies	2025-12-26T02:33:02.7190879Z   Python3_ROOT_DIR: /opt/hostedtoolcache/Python/3.9.25/x64
deploy	Install Lambda Dependencies	2025-12-26T02:33:02.7191214Z   LD_LIBRARY_PATH: /opt/hostedtoolcache/Python/3.9.25/x64/lib
deploy	Install Lambda Dependencies	2025-12-26T02:33:02.7191499Z ##[endgroup]
deploy	Install Lambda Dependencies	2025-12-26T02:33:02.7520810Z Installing dependencies for ./availability/requirements.txt
deploy	Install Lambda Dependencies	2025-12-26T02:33:08.8468422Z Collecting boto3>=1.34.0 (from -r ./availability/requirements.txt (line 1))
deploy	Install Lambda Dependencies	2025-12-26T02:33:08.8834441Z   Downloading boto3-1.42.16-py3-none-any.whl.metadata (6.8 kB)
deploy	Install Lambda Dependencies	2025-12-26T02:33:09.3140736Z Collecting botocore>=1.34.0 (from -r ./availability/requirements.txt (line 2))
deploy	Install Lambda Dependencies	2025-12-26T02:33:09.3187869Z   Downloading botocore-1.42.16-py3-none-any.whl.metadata (5.9 kB)
deploy	Install Lambda Dependencies	2025-12-26T02:33:09.3364687Z Collecting python-dateutil>=2.8.2 (from -r ./availability/requirements.txt (line 3))
deploy	Install Lambda Dependencies	2025-12-26T02:33:09.3413933Z   Downloading python_dateutil-2.9.0.post0-py2.py3-none-any.whl.metadata (8.4 kB)
deploy	Install Lambda Dependencies	2025-12-26T02:33:09.3816266Z Collecting pytz>=2023.3 (from -r ./availability/requirements.txt (line 4))
deploy	Install Lambda Dependencies	2025-12-26T02:33:09.3864098Z   Downloading pytz-2025.2-py2.py3-none-any.whl.metadata (22 kB)
deploy	Install Lambda Dependencies	2025-12-26T02:33:09.5488002Z Collecting jmespath<2.0.0,>=0.7.1 (from boto3>=1.34.0->-r ./availability/requirements.txt (line 1))
deploy	Install Lambda Dependencies	2025-12-26T02:33:09.5531609Z   Downloading jmespath-1.0.1-py3-none-any.whl.metadata (7.6 kB)
deploy	Install Lambda Dependencies	2025-12-26T02:33:09.5737512Z Collecting s3transfer<0.17.0,>=0.16.0 (from boto3>=1.34.0->-r ./availability/requirements.txt (line 1))
deploy	Install Lambda Dependencies	2025-12-26T02:33:09.5777143Z   Downloading s3transfer-0.16.0-py3-none-any.whl.metadata (1.7 kB)
deploy	Install Lambda Dependencies	2025-12-26T02:33:09.6206930Z Collecting urllib3<1.27,>=1.25.4 (from botocore>=1.34.0->-r ./availability/requirements.txt (line 2))
deploy	Install Lambda Dependencies	2025-12-26T02:33:09.6250398Z   Downloading urllib3-1.26.20-py2.py3-none-any.whl.metadata (50 kB)
deploy	Install Lambda Dependencies	2025-12-26T02:33:09.6469822Z Collecting six>=1.5 (from python-dateutil>=2.8.2->-r ./availability/requirements.txt (line 3))
deploy	Install Lambda Dependencies	2025-12-26T02:33:09.6508605Z   Downloading six-1.17.0-py2.py3-none-any.whl.metadata (1.7 kB)
deploy	Install Lambda Dependencies	2025-12-26T02:33:09.8869934Z Downloading boto3-1.42.16-py3-none-any.whl (140 kB)
deploy	Install Lambda Dependencies	2025-12-26T02:33:09.8950075Z Downloading botocore-1.42.16-py3-none-any.whl (14.6 MB)
deploy	Install Lambda Dependencies	2025-12-26T02:33:09.9548442Z    â”â”â”â”â”â”â”â”â”â”â”â”â”â”â”â”â”â”â”â”â”â”â”â”â”â”â”â”â”â”â”â”â”â”â”â”â”â”â”â” 14.6/14.6 MB 253.1 MB/s  0:00:00
deploy	Install Lambda Dependencies	2025-12-26T02:33:09.9589538Z Downloading python_dateutil-2.9.0.post0-py2.py3-none-any.whl (229 kB)
deploy	Install Lambda Dependencies	2025-12-26T02:33:09.9660775Z Downloading jmespath-1.0.1-py3-none-any.whl (20 kB)
deploy	Install Lambda Dependencies	2025-12-26T02:33:09.9725277Z Downloading s3transfer-0.16.0-py3-none-any.whl (86 kB)
deploy	Install Lambda Dependencies	2025-12-26T02:33:09.9797369Z Downloading urllib3-1.26.20-py2.py3-none-any.whl (144 kB)
deploy	Install Lambda Dependencies	2025-12-26T02:33:09.9864320Z Downloading pytz-2025.2-py2.py3-none-any.whl (509 kB)
deploy	Install Lambda Dependencies	2025-12-26T02:33:09.9942472Z Downloading six-1.17.0-py2.py3-none-any.whl (11 kB)
deploy	Install Lambda Dependencies	2025-12-26T02:33:10.1418107Z Installing collected packages: pytz, urllib3, six, jmespath, python-dateutil, botocore, s3transfer, boto3
deploy	Install Lambda Dependencies	2025-12-26T02:33:11.0032177Z 
deploy	Install Lambda Dependencies	2025-12-26T02:33:11.0055630Z Successfully installed boto3-1.42.16 botocore-1.42.16 jmespath-1.0.1 python-dateutil-2.9.0.post0 pytz-2025.2 s3transfer-0.16.0 six-1.17.0 urllib3-1.26.20
deploy	Install Lambda Dependencies	2025-12-26T02:33:11.1587522Z Installing dependencies for ./chat_agent/requirements.txt
deploy	Install Lambda Dependencies	2025-12-26T02:33:12.0061473Z Collecting requests (from -r ./chat_agent/requirements.txt (line 1))
deploy	Install Lambda Dependencies	2025-12-26T02:33:12.0494085Z   Downloading requests-2.32.5-py3-none-any.whl.metadata (4.9 kB)
deploy	Install Lambda Dependencies	2025-12-26T02:33:12.0685708Z Collecting aws-xray-sdk (from -r ./chat_agent/requirements.txt (line 2))
deploy	Install Lambda Dependencies	2025-12-26T02:33:12.0745937Z   Downloading aws_xray_sdk-2.15.0-py2.py3-none-any.whl.metadata (23 kB)
deploy	Install Lambda Dependencies	2025-12-26T02:33:12.4466090Z Collecting boto3>=1.34.0 (from -r ./chat_agent/requirements.txt (line 3))
deploy	Install Lambda Dependencies	2025-12-26T02:33:12.4486092Z   Using cached boto3-1.42.16-py3-none-any.whl.metadata (6.8 kB)
deploy	Install Lambda Dependencies	2025-12-26T02:33:12.4625601Z Collecting python-dateutil>=2.8.2 (from -r ./chat_agent/requirements.txt (line 4))
deploy	Install Lambda Dependencies	2025-12-26T02:33:12.4642989Z   Using cached python_dateutil-2.9.0.post0-py2.py3-none-any.whl.metadata (8.4 kB)
deploy	Install Lambda Dependencies	2025-12-26T02:33:12.5025835Z Collecting pytz>=2023.3 (from -r ./chat_agent/requirements.txt (line 5))
deploy	Install Lambda Dependencies	2025-12-26T02:33:12.5043198Z   Using cached pytz-2025.2-py2.py3-none-any.whl.metadata (22 kB)
deploy	Install Lambda Dependencies	2025-12-26T02:33:12.5325459Z Collecting pypdf>=3.0.0 (from -r ./chat_agent/requirements.txt (line 6))
deploy	Install Lambda Dependencies	2025-12-26T02:33:12.5365893Z   Downloading pypdf-6.5.0-py3-none-any.whl.metadata (7.1 kB)
deploy	Install Lambda Dependencies	2025-12-26T02:33:12.6492892Z Collecting charset_normalizer<4,>=2 (from requests->-r ./chat_agent/requirements.txt (line 1))
deploy	Install Lambda Dependencies	2025-12-26T02:33:12.6538092Z   Downloading charset_normalizer-3.4.4-cp39-cp39-manylinux2014_x86_64.manylinux_2_17_x86_64.manylinux_2_28_x86_64.whl.metadata (37 kB)
deploy	Install Lambda Dependencies	2025-12-26T02:33:12.6722402Z Collecting idna<4,>=2.5 (from requests->-r ./chat_agent/requirements.txt (line 1))
deploy	Install Lambda Dependencies	2025-12-26T02:33:12.6764338Z   Downloading idna-3.11-py3-none-any.whl.metadata (8.4 kB)
deploy	Install Lambda Dependencies	2025-12-26T02:33:12.7099820Z Collecting urllib3<3,>=1.21.1 (from requests->-r ./chat_agent/requirements.txt (line 1))
deploy	Install Lambda Dependencies	2025-12-26T02:33:12.7152144Z   Downloading urllib3-2.6.2-py3-none-any.whl.metadata (6.6 kB)
deploy	Install Lambda Dependencies	2025-12-26T02:33:12.7558805Z Collecting certifi>=2017.4.17 (from requests->-r ./chat_agent/requirements.txt (line 1))
deploy	Install Lambda Dependencies	2025-12-26T02:33:12.7607412Z   Downloading certifi-2025.11.12-py3-none-any.whl.metadata (2.5 kB)
deploy	Install Lambda Dependencies	2025-12-26T02:33:12.9359088Z Collecting wrapt (from aws-xray-sdk->-r ./chat_agent/requirements.txt (line 2))
deploy	Install Lambda Dependencies	2025-12-26T02:33:12.9402320Z   Downloading wrapt-2.0.1-cp39-cp39-manylinux1_x86_64.manylinux_2_28_x86_64.manylinux_2_5_x86_64.whl.metadata (9.0 kB)
deploy	Install Lambda Dependencies	2025-12-26T02:33:13.4625727Z Collecting botocore>=1.11.3 (from aws-xray-sdk->-r ./chat_agent/requirements.txt (line 2))
deploy	Install Lambda Dependencies	2025-12-26T02:33:13.4646379Z   Using cached botocore-1.42.16-py3-none-any.whl.metadata (5.9 kB)
deploy	Install Lambda Dependencies	2025-12-26T02:33:13.7293160Z Collecting jmespath<2.0.0,>=0.7.1 (from boto3>=1.34.0->-r ./chat_agent/requirements.txt (line 3))
deploy	Install Lambda Dependencies	2025-12-26T02:33:13.7311106Z   Using cached jmespath-1.0.1-py3-none-any.whl.metadata (7.6 kB)
deploy	Install Lambda Dependencies	2025-12-26T02:33:13.7486834Z Collecting s3transfer<0.17.0,>=0.16.0 (from boto3>=1.34.0->-r ./chat_agent/requirements.txt (line 3))
deploy	Install Lambda Dependencies	2025-12-26T02:33:13.7503987Z   Using cached s3transfer-0.16.0-py3-none-any.whl.metadata (1.7 kB)
deploy	Install Lambda Dependencies	2025-12-26T02:33:13.7673465Z Collecting urllib3<3,>=1.21.1 (from requests->-r ./chat_agent/requirements.txt (line 1))
deploy	Install Lambda Dependencies	2025-12-26T02:33:13.7690739Z   Using cached urllib3-1.26.20-py2.py3-none-any.whl.metadata (50 kB)
deploy	Install Lambda Dependencies	2025-12-26T02:33:13.7882625Z Collecting six>=1.5 (from python-dateutil>=2.8.2->-r ./chat_agent/requirements.txt (line 4))
deploy	Install Lambda Dependencies	2025-12-26T02:33:13.7900400Z   Using cached six-1.17.0-py2.py3-none-any.whl.metadata (1.7 kB)
deploy	Install Lambda Dependencies	2025-12-26T02:33:14.0627198Z Collecting typing_extensions>=4.0 (from pypdf>=3.0.0->-r ./chat_agent/requirements.txt (line 6))
deploy	Install Lambda Dependencies	2025-12-26T02:33:14.0671732Z   Downloading typing_extensions-4.15.0-py3-none-any.whl.metadata (3.3 kB)
deploy	Install Lambda Dependencies	2025-12-26T02:33:14.0782949Z Downloading requests-2.32.5-py3-none-any.whl (64 kB)
deploy	Install Lambda Dependencies	2025-12-26T02:33:14.0853490Z Downloading charset_normalizer-3.4.4-cp39-cp39-manylinux2014_x86_64.manylinux_2_17_x86_64.manylinux_2_28_x86_64.whl (153 kB)
deploy	Install Lambda Dependencies	2025-12-26T02:33:14.0928267Z Downloading idna-3.11-py3-none-any.whl (71 kB)
deploy	Install Lambda Dependencies	2025-12-26T02:33:14.1039416Z Downloading aws_xray_sdk-2.15.0-py2.py3-none-any.whl (103 kB)
deploy	Install Lambda Dependencies	2025-12-26T02:33:14.1078670Z Using cached boto3-1.42.16-py3-none-any.whl (140 kB)
deploy	Install Lambda Dependencies	2025-12-26T02:33:14.1095770Z Using cached botocore-1.42.16-py3-none-any.whl (14.6 MB)
deploy	Install Lambda Dependencies	2025-12-26T02:33:14.1219916Z Using cached python_dateutil-2.9.0.post0-py2.py3-none-any.whl (229 kB)
deploy	Install Lambda Dependencies	2025-12-26T02:33:14.1237563Z Using cached jmespath-1.0.1-py3-none-any.whl (20 kB)
deploy	Install Lambda Dependencies	2025-12-26T02:33:14.1253561Z Using cached s3transfer-0.16.0-py3-none-any.whl (86 kB)
deploy	Install Lambda Dependencies	2025-12-26T02:33:14.1270654Z Using cached urllib3-1.26.20-py2.py3-none-any.whl (144 kB)
deploy	Install Lambda Dependencies	2025-12-26T02:33:14.1287860Z Using cached pytz-2025.2-py2.py3-none-any.whl (509 kB)
deploy	Install Lambda Dependencies	2025-12-26T02:33:14.1333862Z Downloading pypdf-6.5.0-py3-none-any.whl (329 kB)
deploy	Install Lambda Dependencies	2025-12-26T02:33:14.1427790Z Downloading certifi-2025.11.12-py3-none-any.whl (159 kB)
deploy	Install Lambda Dependencies	2025-12-26T02:33:14.1468464Z Using cached six-1.17.0-py2.py3-none-any.whl (11 kB)
deploy	Install Lambda Dependencies	2025-12-26T02:33:14.1516980Z Downloading typing_extensions-4.15.0-py3-none-any.whl (44 kB)
deploy	Install Lambda Dependencies	2025-12-26T02:33:14.1583158Z Downloading wrapt-2.0.1-cp39-cp39-manylinux1_x86_64.manylinux_2_28_x86_64.manylinux_2_5_x86_64.whl (113 kB)
deploy	Install Lambda Dependencies	2025-12-26T02:33:14.2584739Z Installing collected packages: pytz, wrapt, urllib3, typing_extensions, six, jmespath, idna, charset_normalizer, certifi, requests, python-dateutil, pypdf, botocore, s3transfer, aws-xray-sdk, boto3
deploy	Install Lambda Dependencies	2025-12-26T02:33:15.5853950Z 
deploy	Install Lambda Dependencies	2025-12-26T02:33:15.5893211Z Successfully installed aws-xray-sdk-2.15.0 boto3-1.42.16 botocore-1.42.16 certifi-2025.11.12 charset_normalizer-3.4.4 idna-3.11 jmespath-1.0.1 pypdf-6.5.0 python-dateutil-2.9.0.post0 pytz-2025.2 requests-2.32.5 s3transfer-0.16.0 six-1.17.0 typing_extensions-4.15.0 urllib3-1.26.20 wrapt-2.0.1
deploy	Install Lambda Dependencies	2025-12-26T02:33:15.6943111Z Installing dependencies for ./auth_resolver/requirements.txt
deploy	Install Lambda Dependencies	2025-12-26T02:33:16.8687634Z Collecting boto3>=1.34.0 (from -r ./auth_resolver/requirements.txt (line 1))
deploy	Install Lambda Dependencies	2025-12-26T02:33:16.8708075Z   Using cached boto3-1.42.16-py3-none-any.whl.metadata (6.8 kB)
deploy	Install Lambda Dependencies	2025-12-26T02:33:16.8849383Z Collecting python-dateutil>=2.8.2 (from -r ./auth_resolver/requirements.txt (line 2))
deploy	Install Lambda Dependencies	2025-12-26T02:33:16.8866490Z   Using cached python_dateutil-2.9.0.post0-py2.py3-none-any.whl.metadata (8.4 kB)
deploy	Install Lambda Dependencies	2025-12-26T02:33:17.3069304Z Collecting botocore>=1.34.0 (from -r ./auth_resolver/requirements.txt (line 3))
deploy	Install Lambda Dependencies	2025-12-26T02:33:17.3089362Z   Using cached botocore-1.42.16-py3-none-any.whl.metadata (5.9 kB)
deploy	Install Lambda Dependencies	2025-12-26T02:33:17.4334981Z Collecting jmespath<2.0.0,>=0.7.1 (from boto3>=1.34.0->-r ./auth_resolver/requirements.txt (line 1))
deploy	Install Lambda Dependencies	2025-12-26T02:33:17.4352419Z   Using cached jmespath-1.0.1-py3-none-any.whl.metadata (7.6 kB)
deploy	Install Lambda Dependencies	2025-12-26T02:33:17.4517748Z Collecting s3transfer<0.17.0,>=0.16.0 (from boto3>=1.34.0->-r ./auth_resolver/requirements.txt (line 1))
deploy	Install Lambda Dependencies	2025-12-26T02:33:17.4535118Z   Using cached s3transfer-0.16.0-py3-none-any.whl.metadata (1.7 kB)
deploy	Install Lambda Dependencies	2025-12-26T02:33:17.4861160Z Collecting urllib3<1.27,>=1.25.4 (from botocore>=1.34.0->-r ./auth_resolver/requirements.txt (line 3))
deploy	Install Lambda Dependencies	2025-12-26T02:33:17.4878709Z   Using cached urllib3-1.26.20-py2.py3-none-any.whl.metadata (50 kB)
deploy	Install Lambda Dependencies	2025-12-26T02:33:17.5059384Z Collecting six>=1.5 (from python-dateutil>=2.8.2->-r ./auth_resolver/requirements.txt (line 2))
deploy	Install Lambda Dependencies	2025-12-26T02:33:17.5076865Z   Using cached six-1.17.0-py2.py3-none-any.whl.metadata (1.7 kB)
deploy	Install Lambda Dependencies	2025-12-26T02:33:17.6426632Z Using cached boto3-1.42.16-py3-none-any.whl (140 kB)
deploy	Install Lambda Dependencies	2025-12-26T02:33:17.6445126Z Using cached botocore-1.42.16-py3-none-any.whl (14.6 MB)
deploy	Install Lambda Dependencies	2025-12-26T02:33:17.6565891Z Using cached python_dateutil-2.9.0.post0-py2.py3-none-any.whl (229 kB)
deploy	Install Lambda Dependencies	2025-12-26T02:33:17.6584193Z Using cached jmespath-1.0.1-py3-none-any.whl (20 kB)
deploy	Install Lambda Dependencies	2025-12-26T02:33:17.6601350Z Using cached s3transfer-0.16.0-py3-none-any.whl (86 kB)
deploy	Install Lambda Dependencies	2025-12-26T02:33:17.6618516Z Using cached urllib3-1.26.20-py2.py3-none-any.whl (144 kB)
deploy	Install Lambda Dependencies	2025-12-26T02:33:17.6635887Z Using cached six-1.17.0-py2.py3-none-any.whl (11 kB)
deploy	Install Lambda Dependencies	2025-12-26T02:33:17.7314054Z Installing collected packages: urllib3, six, jmespath, python-dateutil, botocore, s3transfer, boto3
deploy	Install Lambda Dependencies	2025-12-26T02:33:18.4763572Z 
deploy	Install Lambda Dependencies	2025-12-26T02:33:18.4786336Z Successfully installed boto3-1.42.16 botocore-1.42.16 jmespath-1.0.1 python-dateutil-2.9.0.post0 s3transfer-0.16.0 six-1.17.0 urllib3-1.26.20
deploy	Install Lambda Dependencies	2025-12-26T02:33:18.5613085Z Installing dependencies for ./booking/requirements.txt
deploy	Install Lambda Dependencies	2025-12-26T02:33:19.7518087Z Collecting boto3>=1.34.0 (from -r ./booking/requirements.txt (line 1))
deploy	Install Lambda Dependencies	2025-12-26T02:33:19.7539760Z   Using cached boto3-1.42.16-py3-none-any.whl.metadata (6.8 kB)
deploy	Install Lambda Dependencies	2025-12-26T02:33:20.2513959Z Collecting botocore>=1.34.0 (from -r ./booking/requirements.txt (line 2))
deploy	Install Lambda Dependencies	2025-12-26T02:33:20.2534735Z   Using cached botocore-1.42.16-py3-none-any.whl.metadata (5.9 kB)
deploy	Install Lambda Dependencies	2025-12-26T02:33:20.2680617Z Collecting python-dateutil>=2.8.2 (from -r ./booking/requirements.txt (line 3))
deploy	Install Lambda Dependencies	2025-12-26T02:33:20.2698520Z   Using cached python_dateutil-2.9.0.post0-py2.py3-none-any.whl.metadata (8.4 kB)
deploy	Install Lambda Dependencies	2025-12-26T02:33:20.4197847Z Collecting jmespath<2.0.0,>=0.7.1 (from boto3>=1.34.0->-r ./booking/requirements.txt (line 1))
deploy	Install Lambda Dependencies	2025-12-26T02:33:20.4215992Z   Using cached jmespath-1.0.1-py3-none-any.whl.metadata (7.6 kB)
deploy	Install Lambda Dependencies	2025-12-26T02:33:20.4399444Z Collecting s3transfer<0.17.0,>=0.16.0 (from boto3>=1.34.0->-r ./booking/requirements.txt (line 1))
deploy	Install Lambda Dependencies	2025-12-26T02:33:20.4417059Z   Using cached s3transfer-0.16.0-py3-none-any.whl.metadata (1.7 kB)
deploy	Install Lambda Dependencies	2025-12-26T02:33:20.4733927Z Collecting urllib3<1.27,>=1.25.4 (from botocore>=1.34.0->-r ./booking/requirements.txt (line 2))
deploy	Install Lambda Dependencies	2025-12-26T02:33:20.4751397Z   Using cached urllib3-1.26.20-py2.py3-none-any.whl.metadata (50 kB)
deploy	Install Lambda Dependencies	2025-12-26T02:33:20.4938968Z Collecting six>=1.5 (from python-dateutil>=2.8.2->-r ./booking/requirements.txt (line 3))
deploy	Install Lambda Dependencies	2025-12-26T02:33:20.4956266Z   Using cached six-1.17.0-py2.py3-none-any.whl.metadata (1.7 kB)
deploy	Install Lambda Dependencies	2025-12-26T02:33:20.6511930Z Using cached boto3-1.42.16-py3-none-any.whl (140 kB)
deploy	Install Lambda Dependencies	2025-12-26T02:33:20.6529812Z Using cached botocore-1.42.16-py3-none-any.whl (14.6 MB)
deploy	Install Lambda Dependencies	2025-12-26T02:33:20.6652385Z Using cached python_dateutil-2.9.0.post0-py2.py3-none-any.whl (229 kB)
deploy	Install Lambda Dependencies	2025-12-26T02:33:20.6670465Z Using cached jmespath-1.0.1-py3-none-any.whl (20 kB)
deploy	Install Lambda Dependencies	2025-12-26T02:33:20.6687359Z Using cached s3transfer-0.16.0-py3-none-any.whl (86 kB)
deploy	Install Lambda Dependencies	2025-12-26T02:33:20.6704753Z Using cached urllib3-1.26.20-py2.py3-none-any.whl (144 kB)
deploy	Install Lambda Dependencies	2025-12-26T02:33:20.6722369Z Using cached six-1.17.0-py2.py3-none-any.whl (11 kB)
deploy	Install Lambda Dependencies	2025-12-26T02:33:20.7408988Z Installing collected packages: urllib3, six, jmespath, python-dateutil, botocore, s3transfer, boto3
deploy	Install Lambda Dependencies	2025-12-26T02:33:21.5147499Z 
deploy	Install Lambda Dependencies	2025-12-26T02:33:21.5170516Z Successfully installed boto3-1.42.16 botocore-1.42.16 jmespath-1.0.1 python-dateutil-2.9.0.post0 s3transfer-0.16.0 six-1.17.0 urllib3-1.26.20
deploy	Install Lambda Dependencies	2025-12-26T02:33:21.5989419Z Installing dependencies for ./catalog/requirements.txt
deploy	Install Lambda Dependencies	2025-12-26T02:33:22.7844209Z Collecting boto3>=1.34.0 (from -r ./catalog/requirements.txt (line 1))
deploy	Install Lambda Dependencies	2025-12-26T02:33:22.7864711Z   Using cached boto3-1.42.16-py3-none-any.whl.metadata (6.8 kB)
deploy	Install Lambda Dependencies	2025-12-26T02:33:22.8008671Z Collecting python-dateutil>=2.8.2 (from -r ./catalog/requirements.txt (line 2))
deploy	Install Lambda Dependencies	2025-12-26T02:33:22.8027219Z   Using cached python_dateutil-2.9.0.post0-py2.py3-none-any.whl.metadata (8.4 kB)
deploy	Install Lambda Dependencies	2025-12-26T02:33:23.2277480Z Collecting botocore>=1.34.0 (from -r ./catalog/requirements.txt (line 3))
deploy	Install Lambda Dependencies	2025-12-26T02:33:23.2297730Z   Using cached botocore-1.42.16-py3-none-any.whl.metadata (5.9 kB)
deploy	Install Lambda Dependencies	2025-12-26T02:33:23.3765032Z Collecting jmespath<2.0.0,>=0.7.1 (from boto3>=1.34.0->-r ./catalog/requirements.txt (line 1))
deploy	Install Lambda Dependencies	2025-12-26T02:33:23.3783078Z   Using cached jmespath-1.0.1-py3-none-any.whl.metadata (7.6 kB)
deploy	Install Lambda Dependencies	2025-12-26T02:33:23.3951738Z Collecting s3transfer<0.17.0,>=0.16.0 (from boto3>=1.34.0->-r ./catalog/requirements.txt (line 1))
deploy	Install Lambda Dependencies	2025-12-26T02:33:23.3968932Z   Using cached s3transfer-0.16.0-py3-none-any.whl.metadata (1.7 kB)
deploy	Install Lambda Dependencies	2025-12-26T02:33:23.4282710Z Collecting urllib3<1.27,>=1.25.4 (from botocore>=1.34.0->-r ./catalog/requirements.txt (line 3))
deploy	Install Lambda Dependencies	2025-12-26T02:33:23.4300100Z   Using cached urllib3-1.26.20-py2.py3-none-any.whl.metadata (50 kB)
deploy	Install Lambda Dependencies	2025-12-26T02:33:23.4485588Z Collecting six>=1.5 (from python-dateutil>=2.8.2->-r ./catalog/requirements.txt (line 2))
deploy	Install Lambda Dependencies	2025-12-26T02:33:23.4502770Z   Using cached six-1.17.0-py2.py3-none-any.whl.metadata (1.7 kB)
deploy	Install Lambda Dependencies	2025-12-26T02:33:23.7029956Z Using cached boto3-1.42.16-py3-none-any.whl (140 kB)
deploy	Install Lambda Dependencies	2025-12-26T02:33:23.7047651Z Using cached botocore-1.42.16-py3-none-any.whl (14.6 MB)
deploy	Install Lambda Dependencies	2025-12-26T02:33:23.7170068Z Using cached python_dateutil-2.9.0.post0-py2.py3-none-any.whl (229 kB)
deploy	Install Lambda Dependencies	2025-12-26T02:33:23.7188646Z Using cached jmespath-1.0.1-py3-none-any.whl (20 kB)
deploy	Install Lambda Dependencies	2025-12-26T02:33:23.7204962Z Using cached s3transfer-0.16.0-py3-none-any.whl (86 kB)
deploy	Install Lambda Dependencies	2025-12-26T02:33:23.7221596Z Using cached urllib3-1.26.20-py2.py3-none-any.whl (144 kB)
deploy	Install Lambda Dependencies	2025-12-26T02:33:23.7238936Z Using cached six-1.17.0-py2.py3-none-any.whl (11 kB)
deploy	Install Lambda Dependencies	2025-12-26T02:33:23.7922650Z Installing collected packages: urllib3, six, jmespath, python-dateutil, botocore, s3transfer, boto3
deploy	Install Lambda Dependencies	2025-12-26T02:33:24.5434274Z 
deploy	Install Lambda Dependencies	2025-12-26T02:33:24.5457823Z Successfully installed boto3-1.42.16 botocore-1.42.16 jmespath-1.0.1 python-dateutil-2.9.0.post0 s3transfer-0.16.0 six-1.17.0 urllib3-1.26.20
deploy	Configure AWS credentials	ï»¿2025-12-26T02:33:24.6379706Z ##[group]Run aws-actions/configure-aws-credentials@v4
deploy	Configure AWS credentials	2025-12-26T02:33:24.6380026Z with:
deploy	Configure AWS credentials	2025-12-26T02:33:24.6380275Z   role-to-assume: arn:aws:iam::607250385528:role/OICD_GITHUB_ACTION_DEPLOY
deploy	Configure AWS credentials	2025-12-26T02:33:24.6380589Z   aws-region: us-east-1
deploy	Configure AWS credentials	2025-12-26T02:33:24.6380784Z   audience: sts.amazonaws.com
deploy	Configure AWS credentials	2025-12-26T02:33:24.6381005Z   output-env-credentials: true
deploy	Configure AWS credentials	2025-12-26T02:33:24.6381201Z env:
deploy	Configure AWS credentials	2025-12-26T02:33:24.6381413Z   pythonLocation: /opt/hostedtoolcache/Python/3.9.25/x64
deploy	Configure AWS credentials	2025-12-26T02:33:24.6381786Z   PKG_CONFIG_PATH: /opt/hostedtoolcache/Python/3.9.25/x64/lib/pkgconfig
deploy	Configure AWS credentials	2025-12-26T02:33:24.6382140Z   Python_ROOT_DIR: /opt/hostedtoolcache/Python/3.9.25/x64
deploy	Configure AWS credentials	2025-12-26T02:33:24.6382470Z   Python2_ROOT_DIR: /opt/hostedtoolcache/Python/3.9.25/x64
deploy	Configure AWS credentials	2025-12-26T02:33:24.6382780Z   Python3_ROOT_DIR: /opt/hostedtoolcache/Python/3.9.25/x64
deploy	Configure AWS credentials	2025-12-26T02:33:24.6383098Z   LD_LIBRARY_PATH: /opt/hostedtoolcache/Python/3.9.25/x64/lib
deploy	Configure AWS credentials	2025-12-26T02:33:24.6383370Z ##[endgroup]
deploy	Configure AWS credentials	2025-12-26T02:33:24.8507267Z Assuming role with OIDC
deploy	Configure AWS credentials	2025-12-26T02:33:24.9107722Z Authenticated as assumedRoleId AROAY2YXRRJ4FJCZEMYSV:GitHubActions
deploy	Install CDK dependencies	ï»¿2025-12-26T02:33:24.9376558Z ##[group]Run npm ci
deploy	Install CDK dependencies	2025-12-26T02:33:24.9377007Z [36;1mnpm ci[0m
deploy	Install CDK dependencies	2025-12-26T02:33:24.9409743Z shell: /usr/bin/bash -e {0}
deploy	Install CDK dependencies	2025-12-26T02:33:24.9409970Z env:
deploy	Install CDK dependencies	2025-12-26T02:33:24.9410212Z   pythonLocation: /opt/hostedtoolcache/Python/3.9.25/x64
deploy	Install CDK dependencies	2025-12-26T02:33:24.9410620Z   PKG_CONFIG_PATH: /opt/hostedtoolcache/Python/3.9.25/x64/lib/pkgconfig
deploy	Install CDK dependencies	2025-12-26T02:33:24.9411004Z   Python_ROOT_DIR: /opt/hostedtoolcache/Python/3.9.25/x64
deploy	Install CDK dependencies	2025-12-26T02:33:24.9411336Z   Python2_ROOT_DIR: /opt/hostedtoolcache/Python/3.9.25/x64
deploy	Install CDK dependencies	2025-12-26T02:33:24.9411849Z   Python3_ROOT_DIR: /opt/hostedtoolcache/Python/3.9.25/x64
deploy	Install CDK dependencies	2025-12-26T02:33:24.9412201Z   LD_LIBRARY_PATH: /opt/hostedtoolcache/Python/3.9.25/x64/lib
deploy	Install CDK dependencies	2025-12-26T02:33:24.9412512Z   AWS_DEFAULT_REGION: us-east-1
deploy	Install CDK dependencies	2025-12-26T02:33:24.9412737Z   AWS_REGION: us-east-1
deploy	Install CDK dependencies	2025-12-26T02:33:24.9413070Z   AWS_ACCESS_KEY_ID: ***
deploy	Install CDK dependencies	2025-12-26T02:33:24.9413382Z   AWS_SECRET_ACCESS_KEY: ***
deploy	Install CDK dependencies	2025-12-26T02:33:24.9418410Z   AWS_SESSION_TOKEN: ***
deploy	Install CDK dependencies	2025-12-26T02:33:24.9418625Z ##[endgroup]
deploy	Install CDK dependencies	2025-12-26T02:33:34.1831078Z 
deploy	Install CDK dependencies	2025-12-26T02:33:34.1831779Z added 26 packages, and audited 63 packages in 9s
deploy	Install CDK dependencies	2025-12-26T02:33:34.1832292Z 
deploy	Install CDK dependencies	2025-12-26T02:33:34.1832618Z 4 packages are looking for funding
deploy	Install CDK dependencies	2025-12-26T02:33:34.1833264Z   run `npm fund` for details
deploy	Install CDK dependencies	2025-12-26T02:33:34.1841070Z 
deploy	Install CDK dependencies	2025-12-26T02:33:34.1841360Z found 0 vulnerabilities
deploy	Sanitize Environment Name	ï»¿2025-12-26T02:33:34.2041150Z ##[group]Run # Get branch name (head_ref for PRs, ref_name for dispatch)
deploy	Sanitize Environment Name	2025-12-26T02:33:34.2041626Z [36;1m# Get branch name (head_ref for PRs, ref_name for dispatch)[0m
deploy	Sanitize Environment Name	2025-12-26T02:33:34.2041959Z [36;1mRAW_BRANCH=dev[0m
deploy	Sanitize Environment Name	2025-12-26T02:33:34.2042185Z [36;1m# Replace slashes with hyphens[0m
deploy	Sanitize Environment Name	2025-12-26T02:33:34.2042456Z [36;1mSANITIZED_BRANCH=${RAW_BRANCH//\//-}[0m
deploy	Sanitize Environment Name	2025-12-26T02:33:34.2042765Z [36;1mecho "ENV_NAME=${SANITIZED_BRANCH}" >> $GITHUB_ENV[0m
deploy	Sanitize Environment Name	2025-12-26T02:33:34.2075554Z shell: /usr/bin/bash -e {0}
deploy	Sanitize Environment Name	2025-12-26T02:33:34.2075789Z env:
deploy	Sanitize Environment Name	2025-12-26T02:33:34.2076030Z   pythonLocation: /opt/hostedtoolcache/Python/3.9.25/x64
deploy	Sanitize Environment Name	2025-12-26T02:33:34.2076442Z   PKG_CONFIG_PATH: /opt/hostedtoolcache/Python/3.9.25/x64/lib/pkgconfig
deploy	Sanitize Environment Name	2025-12-26T02:33:34.2077023Z   Python_ROOT_DIR: /opt/hostedtoolcache/Python/3.9.25/x64
deploy	Sanitize Environment Name	2025-12-26T02:33:34.2077374Z   Python2_ROOT_DIR: /opt/hostedtoolcache/Python/3.9.25/x64
deploy	Sanitize Environment Name	2025-12-26T02:33:34.2077721Z   Python3_ROOT_DIR: /opt/hostedtoolcache/Python/3.9.25/x64
deploy	Sanitize Environment Name	2025-12-26T02:33:34.2078117Z   LD_LIBRARY_PATH: /opt/hostedtoolcache/Python/3.9.25/x64/lib
deploy	Sanitize Environment Name	2025-12-26T02:33:34.2078423Z   AWS_DEFAULT_REGION: us-east-1
deploy	Sanitize Environment Name	2025-12-26T02:33:34.2078648Z   AWS_REGION: us-east-1
deploy	Sanitize Environment Name	2025-12-26T02:33:34.2079079Z   AWS_ACCESS_KEY_ID: ***
deploy	Sanitize Environment Name	2025-12-26T02:33:34.2079392Z   AWS_SECRET_ACCESS_KEY: ***
deploy	Sanitize Environment Name	2025-12-26T02:33:34.2084209Z   AWS_SESSION_TOKEN: ***
deploy	Sanitize Environment Name	2025-12-26T02:33:34.2084422Z ##[endgroup]
deploy	Deploy with CDK	ï»¿2025-12-26T02:33:34.2190086Z ##[group]Run npx cdk deploy --all --require-approval never
deploy	Deploy with CDK	2025-12-26T02:33:34.2190480Z [36;1mnpx cdk deploy --all --require-approval never[0m
deploy	Deploy with CDK	2025-12-26T02:33:34.2221056Z shell: /usr/bin/bash -e {0}
deploy	Deploy with CDK	2025-12-26T02:33:34.2221287Z env:
deploy	Deploy with CDK	2025-12-26T02:33:34.2221522Z   pythonLocation: /opt/hostedtoolcache/Python/3.9.25/x64
deploy	Deploy with CDK	2025-12-26T02:33:34.2221929Z   PKG_CONFIG_PATH: /opt/hostedtoolcache/Python/3.9.25/x64/lib/pkgconfig
deploy	Deploy with CDK	2025-12-26T02:33:34.2222323Z   Python_ROOT_DIR: /opt/hostedtoolcache/Python/3.9.25/x64
deploy	Deploy with CDK	2025-12-26T02:33:34.2222668Z   Python2_ROOT_DIR: /opt/hostedtoolcache/Python/3.9.25/x64
deploy	Deploy with CDK	2025-12-26T02:33:34.2223018Z   Python3_ROOT_DIR: /opt/hostedtoolcache/Python/3.9.25/x64
deploy	Deploy with CDK	2025-12-26T02:33:34.2223500Z   LD_LIBRARY_PATH: /opt/hostedtoolcache/Python/3.9.25/x64/lib
deploy	Deploy with CDK	2025-12-26T02:33:34.2223835Z   AWS_DEFAULT_REGION: us-east-1
deploy	Deploy with CDK	2025-12-26T02:33:34.2224052Z   AWS_REGION: us-east-1
deploy	Deploy with CDK	2025-12-26T02:33:34.2224415Z   AWS_ACCESS_KEY_ID: ***
deploy	Deploy with CDK	2025-12-26T02:33:34.2224720Z   AWS_SECRET_ACCESS_KEY: ***
deploy	Deploy with CDK	2025-12-26T02:33:34.2229715Z   AWS_SESSION_TOKEN: ***
deploy	Deploy with CDK	2025-12-26T02:33:34.2229927Z   ENV_NAME: dev
deploy	Deploy with CDK	2025-12-26T02:33:34.2230099Z   ENV: dev
deploy	Deploy with CDK	2025-12-26T02:33:34.2230259Z ##[endgroup]
deploy	Deploy with CDK	2025-12-26T02:33:40.6665867Z [WARNING] aws-cdk-lib.aws_dynamodb.TableOptions#pointInTimeRecovery is deprecated.
deploy	Deploy with CDK	2025-12-26T02:33:40.6667500Z   use `pointInTimeRecoverySpecification` instead
deploy	Deploy with CDK	2025-12-26T02:33:40.6668196Z   This API will be removed in the next major release.
deploy	Deploy with CDK	2025-12-26T02:33:40.7556014Z [WARNING] aws-cdk-lib.aws_dynamodb.TableOptions#pointInTimeRecovery is deprecated.
deploy	Deploy with CDK	2025-12-26T02:33:40.7557169Z   use `pointInTimeRecoverySpecification` instead
deploy	Deploy with CDK	2025-12-26T02:33:40.7557836Z   This API will be removed in the next major release.
deploy	Deploy with CDK	2025-12-26T02:33:40.7565802Z [WARNING] aws-cdk-lib.aws_dynamodb.TableOptions#pointInTimeRecovery is deprecated.
deploy	Deploy with CDK	2025-12-26T02:33:40.7567208Z   use `pointInTimeRecoverySpecification` instead
deploy	Deploy with CDK	2025-12-26T02:33:40.7567886Z   This API will be removed in the next major release.
deploy	Deploy with CDK	2025-12-26T02:33:40.7575100Z [WARNING] aws-cdk-lib.aws_dynamodb.TableOptions#pointInTimeRecovery is deprecated.
deploy	Deploy with CDK	2025-12-26T02:33:40.7575997Z   use `pointInTimeRecoverySpecification` instead
deploy	Deploy with CDK	2025-12-26T02:33:40.7577043Z   This API will be removed in the next major release.
deploy	Deploy with CDK	2025-12-26T02:33:40.7581800Z [WARNING] aws-cdk-lib.aws_dynamodb.TableOptions#pointInTimeRecovery is deprecated.
deploy	Deploy with CDK	2025-12-26T02:33:40.7582677Z   use `pointInTimeRecoverySpecification` instead
deploy	Deploy with CDK	2025-12-26T02:33:40.7583334Z   This API will be removed in the next major release.
deploy	Deploy with CDK	2025-12-26T02:33:40.7588562Z [WARNING] aws-cdk-lib.aws_dynamodb.TableOptions#pointInTimeRecovery is deprecated.
deploy	Deploy with CDK	2025-12-26T02:33:40.7589432Z   use `pointInTimeRecoverySpecification` instead
deploy	Deploy with CDK	2025-12-26T02:33:40.7590093Z   This API will be removed in the next major release.
deploy	Deploy with CDK	2025-12-26T02:33:40.7594977Z [WARNING] aws-cdk-lib.aws_dynamodb.TableOptions#pointInTimeRecovery is deprecated.
deploy	Deploy with CDK	2025-12-26T02:33:40.7595854Z   use `pointInTimeRecoverySpecification` instead
deploy	Deploy with CDK	2025-12-26T02:33:40.7596537Z   This API will be removed in the next major release.
deploy	Deploy with CDK	2025-12-26T02:33:40.7600861Z [WARNING] aws-cdk-lib.aws_dynamodb.TableOptions#pointInTimeRecovery is deprecated.
deploy	Deploy with CDK	2025-12-26T02:33:40.7601727Z   use `pointInTimeRecoverySpecification` instead
deploy	Deploy with CDK	2025-12-26T02:33:40.7602400Z   This API will be removed in the next major release.
deploy	Deploy with CDK	2025-12-26T02:33:40.7606338Z [WARNING] aws-cdk-lib.aws_dynamodb.TableOptions#pointInTimeRecovery is deprecated.
deploy	Deploy with CDK	2025-12-26T02:33:40.7607402Z   use `pointInTimeRecoverySpecification` instead
deploy	Deploy with CDK	2025-12-26T02:33:40.7608073Z   This API will be removed in the next major release.
deploy	Deploy with CDK	2025-12-26T02:33:40.7614603Z [WARNING] aws-cdk-lib.aws_dynamodb.TableOptions#pointInTimeRecovery is deprecated.
deploy	Deploy with CDK	2025-12-26T02:33:40.7615475Z   use `pointInTimeRecoverySpecification` instead
deploy	Deploy with CDK	2025-12-26T02:33:40.7616147Z   This API will be removed in the next major release.
deploy	Deploy with CDK	2025-12-26T02:33:40.7621598Z [WARNING] aws-cdk-lib.aws_dynamodb.TableOptions#pointInTimeRecovery is deprecated.
deploy	Deploy with CDK	2025-12-26T02:33:40.7622470Z   use `pointInTimeRecoverySpecification` instead
deploy	Deploy with CDK	2025-12-26T02:33:40.7623539Z   This API will be removed in the next major release.
deploy	Deploy with CDK	2025-12-26T02:33:40.7628812Z [WARNING] aws-cdk-lib.aws_dynamodb.TableOptions#pointInTimeRecovery is deprecated.
deploy	Deploy with CDK	2025-12-26T02:33:40.7629681Z   use `pointInTimeRecoverySpecification` instead
deploy	Deploy with CDK	2025-12-26T02:33:40.7630354Z   This API will be removed in the next major release.
deploy	Deploy with CDK	2025-12-26T02:33:40.7692255Z [WARNING] aws-cdk-lib.aws_cognito.UserPoolProps#advancedSecurityMode is deprecated.
deploy	Deploy with CDK	2025-12-26T02:33:40.7693905Z   Advanced Security Mode is deprecated due to user pool feature plans. Use StandardThreatProtectionMode and CustomThreatProtectionMode to set Thread Protection level.
deploy	Deploy with CDK	2025-12-26T02:33:40.7695264Z   This API will be removed in the next major release.
deploy	Deploy with CDK	2025-12-26T02:33:40.7696126Z [WARNING] aws-cdk-lib.aws_cognito.AdvancedSecurityMode is deprecated.
deploy	Deploy with CDK	2025-12-26T02:33:40.7697646Z   Advanced Security Mode is deprecated due to user pool feature plans. Use StandardThreatProtectionMode and CustomThreatProtectionMode to set Thread Protection level.
deploy	Deploy with CDK	2025-12-26T02:33:40.7698446Z   This API will be removed in the next major release.
deploy	Deploy with CDK	2025-12-26T02:33:40.7698959Z [WARNING] aws-cdk-lib.aws_cognito.AdvancedSecurityMode#ENFORCED is deprecated.
deploy	Deploy with CDK	2025-12-26T02:33:40.7699328Z   
deploy	Deploy with CDK	2025-12-26T02:33:40.7699575Z   This API will be removed in the next major release.
deploy	Deploy with CDK	2025-12-26T02:33:40.8979304Z [WARNING] aws-cdk-lib.aws_lambda.FunctionOptions#logRetention is deprecated.
deploy	Deploy with CDK	2025-12-26T02:33:40.8980487Z   use `logGroup` instead
deploy	Deploy with CDK	2025-12-26T02:33:40.8981005Z   This API will be removed in the next major release.
deploy	Deploy with CDK	2025-12-26T02:33:41.5318200Z [WARNING] aws-cdk-lib.aws_lambda.FunctionOptions#logRetention is deprecated.
deploy	Deploy with CDK	2025-12-26T02:33:41.5318998Z   use `logGroup` instead
deploy	Deploy with CDK	2025-12-26T02:33:41.5319915Z   This API will be removed in the next major release.
deploy	Deploy with CDK	2025-12-26T02:33:42.1067687Z [WARNING] aws-cdk-lib.aws_lambda.FunctionOptions#logRetention is deprecated.
deploy	Deploy with CDK	2025-12-26T02:33:42.1068460Z   use `logGroup` instead
deploy	Deploy with CDK	2025-12-26T02:33:42.1068988Z   This API will be removed in the next major release.
deploy	Deploy with CDK	2025-12-26T02:33:42.7017987Z [WARNING] aws-cdk-lib.aws_lambda.FunctionOptions#logRetention is deprecated.
deploy	Deploy with CDK	2025-12-26T02:33:42.7018780Z   use `logGroup` instead
deploy	Deploy with CDK	2025-12-26T02:33:42.7019322Z   This API will be removed in the next major release.
deploy	Deploy with CDK	2025-12-26T02:33:43.2012275Z [WARNING] aws-cdk-lib.aws_lambda.FunctionOptions#logRetention is deprecated.
deploy	Deploy with CDK	2025-12-26T02:33:43.2013072Z   use `logGroup` instead
deploy	Deploy with CDK	2025-12-26T02:33:43.2013611Z   This API will be removed in the next major release.
deploy	Deploy with CDK	2025-12-26T02:33:43.8637936Z [WARNING] aws-cdk-lib.aws_lambda.FunctionOptions#logRetention is deprecated.
deploy	Deploy with CDK	2025-12-26T02:33:43.8638481Z   use `logGroup` instead
deploy	Deploy with CDK	2025-12-26T02:33:43.8638790Z   This API will be removed in the next major release.
deploy	Deploy with CDK	2025-12-26T02:33:43.8660784Z [WARNING] aws-cdk-lib.aws_lambda.FunctionOptions#logRetention is deprecated.
deploy	Deploy with CDK	2025-12-26T02:33:43.8661412Z   use `logGroup` instead
deploy	Deploy with CDK	2025-12-26T02:33:43.8661889Z   This API will be removed in the next major release.
deploy	Deploy with CDK	2025-12-26T02:33:43.8681770Z [WARNING] aws-cdk-lib.aws_lambda.FunctionOptions#logRetention is deprecated.
deploy	Deploy with CDK	2025-12-26T02:33:43.8682356Z   use `logGroup` instead
deploy	Deploy with CDK	2025-12-26T02:33:43.8682650Z   This API will be removed in the next major release.
deploy	Deploy with CDK	2025-12-26T02:33:43.8712247Z [WARNING] aws-cdk-lib.aws_lambda.FunctionOptions#logRetention is deprecated.
deploy	Deploy with CDK	2025-12-26T02:33:43.8712880Z   use `logGroup` instead
deploy	Deploy with CDK	2025-12-26T02:33:43.8713194Z   This API will be removed in the next major release.
deploy	Deploy with CDK	2025-12-26T02:33:43.8736897Z [WARNING] aws-cdk-lib.aws_lambda.FunctionOptions#logRetention is deprecated.
deploy	Deploy with CDK	2025-12-26T02:33:43.8737380Z   use `logGroup` instead
deploy	Deploy with CDK	2025-12-26T02:33:43.8737712Z   This API will be removed in the next major release.
deploy	Deploy with CDK	2025-12-26T02:33:43.8760277Z [WARNING] aws-cdk-lib.aws_lambda.FunctionOptions#logRetention is deprecated.
deploy	Deploy with CDK	2025-12-26T02:33:43.8760813Z   use `logGroup` instead
deploy	Deploy with CDK	2025-12-26T02:33:43.8761346Z   This API will be removed in the next major release.
deploy	Deploy with CDK	2025-12-26T02:33:43.8858170Z [WARNING] aws-cdk-lib.aws_lambda.FunctionOptions#logRetention is deprecated.
deploy	Deploy with CDK	2025-12-26T02:33:43.8858969Z   use `logGroup` instead
deploy	Deploy with CDK	2025-12-26T02:33:43.8859395Z   This API will be removed in the next major release.
deploy	Deploy with CDK	2025-12-26T02:33:43.8940736Z [WARNING] aws-cdk-lib.aws_lambda.FunctionOptions#logRetention is deprecated.
deploy	Deploy with CDK	2025-12-26T02:33:43.8941414Z   use `logGroup` instead
deploy	Deploy with CDK	2025-12-26T02:33:43.8941913Z   This API will be removed in the next major release.
deploy	Deploy with CDK	2025-12-26T02:33:43.9140930Z [WARNING] aws-cdk-lib.aws_appsync.GraphqlApiProps#schema is deprecated.
deploy	Deploy with CDK	2025-12-26T02:33:43.9141669Z   use Definition.schema instead
deploy	Deploy with CDK	2025-12-26T02:33:43.9142121Z   This API will be removed in the next major release.
deploy	Deploy with CDK	2025-12-26T02:33:44.5339606Z current credentials could not be used to assume 'arn:aws:iam::607250385528:role/cdk-hnb659fds-lookup-role-607250385528-us-east-1', but are for the right account. Proceeding anyway.
deploy	Deploy with CDK	2025-12-26T02:33:49.7976411Z [WARNING] aws-cdk-lib.aws_dynamodb.TableOptions#pointInTimeRecovery is deprecated.
deploy	Deploy with CDK	2025-12-26T02:33:49.7977612Z   use `pointInTimeRecoverySpecification` instead
deploy	Deploy with CDK	2025-12-26T02:33:49.7978322Z   This API will be removed in the next major release.
deploy	Deploy with CDK	2025-12-26T02:33:49.8942527Z [WARNING] aws-cdk-lib.aws_dynamodb.TableOptions#pointInTimeRecovery is deprecated.
deploy	Deploy with CDK	2025-12-26T02:33:49.8943106Z   use `pointInTimeRecoverySpecification` instead
deploy	Deploy with CDK	2025-12-26T02:33:49.8943491Z   This API will be removed in the next major release.
deploy	Deploy with CDK	2025-12-26T02:33:49.8950832Z [WARNING] aws-cdk-lib.aws_dynamodb.TableOptions#pointInTimeRecovery is deprecated.
deploy	Deploy with CDK	2025-12-26T02:33:49.8951477Z   use `pointInTimeRecoverySpecification` instead
deploy	Deploy with CDK	2025-12-26T02:33:49.8951845Z   This API will be removed in the next major release.
deploy	Deploy with CDK	2025-12-26T02:33:49.8959296Z [WARNING] aws-cdk-lib.aws_dynamodb.TableOptions#pointInTimeRecovery is deprecated.
deploy	Deploy with CDK	2025-12-26T02:33:49.8960442Z   use `pointInTimeRecoverySpecification` instead
deploy	Deploy with CDK	2025-12-26T02:33:49.8961019Z   This API will be removed in the next major release.
deploy	Deploy with CDK	2025-12-26T02:33:49.8964666Z [WARNING] aws-cdk-lib.aws_dynamodb.TableOptions#pointInTimeRecovery is deprecated.
deploy	Deploy with CDK	2025-12-26T02:33:49.8965308Z   use `pointInTimeRecoverySpecification` instead
deploy	Deploy with CDK	2025-12-26T02:33:49.8965663Z   This API will be removed in the next major release.
deploy	Deploy with CDK	2025-12-26T02:33:49.8970306Z [WARNING] aws-cdk-lib.aws_dynamodb.TableOptions#pointInTimeRecovery is deprecated.
deploy	Deploy with CDK	2025-12-26T02:33:49.8970981Z   use `pointInTimeRecoverySpecification` instead
deploy	Deploy with CDK	2025-12-26T02:33:49.8971332Z   This API will be removed in the next major release.
deploy	Deploy with CDK	2025-12-26T02:33:49.8975640Z [WARNING] aws-cdk-lib.aws_dynamodb.TableOptions#pointInTimeRecovery is deprecated.
deploy	Deploy with CDK	2025-12-26T02:33:49.8976388Z   use `pointInTimeRecoverySpecification` instead
deploy	Deploy with CDK	2025-12-26T02:33:49.8977113Z   This API will be removed in the next major release.
deploy	Deploy with CDK	2025-12-26T02:33:49.8980688Z [WARNING] aws-cdk-lib.aws_dynamodb.TableOptions#pointInTimeRecovery is deprecated.
deploy	Deploy with CDK	2025-12-26T02:33:49.8981340Z   use `pointInTimeRecoverySpecification` instead
deploy	Deploy with CDK	2025-12-26T02:33:49.8981693Z   This API will be removed in the next major release.
deploy	Deploy with CDK	2025-12-26T02:33:49.8985338Z [WARNING] aws-cdk-lib.aws_dynamodb.TableOptions#pointInTimeRecovery is deprecated.
deploy	Deploy with CDK	2025-12-26T02:33:49.8985996Z   use `pointInTimeRecoverySpecification` instead
deploy	Deploy with CDK	2025-12-26T02:33:49.8986334Z   This API will be removed in the next major release.
deploy	Deploy with CDK	2025-12-26T02:33:49.8992826Z [WARNING] aws-cdk-lib.aws_dynamodb.TableOptions#pointInTimeRecovery is deprecated.
deploy	Deploy with CDK	2025-12-26T02:33:49.8993486Z   use `pointInTimeRecoverySpecification` instead
deploy	Deploy with CDK	2025-12-26T02:33:49.8993842Z   This API will be removed in the next major release.
deploy	Deploy with CDK	2025-12-26T02:33:49.8998854Z [WARNING] aws-cdk-lib.aws_dynamodb.TableOptions#pointInTimeRecovery is deprecated.
deploy	Deploy with CDK	2025-12-26T02:33:49.8999607Z   use `pointInTimeRecoverySpecification` instead
deploy	Deploy with CDK	2025-12-26T02:33:49.9000181Z   This API will be removed in the next major release.
deploy	Deploy with CDK	2025-12-26T02:33:49.9004178Z [WARNING] aws-cdk-lib.aws_dynamodb.TableOptions#pointInTimeRecovery is deprecated.
deploy	Deploy with CDK	2025-12-26T02:33:49.9004849Z   use `pointInTimeRecoverySpecification` instead
deploy	Deploy with CDK	2025-12-26T02:33:49.9005431Z   This API will be removed in the next major release.
deploy	Deploy with CDK	2025-12-26T02:33:49.9066263Z [WARNING] aws-cdk-lib.aws_cognito.UserPoolProps#advancedSecurityMode is deprecated.
deploy	Deploy with CDK	2025-12-26T02:33:49.9068316Z   Advanced Security Mode is deprecated due to user pool feature plans. Use StandardThreatProtectionMode and CustomThreatProtectionMode to set Thread Protection level.
deploy	Deploy with CDK	2025-12-26T02:33:49.9069754Z   This API will be removed in the next major release.
deploy	Deploy with CDK	2025-12-26T02:33:49.9070692Z [WARNING] aws-cdk-lib.aws_cognito.AdvancedSecurityMode is deprecated.
deploy	Deploy with CDK	2025-12-26T02:33:49.9072408Z   Advanced Security Mode is deprecated due to user pool feature plans. Use StandardThreatProtectionMode and CustomThreatProtectionMode to set Thread Protection level.
deploy	Deploy with CDK	2025-12-26T02:33:49.9073901Z   This API will be removed in the next major release.
deploy	Deploy with CDK	2025-12-26T02:33:49.9074832Z [WARNING] aws-cdk-lib.aws_cognito.AdvancedSecurityMode#ENFORCED is deprecated.
deploy	Deploy with CDK	2025-12-26T02:33:49.9075300Z   
deploy	Deploy with CDK	2025-12-26T02:33:49.9075606Z   This API will be removed in the next major release.
deploy	Deploy with CDK	2025-12-26T02:33:50.0395721Z [WARNING] aws-cdk-lib.aws_lambda.FunctionOptions#logRetention is deprecated.
deploy	Deploy with CDK	2025-12-26T02:33:50.0396572Z   use `logGroup` instead
deploy	Deploy with CDK	2025-12-26T02:33:50.0397320Z   This API will be removed in the next major release.
deploy	Deploy with CDK	2025-12-26T02:33:50.3175546Z [WARNING] aws-cdk-lib.aws_lambda.FunctionOptions#logRetention is deprecated.
deploy	Deploy with CDK	2025-12-26T02:33:50.3176331Z   use `logGroup` instead
deploy	Deploy with CDK	2025-12-26T02:33:50.3177119Z   This API will be removed in the next major release.
deploy	Deploy with CDK	2025-12-26T02:33:50.4905714Z [WARNING] aws-cdk-lib.aws_lambda.FunctionOptions#logRetention is deprecated.
deploy	Deploy with CDK	2025-12-26T02:33:50.4906335Z   use `logGroup` instead
deploy	Deploy with CDK	2025-12-26T02:33:50.4906962Z   This API will be removed in the next major release.
deploy	Deploy with CDK	2025-12-26T02:33:50.6620516Z [WARNING] aws-cdk-lib.aws_lambda.FunctionOptions#logRetention is deprecated.
deploy	Deploy with CDK	2025-12-26T02:33:50.6621313Z   use `logGroup` instead
deploy	Deploy with CDK	2025-12-26T02:33:50.6621721Z   This API will be removed in the next major release.
deploy	Deploy with CDK	2025-12-26T02:33:50.8049934Z [WARNING] aws-cdk-lib.aws_lambda.FunctionOptions#logRetention is deprecated.
deploy	Deploy with CDK	2025-12-26T02:33:50.8050880Z   use `logGroup` instead
deploy	Deploy with CDK	2025-12-26T02:33:50.8051545Z   This API will be removed in the next major release.
deploy	Deploy with CDK	2025-12-26T02:33:51.0023937Z [WARNING] aws-cdk-lib.aws_lambda.FunctionOptions#logRetention is deprecated.
deploy	Deploy with CDK	2025-12-26T02:33:51.0024695Z   use `logGroup` instead
deploy	Deploy with CDK	2025-12-26T02:33:51.0025216Z   This API will be removed in the next major release.
deploy	Deploy with CDK	2025-12-26T02:33:51.0043453Z [WARNING] aws-cdk-lib.aws_lambda.FunctionOptions#logRetention is deprecated.
deploy	Deploy with CDK	2025-12-26T02:33:51.0044158Z   use `logGroup` instead
deploy	Deploy with CDK	2025-12-26T02:33:51.0044701Z   This API will be removed in the next major release.
deploy	Deploy with CDK	2025-12-26T02:33:51.0061288Z [WARNING] aws-cdk-lib.aws_lambda.FunctionOptions#logRetention is deprecated.
deploy	Deploy with CDK	2025-12-26T02:33:51.0062023Z   use `logGroup` instead
deploy	Deploy with CDK	2025-12-26T02:33:51.0062559Z   This API will be removed in the next major release.
deploy	Deploy with CDK	2025-12-26T02:33:51.0082995Z [WARNING] aws-cdk-lib.aws_lambda.FunctionOptions#logRetention is deprecated.
deploy	Deploy with CDK	2025-12-26T02:33:51.0083733Z   use `logGroup` instead
deploy	Deploy with CDK	2025-12-26T02:33:51.0084262Z   This API will be removed in the next major release.
deploy	Deploy with CDK	2025-12-26T02:33:51.0103484Z [WARNING] aws-cdk-lib.aws_lambda.FunctionOptions#logRetention is deprecated.
deploy	Deploy with CDK	2025-12-26T02:33:51.0104209Z   use `logGroup` instead
deploy	Deploy with CDK	2025-12-26T02:33:51.0104753Z   This API will be removed in the next major release.
deploy	Deploy with CDK	2025-12-26T02:33:51.0123603Z [WARNING] aws-cdk-lib.aws_lambda.FunctionOptions#logRetention is deprecated.
deploy	Deploy with CDK	2025-12-26T02:33:51.0124336Z   use `logGroup` instead
deploy	Deploy with CDK	2025-12-26T02:33:51.0124875Z   This API will be removed in the next major release.
deploy	Deploy with CDK	2025-12-26T02:33:51.0203952Z [WARNING] aws-cdk-lib.aws_lambda.FunctionOptions#logRetention is deprecated.
deploy	Deploy with CDK	2025-12-26T02:33:51.0204681Z   use `logGroup` instead
deploy	Deploy with CDK	2025-12-26T02:33:51.0205227Z   This API will be removed in the next major release.
deploy	Deploy with CDK	2025-12-26T02:33:51.0280514Z [WARNING] aws-cdk-lib.aws_lambda.FunctionOptions#logRetention is deprecated.
deploy	Deploy with CDK	2025-12-26T02:33:51.0281639Z   use `logGroup` instead
deploy	Deploy with CDK	2025-12-26T02:33:51.0282182Z   This API will be removed in the next major release.
deploy	Deploy with CDK	2025-12-26T02:33:51.0474610Z [WARNING] aws-cdk-lib.aws_appsync.GraphqlApiProps#schema is deprecated.
deploy	Deploy with CDK	2025-12-26T02:33:51.0475373Z   use Definition.schema instead
deploy	Deploy with CDK	2025-12-26T02:33:51.0475941Z   This API will be removed in the next major release.
deploy	Deploy with CDK	2025-12-26T02:33:51.5284043Z 
deploy	Deploy with CDK	2025-12-26T02:33:51.5285226Z âœ¨  Synthesis time: 15.99s
deploy	Deploy with CDK	2025-12-26T02:33:51.5285775Z 
deploy	Deploy with CDK	2025-12-26T02:33:51.9432771Z ChatBooking-dev-Database
deploy	Deploy with CDK	2025-12-26T02:33:51.9436806Z ChatBooking-dev-Database: deploying... [1/5]
deploy	Deploy with CDK	2025-12-26T02:33:51.9837467Z current credentials could not be used to assume 'arn:aws:iam::607250385528:role/cdk-hnb659fds-deploy-role-607250385528-us-east-1', but are for the right account. Proceeding anyway.
deploy	Deploy with CDK	2025-12-26T02:33:51.9899568Z current credentials could not be used to assume 'arn:aws:iam::607250385528:role/cdk-hnb659fds-deploy-role-607250385528-us-east-1', but are for the right account. Proceeding anyway.
deploy	Deploy with CDK	2025-12-26T02:33:52.0996001Z ChatBooking-dev-Backend: start: Building AuthResolverFunction/Code
deploy	Deploy with CDK	2025-12-26T02:33:52.0996973Z ChatBooking-dev-Backend: success: Built AuthResolverFunction/Code
deploy	Deploy with CDK	2025-12-26T02:33:52.1011635Z ChatBooking-dev-Backend: start: Building CatalogFunction/Code
deploy	Deploy with CDK	2025-12-26T02:33:52.1012550Z ChatBooking-dev-Backend: success: Built CatalogFunction/Code
deploy	Deploy with CDK	2025-12-26T02:33:52.1055889Z ChatBooking-dev-Backend: start: Building AvailabilityFunction/Code
deploy	Deploy with CDK	2025-12-26T02:33:52.1057159Z ChatBooking-dev-Backend: success: Built AvailabilityFunction/Code
deploy	Deploy with CDK	2025-12-26T02:33:52.1061232Z ChatBooking-dev-Backend: start: Building BookingFunction/Code
deploy	Deploy with CDK	2025-12-26T02:33:52.1062089Z ChatBooking-dev-Backend: success: Built BookingFunction/Code
deploy	Deploy with CDK	2025-12-26T02:33:52.1066157Z ChatBooking-dev-Backend: start: Building ChatAgentFunction/Code
deploy	Deploy with CDK	2025-12-26T02:33:52.1067156Z ChatBooking-dev-Backend: success: Built ChatAgentFunction/Code
deploy	Deploy with CDK	2025-12-26T02:33:52.1071571Z ChatBooking-dev-Backend: start: Building ChatBooking-dev-Backend Template
deploy	Deploy with CDK	2025-12-26T02:33:52.1072387Z ChatBooking-dev-Backend: success: Built ChatBooking-dev-Backend Template
deploy	Deploy with CDK	2025-12-26T02:33:52.1076288Z ChatBooking-dev-AppSyncApi: start: Building ChatBooking-dev-AppSyncApi Template
deploy	Deploy with CDK	2025-12-26T02:33:52.1077373Z ChatBooking-dev-AppSyncApi: success: Built ChatBooking-dev-AppSyncApi Template
deploy	Deploy with CDK	2025-12-26T02:33:52.3685260Z 
deploy	Deploy with CDK	2025-12-26T02:33:52.3685927Z  âœ…  ChatBooking-dev-Database (no changes)
deploy	Deploy with CDK	2025-12-26T02:33:52.3686294Z 
deploy	Deploy with CDK	2025-12-26T02:33:52.3686472Z âœ¨  Deployment time: 0.43s
deploy	Deploy with CDK	2025-12-26T02:33:52.3686631Z 
deploy	Deploy with CDK	2025-12-26T02:33:52.3686934Z Outputs:
deploy	Deploy with CDK	2025-12-26T02:33:52.3687621Z ChatBooking-dev-Database.ApiKeysTableName = ChatBooking-ApiKeys
deploy	Deploy with CDK	2025-12-26T02:33:52.3689028Z ChatBooking-dev-Database.AvailabilityTableName = ChatBooking-ProviderAvailability
deploy	Deploy with CDK	2025-12-26T02:33:52.3690460Z ChatBooking-dev-Database.BookingsTableName = ChatBooking-Bookings
deploy	Deploy with CDK	2025-12-26T02:33:52.3691688Z ChatBooking-dev-Database.CategoriesTableName = ChatBooking-Categories
deploy	Deploy with CDK	2025-12-26T02:33:52.3693040Z ChatBooking-dev-Database.ConversationsTableName = ChatBooking-Conversations
deploy	Deploy with CDK	2025-12-26T02:33:52.3694199Z ChatBooking-dev-Database.DocumentsTableName = ChatBooking-Documents
deploy	Deploy with CDK	2025-12-26T02:33:52.3695502Z ChatBooking-dev-Database.ExportsOutputFnGetAttApiKeysTable9F4DC7E7ArnE84F3BB0 = arn:aws:dynamodb:us-east-1:607250385528:table/ChatBooking-ApiKeys
deploy	Deploy with CDK	2025-12-26T02:33:52.3697163Z ChatBooking-dev-Database.ExportsOutputFnGetAttAvailabilityTable497A1E6EArn6251D385 = arn:aws:dynamodb:us-east-1:607250385528:table/ChatBooking-ProviderAvailability
deploy	Deploy with CDK	2025-12-26T02:33:52.3698428Z ChatBooking-dev-Database.ExportsOutputFnGetAttBookingsTableB2628485Arn4FAB36A9 = arn:aws:dynamodb:us-east-1:607250385528:table/ChatBooking-Bookings
deploy	Deploy with CDK	2025-12-26T02:33:52.3699625Z ChatBooking-dev-Database.ExportsOutputFnGetAttCategoriesTable9FFF5A67Arn8D0D486E = arn:aws:dynamodb:us-east-1:607250385528:table/ChatBooking-Categories
deploy	Deploy with CDK	2025-12-26T02:33:52.3701021Z ChatBooking-dev-Database.ExportsOutputFnGetAttConversationsTableCD91EB96Arn4A2B28C6 = arn:aws:dynamodb:us-east-1:607250385528:table/ChatBooking-Conversations
deploy	Deploy with CDK	2025-12-26T02:33:52.3702571Z ChatBooking-dev-Database.ExportsOutputFnGetAttDocumentsTable7E808EE5Arn0820EA25 = arn:aws:dynamodb:us-east-1:607250385528:table/ChatBooking-Documents
deploy	Deploy with CDK	2025-12-26T02:33:52.3703708Z ChatBooking-dev-Database.ExportsOutputFnGetAttFAQsTableB8072970ArnF8F4D35E = arn:aws:dynamodb:us-east-1:607250385528:table/ChatBooking-FAQs
deploy	Deploy with CDK	2025-12-26T02:33:52.3705063Z ChatBooking-dev-Database.ExportsOutputFnGetAttProvidersTable1BBEDB6DArn8763273B = arn:aws:dynamodb:us-east-1:607250385528:table/ChatBooking-Providers
deploy	Deploy with CDK	2025-12-26T02:33:52.3706337Z ChatBooking-dev-Database.ExportsOutputFnGetAttServicesTableF56E8DC5ArnE543C7F6 = arn:aws:dynamodb:us-east-1:607250385528:table/ChatBooking-Services
deploy	Deploy with CDK	2025-12-26T02:33:52.3707703Z ChatBooking-dev-Database.ExportsOutputFnGetAttTenantUsageTableF384CCCAArnA8EBDD0E = arn:aws:dynamodb:us-east-1:607250385528:table/ChatBooking-TenantUsage
deploy	Deploy with CDK	2025-12-26T02:33:52.3709538Z ChatBooking-dev-Database.ExportsOutputFnGetAttTenantsTableB701DC57ArnFFAEC087 = arn:aws:dynamodb:us-east-1:607250385528:table/ChatBooking-Tenants
deploy	Deploy with CDK	2025-12-26T02:33:52.3711654Z ChatBooking-dev-Database.ExportsOutputFnGetAttWorkflowsTable4E215008Arn0D44497B = arn:aws:dynamodb:us-east-1:607250385528:table/ChatBooking-Workflows
deploy	Deploy with CDK	2025-12-26T02:33:52.3713289Z ChatBooking-dev-Database.ExportsOutputRefApiKeysTable9F4DC7E79648F444 = ChatBooking-ApiKeys
deploy	Deploy with CDK	2025-12-26T02:33:52.3714377Z ChatBooking-dev-Database.ExportsOutputRefAvailabilityTable497A1E6E14D99412 = ChatBooking-ProviderAvailability
deploy	Deploy with CDK	2025-12-26T02:33:52.3715222Z ChatBooking-dev-Database.ExportsOutputRefBookingsTableB262848587A36CBD = ChatBooking-Bookings
deploy	Deploy with CDK	2025-12-26T02:33:52.3716018Z ChatBooking-dev-Database.ExportsOutputRefCategoriesTable9FFF5A678A053E38 = ChatBooking-Categories
deploy	Deploy with CDK	2025-12-26T02:33:52.3717387Z ChatBooking-dev-Database.ExportsOutputRefConversationsTableCD91EB96EE2E4585 = ChatBooking-Conversations
deploy	Deploy with CDK	2025-12-26T02:33:52.3718245Z ChatBooking-dev-Database.ExportsOutputRefDocumentsTable7E808EE5AF045745 = ChatBooking-Documents
deploy	Deploy with CDK	2025-12-26T02:33:52.3719006Z ChatBooking-dev-Database.ExportsOutputRefFAQsTableB80729705EF12C8E = ChatBooking-FAQs
deploy	Deploy with CDK	2025-12-26T02:33:52.3719753Z ChatBooking-dev-Database.ExportsOutputRefProvidersTable1BBEDB6D429B9BF2 = ChatBooking-Providers
deploy	Deploy with CDK	2025-12-26T02:33:52.3720535Z ChatBooking-dev-Database.ExportsOutputRefServicesTableF56E8DC54FC0C84D = ChatBooking-Services
deploy	Deploy with CDK	2025-12-26T02:33:52.3721556Z ChatBooking-dev-Database.ExportsOutputRefTenantUsageTableF384CCCA317F1334 = ChatBooking-TenantUsage
deploy	Deploy with CDK	2025-12-26T02:33:52.3722420Z ChatBooking-dev-Database.ExportsOutputRefTenantsTableB701DC57BE8E768B = ChatBooking-Tenants
deploy	Deploy with CDK	2025-12-26T02:33:52.3723345Z ChatBooking-dev-Database.ExportsOutputRefWorkflowsTable4E215008D0FFE690 = ChatBooking-Workflows
deploy	Deploy with CDK	2025-12-26T02:33:52.3723955Z ChatBooking-dev-Database.FAQsTableName = ChatBooking-FAQs
deploy	Deploy with CDK	2025-12-26T02:33:52.3724449Z ChatBooking-dev-Database.ProvidersTableName = ChatBooking-Providers
deploy	Deploy with CDK	2025-12-26T02:33:52.3724966Z ChatBooking-dev-Database.ServicesTableName = ChatBooking-Services
deploy	Deploy with CDK	2025-12-26T02:33:52.3725507Z ChatBooking-dev-Database.TenantUsageTableName = ChatBooking-TenantUsage
deploy	Deploy with CDK	2025-12-26T02:33:52.3726028Z ChatBooking-dev-Database.TenantsTableName = ChatBooking-Tenants
deploy	Deploy with CDK	2025-12-26T02:33:52.3726530Z ChatBooking-dev-Database.WorkflowsTableName = ChatBooking-Workflows
deploy	Deploy with CDK	2025-12-26T02:33:52.3726985Z Stack ARN:
deploy	Deploy with CDK	2025-12-26T02:33:52.3727531Z arn:aws:cloudformation:us-east-1:607250385528:stack/ChatBooking-dev-Database/734ed200-d5f3-11f0-aad1-0e2b43abba09
deploy	Deploy with CDK	2025-12-26T02:33:52.3727927Z 
deploy	Deploy with CDK	2025-12-26T02:33:52.3728133Z âœ¨  Total time: 16.41s
deploy	Deploy with CDK	2025-12-26T02:33:52.3728262Z 
deploy	Deploy with CDK	2025-12-26T02:33:52.3728364Z ChatBooking-dev-Auth
deploy	Deploy with CDK	2025-12-26T02:33:52.3728634Z ChatBooking-dev-Auth: deploying... [2/5]
deploy	Deploy with CDK	2025-12-26T02:33:52.5135293Z 
deploy	Deploy with CDK	2025-12-26T02:33:52.5136340Z  âœ…  ChatBooking-dev-Auth (no changes)
deploy	Deploy with CDK	2025-12-26T02:33:52.5137175Z 
deploy	Deploy with CDK	2025-12-26T02:33:52.5137616Z âœ¨  Deployment time: 0.14s
deploy	Deploy with CDK	2025-12-26T02:33:52.5141062Z 
deploy	Deploy with CDK	2025-12-26T02:33:52.5141343Z Outputs:
deploy	Deploy with CDK	2025-12-26T02:33:52.5142705Z ChatBooking-dev-Auth.ExportsOutputFnGetAttAdminUserPoolD0AF18CFArnBE306E57 = arn:aws:cognito-idp:us-east-1:607250385528:userpool/us-east-1_dG9vi0gz5
deploy	Deploy with CDK	2025-12-26T02:33:52.5144766Z ChatBooking-dev-Auth.ExportsOutputRefAdminUserPoolD0AF18CF79276EF5 = us-east-1_dG9vi0gz5
deploy	Deploy with CDK	2025-12-26T02:33:52.5146290Z ChatBooking-dev-Auth.UserPoolArn = arn:aws:cognito-idp:us-east-1:607250385528:userpool/us-east-1_dG9vi0gz5
deploy	Deploy with CDK	2025-12-26T02:33:52.5147599Z ChatBooking-dev-Auth.UserPoolClientId = 7fst837q5gptanpev9fur88va6
deploy	Deploy with CDK	2025-12-26T02:33:52.5148525Z ChatBooking-dev-Auth.UserPoolDomain = chatbooking-admin-607250385528
deploy	Deploy with CDK	2025-12-26T02:33:52.5149333Z ChatBooking-dev-Auth.UserPoolId = us-east-1_dG9vi0gz5
deploy	Deploy with CDK	2025-12-26T02:33:52.5151550Z ChatBooking-dev-Auth.UserPoolLoginUrl = https://chatbooking-admin-607250385528.auth.us-east-1.amazoncognito.com/login?client_id=7fst837q5gptanpev9fur88va6&response_type=code&redirect_uri=http://localhost:3000/auth/callback
deploy	Deploy with CDK	2025-12-26T02:33:52.5153094Z Stack ARN:
deploy	Deploy with CDK	2025-12-26T02:33:52.5153986Z arn:aws:cloudformation:us-east-1:607250385528:stack/ChatBooking-dev-Auth/514e71b0-d5f3-11f0-a6f5-124023a51f0d
deploy	Deploy with CDK	2025-12-26T02:33:52.5154648Z 
deploy	Deploy with CDK	2025-12-26T02:33:52.5154944Z âœ¨  Total time: 16.13s
deploy	Deploy with CDK	2025-12-26T02:33:52.5155158Z 
deploy	Deploy with CDK	2025-12-26T02:33:52.5155348Z ChatBooking-dev-KnowledgeBase
deploy	Deploy with CDK	2025-12-26T02:33:52.5155973Z ChatBooking-dev-KnowledgeBase: deploying... [3/5]
deploy	Deploy with CDK	2025-12-26T02:33:52.6993171Z 
deploy	Deploy with CDK	2025-12-26T02:33:52.6994264Z  âœ…  ChatBooking-dev-KnowledgeBase (no changes)
deploy	Deploy with CDK	2025-12-26T02:33:52.6994900Z 
deploy	Deploy with CDK	2025-12-26T02:33:52.6995282Z âœ¨  Deployment time: 0.19s
deploy	Deploy with CDK	2025-12-26T02:33:52.6996519Z 
deploy	Deploy with CDK	2025-12-26T02:33:52.6996860Z Stack ARN:
deploy	Deploy with CDK	2025-12-26T02:33:52.6997918Z arn:aws:cloudformation:us-east-1:607250385528:stack/ChatBooking-dev-KnowledgeBase/49f72bc0-e203-11f0-a598-12771eb5df43
deploy	Deploy with CDK	2025-12-26T02:33:52.6998650Z 
deploy	Deploy with CDK	2025-12-26T02:33:52.6998916Z âœ¨  Total time: 16.17s
deploy	Deploy with CDK	2025-12-26T02:33:52.6999559Z 
deploy	Deploy with CDK	2025-12-26T02:33:52.8204966Z ChatBooking-dev-Backend: start: Publishing ChatBooking-dev-Backend Template (607250385528-us-east-1-f2b3d3d9)
deploy	Deploy with CDK	2025-12-26T02:33:52.8251796Z ChatBooking-dev-Backend: start: Publishing CatalogFunction/Code (607250385528-us-east-1-659718de)
deploy	Deploy with CDK	2025-12-26T02:33:52.8267088Z ChatBooking-dev-Backend: start: Publishing BookingFunction/Code (607250385528-us-east-1-073ab8db)
deploy	Deploy with CDK	2025-12-26T02:33:52.8283799Z ChatBooking-dev-Backend: start: Publishing AuthResolverFunction/Code (607250385528-us-east-1-a0e0c13d)
deploy	Deploy with CDK	2025-12-26T02:33:52.8377210Z ChatBooking-dev-Backend: start: Publishing AvailabilityFunction/Code (607250385528-us-east-1-5b317241)
deploy	Deploy with CDK	2025-12-26T02:33:52.8415768Z ChatBooking-dev-Backend: start: Publishing ChatAgentFunction/Code (607250385528-us-east-1-cbff18be)
deploy	Deploy with CDK	2025-12-26T02:33:52.8859989Z current credentials could not be used to assume 'arn:aws:iam::607250385528:role/cdk-hnb659fds-file-publishing-role-607250385528-us-east-1', but are for the right account. Proceeding anyway.
deploy	Deploy with CDK	2025-12-26T02:33:52.8913250Z current credentials could not be used to assume 'arn:aws:iam::607250385528:role/cdk-hnb659fds-file-publishing-role-607250385528-us-east-1', but are for the right account. Proceeding anyway.
deploy	Deploy with CDK	2025-12-26T02:33:52.9455222Z current credentials could not be used to assume 'arn:aws:iam::607250385528:role/cdk-hnb659fds-file-publishing-role-607250385528-us-east-1', but are for the right account. Proceeding anyway.
deploy	Deploy with CDK	2025-12-26T02:33:52.9545854Z current credentials could not be used to assume 'arn:aws:iam::607250385528:role/cdk-hnb659fds-file-publishing-role-607250385528-us-east-1', but are for the right account. Proceeding anyway.
deploy	Deploy with CDK	2025-12-26T02:33:52.9726029Z current credentials could not be used to assume 'arn:aws:iam::607250385528:role/cdk-hnb659fds-file-publishing-role-607250385528-us-east-1', but are for the right account. Proceeding anyway.
deploy	Deploy with CDK	2025-12-26T02:33:52.9769378Z current credentials could not be used to assume 'arn:aws:iam::607250385528:role/cdk-hnb659fds-file-publishing-role-607250385528-us-east-1', but are for the right account. Proceeding anyway.
deploy	Deploy with CDK	2025-12-26T02:33:53.4666865Z ChatBooking-dev-Backend: success: Published ChatBooking-dev-Backend Template (607250385528-us-east-1-f2b3d3d9)
deploy	Deploy with CDK	2025-12-26T02:33:57.9743549Z ChatBooking-dev-Backend: success: Published BookingFunction/Code (607250385528-us-east-1-073ab8db)
deploy	Deploy with CDK	2025-12-26T02:33:57.9756926Z ChatBooking-dev-Backend: success: Published CatalogFunction/Code (607250385528-us-east-1-659718de)
deploy	Deploy with CDK	2025-12-26T02:33:57.9774673Z ChatBooking-dev-Backend: success: Published AuthResolverFunction/Code (607250385528-us-east-1-a0e0c13d)
deploy	Deploy with CDK	2025-12-26T02:33:58.6417572Z ChatBooking-dev-Backend: success: Published AvailabilityFunction/Code (607250385528-us-east-1-5b317241)
deploy	Deploy with CDK	2025-12-26T02:33:59.0290607Z ChatBooking-dev-Backend: success: Published ChatAgentFunction/Code (607250385528-us-east-1-cbff18be)
deploy	Deploy with CDK	2025-12-26T02:33:59.0291787Z ChatBooking-dev-Backend
deploy	Deploy with CDK	2025-12-26T02:33:59.0300660Z ChatBooking-dev-Backend: deploying... [4/5]
deploy	Deploy with CDK	2025-12-26T02:33:59.2552730Z ChatBooking-dev-Backend: creating CloudFormation changeset...
deploy	Deploy with CDK	2025-12-26T02:34:20.4881101Z 
deploy	Deploy with CDK	2025-12-26T02:34:20.4882018Z NOTICES         (What's this? https://github.com/aws/aws-cdk/wiki/CLI-Notices)
deploy	Deploy with CDK	2025-12-26T02:34:20.4882536Z 
deploy	Deploy with CDK	2025-12-26T02:34:20.4885406Z 34892	CDK CLI will collect telemetry data on command usage starting at version 2.1100.0 (unless opted out)
deploy	Deploy with CDK	2025-12-26T02:34:20.4885949Z 
deploy	Deploy with CDK	2025-12-26T02:34:20.4886172Z 	Overview: We do not collect customer content and we anonymize the
deploy	Deploy with CDK	2025-12-26T02:34:20.4886617Z 	          telemetry we do collect. See the attached issue for more
deploy	Deploy with CDK	2025-12-26T02:34:20.4887181Z 	          information on what data is collected, why, and how to
deploy	Deploy with CDK	2025-12-26T02:34:20.4887588Z 	          opt-out. Telemetry will NOT be collected for any CDK CLI
deploy	Deploy with CDK	2025-12-26T02:34:20.4887965Z 	          version prior to version 2.1100.0 - regardless of
deploy	Deploy with CDK	2025-12-26T02:34:20.4888359Z 	          opt-in/out. You can also preview the telemetry we will start
deploy	Deploy with CDK	2025-12-26T02:34:20.4889071Z 	          collecting by logging it to a local file, by adding
deploy	Deploy with CDK	2025-12-26T02:34:20.4889473Z 	          `--unstable=telemetry --telemetry-file=my/local/file` to any
deploy	Deploy with CDK	2025-12-26T02:34:20.4889792Z 	          `cdk` command.
deploy	Deploy with CDK	2025-12-26T02:34:20.4889926Z 
deploy	Deploy with CDK	2025-12-26T02:34:20.4890063Z 	Affected versions: cli: >=2.0.0 <2.1100.0
deploy	Deploy with CDK	2025-12-26T02:34:20.4890239Z 
deploy	Deploy with CDK	2025-12-26T02:34:20.4890448Z 	More information at: https://github.com/aws/aws-cdk/issues/34892
deploy	Deploy with CDK	2025-12-26T02:34:20.4890694Z 
deploy	Deploy with CDK	2025-12-26T02:34:20.4890702Z 
deploy	Deploy with CDK	2025-12-26T02:34:20.4891941Z If you donâ€™t want to see a notice anymore, use "cdk acknowledge <id>". For example, "cdk acknowledge 34892".
deploy	Deploy with CDK	2025-12-26T02:34:20.4895291Z âŒ  ChatBooking-dev-Backend failed: ToolkitError: Failed to create ChangeSet cdk-deploy-change-set on ChatBooking-dev-Backend: FAILED, The following hook(s)/validation failed: [AWS::EarlyValidation::ResourceExistenceCheck]. To troubleshoot Early Validation errors, use the DescribeEvents API for detailed failure information.
deploy	Deploy with CDK	2025-12-26T02:34:20.5161309Z ##[error]Process completed with exit code 1.
deploy	Post Configure AWS credentials	ï»¿2025-12-26T02:34:20.5232812Z Post job cleanup.
deploy	Post Checkout repo	ï»¿2025-12-26T02:34:20.6512797Z Post job cleanup.
deploy	Post Checkout repo	2025-12-26T02:34:20.7460162Z [command]/usr/bin/git version
deploy	Post Checkout repo	2025-12-26T02:34:20.7496607Z git version 2.52.0
deploy	Post Checkout repo	2025-12-26T02:34:20.7539219Z Temporarily overriding HOME='/home/runner/work/_temp/60c51bde-0d5b-4a05-8bcb-8d6fb286a44c' before making global git config changes
deploy	Post Checkout repo	2025-12-26T02:34:20.7540595Z Adding repository directory to the temporary git global config as a safe directory
deploy	Post Checkout repo	2025-12-26T02:34:20.7551842Z [command]/usr/bin/git config --global --add safe.directory /home/runner/work/chat-booking-backend/chat-booking-backend
deploy	Post Checkout repo	2025-12-26T02:34:20.7585581Z [command]/usr/bin/git config --local --name-only --get-regexp core\.sshCommand
deploy	Post Checkout repo	2025-12-26T02:34:20.7619285Z [command]/usr/bin/git submodule foreach --recursive sh -c "git config --local --name-only --get-regexp 'core\.sshCommand' && git config --local --unset-all 'core.sshCommand' || :"
deploy	Post Checkout repo	2025-12-26T02:34:20.8040319Z [command]/usr/bin/git config --local --name-only --get-regexp http\.https\:\/\/github\.com\/\.extraheader
deploy	Post Checkout repo	2025-12-26T02:34:20.8061660Z http.https://github.com/.extraheader
deploy	Post Checkout repo	2025-12-26T02:34:20.8073749Z [command]/usr/bin/git config --local --unset-all http.https://github.com/.extraheader
deploy	Post Checkout repo	2025-12-26T02:34:20.8104209Z [command]/usr/bin/git submodule foreach --recursive sh -c "git config --local --name-only --get-regexp 'http\.https\:\/\/github\.com\/\.extraheader' && git config --local --unset-all 'http.https://github.com/.extraheader' || :"
deploy	Post Checkout repo	2025-12-26T02:34:20.8335153Z [command]/usr/bin/git config --local --name-only --get-regexp ^includeIf\.gitdir:
deploy	Post Checkout repo	2025-12-26T02:34:20.8365018Z [command]/usr/bin/git submodule foreach --recursive git config --local --show-origin --name-only --get-regexp remote.origin.url
deploy	Complete job	ï»¿2025-12-26T02:34:20.8717254Z Cleaning up orphan processes
