deploy	Set up job	ï»¿2025-12-25T16:34:12.6383665Z Current runner version: '2.330.0'
deploy	Set up job	2025-12-25T16:34:12.6406157Z ##[group]Runner Image Provisioner
deploy	Set up job	2025-12-25T16:34:12.6406936Z Hosted Compute Agent
deploy	Set up job	2025-12-25T16:34:12.6407450Z Version: 20251211.462
deploy	Set up job	2025-12-25T16:34:12.6407964Z Commit: 6cbad8c2bb55d58165063d031ccabf57e2d2db61
deploy	Set up job	2025-12-25T16:34:12.6408644Z Build Date: 2025-12-11T16:28:49Z
deploy	Set up job	2025-12-25T16:34:12.6409197Z Worker ID: {5b63b441-8049-4bbe-9767-ec1c23954927}
deploy	Set up job	2025-12-25T16:34:12.6409814Z ##[endgroup]
deploy	Set up job	2025-12-25T16:34:12.6410289Z ##[group]Operating System
deploy	Set up job	2025-12-25T16:34:12.6410781Z Ubuntu
deploy	Set up job	2025-12-25T16:34:12.6411184Z 24.04.3
deploy	Set up job	2025-12-25T16:34:12.6411580Z LTS
deploy	Set up job	2025-12-25T16:34:12.6411975Z ##[endgroup]
deploy	Set up job	2025-12-25T16:34:12.6412563Z ##[group]Runner Image
deploy	Set up job	2025-12-25T16:34:12.6413096Z Image: ubuntu-24.04
deploy	Set up job	2025-12-25T16:34:12.6413533Z Version: 20251215.174.1
deploy	Set up job	2025-12-25T16:34:12.6414438Z Included Software: https://github.com/actions/runner-images/blob/ubuntu24/20251215.174/images/ubuntu/Ubuntu2404-Readme.md
deploy	Set up job	2025-12-25T16:34:12.6415655Z Image Release: https://github.com/actions/runner-images/releases/tag/ubuntu24%2F20251215.174
deploy	Set up job	2025-12-25T16:34:12.6416649Z ##[endgroup]
deploy	Set up job	2025-12-25T16:34:12.6417492Z ##[group]GITHUB_TOKEN Permissions
deploy	Set up job	2025-12-25T16:34:12.6419432Z Contents: read
deploy	Set up job	2025-12-25T16:34:12.6419964Z Metadata: read
deploy	Set up job	2025-12-25T16:34:12.6420384Z ##[endgroup]
deploy	Set up job	2025-12-25T16:34:12.6422499Z Secret source: Actions
deploy	Set up job	2025-12-25T16:34:12.6423188Z Prepare workflow directory
deploy	Set up job	2025-12-25T16:34:12.6755002Z Prepare all required actions
deploy	Set up job	2025-12-25T16:34:12.6811882Z Getting action download info
deploy	Set up job	2025-12-25T16:34:13.1462661Z Download action repository 'actions/checkout@v4' (SHA:34e114876b0b11c390a56381ad16ebd13914f8d5)
deploy	Set up job	2025-12-25T16:34:13.2160245Z Download action repository 'actions/setup-node@v4' (SHA:49933ea5288caeca8642d1e84afbd3f7d6820020)
deploy	Set up job	2025-12-25T16:34:13.2866866Z Download action repository 'actions/setup-python@v5' (SHA:a26af69be951a213d495a4c3e4e4022e16d87065)
deploy	Set up job	2025-12-25T16:34:13.3502648Z Download action repository 'aws-actions/configure-aws-credentials@v4' (SHA:7474bc4690e29a8392af63c5b98e7449536d5c3a)
deploy	Set up job	2025-12-25T16:34:14.3240161Z Complete job name: deploy
deploy	Checkout repo	ï»¿2025-12-25T16:34:14.4091379Z ##[group]Run actions/checkout@v4
deploy	Checkout repo	2025-12-25T16:34:14.4092841Z with:
deploy	Checkout repo	2025-12-25T16:34:14.4093672Z   repository: AIX-Clever/chat-booking-backend
deploy	Checkout repo	2025-12-25T16:34:14.4095034Z   token: ***
deploy	Checkout repo	2025-12-25T16:34:14.4095758Z   ssh-strict: true
deploy	Checkout repo	2025-12-25T16:34:14.4096506Z   ssh-user: git
deploy	Checkout repo	2025-12-25T16:34:14.4097294Z   persist-credentials: true
deploy	Checkout repo	2025-12-25T16:34:14.4098145Z   clean: true
deploy	Checkout repo	2025-12-25T16:34:14.4098924Z   sparse-checkout-cone-mode: true
deploy	Checkout repo	2025-12-25T16:34:14.4099843Z   fetch-depth: 1
deploy	Checkout repo	2025-12-25T16:34:14.4100609Z   fetch-tags: false
deploy	Checkout repo	2025-12-25T16:34:14.4101376Z   show-progress: true
deploy	Checkout repo	2025-12-25T16:34:14.4102166Z   lfs: false
deploy	Checkout repo	2025-12-25T16:34:14.4102968Z   submodules: false
deploy	Checkout repo	2025-12-25T16:34:14.4103770Z   set-safe-directory: true
deploy	Checkout repo	2025-12-25T16:34:14.4104857Z ##[endgroup]
deploy	Checkout repo	2025-12-25T16:34:14.5121970Z Syncing repository: AIX-Clever/chat-booking-backend
deploy	Checkout repo	2025-12-25T16:34:14.5124810Z ##[group]Getting Git version info
deploy	Checkout repo	2025-12-25T16:34:14.5126472Z Working directory is '/home/runner/work/chat-booking-backend/chat-booking-backend'
deploy	Checkout repo	2025-12-25T16:34:14.5128581Z [command]/usr/bin/git version
deploy	Checkout repo	2025-12-25T16:34:14.5165764Z git version 2.52.0
deploy	Checkout repo	2025-12-25T16:34:14.5188328Z ##[endgroup]
deploy	Checkout repo	2025-12-25T16:34:14.5201279Z Temporarily overriding HOME='/home/runner/work/_temp/f326087b-b2f4-467a-b420-05c66c40abc9' before making global git config changes
deploy	Checkout repo	2025-12-25T16:34:14.5214445Z Adding repository directory to the temporary git global config as a safe directory
deploy	Checkout repo	2025-12-25T16:34:14.5217044Z [command]/usr/bin/git config --global --add safe.directory /home/runner/work/chat-booking-backend/chat-booking-backend
deploy	Checkout repo	2025-12-25T16:34:14.5248026Z Deleting the contents of '/home/runner/work/chat-booking-backend/chat-booking-backend'
deploy	Checkout repo	2025-12-25T16:34:14.5250740Z ##[group]Initializing the repository
deploy	Checkout repo	2025-12-25T16:34:14.5255019Z [command]/usr/bin/git init /home/runner/work/chat-booking-backend/chat-booking-backend
deploy	Checkout repo	2025-12-25T16:34:14.5349537Z hint: Using 'master' as the name for the initial branch. This default branch name
deploy	Checkout repo	2025-12-25T16:34:14.5352924Z hint: will change to "main" in Git 3.0. To configure the initial branch name
deploy	Checkout repo	2025-12-25T16:34:14.5354646Z hint: to use in all of your new repositories, which will suppress this warning,
deploy	Checkout repo	2025-12-25T16:34:14.5355929Z hint: call:
deploy	Checkout repo	2025-12-25T16:34:14.5356618Z hint:
deploy	Checkout repo	2025-12-25T16:34:14.5357892Z hint: 	git config --global init.defaultBranch <name>
deploy	Checkout repo	2025-12-25T16:34:14.5358945Z hint:
deploy	Checkout repo	2025-12-25T16:34:14.5359943Z hint: Names commonly chosen instead of 'master' are 'main', 'trunk' and
deploy	Checkout repo	2025-12-25T16:34:14.5361541Z hint: 'development'. The just-created branch can be renamed via this command:
deploy	Checkout repo	2025-12-25T16:34:14.5363176Z hint:
deploy	Checkout repo	2025-12-25T16:34:14.5363944Z hint: 	git branch -m <name>
deploy	Checkout repo	2025-12-25T16:34:14.5364778Z hint:
deploy	Checkout repo	2025-12-25T16:34:14.5365867Z hint: Disable this message with "git config set advice.defaultBranchName false"
deploy	Checkout repo	2025-12-25T16:34:14.5367904Z Initialized empty Git repository in /home/runner/work/chat-booking-backend/chat-booking-backend/.git/
deploy	Checkout repo	2025-12-25T16:34:14.5371149Z [command]/usr/bin/git remote add origin https://github.com/AIX-Clever/chat-booking-backend
deploy	Checkout repo	2025-12-25T16:34:14.5393046Z ##[endgroup]
deploy	Checkout repo	2025-12-25T16:34:14.5394446Z ##[group]Disabling automatic garbage collection
deploy	Checkout repo	2025-12-25T16:34:14.5395920Z [command]/usr/bin/git config --local gc.auto 0
deploy	Checkout repo	2025-12-25T16:34:14.5419118Z ##[endgroup]
deploy	Checkout repo	2025-12-25T16:34:14.5420374Z ##[group]Setting up auth
deploy	Checkout repo	2025-12-25T16:34:14.5424699Z [command]/usr/bin/git config --local --name-only --get-regexp core\.sshCommand
deploy	Checkout repo	2025-12-25T16:34:14.5448349Z [command]/usr/bin/git submodule foreach --recursive sh -c "git config --local --name-only --get-regexp 'core\.sshCommand' && git config --local --unset-all 'core.sshCommand' || :"
deploy	Checkout repo	2025-12-25T16:34:14.5725188Z [command]/usr/bin/git config --local --name-only --get-regexp http\.https\:\/\/github\.com\/\.extraheader
deploy	Checkout repo	2025-12-25T16:34:14.5754778Z [command]/usr/bin/git submodule foreach --recursive sh -c "git config --local --name-only --get-regexp 'http\.https\:\/\/github\.com\/\.extraheader' && git config --local --unset-all 'http.https://github.com/.extraheader' || :"
deploy	Checkout repo	2025-12-25T16:34:14.5925789Z [command]/usr/bin/git config --local --name-only --get-regexp ^includeIf\.gitdir:
deploy	Checkout repo	2025-12-25T16:34:14.5956082Z [command]/usr/bin/git submodule foreach --recursive git config --local --show-origin --name-only --get-regexp remote.origin.url
deploy	Checkout repo	2025-12-25T16:34:14.6131186Z [command]/usr/bin/git config --local http.https://github.com/.extraheader AUTHORIZATION: basic ***
deploy	Checkout repo	2025-12-25T16:34:14.6159588Z ##[endgroup]
deploy	Checkout repo	2025-12-25T16:34:14.6161562Z ##[group]Fetching the repository
deploy	Checkout repo	2025-12-25T16:34:14.6169413Z [command]/usr/bin/git -c protocol.version=2 fetch --no-tags --prune --no-recurse-submodules --depth=1 origin +38eb9eb30a73f8a8db9dc42e071735bc9f995d92:refs/remotes/origin/dev
deploy	Checkout repo	2025-12-25T16:34:16.7323845Z From https://github.com/AIX-Clever/chat-booking-backend
deploy	Checkout repo	2025-12-25T16:34:16.7325575Z  * [new ref]         38eb9eb30a73f8a8db9dc42e071735bc9f995d92 -> origin/dev
deploy	Checkout repo	2025-12-25T16:34:16.7353124Z ##[endgroup]
deploy	Checkout repo	2025-12-25T16:34:16.7355305Z ##[group]Determining the checkout info
deploy	Checkout repo	2025-12-25T16:34:16.7356215Z ##[endgroup]
deploy	Checkout repo	2025-12-25T16:34:16.7360330Z [command]/usr/bin/git sparse-checkout disable
deploy	Checkout repo	2025-12-25T16:34:16.7392518Z [command]/usr/bin/git config --local --unset-all extensions.worktreeConfig
deploy	Checkout repo	2025-12-25T16:34:16.7413396Z ##[group]Checking out the ref
deploy	Checkout repo	2025-12-25T16:34:16.7418415Z [command]/usr/bin/git checkout --progress --force -B dev refs/remotes/origin/dev
deploy	Checkout repo	2025-12-25T16:34:17.3702138Z Switched to a new branch 'dev'
deploy	Checkout repo	2025-12-25T16:34:17.3703073Z branch 'dev' set up to track 'origin/dev'.
deploy	Checkout repo	2025-12-25T16:34:17.3726290Z ##[endgroup]
deploy	Checkout repo	2025-12-25T16:34:17.3763436Z [command]/usr/bin/git log -1 --format=%H
deploy	Checkout repo	2025-12-25T16:34:17.3784169Z 38eb9eb30a73f8a8db9dc42e071735bc9f995d92
deploy	Setup Node.js	ï»¿2025-12-25T16:34:17.3987199Z ##[group]Run actions/setup-node@v4
deploy	Setup Node.js	2025-12-25T16:34:17.3987491Z with:
deploy	Setup Node.js	2025-12-25T16:34:17.3987684Z   node-version: 20
deploy	Setup Node.js	2025-12-25T16:34:17.3987882Z   always-auth: false
deploy	Setup Node.js	2025-12-25T16:34:17.3988259Z   check-latest: false
deploy	Setup Node.js	2025-12-25T16:34:17.3988613Z   token: ***
deploy	Setup Node.js	2025-12-25T16:34:17.3988790Z ##[endgroup]
deploy	Setup Node.js	2025-12-25T16:34:17.5604437Z Found in cache @ /opt/hostedtoolcache/node/20.19.6/x64
deploy	Setup Node.js	2025-12-25T16:34:17.5610000Z ##[group]Environment details
deploy	Setup Node.js	2025-12-25T16:34:17.8815738Z node: v20.19.6
deploy	Setup Node.js	2025-12-25T16:34:17.8816155Z npm: 10.8.2
deploy	Setup Node.js	2025-12-25T16:34:17.8816428Z yarn: 1.22.22
deploy	Setup Node.js	2025-12-25T16:34:17.8817637Z ##[endgroup]
deploy	Setup Python	ï»¿2025-12-25T16:34:17.8916463Z ##[group]Run actions/setup-python@v5
deploy	Setup Python	2025-12-25T16:34:17.8916716Z with:
deploy	Setup Python	2025-12-25T16:34:17.8916924Z   python-version: 3.9
deploy	Setup Python	2025-12-25T16:34:17.8917157Z   check-latest: false
deploy	Setup Python	2025-12-25T16:34:17.8917492Z   token: ***
deploy	Setup Python	2025-12-25T16:34:17.8917677Z   update-environment: true
deploy	Setup Python	2025-12-25T16:34:17.8917899Z   allow-prereleases: false
deploy	Setup Python	2025-12-25T16:34:17.8918100Z   freethreaded: false
deploy	Setup Python	2025-12-25T16:34:17.8918300Z ##[endgroup]
deploy	Setup Python	2025-12-25T16:34:18.0470775Z ##[group]Installed versions
deploy	Setup Python	2025-12-25T16:34:18.0566918Z Successfully set up CPython (3.9.25)
deploy	Setup Python	2025-12-25T16:34:18.0567505Z ##[endgroup]
deploy	Install Lambda Dependencies	ï»¿2025-12-25T16:34:18.0647023Z ##[group]Run # Find all requirements.txt files and install dependencies to their directory
deploy	Install Lambda Dependencies	2025-12-25T16:34:18.0647753Z [36;1m# Find all requirements.txt files and install dependencies to their directory[0m
deploy	Install Lambda Dependencies	2025-12-25T16:34:18.0648467Z [36;1mfind . -name "requirements.txt" -not -path "*/node_modules/*" -not -path "*/.venv/*" | while read req_file; do[0m
deploy	Install Lambda Dependencies	2025-12-25T16:34:18.0649058Z [36;1m  echo "Installing dependencies for $req_file"[0m
deploy	Install Lambda Dependencies	2025-12-25T16:34:18.0649390Z [36;1m  dir=$(dirname "$req_file")[0m
deploy	Install Lambda Dependencies	2025-12-25T16:34:18.0649707Z [36;1m  pip install -r "$req_file" -t "$dir"[0m
deploy	Install Lambda Dependencies	2025-12-25T16:34:18.0649993Z [36;1mdone[0m
deploy	Install Lambda Dependencies	2025-12-25T16:34:18.0684689Z shell: /usr/bin/bash -e {0}
deploy	Install Lambda Dependencies	2025-12-25T16:34:18.0684951Z env:
deploy	Install Lambda Dependencies	2025-12-25T16:34:18.0685205Z   pythonLocation: /opt/hostedtoolcache/Python/3.9.25/x64
deploy	Install Lambda Dependencies	2025-12-25T16:34:18.0685582Z   PKG_CONFIG_PATH: /opt/hostedtoolcache/Python/3.9.25/x64/lib/pkgconfig
deploy	Install Lambda Dependencies	2025-12-25T16:34:18.0685952Z   Python_ROOT_DIR: /opt/hostedtoolcache/Python/3.9.25/x64
deploy	Install Lambda Dependencies	2025-12-25T16:34:18.0686337Z   Python2_ROOT_DIR: /opt/hostedtoolcache/Python/3.9.25/x64
deploy	Install Lambda Dependencies	2025-12-25T16:34:18.0686660Z   Python3_ROOT_DIR: /opt/hostedtoolcache/Python/3.9.25/x64
deploy	Install Lambda Dependencies	2025-12-25T16:34:18.0686983Z   LD_LIBRARY_PATH: /opt/hostedtoolcache/Python/3.9.25/x64/lib
deploy	Install Lambda Dependencies	2025-12-25T16:34:18.0687267Z ##[endgroup]
deploy	Install Lambda Dependencies	2025-12-25T16:34:18.0902142Z Installing dependencies for ./availability/requirements.txt
deploy	Install Lambda Dependencies	2025-12-25T16:34:20.0911417Z Collecting boto3>=1.34.0 (from -r ./availability/requirements.txt (line 1))
deploy	Install Lambda Dependencies	2025-12-25T16:34:20.1541929Z   Downloading boto3-1.42.16-py3-none-any.whl.metadata (6.8 kB)
deploy	Install Lambda Dependencies	2025-12-25T16:34:20.5869759Z Collecting botocore>=1.34.0 (from -r ./availability/requirements.txt (line 2))
deploy	Install Lambda Dependencies	2025-12-25T16:34:20.5976990Z   Downloading botocore-1.42.16-py3-none-any.whl.metadata (5.9 kB)
deploy	Install Lambda Dependencies	2025-12-25T16:34:20.6202181Z Collecting python-dateutil>=2.8.2 (from -r ./availability/requirements.txt (line 3))
deploy	Install Lambda Dependencies	2025-12-25T16:34:20.6308295Z   Downloading python_dateutil-2.9.0.post0-py2.py3-none-any.whl.metadata (8.4 kB)
deploy	Install Lambda Dependencies	2025-12-25T16:34:20.6777724Z Collecting pytz>=2023.3 (from -r ./availability/requirements.txt (line 4))
deploy	Install Lambda Dependencies	2025-12-25T16:34:20.6886012Z   Downloading pytz-2025.2-py2.py3-none-any.whl.metadata (22 kB)
deploy	Install Lambda Dependencies	2025-12-25T16:34:20.8235198Z Collecting jmespath<2.0.0,>=0.7.1 (from boto3>=1.34.0->-r ./availability/requirements.txt (line 1))
deploy	Install Lambda Dependencies	2025-12-25T16:34:20.8339444Z   Downloading jmespath-1.0.1-py3-none-any.whl.metadata (7.6 kB)
deploy	Install Lambda Dependencies	2025-12-25T16:34:20.8589151Z Collecting s3transfer<0.17.0,>=0.16.0 (from boto3>=1.34.0->-r ./availability/requirements.txt (line 1))
deploy	Install Lambda Dependencies	2025-12-25T16:34:20.8696104Z   Downloading s3transfer-0.16.0-py3-none-any.whl.metadata (1.7 kB)
deploy	Install Lambda Dependencies	2025-12-25T16:34:20.9087026Z Collecting urllib3<1.27,>=1.25.4 (from botocore>=1.34.0->-r ./availability/requirements.txt (line 2))
deploy	Install Lambda Dependencies	2025-12-25T16:34:20.9194392Z   Downloading urllib3-1.26.20-py2.py3-none-any.whl.metadata (50 kB)
deploy	Install Lambda Dependencies	2025-12-25T16:34:20.9494051Z Collecting six>=1.5 (from python-dateutil>=2.8.2->-r ./availability/requirements.txt (line 3))
deploy	Install Lambda Dependencies	2025-12-25T16:34:20.9603147Z   Downloading six-1.17.0-py2.py3-none-any.whl.metadata (1.7 kB)
deploy	Install Lambda Dependencies	2025-12-25T16:34:21.1337725Z Downloading boto3-1.42.16-py3-none-any.whl (140 kB)
deploy	Install Lambda Dependencies	2025-12-25T16:34:21.1552552Z Downloading botocore-1.42.16-py3-none-any.whl (14.6 MB)
deploy	Install Lambda Dependencies	2025-12-25T16:34:21.2245428Z    â”â”â”â”â”â”â”â”â”â”â”â”â”â”â”â”â”â”â”â”â”â”â”â”â”â”â”â”â”â”â”â”â”â”â”â”â”â”â”â” 14.6/14.6 MB 237.0 MB/s  0:00:00
deploy	Install Lambda Dependencies	2025-12-25T16:34:21.2352611Z Downloading python_dateutil-2.9.0.post0-py2.py3-none-any.whl (229 kB)
deploy	Install Lambda Dependencies	2025-12-25T16:34:21.2488759Z Downloading jmespath-1.0.1-py3-none-any.whl (20 kB)
deploy	Install Lambda Dependencies	2025-12-25T16:34:21.2615523Z Downloading s3transfer-0.16.0-py3-none-any.whl (86 kB)
deploy	Install Lambda Dependencies	2025-12-25T16:34:21.2743616Z Downloading urllib3-1.26.20-py2.py3-none-any.whl (144 kB)
deploy	Install Lambda Dependencies	2025-12-25T16:34:21.2874920Z Downloading pytz-2025.2-py2.py3-none-any.whl (509 kB)
deploy	Install Lambda Dependencies	2025-12-25T16:34:21.3012368Z Downloading six-1.17.0-py2.py3-none-any.whl (11 kB)
deploy	Install Lambda Dependencies	2025-12-25T16:34:21.3910520Z Installing collected packages: pytz, urllib3, six, jmespath, python-dateutil, botocore, s3transfer, boto3
deploy	Install Lambda Dependencies	2025-12-25T16:34:22.0560472Z 
deploy	Install Lambda Dependencies	2025-12-25T16:34:22.0580471Z Successfully installed boto3-1.42.16 botocore-1.42.16 jmespath-1.0.1 python-dateutil-2.9.0.post0 pytz-2025.2 s3transfer-0.16.0 six-1.17.0 urllib3-1.26.20
deploy	Install Lambda Dependencies	2025-12-25T16:34:22.2304929Z Installing dependencies for ./chat_agent/requirements.txt
deploy	Install Lambda Dependencies	2025-12-25T16:34:22.6032461Z Collecting requests (from -r ./chat_agent/requirements.txt (line 1))
deploy	Install Lambda Dependencies	2025-12-25T16:34:22.6564451Z   Downloading requests-2.32.5-py3-none-any.whl.metadata (4.9 kB)
deploy	Install Lambda Dependencies	2025-12-25T16:34:22.6816316Z Collecting aws-xray-sdk (from -r ./chat_agent/requirements.txt (line 2))
deploy	Install Lambda Dependencies	2025-12-25T16:34:22.6925765Z   Downloading aws_xray_sdk-2.15.0-py2.py3-none-any.whl.metadata (23 kB)
deploy	Install Lambda Dependencies	2025-12-25T16:34:23.0385920Z Collecting boto3>=1.34.0 (from -r ./chat_agent/requirements.txt (line 3))
deploy	Install Lambda Dependencies	2025-12-25T16:34:23.0404244Z   Using cached boto3-1.42.16-py3-none-any.whl.metadata (6.8 kB)
deploy	Install Lambda Dependencies	2025-12-25T16:34:23.0599203Z Collecting python-dateutil>=2.8.2 (from -r ./chat_agent/requirements.txt (line 4))
deploy	Install Lambda Dependencies	2025-12-25T16:34:23.0615690Z   Using cached python_dateutil-2.9.0.post0-py2.py3-none-any.whl.metadata (8.4 kB)
deploy	Install Lambda Dependencies	2025-12-25T16:34:23.1031152Z Collecting pytz>=2023.3 (from -r ./chat_agent/requirements.txt (line 5))
deploy	Install Lambda Dependencies	2025-12-25T16:34:23.1049812Z   Using cached pytz-2025.2-py2.py3-none-any.whl.metadata (22 kB)
deploy	Install Lambda Dependencies	2025-12-25T16:34:23.1365608Z Collecting pypdf>=3.0.0 (from -r ./chat_agent/requirements.txt (line 6))
deploy	Install Lambda Dependencies	2025-12-25T16:34:23.1476147Z   Downloading pypdf-6.5.0-py3-none-any.whl.metadata (7.1 kB)
deploy	Install Lambda Dependencies	2025-12-25T16:34:23.2574767Z Collecting charset_normalizer<4,>=2 (from requests->-r ./chat_agent/requirements.txt (line 1))
deploy	Install Lambda Dependencies	2025-12-25T16:34:23.2683260Z   Downloading charset_normalizer-3.4.4-cp39-cp39-manylinux2014_x86_64.manylinux_2_17_x86_64.manylinux_2_28_x86_64.whl.metadata (37 kB)
deploy	Install Lambda Dependencies	2025-12-25T16:34:23.2946861Z Collecting idna<4,>=2.5 (from requests->-r ./chat_agent/requirements.txt (line 1))
deploy	Install Lambda Dependencies	2025-12-25T16:34:23.3052686Z   Downloading idna-3.11-py3-none-any.whl.metadata (8.4 kB)
deploy	Install Lambda Dependencies	2025-12-25T16:34:23.3424710Z Collecting urllib3<3,>=1.21.1 (from requests->-r ./chat_agent/requirements.txt (line 1))
deploy	Install Lambda Dependencies	2025-12-25T16:34:23.3534731Z   Downloading urllib3-2.6.2-py3-none-any.whl.metadata (6.6 kB)
deploy	Install Lambda Dependencies	2025-12-25T16:34:23.3999566Z Collecting certifi>=2017.4.17 (from requests->-r ./chat_agent/requirements.txt (line 1))
deploy	Install Lambda Dependencies	2025-12-25T16:34:23.4104790Z   Downloading certifi-2025.11.12-py3-none-any.whl.metadata (2.5 kB)
deploy	Install Lambda Dependencies	2025-12-25T16:34:23.5733653Z Collecting wrapt (from aws-xray-sdk->-r ./chat_agent/requirements.txt (line 2))
deploy	Install Lambda Dependencies	2025-12-25T16:34:23.5850027Z   Downloading wrapt-2.0.1-cp39-cp39-manylinux1_x86_64.manylinux_2_28_x86_64.manylinux_2_5_x86_64.whl.metadata (9.0 kB)
deploy	Install Lambda Dependencies	2025-12-25T16:34:24.0754405Z Collecting botocore>=1.11.3 (from aws-xray-sdk->-r ./chat_agent/requirements.txt (line 2))
deploy	Install Lambda Dependencies	2025-12-25T16:34:24.0774154Z   Using cached botocore-1.42.16-py3-none-any.whl.metadata (5.9 kB)
deploy	Install Lambda Dependencies	2025-12-25T16:34:24.2034491Z Collecting jmespath<2.0.0,>=0.7.1 (from boto3>=1.34.0->-r ./chat_agent/requirements.txt (line 3))
deploy	Install Lambda Dependencies	2025-12-25T16:34:24.2051893Z   Using cached jmespath-1.0.1-py3-none-any.whl.metadata (7.6 kB)
deploy	Install Lambda Dependencies	2025-12-25T16:34:24.2275796Z Collecting s3transfer<0.17.0,>=0.16.0 (from boto3>=1.34.0->-r ./chat_agent/requirements.txt (line 3))
deploy	Install Lambda Dependencies	2025-12-25T16:34:24.2292550Z   Using cached s3transfer-0.16.0-py3-none-any.whl.metadata (1.7 kB)
deploy	Install Lambda Dependencies	2025-12-25T16:34:24.2444443Z Collecting urllib3<3,>=1.21.1 (from requests->-r ./chat_agent/requirements.txt (line 1))
deploy	Install Lambda Dependencies	2025-12-25T16:34:24.2463085Z   Using cached urllib3-1.26.20-py2.py3-none-any.whl.metadata (50 kB)
deploy	Install Lambda Dependencies	2025-12-25T16:34:24.2705097Z Collecting six>=1.5 (from python-dateutil>=2.8.2->-r ./chat_agent/requirements.txt (line 4))
deploy	Install Lambda Dependencies	2025-12-25T16:34:24.2721657Z   Using cached six-1.17.0-py2.py3-none-any.whl.metadata (1.7 kB)
deploy	Install Lambda Dependencies	2025-12-25T16:34:24.5248814Z Collecting typing_extensions>=4.0 (from pypdf>=3.0.0->-r ./chat_agent/requirements.txt (line 6))
deploy	Install Lambda Dependencies	2025-12-25T16:34:24.5354918Z   Downloading typing_extensions-4.15.0-py3-none-any.whl.metadata (3.3 kB)
deploy	Install Lambda Dependencies	2025-12-25T16:34:24.5533017Z Downloading requests-2.32.5-py3-none-any.whl (64 kB)
deploy	Install Lambda Dependencies	2025-12-25T16:34:24.5685332Z Downloading charset_normalizer-3.4.4-cp39-cp39-manylinux2014_x86_64.manylinux_2_17_x86_64.manylinux_2_28_x86_64.whl (153 kB)
deploy	Install Lambda Dependencies	2025-12-25T16:34:24.5888850Z Downloading idna-3.11-py3-none-any.whl (71 kB)
deploy	Install Lambda Dependencies	2025-12-25T16:34:24.6019243Z Downloading aws_xray_sdk-2.15.0-py2.py3-none-any.whl (103 kB)
deploy	Install Lambda Dependencies	2025-12-25T16:34:24.6061289Z Using cached boto3-1.42.16-py3-none-any.whl (140 kB)
deploy	Install Lambda Dependencies	2025-12-25T16:34:24.6079770Z Using cached botocore-1.42.16-py3-none-any.whl (14.6 MB)
deploy	Install Lambda Dependencies	2025-12-25T16:34:24.6184576Z Using cached python_dateutil-2.9.0.post0-py2.py3-none-any.whl (229 kB)
deploy	Install Lambda Dependencies	2025-12-25T16:34:24.6202373Z Using cached jmespath-1.0.1-py3-none-any.whl (20 kB)
deploy	Install Lambda Dependencies	2025-12-25T16:34:24.6218721Z Using cached s3transfer-0.16.0-py3-none-any.whl (86 kB)
deploy	Install Lambda Dependencies	2025-12-25T16:34:24.6235304Z Using cached urllib3-1.26.20-py2.py3-none-any.whl (144 kB)
deploy	Install Lambda Dependencies	2025-12-25T16:34:24.6251946Z Using cached pytz-2025.2-py2.py3-none-any.whl (509 kB)
deploy	Install Lambda Dependencies	2025-12-25T16:34:24.6367328Z Downloading pypdf-6.5.0-py3-none-any.whl (329 kB)
deploy	Install Lambda Dependencies	2025-12-25T16:34:24.6572998Z Downloading certifi-2025.11.12-py3-none-any.whl (159 kB)
deploy	Install Lambda Dependencies	2025-12-25T16:34:24.6613602Z Using cached six-1.17.0-py2.py3-none-any.whl (11 kB)
deploy	Install Lambda Dependencies	2025-12-25T16:34:24.6718315Z Downloading typing_extensions-4.15.0-py3-none-any.whl (44 kB)
deploy	Install Lambda Dependencies	2025-12-25T16:34:24.6848944Z Downloading wrapt-2.0.1-cp39-cp39-manylinux1_x86_64.manylinux_2_28_x86_64.manylinux_2_5_x86_64.whl (113 kB)
deploy	Install Lambda Dependencies	2025-12-25T16:34:24.7797514Z Installing collected packages: pytz, wrapt, urllib3, typing_extensions, six, jmespath, idna, charset_normalizer, certifi, requests, python-dateutil, pypdf, botocore, s3transfer, aws-xray-sdk, boto3
deploy	Install Lambda Dependencies	2025-12-25T16:34:25.8411376Z 
deploy	Install Lambda Dependencies	2025-12-25T16:34:25.8442096Z Successfully installed aws-xray-sdk-2.15.0 boto3-1.42.16 botocore-1.42.16 certifi-2025.11.12 charset_normalizer-3.4.4 idna-3.11 jmespath-1.0.1 pypdf-6.5.0 python-dateutil-2.9.0.post0 pytz-2025.2 requests-2.32.5 s3transfer-0.16.0 six-1.17.0 typing_extensions-4.15.0 urllib3-1.26.20 wrapt-2.0.1
deploy	Install Lambda Dependencies	2025-12-25T16:34:25.9494055Z Installing dependencies for ./auth_resolver/requirements.txt
deploy	Install Lambda Dependencies	2025-12-25T16:34:26.6298553Z Collecting boto3>=1.34.0 (from -r ./auth_resolver/requirements.txt (line 1))
deploy	Install Lambda Dependencies	2025-12-25T16:34:26.6317739Z   Using cached boto3-1.42.16-py3-none-any.whl.metadata (6.8 kB)
deploy	Install Lambda Dependencies	2025-12-25T16:34:26.6514014Z Collecting python-dateutil>=2.8.2 (from -r ./auth_resolver/requirements.txt (line 2))
deploy	Install Lambda Dependencies	2025-12-25T16:34:26.6530501Z   Using cached python_dateutil-2.9.0.post0-py2.py3-none-any.whl.metadata (8.4 kB)
deploy	Install Lambda Dependencies	2025-12-25T16:34:27.0547061Z Collecting botocore>=1.34.0 (from -r ./auth_resolver/requirements.txt (line 3))
deploy	Install Lambda Dependencies	2025-12-25T16:34:27.0564025Z   Using cached botocore-1.42.16-py3-none-any.whl.metadata (5.9 kB)
deploy	Install Lambda Dependencies	2025-12-25T16:34:27.2209611Z Collecting jmespath<2.0.0,>=0.7.1 (from boto3>=1.34.0->-r ./auth_resolver/requirements.txt (line 1))
deploy	Install Lambda Dependencies	2025-12-25T16:34:27.2226593Z   Using cached jmespath-1.0.1-py3-none-any.whl.metadata (7.6 kB)
deploy	Install Lambda Dependencies	2025-12-25T16:34:27.2456274Z Collecting s3transfer<0.17.0,>=0.16.0 (from boto3>=1.34.0->-r ./auth_resolver/requirements.txt (line 1))
deploy	Install Lambda Dependencies	2025-12-25T16:34:27.2472569Z   Using cached s3transfer-0.16.0-py3-none-any.whl.metadata (1.7 kB)
deploy	Install Lambda Dependencies	2025-12-25T16:34:27.2838963Z Collecting urllib3<1.27,>=1.25.4 (from botocore>=1.34.0->-r ./auth_resolver/requirements.txt (line 3))
deploy	Install Lambda Dependencies	2025-12-25T16:34:27.2854070Z   Using cached urllib3-1.26.20-py2.py3-none-any.whl.metadata (50 kB)
deploy	Install Lambda Dependencies	2025-12-25T16:34:27.3103155Z Collecting six>=1.5 (from python-dateutil>=2.8.2->-r ./auth_resolver/requirements.txt (line 2))
deploy	Install Lambda Dependencies	2025-12-25T16:34:27.3119711Z   Using cached six-1.17.0-py2.py3-none-any.whl.metadata (1.7 kB)
deploy	Install Lambda Dependencies	2025-12-25T16:34:27.4541738Z Using cached boto3-1.42.16-py3-none-any.whl (140 kB)
deploy	Install Lambda Dependencies	2025-12-25T16:34:27.4559808Z Using cached botocore-1.42.16-py3-none-any.whl (14.6 MB)
deploy	Install Lambda Dependencies	2025-12-25T16:34:27.4651544Z Using cached python_dateutil-2.9.0.post0-py2.py3-none-any.whl (229 kB)
deploy	Install Lambda Dependencies	2025-12-25T16:34:27.4668754Z Using cached jmespath-1.0.1-py3-none-any.whl (20 kB)
deploy	Install Lambda Dependencies	2025-12-25T16:34:27.4684860Z Using cached s3transfer-0.16.0-py3-none-any.whl (86 kB)
deploy	Install Lambda Dependencies	2025-12-25T16:34:27.4700989Z Using cached urllib3-1.26.20-py2.py3-none-any.whl (144 kB)
deploy	Install Lambda Dependencies	2025-12-25T16:34:27.4717188Z Using cached six-1.17.0-py2.py3-none-any.whl (11 kB)
deploy	Install Lambda Dependencies	2025-12-25T16:34:27.5379307Z Installing collected packages: urllib3, six, jmespath, python-dateutil, botocore, s3transfer, boto3
deploy	Install Lambda Dependencies	2025-12-25T16:34:28.1298968Z 
deploy	Install Lambda Dependencies	2025-12-25T16:34:28.1317900Z Successfully installed boto3-1.42.16 botocore-1.42.16 jmespath-1.0.1 python-dateutil-2.9.0.post0 s3transfer-0.16.0 six-1.17.0 urllib3-1.26.20
deploy	Install Lambda Dependencies	2025-12-25T16:34:28.2108054Z Installing dependencies for ./booking/requirements.txt
deploy	Install Lambda Dependencies	2025-12-25T16:34:28.8803680Z Collecting boto3>=1.34.0 (from -r ./booking/requirements.txt (line 1))
deploy	Install Lambda Dependencies	2025-12-25T16:34:28.8820474Z   Using cached boto3-1.42.16-py3-none-any.whl.metadata (6.8 kB)
deploy	Install Lambda Dependencies	2025-12-25T16:34:29.2763631Z Collecting botocore>=1.34.0 (from -r ./booking/requirements.txt (line 2))
deploy	Install Lambda Dependencies	2025-12-25T16:34:29.2782161Z   Using cached botocore-1.42.16-py3-none-any.whl.metadata (5.9 kB)
deploy	Install Lambda Dependencies	2025-12-25T16:34:29.2980489Z Collecting python-dateutil>=2.8.2 (from -r ./booking/requirements.txt (line 3))
deploy	Install Lambda Dependencies	2025-12-25T16:34:29.2997948Z   Using cached python_dateutil-2.9.0.post0-py2.py3-none-any.whl.metadata (8.4 kB)
deploy	Install Lambda Dependencies	2025-12-25T16:34:29.4893395Z Collecting jmespath<2.0.0,>=0.7.1 (from boto3>=1.34.0->-r ./booking/requirements.txt (line 1))
deploy	Install Lambda Dependencies	2025-12-25T16:34:29.4918164Z   Using cached jmespath-1.0.1-py3-none-any.whl.metadata (7.6 kB)
deploy	Install Lambda Dependencies	2025-12-25T16:34:29.5138925Z Collecting s3transfer<0.17.0,>=0.16.0 (from boto3>=1.34.0->-r ./booking/requirements.txt (line 1))
deploy	Install Lambda Dependencies	2025-12-25T16:34:29.5154941Z   Using cached s3transfer-0.16.0-py3-none-any.whl.metadata (1.7 kB)
deploy	Install Lambda Dependencies	2025-12-25T16:34:29.5515632Z Collecting urllib3<1.27,>=1.25.4 (from botocore>=1.34.0->-r ./booking/requirements.txt (line 2))
deploy	Install Lambda Dependencies	2025-12-25T16:34:29.5532187Z   Using cached urllib3-1.26.20-py2.py3-none-any.whl.metadata (50 kB)
deploy	Install Lambda Dependencies	2025-12-25T16:34:29.5779364Z Collecting six>=1.5 (from python-dateutil>=2.8.2->-r ./booking/requirements.txt (line 3))
deploy	Install Lambda Dependencies	2025-12-25T16:34:29.5795376Z   Using cached six-1.17.0-py2.py3-none-any.whl.metadata (1.7 kB)
deploy	Install Lambda Dependencies	2025-12-25T16:34:29.6912596Z Using cached boto3-1.42.16-py3-none-any.whl (140 kB)
deploy	Install Lambda Dependencies	2025-12-25T16:34:29.6927885Z Using cached botocore-1.42.16-py3-none-any.whl (14.6 MB)
deploy	Install Lambda Dependencies	2025-12-25T16:34:29.7019930Z Using cached python_dateutil-2.9.0.post0-py2.py3-none-any.whl (229 kB)
deploy	Install Lambda Dependencies	2025-12-25T16:34:29.7037543Z Using cached jmespath-1.0.1-py3-none-any.whl (20 kB)
deploy	Install Lambda Dependencies	2025-12-25T16:34:29.7053832Z Using cached s3transfer-0.16.0-py3-none-any.whl (86 kB)
deploy	Install Lambda Dependencies	2025-12-25T16:34:29.7070397Z Using cached urllib3-1.26.20-py2.py3-none-any.whl (144 kB)
deploy	Install Lambda Dependencies	2025-12-25T16:34:29.7088474Z Using cached six-1.17.0-py2.py3-none-any.whl (11 kB)
deploy	Install Lambda Dependencies	2025-12-25T16:34:29.7744686Z Installing collected packages: urllib3, six, jmespath, python-dateutil, botocore, s3transfer, boto3
deploy	Install Lambda Dependencies	2025-12-25T16:34:30.3633938Z 
deploy	Install Lambda Dependencies	2025-12-25T16:34:30.3652908Z Successfully installed boto3-1.42.16 botocore-1.42.16 jmespath-1.0.1 python-dateutil-2.9.0.post0 s3transfer-0.16.0 six-1.17.0 urllib3-1.26.20
deploy	Install Lambda Dependencies	2025-12-25T16:34:30.4440630Z Installing dependencies for ./catalog/requirements.txt
deploy	Install Lambda Dependencies	2025-12-25T16:34:31.1176290Z Collecting boto3>=1.34.0 (from -r ./catalog/requirements.txt (line 1))
deploy	Install Lambda Dependencies	2025-12-25T16:34:31.1193473Z   Using cached boto3-1.42.16-py3-none-any.whl.metadata (6.8 kB)
deploy	Install Lambda Dependencies	2025-12-25T16:34:31.1390471Z Collecting python-dateutil>=2.8.2 (from -r ./catalog/requirements.txt (line 2))
deploy	Install Lambda Dependencies	2025-12-25T16:34:31.1406124Z   Using cached python_dateutil-2.9.0.post0-py2.py3-none-any.whl.metadata (8.4 kB)
deploy	Install Lambda Dependencies	2025-12-25T16:34:31.5353238Z Collecting botocore>=1.34.0 (from -r ./catalog/requirements.txt (line 3))
deploy	Install Lambda Dependencies	2025-12-25T16:34:31.5371458Z   Using cached botocore-1.42.16-py3-none-any.whl.metadata (5.9 kB)
deploy	Install Lambda Dependencies	2025-12-25T16:34:31.6651714Z Collecting jmespath<2.0.0,>=0.7.1 (from boto3>=1.34.0->-r ./catalog/requirements.txt (line 1))
deploy	Install Lambda Dependencies	2025-12-25T16:34:31.6670075Z   Using cached jmespath-1.0.1-py3-none-any.whl.metadata (7.6 kB)
deploy	Install Lambda Dependencies	2025-12-25T16:34:31.6899233Z Collecting s3transfer<0.17.0,>=0.16.0 (from boto3>=1.34.0->-r ./catalog/requirements.txt (line 1))
deploy	Install Lambda Dependencies	2025-12-25T16:34:31.6916773Z   Using cached s3transfer-0.16.0-py3-none-any.whl.metadata (1.7 kB)
deploy	Install Lambda Dependencies	2025-12-25T16:34:31.7285248Z Collecting urllib3<1.27,>=1.25.4 (from botocore>=1.34.0->-r ./catalog/requirements.txt (line 3))
deploy	Install Lambda Dependencies	2025-12-25T16:34:31.7300796Z   Using cached urllib3-1.26.20-py2.py3-none-any.whl.metadata (50 kB)
deploy	Install Lambda Dependencies	2025-12-25T16:34:31.7543188Z Collecting six>=1.5 (from python-dateutil>=2.8.2->-r ./catalog/requirements.txt (line 2))
deploy	Install Lambda Dependencies	2025-12-25T16:34:31.7560903Z   Using cached six-1.17.0-py2.py3-none-any.whl.metadata (1.7 kB)
deploy	Install Lambda Dependencies	2025-12-25T16:34:31.8686847Z Using cached boto3-1.42.16-py3-none-any.whl (140 kB)
deploy	Install Lambda Dependencies	2025-12-25T16:34:31.8704550Z Using cached botocore-1.42.16-py3-none-any.whl (14.6 MB)
deploy	Install Lambda Dependencies	2025-12-25T16:34:31.8794557Z Using cached python_dateutil-2.9.0.post0-py2.py3-none-any.whl (229 kB)
deploy	Install Lambda Dependencies	2025-12-25T16:34:31.8811617Z Using cached jmespath-1.0.1-py3-none-any.whl (20 kB)
deploy	Install Lambda Dependencies	2025-12-25T16:34:31.8827761Z Using cached s3transfer-0.16.0-py3-none-any.whl (86 kB)
deploy	Install Lambda Dependencies	2025-12-25T16:34:31.8843970Z Using cached urllib3-1.26.20-py2.py3-none-any.whl (144 kB)
deploy	Install Lambda Dependencies	2025-12-25T16:34:31.8860309Z Using cached six-1.17.0-py2.py3-none-any.whl (11 kB)
deploy	Install Lambda Dependencies	2025-12-25T16:34:31.9524546Z Installing collected packages: urllib3, six, jmespath, python-dateutil, botocore, s3transfer, boto3
deploy	Install Lambda Dependencies	2025-12-25T16:34:32.5390397Z 
deploy	Install Lambda Dependencies	2025-12-25T16:34:32.5410720Z Successfully installed boto3-1.42.16 botocore-1.42.16 jmespath-1.0.1 python-dateutil-2.9.0.post0 s3transfer-0.16.0 six-1.17.0 urllib3-1.26.20
deploy	Configure AWS credentials	ï»¿2025-12-25T16:34:32.6236705Z ##[group]Run aws-actions/configure-aws-credentials@v4
deploy	Configure AWS credentials	2025-12-25T16:34:32.6236997Z with:
deploy	Configure AWS credentials	2025-12-25T16:34:32.6237253Z   role-to-assume: arn:aws:iam::607250385528:role/OICD_GITHUB_ACTION_DEPLOY
deploy	Configure AWS credentials	2025-12-25T16:34:32.6237559Z   aws-region: us-east-1
deploy	Configure AWS credentials	2025-12-25T16:34:32.6237768Z   audience: sts.amazonaws.com
deploy	Configure AWS credentials	2025-12-25T16:34:32.6237986Z   output-env-credentials: true
deploy	Configure AWS credentials	2025-12-25T16:34:32.6238192Z env:
deploy	Configure AWS credentials	2025-12-25T16:34:32.6238402Z   pythonLocation: /opt/hostedtoolcache/Python/3.9.25/x64
deploy	Configure AWS credentials	2025-12-25T16:34:32.6238769Z   PKG_CONFIG_PATH: /opt/hostedtoolcache/Python/3.9.25/x64/lib/pkgconfig
deploy	Configure AWS credentials	2025-12-25T16:34:32.6239125Z   Python_ROOT_DIR: /opt/hostedtoolcache/Python/3.9.25/x64
deploy	Configure AWS credentials	2025-12-25T16:34:32.6239455Z   Python2_ROOT_DIR: /opt/hostedtoolcache/Python/3.9.25/x64
deploy	Configure AWS credentials	2025-12-25T16:34:32.6239773Z   Python3_ROOT_DIR: /opt/hostedtoolcache/Python/3.9.25/x64
deploy	Configure AWS credentials	2025-12-25T16:34:32.6240087Z   LD_LIBRARY_PATH: /opt/hostedtoolcache/Python/3.9.25/x64/lib
deploy	Configure AWS credentials	2025-12-25T16:34:32.6240358Z ##[endgroup]
deploy	Configure AWS credentials	2025-12-25T16:34:32.9758409Z Assuming role with OIDC
deploy	Configure AWS credentials	2025-12-25T16:34:33.2686789Z Authenticated as assumedRoleId AROAY2YXRRJ4FJCZEMYSV:GitHubActions
deploy	Install CDK dependencies	ï»¿2025-12-25T16:34:33.3466588Z ##[group]Run npm ci
deploy	Install CDK dependencies	2025-12-25T16:34:33.3466850Z [36;1mnpm ci[0m
deploy	Install CDK dependencies	2025-12-25T16:34:33.3486763Z shell: /usr/bin/bash -e {0}
deploy	Install CDK dependencies	2025-12-25T16:34:33.3487037Z env:
deploy	Install CDK dependencies	2025-12-25T16:34:33.3487288Z   pythonLocation: /opt/hostedtoolcache/Python/3.9.25/x64
deploy	Install CDK dependencies	2025-12-25T16:34:33.3487692Z   PKG_CONFIG_PATH: /opt/hostedtoolcache/Python/3.9.25/x64/lib/pkgconfig
deploy	Install CDK dependencies	2025-12-25T16:34:33.3488071Z   Python_ROOT_DIR: /opt/hostedtoolcache/Python/3.9.25/x64
deploy	Install CDK dependencies	2025-12-25T16:34:33.3488431Z   Python2_ROOT_DIR: /opt/hostedtoolcache/Python/3.9.25/x64
deploy	Install CDK dependencies	2025-12-25T16:34:33.3488899Z   Python3_ROOT_DIR: /opt/hostedtoolcache/Python/3.9.25/x64
deploy	Install CDK dependencies	2025-12-25T16:34:33.3489245Z   LD_LIBRARY_PATH: /opt/hostedtoolcache/Python/3.9.25/x64/lib
deploy	Install CDK dependencies	2025-12-25T16:34:33.3489541Z   AWS_DEFAULT_REGION: us-east-1
deploy	Install CDK dependencies	2025-12-25T16:34:33.3489772Z   AWS_REGION: us-east-1
deploy	Install CDK dependencies	2025-12-25T16:34:33.3490354Z   AWS_ACCESS_KEY_ID: ***
deploy	Install CDK dependencies	2025-12-25T16:34:33.3490675Z   AWS_SECRET_ACCESS_KEY: ***
deploy	Install CDK dependencies	2025-12-25T16:34:33.3495562Z   AWS_SESSION_TOKEN: ***
deploy	Install CDK dependencies	2025-12-25T16:34:33.3495777Z ##[endgroup]
deploy	Install CDK dependencies	2025-12-25T16:34:38.3041287Z 
deploy	Install CDK dependencies	2025-12-25T16:34:38.3042072Z added 26 packages, and audited 63 packages in 5s
deploy	Install CDK dependencies	2025-12-25T16:34:38.3042749Z 
deploy	Install CDK dependencies	2025-12-25T16:34:38.3043001Z 4 packages are looking for funding
deploy	Install CDK dependencies	2025-12-25T16:34:38.3043464Z   run `npm fund` for details
deploy	Install CDK dependencies	2025-12-25T16:34:38.3051349Z 
deploy	Install CDK dependencies	2025-12-25T16:34:38.3051773Z found 0 vulnerabilities
deploy	Sanitize Environment Name	ï»¿2025-12-25T16:34:38.3253812Z ##[group]Run # Get branch name (head_ref for PRs, ref_name for dispatch)
deploy	Sanitize Environment Name	2025-12-25T16:34:38.3254281Z [36;1m# Get branch name (head_ref for PRs, ref_name for dispatch)[0m
deploy	Sanitize Environment Name	2025-12-25T16:34:38.3254610Z [36;1mRAW_BRANCH=dev[0m
deploy	Sanitize Environment Name	2025-12-25T16:34:38.3254839Z [36;1m# Replace slashes with hyphens[0m
deploy	Sanitize Environment Name	2025-12-25T16:34:38.3255105Z [36;1mSANITIZED_BRANCH=${RAW_BRANCH//\//-}[0m
deploy	Sanitize Environment Name	2025-12-25T16:34:38.3255413Z [36;1mecho "ENV_NAME=${SANITIZED_BRANCH}" >> $GITHUB_ENV[0m
deploy	Sanitize Environment Name	2025-12-25T16:34:38.3274687Z shell: /usr/bin/bash -e {0}
deploy	Sanitize Environment Name	2025-12-25T16:34:38.3274944Z env:
deploy	Sanitize Environment Name	2025-12-25T16:34:38.3275197Z   pythonLocation: /opt/hostedtoolcache/Python/3.9.25/x64
deploy	Sanitize Environment Name	2025-12-25T16:34:38.3275598Z   PKG_CONFIG_PATH: /opt/hostedtoolcache/Python/3.9.25/x64/lib/pkgconfig
deploy	Sanitize Environment Name	2025-12-25T16:34:38.3275975Z   Python_ROOT_DIR: /opt/hostedtoolcache/Python/3.9.25/x64
deploy	Sanitize Environment Name	2025-12-25T16:34:38.3276316Z   Python2_ROOT_DIR: /opt/hostedtoolcache/Python/3.9.25/x64
deploy	Sanitize Environment Name	2025-12-25T16:34:38.3276652Z   Python3_ROOT_DIR: /opt/hostedtoolcache/Python/3.9.25/x64
deploy	Sanitize Environment Name	2025-12-25T16:34:38.3277028Z   LD_LIBRARY_PATH: /opt/hostedtoolcache/Python/3.9.25/x64/lib
deploy	Sanitize Environment Name	2025-12-25T16:34:38.3277332Z   AWS_DEFAULT_REGION: us-east-1
deploy	Sanitize Environment Name	2025-12-25T16:34:38.3277570Z   AWS_REGION: us-east-1
deploy	Sanitize Environment Name	2025-12-25T16:34:38.3277888Z   AWS_ACCESS_KEY_ID: ***
deploy	Sanitize Environment Name	2025-12-25T16:34:38.3278197Z   AWS_SECRET_ACCESS_KEY: ***
deploy	Sanitize Environment Name	2025-12-25T16:34:38.3283157Z   AWS_SESSION_TOKEN: ***
deploy	Sanitize Environment Name	2025-12-25T16:34:38.3283372Z ##[endgroup]
deploy	Deploy with CDK	ï»¿2025-12-25T16:34:38.3428760Z ##[group]Run npx cdk deploy --all --require-approval never
deploy	Deploy with CDK	2025-12-25T16:34:38.3429144Z [36;1mnpx cdk deploy --all --require-approval never[0m
deploy	Deploy with CDK	2025-12-25T16:34:38.3447616Z shell: /usr/bin/bash -e {0}
deploy	Deploy with CDK	2025-12-25T16:34:38.3447873Z env:
deploy	Deploy with CDK	2025-12-25T16:34:38.3448129Z   pythonLocation: /opt/hostedtoolcache/Python/3.9.25/x64
deploy	Deploy with CDK	2025-12-25T16:34:38.3448524Z   PKG_CONFIG_PATH: /opt/hostedtoolcache/Python/3.9.25/x64/lib/pkgconfig
deploy	Deploy with CDK	2025-12-25T16:34:38.3448900Z   Python_ROOT_DIR: /opt/hostedtoolcache/Python/3.9.25/x64
deploy	Deploy with CDK	2025-12-25T16:34:38.3449238Z   Python2_ROOT_DIR: /opt/hostedtoolcache/Python/3.9.25/x64
deploy	Deploy with CDK	2025-12-25T16:34:38.3449565Z   Python3_ROOT_DIR: /opt/hostedtoolcache/Python/3.9.25/x64
deploy	Deploy with CDK	2025-12-25T16:34:38.3449903Z   LD_LIBRARY_PATH: /opt/hostedtoolcache/Python/3.9.25/x64/lib
deploy	Deploy with CDK	2025-12-25T16:34:38.3450214Z   AWS_DEFAULT_REGION: us-east-1
deploy	Deploy with CDK	2025-12-25T16:34:38.3450445Z   AWS_REGION: us-east-1
deploy	Deploy with CDK	2025-12-25T16:34:38.3450742Z   AWS_ACCESS_KEY_ID: ***
deploy	Deploy with CDK	2025-12-25T16:34:38.3451049Z   AWS_SECRET_ACCESS_KEY: ***
deploy	Deploy with CDK	2025-12-25T16:34:38.3455915Z   AWS_SESSION_TOKEN: ***
deploy	Deploy with CDK	2025-12-25T16:34:38.3456124Z   ENV_NAME: dev
deploy	Deploy with CDK	2025-12-25T16:34:38.3456303Z   ENV: dev
deploy	Deploy with CDK	2025-12-25T16:34:38.3456473Z ##[endgroup]
deploy	Deploy with CDK	2025-12-25T16:34:44.3682601Z [WARNING] aws-cdk-lib.aws_dynamodb.TableOptions#pointInTimeRecovery is deprecated.
deploy	Deploy with CDK	2025-12-25T16:34:44.3683551Z   use `pointInTimeRecoverySpecification` instead
deploy	Deploy with CDK	2025-12-25T16:34:44.3684197Z   This API will be removed in the next major release.
deploy	Deploy with CDK	2025-12-25T16:34:44.4474903Z [WARNING] aws-cdk-lib.aws_dynamodb.TableOptions#pointInTimeRecovery is deprecated.
deploy	Deploy with CDK	2025-12-25T16:34:44.4475787Z   use `pointInTimeRecoverySpecification` instead
deploy	Deploy with CDK	2025-12-25T16:34:44.4476420Z   This API will be removed in the next major release.
deploy	Deploy with CDK	2025-12-25T16:34:44.4482764Z [WARNING] aws-cdk-lib.aws_dynamodb.TableOptions#pointInTimeRecovery is deprecated.
deploy	Deploy with CDK	2025-12-25T16:34:44.4483990Z   use `pointInTimeRecoverySpecification` instead
deploy	Deploy with CDK	2025-12-25T16:34:44.4484619Z   This API will be removed in the next major release.
deploy	Deploy with CDK	2025-12-25T16:34:44.4491539Z [WARNING] aws-cdk-lib.aws_dynamodb.TableOptions#pointInTimeRecovery is deprecated.
deploy	Deploy with CDK	2025-12-25T16:34:44.4492582Z   use `pointInTimeRecoverySpecification` instead
deploy	Deploy with CDK	2025-12-25T16:34:44.4493215Z   This API will be removed in the next major release.
deploy	Deploy with CDK	2025-12-25T16:34:44.4497654Z [WARNING] aws-cdk-lib.aws_dynamodb.TableOptions#pointInTimeRecovery is deprecated.
deploy	Deploy with CDK	2025-12-25T16:34:44.4498501Z   use `pointInTimeRecoverySpecification` instead
deploy	Deploy with CDK	2025-12-25T16:34:44.4499130Z   This API will be removed in the next major release.
deploy	Deploy with CDK	2025-12-25T16:34:44.4503518Z [WARNING] aws-cdk-lib.aws_dynamodb.TableOptions#pointInTimeRecovery is deprecated.
deploy	Deploy with CDK	2025-12-25T16:34:44.4504334Z   use `pointInTimeRecoverySpecification` instead
deploy	Deploy with CDK	2025-12-25T16:34:44.4504939Z   This API will be removed in the next major release.
deploy	Deploy with CDK	2025-12-25T16:34:44.4509375Z [WARNING] aws-cdk-lib.aws_dynamodb.TableOptions#pointInTimeRecovery is deprecated.
deploy	Deploy with CDK	2025-12-25T16:34:44.4510214Z   use `pointInTimeRecoverySpecification` instead
deploy	Deploy with CDK	2025-12-25T16:34:44.4510853Z   This API will be removed in the next major release.
deploy	Deploy with CDK	2025-12-25T16:34:44.4514862Z [WARNING] aws-cdk-lib.aws_dynamodb.TableOptions#pointInTimeRecovery is deprecated.
deploy	Deploy with CDK	2025-12-25T16:34:44.4515682Z   use `pointInTimeRecoverySpecification` instead
deploy	Deploy with CDK	2025-12-25T16:34:44.4516296Z   This API will be removed in the next major release.
deploy	Deploy with CDK	2025-12-25T16:34:44.4519963Z [WARNING] aws-cdk-lib.aws_dynamodb.TableOptions#pointInTimeRecovery is deprecated.
deploy	Deploy with CDK	2025-12-25T16:34:44.4520782Z   use `pointInTimeRecoverySpecification` instead
deploy	Deploy with CDK	2025-12-25T16:34:44.4521400Z   This API will be removed in the next major release.
deploy	Deploy with CDK	2025-12-25T16:34:44.4527517Z [WARNING] aws-cdk-lib.aws_dynamodb.TableOptions#pointInTimeRecovery is deprecated.
deploy	Deploy with CDK	2025-12-25T16:34:44.4528361Z   use `pointInTimeRecoverySpecification` instead
deploy	Deploy with CDK	2025-12-25T16:34:44.4529029Z   This API will be removed in the next major release.
deploy	Deploy with CDK	2025-12-25T16:34:44.4534011Z [WARNING] aws-cdk-lib.aws_dynamodb.TableOptions#pointInTimeRecovery is deprecated.
deploy	Deploy with CDK	2025-12-25T16:34:44.4534854Z   use `pointInTimeRecoverySpecification` instead
deploy	Deploy with CDK	2025-12-25T16:34:44.4535875Z   This API will be removed in the next major release.
deploy	Deploy with CDK	2025-12-25T16:34:44.4539906Z [WARNING] aws-cdk-lib.aws_dynamodb.TableOptions#pointInTimeRecovery is deprecated.
deploy	Deploy with CDK	2025-12-25T16:34:44.4540726Z   use `pointInTimeRecoverySpecification` instead
deploy	Deploy with CDK	2025-12-25T16:34:44.4541351Z   This API will be removed in the next major release.
deploy	Deploy with CDK	2025-12-25T16:34:44.4596958Z [WARNING] aws-cdk-lib.aws_cognito.UserPoolProps#advancedSecurityMode is deprecated.
deploy	Deploy with CDK	2025-12-25T16:34:44.4598481Z   Advanced Security Mode is deprecated due to user pool feature plans. Use StandardThreatProtectionMode and CustomThreatProtectionMode to set Thread Protection level.
deploy	Deploy with CDK	2025-12-25T16:34:44.4599663Z   This API will be removed in the next major release.
deploy	Deploy with CDK	2025-12-25T16:34:44.4600530Z [WARNING] aws-cdk-lib.aws_cognito.AdvancedSecurityMode is deprecated.
deploy	Deploy with CDK	2025-12-25T16:34:44.4602013Z   Advanced Security Mode is deprecated due to user pool feature plans. Use StandardThreatProtectionMode and CustomThreatProtectionMode to set Thread Protection level.
deploy	Deploy with CDK	2025-12-25T16:34:44.4603451Z   This API will be removed in the next major release.
deploy	Deploy with CDK	2025-12-25T16:34:44.4604268Z [WARNING] aws-cdk-lib.aws_cognito.AdvancedSecurityMode#ENFORCED is deprecated.
deploy	Deploy with CDK	2025-12-25T16:34:44.4604850Z   
deploy	Deploy with CDK	2025-12-25T16:34:44.4605269Z   This API will be removed in the next major release.
deploy	Deploy with CDK	2025-12-25T16:34:44.5725099Z [WARNING] aws-cdk-lib.aws_lambda.FunctionOptions#logRetention is deprecated.
deploy	Deploy with CDK	2025-12-25T16:34:44.5726297Z   use `logGroup` instead
deploy	Deploy with CDK	2025-12-25T16:34:44.5727002Z   This API will be removed in the next major release.
deploy	Deploy with CDK	2025-12-25T16:34:44.9816651Z [WARNING] aws-cdk-lib.aws_lambda.FunctionOptions#logRetention is deprecated.
deploy	Deploy with CDK	2025-12-25T16:34:44.9817187Z   use `logGroup` instead
deploy	Deploy with CDK	2025-12-25T16:34:44.9817779Z   This API will be removed in the next major release.
deploy	Deploy with CDK	2025-12-25T16:34:45.2932017Z [WARNING] aws-cdk-lib.aws_lambda.FunctionOptions#logRetention is deprecated.
deploy	Deploy with CDK	2025-12-25T16:34:45.2932736Z   use `logGroup` instead
deploy	Deploy with CDK	2025-12-25T16:34:45.2933105Z   This API will be removed in the next major release.
deploy	Deploy with CDK	2025-12-25T16:34:45.7533085Z [WARNING] aws-cdk-lib.aws_lambda.FunctionOptions#logRetention is deprecated.
deploy	Deploy with CDK	2025-12-25T16:34:45.7533875Z   use `logGroup` instead
deploy	Deploy with CDK	2025-12-25T16:34:45.7534365Z   This API will be removed in the next major release.
deploy	Deploy with CDK	2025-12-25T16:34:46.0677846Z [WARNING] aws-cdk-lib.aws_lambda.FunctionOptions#logRetention is deprecated.
deploy	Deploy with CDK	2025-12-25T16:34:46.0678577Z   use `logGroup` instead
deploy	Deploy with CDK	2025-12-25T16:34:46.0679109Z   This API will be removed in the next major release.
deploy	Deploy with CDK	2025-12-25T16:34:46.6143607Z [WARNING] aws-cdk-lib.aws_lambda.FunctionOptions#logRetention is deprecated.
deploy	Deploy with CDK	2025-12-25T16:34:46.6144218Z   use `logGroup` instead
deploy	Deploy with CDK	2025-12-25T16:34:46.6144535Z   This API will be removed in the next major release.
deploy	Deploy with CDK	2025-12-25T16:34:46.6164915Z [WARNING] aws-cdk-lib.aws_lambda.FunctionOptions#logRetention is deprecated.
deploy	Deploy with CDK	2025-12-25T16:34:46.6165447Z   use `logGroup` instead
deploy	Deploy with CDK	2025-12-25T16:34:46.6165758Z   This API will be removed in the next major release.
deploy	Deploy with CDK	2025-12-25T16:34:46.6184056Z [WARNING] aws-cdk-lib.aws_lambda.FunctionOptions#logRetention is deprecated.
deploy	Deploy with CDK	2025-12-25T16:34:46.6184603Z   use `logGroup` instead
deploy	Deploy with CDK	2025-12-25T16:34:46.6184919Z   This API will be removed in the next major release.
deploy	Deploy with CDK	2025-12-25T16:34:46.6205926Z [WARNING] aws-cdk-lib.aws_lambda.FunctionOptions#logRetention is deprecated.
deploy	Deploy with CDK	2025-12-25T16:34:46.6206659Z   use `logGroup` instead
deploy	Deploy with CDK	2025-12-25T16:34:46.6207200Z   This API will be removed in the next major release.
deploy	Deploy with CDK	2025-12-25T16:34:46.6226794Z [WARNING] aws-cdk-lib.aws_lambda.FunctionOptions#logRetention is deprecated.
deploy	Deploy with CDK	2025-12-25T16:34:46.6227330Z   use `logGroup` instead
deploy	Deploy with CDK	2025-12-25T16:34:46.6227652Z   This API will be removed in the next major release.
deploy	Deploy with CDK	2025-12-25T16:34:46.6247327Z [WARNING] aws-cdk-lib.aws_lambda.FunctionOptions#logRetention is deprecated.
deploy	Deploy with CDK	2025-12-25T16:34:46.6247932Z   use `logGroup` instead
deploy	Deploy with CDK	2025-12-25T16:34:46.6248416Z   This API will be removed in the next major release.
deploy	Deploy with CDK	2025-12-25T16:34:46.6319797Z [WARNING] aws-cdk-lib.aws_lambda.FunctionOptions#logRetention is deprecated.
deploy	Deploy with CDK	2025-12-25T16:34:46.6320943Z   use `logGroup` instead
deploy	Deploy with CDK	2025-12-25T16:34:46.6321364Z   This API will be removed in the next major release.
deploy	Deploy with CDK	2025-12-25T16:34:46.6391376Z [WARNING] aws-cdk-lib.aws_lambda.FunctionOptions#logRetention is deprecated.
deploy	Deploy with CDK	2025-12-25T16:34:46.6392093Z   use `logGroup` instead
deploy	Deploy with CDK	2025-12-25T16:34:46.6392721Z   This API will be removed in the next major release.
deploy	Deploy with CDK	2025-12-25T16:34:46.6588215Z [WARNING] aws-cdk-lib.aws_appsync.GraphqlApiProps#schema is deprecated.
deploy	Deploy with CDK	2025-12-25T16:34:46.6588898Z   use Definition.schema instead
deploy	Deploy with CDK	2025-12-25T16:34:46.6589287Z   This API will be removed in the next major release.
deploy	Deploy with CDK	2025-12-25T16:34:47.3619404Z current credentials could not be used to assume 'arn:aws:iam::607250385528:role/cdk-hnb659fds-lookup-role-607250385528-us-east-1', but are for the right account. Proceeding anyway.
deploy	Deploy with CDK	2025-12-25T16:34:52.2422664Z [WARNING] aws-cdk-lib.aws_dynamodb.TableOptions#pointInTimeRecovery is deprecated.
deploy	Deploy with CDK	2025-12-25T16:34:52.2423293Z   use `pointInTimeRecoverySpecification` instead
deploy	Deploy with CDK	2025-12-25T16:34:52.2423752Z   This API will be removed in the next major release.
deploy	Deploy with CDK	2025-12-25T16:34:52.3244302Z [WARNING] aws-cdk-lib.aws_dynamodb.TableOptions#pointInTimeRecovery is deprecated.
deploy	Deploy with CDK	2025-12-25T16:34:52.3245363Z   use `pointInTimeRecoverySpecification` instead
deploy	Deploy with CDK	2025-12-25T16:34:52.3245986Z   This API will be removed in the next major release.
deploy	Deploy with CDK	2025-12-25T16:34:52.3251914Z [WARNING] aws-cdk-lib.aws_dynamodb.TableOptions#pointInTimeRecovery is deprecated.
deploy	Deploy with CDK	2025-12-25T16:34:52.3252857Z   use `pointInTimeRecoverySpecification` instead
deploy	Deploy with CDK	2025-12-25T16:34:52.3253604Z   This API will be removed in the next major release.
deploy	Deploy with CDK	2025-12-25T16:34:52.3259932Z [WARNING] aws-cdk-lib.aws_dynamodb.TableOptions#pointInTimeRecovery is deprecated.
deploy	Deploy with CDK	2025-12-25T16:34:52.3260836Z   use `pointInTimeRecoverySpecification` instead
deploy	Deploy with CDK	2025-12-25T16:34:52.3261264Z   This API will be removed in the next major release.
deploy	Deploy with CDK	2025-12-25T16:34:52.3265162Z [WARNING] aws-cdk-lib.aws_dynamodb.TableOptions#pointInTimeRecovery is deprecated.
deploy	Deploy with CDK	2025-12-25T16:34:52.3265790Z   use `pointInTimeRecoverySpecification` instead
deploy	Deploy with CDK	2025-12-25T16:34:52.3266198Z   This API will be removed in the next major release.
deploy	Deploy with CDK	2025-12-25T16:34:52.3269849Z [WARNING] aws-cdk-lib.aws_dynamodb.TableOptions#pointInTimeRecovery is deprecated.
deploy	Deploy with CDK	2025-12-25T16:34:52.3270467Z   use `pointInTimeRecoverySpecification` instead
deploy	Deploy with CDK	2025-12-25T16:34:52.3270872Z   This API will be removed in the next major release.
deploy	Deploy with CDK	2025-12-25T16:34:52.3274801Z [WARNING] aws-cdk-lib.aws_dynamodb.TableOptions#pointInTimeRecovery is deprecated.
deploy	Deploy with CDK	2025-12-25T16:34:52.3275425Z   use `pointInTimeRecoverySpecification` instead
deploy	Deploy with CDK	2025-12-25T16:34:52.3275758Z   This API will be removed in the next major release.
deploy	Deploy with CDK	2025-12-25T16:34:52.3280541Z [WARNING] aws-cdk-lib.aws_dynamodb.TableOptions#pointInTimeRecovery is deprecated.
deploy	Deploy with CDK	2025-12-25T16:34:52.3281025Z   use `pointInTimeRecoverySpecification` instead
deploy	Deploy with CDK	2025-12-25T16:34:52.3281359Z   This API will be removed in the next major release.
deploy	Deploy with CDK	2025-12-25T16:34:52.3284919Z [WARNING] aws-cdk-lib.aws_dynamodb.TableOptions#pointInTimeRecovery is deprecated.
deploy	Deploy with CDK	2025-12-25T16:34:52.3285435Z   use `pointInTimeRecoverySpecification` instead
deploy	Deploy with CDK	2025-12-25T16:34:52.3285764Z   This API will be removed in the next major release.
deploy	Deploy with CDK	2025-12-25T16:34:52.3291228Z [WARNING] aws-cdk-lib.aws_dynamodb.TableOptions#pointInTimeRecovery is deprecated.
deploy	Deploy with CDK	2025-12-25T16:34:52.3292000Z   use `pointInTimeRecoverySpecification` instead
deploy	Deploy with CDK	2025-12-25T16:34:52.3292722Z   This API will be removed in the next major release.
deploy	Deploy with CDK	2025-12-25T16:34:52.3296789Z [WARNING] aws-cdk-lib.aws_dynamodb.TableOptions#pointInTimeRecovery is deprecated.
deploy	Deploy with CDK	2025-12-25T16:34:52.3297298Z   use `pointInTimeRecoverySpecification` instead
deploy	Deploy with CDK	2025-12-25T16:34:52.3297628Z   This API will be removed in the next major release.
deploy	Deploy with CDK	2025-12-25T16:34:52.3301605Z [WARNING] aws-cdk-lib.aws_dynamodb.TableOptions#pointInTimeRecovery is deprecated.
deploy	Deploy with CDK	2025-12-25T16:34:52.3357488Z   use `pointInTimeRecoverySpecification` instead
deploy	Deploy with CDK	2025-12-25T16:34:52.3358412Z   This API will be removed in the next major release.
deploy	Deploy with CDK	2025-12-25T16:34:52.3358979Z [WARNING] aws-cdk-lib.aws_cognito.UserPoolProps#advancedSecurityMode is deprecated.
deploy	Deploy with CDK	2025-12-25T16:34:52.3359962Z   Advanced Security Mode is deprecated due to user pool feature plans. Use StandardThreatProtectionMode and CustomThreatProtectionMode to set Thread Protection level.
deploy	Deploy with CDK	2025-12-25T16:34:52.3360769Z   This API will be removed in the next major release.
deploy	Deploy with CDK	2025-12-25T16:34:52.3361627Z [WARNING] aws-cdk-lib.aws_cognito.AdvancedSecurityMode is deprecated.
deploy	Deploy with CDK	2025-12-25T16:34:52.3363383Z   Advanced Security Mode is deprecated due to user pool feature plans. Use StandardThreatProtectionMode and CustomThreatProtectionMode to set Thread Protection level.
deploy	Deploy with CDK	2025-12-25T16:34:52.3364861Z   This API will be removed in the next major release.
deploy	Deploy with CDK	2025-12-25T16:34:52.3365550Z [WARNING] aws-cdk-lib.aws_cognito.AdvancedSecurityMode#ENFORCED is deprecated.
deploy	Deploy with CDK	2025-12-25T16:34:52.3365971Z   
deploy	Deploy with CDK	2025-12-25T16:34:52.3366261Z   This API will be removed in the next major release.
deploy	Deploy with CDK	2025-12-25T16:34:52.4468462Z [WARNING] aws-cdk-lib.aws_lambda.FunctionOptions#logRetention is deprecated.
deploy	Deploy with CDK	2025-12-25T16:34:52.4469252Z   use `logGroup` instead
deploy	Deploy with CDK	2025-12-25T16:34:52.4469803Z   This API will be removed in the next major release.
deploy	Deploy with CDK	2025-12-25T16:34:52.6520878Z [WARNING] aws-cdk-lib.aws_lambda.FunctionOptions#logRetention is deprecated.
deploy	Deploy with CDK	2025-12-25T16:34:52.6521648Z   use `logGroup` instead
deploy	Deploy with CDK	2025-12-25T16:34:52.6522146Z   This API will be removed in the next major release.
deploy	Deploy with CDK	2025-12-25T16:34:52.7784248Z [WARNING] aws-cdk-lib.aws_lambda.FunctionOptions#logRetention is deprecated.
deploy	Deploy with CDK	2025-12-25T16:34:52.7784773Z   use `logGroup` instead
deploy	Deploy with CDK	2025-12-25T16:34:52.7785127Z   This API will be removed in the next major release.
deploy	Deploy with CDK	2025-12-25T16:34:52.9154747Z [WARNING] aws-cdk-lib.aws_lambda.FunctionOptions#logRetention is deprecated.
deploy	Deploy with CDK	2025-12-25T16:34:52.9155636Z   use `logGroup` instead
deploy	Deploy with CDK	2025-12-25T16:34:52.9156251Z   This API will be removed in the next major release.
deploy	Deploy with CDK	2025-12-25T16:34:53.0339578Z [WARNING] aws-cdk-lib.aws_lambda.FunctionOptions#logRetention is deprecated.
deploy	Deploy with CDK	2025-12-25T16:34:53.0340238Z   use `logGroup` instead
deploy	Deploy with CDK	2025-12-25T16:34:53.0340597Z   This API will be removed in the next major release.
deploy	Deploy with CDK	2025-12-25T16:34:53.1985111Z [WARNING] aws-cdk-lib.aws_lambda.FunctionOptions#logRetention is deprecated.
deploy	Deploy with CDK	2025-12-25T16:34:53.1985834Z   use `logGroup` instead
deploy	Deploy with CDK	2025-12-25T16:34:53.1986333Z   This API will be removed in the next major release.
deploy	Deploy with CDK	2025-12-25T16:34:53.2003956Z [WARNING] aws-cdk-lib.aws_lambda.FunctionOptions#logRetention is deprecated.
deploy	Deploy with CDK	2025-12-25T16:34:53.2004664Z   use `logGroup` instead
deploy	Deploy with CDK	2025-12-25T16:34:53.2005164Z   This API will be removed in the next major release.
deploy	Deploy with CDK	2025-12-25T16:34:53.2021099Z [WARNING] aws-cdk-lib.aws_lambda.FunctionOptions#logRetention is deprecated.
deploy	Deploy with CDK	2025-12-25T16:34:53.2021902Z   use `logGroup` instead
deploy	Deploy with CDK	2025-12-25T16:34:53.2022598Z   This API will be removed in the next major release.
deploy	Deploy with CDK	2025-12-25T16:34:53.2043198Z [WARNING] aws-cdk-lib.aws_lambda.FunctionOptions#logRetention is deprecated.
deploy	Deploy with CDK	2025-12-25T16:34:53.2043938Z   use `logGroup` instead
deploy	Deploy with CDK	2025-12-25T16:34:53.2044458Z   This API will be removed in the next major release.
deploy	Deploy with CDK	2025-12-25T16:34:53.2063048Z [WARNING] aws-cdk-lib.aws_lambda.FunctionOptions#logRetention is deprecated.
deploy	Deploy with CDK	2025-12-25T16:34:53.2063725Z   use `logGroup` instead
deploy	Deploy with CDK	2025-12-25T16:34:53.2064239Z   This API will be removed in the next major release.
deploy	Deploy with CDK	2025-12-25T16:34:53.2081962Z [WARNING] aws-cdk-lib.aws_lambda.FunctionOptions#logRetention is deprecated.
deploy	Deploy with CDK	2025-12-25T16:34:53.2082825Z   use `logGroup` instead
deploy	Deploy with CDK	2025-12-25T16:34:53.2083352Z   This API will be removed in the next major release.
deploy	Deploy with CDK	2025-12-25T16:34:53.2152508Z [WARNING] aws-cdk-lib.aws_lambda.FunctionOptions#logRetention is deprecated.
deploy	Deploy with CDK	2025-12-25T16:34:53.2153222Z   use `logGroup` instead
deploy	Deploy with CDK	2025-12-25T16:34:53.2153722Z   This API will be removed in the next major release.
deploy	Deploy with CDK	2025-12-25T16:34:53.2227502Z [WARNING] aws-cdk-lib.aws_lambda.FunctionOptions#logRetention is deprecated.
deploy	Deploy with CDK	2025-12-25T16:34:53.2228730Z   use `logGroup` instead
deploy	Deploy with CDK	2025-12-25T16:34:53.2229350Z   This API will be removed in the next major release.
deploy	Deploy with CDK	2025-12-25T16:34:53.2403364Z [WARNING] aws-cdk-lib.aws_appsync.GraphqlApiProps#schema is deprecated.
deploy	Deploy with CDK	2025-12-25T16:34:53.2404279Z   use Definition.schema instead
deploy	Deploy with CDK	2025-12-25T16:34:53.2404928Z   This API will be removed in the next major release.
deploy	Deploy with CDK	2025-12-25T16:34:53.6886202Z 
deploy	Deploy with CDK	2025-12-25T16:34:53.6886944Z âœ¨  Synthesis time: 14.28s
deploy	Deploy with CDK	2025-12-25T16:34:53.6887204Z 
deploy	Deploy with CDK	2025-12-25T16:34:54.9036414Z ChatBooking-dev-Database
deploy	Deploy with CDK	2025-12-25T16:34:54.9040764Z ChatBooking-dev-Database: deploying... [1/5]
deploy	Deploy with CDK	2025-12-25T16:34:55.1417788Z current credentials could not be used to assume 'arn:aws:iam::607250385528:role/cdk-hnb659fds-deploy-role-607250385528-us-east-1', but are for the right account. Proceeding anyway.
deploy	Deploy with CDK	2025-12-25T16:34:55.1470250Z current credentials could not be used to assume 'arn:aws:iam::607250385528:role/cdk-hnb659fds-deploy-role-607250385528-us-east-1', but are for the right account. Proceeding anyway.
deploy	Deploy with CDK	2025-12-25T16:34:55.4124772Z ChatBooking-dev-Lambda: start: Building AuthResolverFunction/Code
deploy	Deploy with CDK	2025-12-25T16:34:55.4125790Z ChatBooking-dev-Lambda: success: Built AuthResolverFunction/Code
deploy	Deploy with CDK	2025-12-25T16:34:55.4134603Z ChatBooking-dev-Lambda: start: Building CatalogFunction/Code
deploy	Deploy with CDK	2025-12-25T16:34:55.4135600Z ChatBooking-dev-Lambda: success: Built CatalogFunction/Code
deploy	Deploy with CDK	2025-12-25T16:34:55.4140806Z ChatBooking-dev-Lambda: start: Building AvailabilityFunction/Code
deploy	Deploy with CDK	2025-12-25T16:34:55.4141695Z ChatBooking-dev-Lambda: success: Built AvailabilityFunction/Code
deploy	Deploy with CDK	2025-12-25T16:34:55.4146571Z ChatBooking-dev-Lambda: start: Building BookingFunction/Code
deploy	Deploy with CDK	2025-12-25T16:34:55.4147393Z ChatBooking-dev-Lambda: success: Built BookingFunction/Code
deploy	Deploy with CDK	2025-12-25T16:34:55.4152816Z ChatBooking-dev-Lambda: start: Building ChatAgentFunction/Code
deploy	Deploy with CDK	2025-12-25T16:34:55.4154339Z ChatBooking-dev-Lambda: success: Built ChatAgentFunction/Code
deploy	Deploy with CDK	2025-12-25T16:34:55.4157995Z ChatBooking-dev-Lambda: start: Building ChatBooking-dev-Lambda Template
deploy	Deploy with CDK	2025-12-25T16:34:55.4158968Z ChatBooking-dev-Lambda: success: Built ChatBooking-dev-Lambda Template
deploy	Deploy with CDK	2025-12-25T16:34:55.4162688Z ChatBooking-dev-AppSyncApi: start: Building ChatBooking-dev-AppSyncApi Template
deploy	Deploy with CDK	2025-12-25T16:34:55.4163308Z ChatBooking-dev-AppSyncApi: success: Built ChatBooking-dev-AppSyncApi Template
deploy	Deploy with CDK	2025-12-25T16:34:56.1282876Z 
deploy	Deploy with CDK	2025-12-25T16:34:56.1283770Z  âœ…  ChatBooking-dev-Database (no changes)
deploy	Deploy with CDK	2025-12-25T16:34:56.1284165Z 
deploy	Deploy with CDK	2025-12-25T16:34:56.1284451Z âœ¨  Deployment time: 1.22s
deploy	Deploy with CDK	2025-12-25T16:34:56.1284696Z 
deploy	Deploy with CDK	2025-12-25T16:34:56.1284856Z Outputs:
deploy	Deploy with CDK	2025-12-25T16:34:56.1285487Z ChatBooking-dev-Database.ApiKeysTableName = ChatBooking-ApiKeys
deploy	Deploy with CDK	2025-12-25T16:34:56.1286558Z ChatBooking-dev-Database.AvailabilityTableName = ChatBooking-ProviderAvailability
deploy	Deploy with CDK	2025-12-25T16:34:56.1287638Z ChatBooking-dev-Database.BookingsTableName = ChatBooking-Bookings
deploy	Deploy with CDK	2025-12-25T16:34:56.1288558Z ChatBooking-dev-Database.CategoriesTableName = ChatBooking-Categories
deploy	Deploy with CDK	2025-12-25T16:34:56.1289500Z ChatBooking-dev-Database.ConversationsTableName = ChatBooking-Conversations
deploy	Deploy with CDK	2025-12-25T16:34:56.1290474Z ChatBooking-dev-Database.DocumentsTableName = ChatBooking-Documents
deploy	Deploy with CDK	2025-12-25T16:34:56.1291879Z ChatBooking-dev-Database.ExportsOutputFnGetAttApiKeysTable9F4DC7E7ArnE84F3BB0 = arn:aws:dynamodb:us-east-1:607250385528:table/ChatBooking-ApiKeys
deploy	Deploy with CDK	2025-12-25T16:34:56.1294348Z ChatBooking-dev-Database.ExportsOutputFnGetAttAvailabilityTable497A1E6EArn6251D385 = arn:aws:dynamodb:us-east-1:607250385528:table/ChatBooking-ProviderAvailability
deploy	Deploy with CDK	2025-12-25T16:34:56.1296459Z ChatBooking-dev-Database.ExportsOutputFnGetAttBookingsTableB2628485Arn4FAB36A9 = arn:aws:dynamodb:us-east-1:607250385528:table/ChatBooking-Bookings
deploy	Deploy with CDK	2025-12-25T16:34:56.1298386Z ChatBooking-dev-Database.ExportsOutputFnGetAttCategoriesTable9FFF5A67Arn8D0D486E = arn:aws:dynamodb:us-east-1:607250385528:table/ChatBooking-Categories
deploy	Deploy with CDK	2025-12-25T16:34:56.1300352Z ChatBooking-dev-Database.ExportsOutputFnGetAttConversationsTableCD91EB96Arn4A2B28C6 = arn:aws:dynamodb:us-east-1:607250385528:table/ChatBooking-Conversations
deploy	Deploy with CDK	2025-12-25T16:34:56.1302824Z ChatBooking-dev-Database.ExportsOutputFnGetAttDocumentsTable7E808EE5Arn0820EA25 = arn:aws:dynamodb:us-east-1:607250385528:table/ChatBooking-Documents
deploy	Deploy with CDK	2025-12-25T16:34:56.1304666Z ChatBooking-dev-Database.ExportsOutputFnGetAttFAQsTableB8072970ArnF8F4D35E = arn:aws:dynamodb:us-east-1:607250385528:table/ChatBooking-FAQs
deploy	Deploy with CDK	2025-12-25T16:34:56.1306671Z ChatBooking-dev-Database.ExportsOutputFnGetAttProvidersTable1BBEDB6DArn8763273B = arn:aws:dynamodb:us-east-1:607250385528:table/ChatBooking-Providers
deploy	Deploy with CDK	2025-12-25T16:34:56.1308674Z ChatBooking-dev-Database.ExportsOutputFnGetAttServicesTableF56E8DC5ArnE543C7F6 = arn:aws:dynamodb:us-east-1:607250385528:table/ChatBooking-Services
deploy	Deploy with CDK	2025-12-25T16:34:56.1310632Z ChatBooking-dev-Database.ExportsOutputFnGetAttTenantUsageTableF384CCCAArnA8EBDD0E = arn:aws:dynamodb:us-east-1:607250385528:table/ChatBooking-TenantUsage
deploy	Deploy with CDK	2025-12-25T16:34:56.1312841Z ChatBooking-dev-Database.ExportsOutputFnGetAttTenantsTableB701DC57ArnFFAEC087 = arn:aws:dynamodb:us-east-1:607250385528:table/ChatBooking-Tenants
deploy	Deploy with CDK	2025-12-25T16:34:56.1314933Z ChatBooking-dev-Database.ExportsOutputFnGetAttWorkflowsTable4E215008Arn0D44497B = arn:aws:dynamodb:us-east-1:607250385528:table/ChatBooking-Workflows
deploy	Deploy with CDK	2025-12-25T16:34:56.1316615Z ChatBooking-dev-Database.ExportsOutputRefApiKeysTable9F4DC7E79648F444 = ChatBooking-ApiKeys
deploy	Deploy with CDK	2025-12-25T16:34:56.1317991Z ChatBooking-dev-Database.ExportsOutputRefAvailabilityTable497A1E6E14D99412 = ChatBooking-ProviderAvailability
deploy	Deploy with CDK	2025-12-25T16:34:56.1319489Z ChatBooking-dev-Database.ExportsOutputRefBookingsTableB262848587A36CBD = ChatBooking-Bookings
deploy	Deploy with CDK	2025-12-25T16:34:56.1320965Z ChatBooking-dev-Database.ExportsOutputRefCategoriesTable9FFF5A678A053E38 = ChatBooking-Categories
deploy	Deploy with CDK	2025-12-25T16:34:56.1322962Z ChatBooking-dev-Database.ExportsOutputRefConversationsTableCD91EB96EE2E4585 = ChatBooking-Conversations
deploy	Deploy with CDK	2025-12-25T16:34:56.1324437Z ChatBooking-dev-Database.ExportsOutputRefDocumentsTable7E808EE5AF045745 = ChatBooking-Documents
deploy	Deploy with CDK	2025-12-25T16:34:56.1325774Z ChatBooking-dev-Database.ExportsOutputRefFAQsTableB80729705EF12C8E = ChatBooking-FAQs
deploy	Deploy with CDK	2025-12-25T16:34:56.1327004Z ChatBooking-dev-Database.ExportsOutputRefProvidersTable1BBEDB6D429B9BF2 = ChatBooking-Providers
deploy	Deploy with CDK	2025-12-25T16:34:56.1328288Z ChatBooking-dev-Database.ExportsOutputRefServicesTableF56E8DC54FC0C84D = ChatBooking-Services
deploy	Deploy with CDK	2025-12-25T16:34:56.1329573Z ChatBooking-dev-Database.ExportsOutputRefTenantUsageTableF384CCCA317F1334 = ChatBooking-TenantUsage
deploy	Deploy with CDK	2025-12-25T16:34:56.1331013Z ChatBooking-dev-Database.ExportsOutputRefTenantsTableB701DC57BE8E768B = ChatBooking-Tenants
deploy	Deploy with CDK	2025-12-25T16:34:56.1332660Z ChatBooking-dev-Database.ExportsOutputRefWorkflowsTable4E215008D0FFE690 = ChatBooking-Workflows
deploy	Deploy with CDK	2025-12-25T16:34:56.1333791Z ChatBooking-dev-Database.FAQsTableName = ChatBooking-FAQs
deploy	Deploy with CDK	2025-12-25T16:34:56.1334746Z ChatBooking-dev-Database.ProvidersTableName = ChatBooking-Providers
deploy	Deploy with CDK	2025-12-25T16:34:56.1335661Z ChatBooking-dev-Database.ServicesTableName = ChatBooking-Services
deploy	Deploy with CDK	2025-12-25T16:34:56.1336549Z ChatBooking-dev-Database.TenantUsageTableName = ChatBooking-TenantUsage
deploy	Deploy with CDK	2025-12-25T16:34:56.1337417Z ChatBooking-dev-Database.TenantsTableName = ChatBooking-Tenants
deploy	Deploy with CDK	2025-12-25T16:34:56.1338297Z ChatBooking-dev-Database.WorkflowsTableName = ChatBooking-Workflows
deploy	Deploy with CDK	2025-12-25T16:34:56.1338868Z Stack ARN:
deploy	Deploy with CDK	2025-12-25T16:34:56.1339854Z arn:aws:cloudformation:us-east-1:607250385528:stack/ChatBooking-dev-Database/734ed200-d5f3-11f0-aad1-0e2b43abba09
deploy	Deploy with CDK	2025-12-25T16:34:56.1340540Z 
deploy	Deploy with CDK	2025-12-25T16:34:56.1340888Z âœ¨  Total time: 15.51s
deploy	Deploy with CDK	2025-12-25T16:34:56.1341114Z 
deploy	Deploy with CDK	2025-12-25T16:34:56.1341289Z ChatBooking-dev-Auth
deploy	Deploy with CDK	2025-12-25T16:34:56.1341789Z ChatBooking-dev-Auth: deploying... [2/5]
deploy	Deploy with CDK	2025-12-25T16:34:56.6566746Z 
deploy	Deploy with CDK	2025-12-25T16:34:56.6567837Z  âœ…  ChatBooking-dev-Auth (no changes)
deploy	Deploy with CDK	2025-12-25T16:34:56.6568420Z 
deploy	Deploy with CDK	2025-12-25T16:34:56.6568783Z âœ¨  Deployment time: 0.53s
deploy	Deploy with CDK	2025-12-25T16:34:56.6570253Z 
deploy	Deploy with CDK	2025-12-25T16:34:56.6570414Z Outputs:
deploy	Deploy with CDK	2025-12-25T16:34:56.6571807Z ChatBooking-dev-Auth.ExportsOutputFnGetAttAdminUserPoolD0AF18CFArnBE306E57 = arn:aws:cognito-idp:us-east-1:607250385528:userpool/us-east-1_dG9vi0gz5
deploy	Deploy with CDK	2025-12-25T16:34:56.6574135Z ChatBooking-dev-Auth.ExportsOutputRefAdminUserPoolD0AF18CF79276EF5 = us-east-1_dG9vi0gz5
deploy	Deploy with CDK	2025-12-25T16:34:56.6575583Z ChatBooking-dev-Auth.UserPoolArn = arn:aws:cognito-idp:us-east-1:607250385528:userpool/us-east-1_dG9vi0gz5
deploy	Deploy with CDK	2025-12-25T16:34:56.6576710Z ChatBooking-dev-Auth.UserPoolClientId = 7fst837q5gptanpev9fur88va6
deploy	Deploy with CDK	2025-12-25T16:34:56.6577676Z ChatBooking-dev-Auth.UserPoolDomain = chatbooking-admin-607250385528
deploy	Deploy with CDK	2025-12-25T16:34:56.6578522Z ChatBooking-dev-Auth.UserPoolId = us-east-1_dG9vi0gz5
deploy	Deploy with CDK	2025-12-25T16:34:56.6580940Z ChatBooking-dev-Auth.UserPoolLoginUrl = https://chatbooking-admin-607250385528.auth.us-east-1.amazoncognito.com/login?client_id=7fst837q5gptanpev9fur88va6&response_type=code&redirect_uri=http://localhost:3000/auth/callback
deploy	Deploy with CDK	2025-12-25T16:34:56.6582639Z Stack ARN:
deploy	Deploy with CDK	2025-12-25T16:34:56.6583536Z arn:aws:cloudformation:us-east-1:607250385528:stack/ChatBooking-dev-Auth/514e71b0-d5f3-11f0-a6f5-124023a51f0d
deploy	Deploy with CDK	2025-12-25T16:34:56.6584153Z 
deploy	Deploy with CDK	2025-12-25T16:34:56.6584473Z âœ¨  Total time: 14.81s
deploy	Deploy with CDK	2025-12-25T16:34:56.6584662Z 
deploy	Deploy with CDK	2025-12-25T16:34:56.6584847Z ChatBooking-dev-VectorDB
deploy	Deploy with CDK	2025-12-25T16:34:56.6585350Z ChatBooking-dev-VectorDB: deploying... [3/5]
deploy	Deploy with CDK	2025-12-25T16:34:57.6078324Z ChatBooking-dev-VectorDB: creating CloudFormation changeset...
deploy	Deploy with CDK	2025-12-25T16:35:06.9039731Z ChatBooking-dev-VectorDB |  0/23 | 4:34:58 PM | REVIEW_IN_PROGRESS   | AWS::CloudFormation::Stack                  | ChatBooking-dev-VectorDB User Initiated
deploy	Deploy with CDK	2025-12-25T16:35:06.9041316Z ChatBooking-dev-VectorDB |  0/23 | 4:35:04 PM | CREATE_IN_PROGRESS   | AWS::CloudFormation::Stack                  | ChatBooking-dev-VectorDB User Initiated
deploy	Deploy with CDK	2025-12-25T16:35:09.1779163Z ChatBooking-dev-VectorDB |  0/23 | 4:35:07 PM | CREATE_IN_PROGRESS   | AWS::EC2::VPC                               | ChatBookingVpc (ChatBookingVpcFB08EB92) 
deploy	Deploy with CDK	2025-12-25T16:35:09.1781377Z ChatBooking-dev-VectorDB |  0/23 | 4:35:07 PM | CREATE_IN_PROGRESS   | AWS::SecretsManager::Secret                 | VectorDatabase/Secret (VectorDatabaseSecret18D3CE76) 
deploy	Deploy with CDK	2025-12-25T16:35:09.1783081Z ChatBooking-dev-VectorDB |  0/23 | 4:35:07 PM | CREATE_IN_PROGRESS   | AWS::CDK::Metadata                          | CDKMetadata/Default (CDKMetadata) 
deploy	Deploy with CDK	2025-12-25T16:35:09.1784286Z ChatBooking-dev-VectorDB |  0/23 | 4:35:08 PM | CREATE_IN_PROGRESS   | AWS::CDK::Metadata                          | CDKMetadata/Default (CDKMetadata) Resource creation Initiated
deploy	Deploy with CDK	2025-12-25T16:35:11.4500583Z ChatBooking-dev-VectorDB |  0/23 | 4:35:09 PM | CREATE_IN_PROGRESS   | AWS::SecretsManager::Secret                 | VectorDatabase/Secret (VectorDatabaseSecret18D3CE76) Resource creation Initiated
deploy	Deploy with CDK	2025-12-25T16:35:11.4502510Z ChatBooking-dev-VectorDB |  1/23 | 4:35:09 PM | CREATE_COMPLETE      | AWS::CDK::Metadata                          | CDKMetadata/Default (CDKMetadata) 
deploy	Deploy with CDK	2025-12-25T16:35:11.4504056Z ChatBooking-dev-VectorDB |  1/23 | 4:35:09 PM | CREATE_IN_PROGRESS   | AWS::EC2::VPC                               | ChatBookingVpc (ChatBookingVpcFB08EB92) Resource creation Initiated
deploy	Deploy with CDK	2025-12-25T16:35:11.4505152Z ChatBooking-dev-VectorDB |  2/23 | 4:35:09 PM | CREATE_COMPLETE      | AWS::SecretsManager::Secret                 | VectorDatabase/Secret (VectorDatabaseSecret18D3CE76) 
deploy	Deploy with CDK	2025-12-25T16:35:22.8926772Z ChatBooking-dev-VectorDB |  3/23 | 4:35:21 PM | CREATE_COMPLETE      | AWS::EC2::VPC                               | ChatBookingVpc (ChatBookingVpcFB08EB92) 
deploy	Deploy with CDK	2025-12-25T16:35:22.8928937Z ChatBooking-dev-VectorDB |  3/23 | 4:35:21 PM | CREATE_IN_PROGRESS   | AWS::EC2::RouteTable                        | ChatBookingVpc/IsolatedSubnet1/RouteTable (ChatBookingVpcIsolatedSubnet1RouteTable0D9C1C20) 
deploy	Deploy with CDK	2025-12-25T16:35:22.8930968Z ChatBooking-dev-VectorDB |  3/23 | 4:35:21 PM | CREATE_IN_PROGRESS   | AWS::EC2::Subnet                            | ChatBookingVpc/IsolatedSubnet1/Subnet (ChatBookingVpcIsolatedSubnet1Subnet32DB4342) 
deploy	Deploy with CDK	2025-12-25T16:35:22.8933126Z ChatBooking-dev-VectorDB |  3/23 | 4:35:21 PM | CREATE_IN_PROGRESS   | AWS::EC2::RouteTable                        | ChatBookingVpc/IsolatedSubnet2/RouteTable (ChatBookingVpcIsolatedSubnet2RouteTableE15BC413) 
deploy	Deploy with CDK	2025-12-25T16:35:22.8934732Z ChatBooking-dev-VectorDB |  3/23 | 4:35:21 PM | CREATE_IN_PROGRESS   | AWS::EC2::SecurityGroup                     | DbSecurityGroup (DbSecurityGroupE9D701AD) 
deploy	Deploy with CDK	2025-12-25T16:35:22.8935764Z ChatBooking-dev-VectorDB |  3/23 | 4:35:21 PM | CREATE_IN_PROGRESS   | AWS::EC2::Subnet                            | ChatBookingVpc/IsolatedSubnet2/Subnet (ChatBookingVpcIsolatedSubnet2SubnetEE3163B2) 
deploy	Deploy with CDK	2025-12-25T16:35:22.8937071Z ChatBooking-dev-VectorDB |  3/23 | 4:35:22 PM | CREATE_IN_PROGRESS   | AWS::EC2::SecurityGroup                     | ChatBookingVpc/BedrockRuntimeEndpoint/SecurityGroup (ChatBookingVpcBedrockRuntimeEndpointSecurityGroup9F1DD5D8) 
deploy	Deploy with CDK	2025-12-25T16:35:22.8938444Z ChatBooking-dev-VectorDB |  3/23 | 4:35:22 PM | CREATE_IN_PROGRESS   | AWS::EC2::SecurityGroup                     | ChatBookingVpc/LogsEndpoint/SecurityGroup (ChatBookingVpcLogsEndpointSecurityGroup4E6F9D52) 
deploy	Deploy with CDK	2025-12-25T16:35:22.8939785Z ChatBooking-dev-VectorDB |  3/23 | 4:35:22 PM | CREATE_IN_PROGRESS   | AWS::EC2::SecurityGroup                     | ChatBookingVpc/SecretsManagerEndpoint/SecurityGroup (ChatBookingVpcSecretsManagerEndpointSecurityGroupE8538BCA) 
deploy	Deploy with CDK	2025-12-25T16:35:25.2099027Z ChatBooking-dev-VectorDB |  3/23 | 4:35:22 PM | CREATE_IN_PROGRESS   | AWS::EC2::RouteTable                        | ChatBookingVpc/IsolatedSubnet1/RouteTable (ChatBookingVpcIsolatedSubnet1RouteTable0D9C1C20) Resource creation Initiated
deploy	Deploy with CDK	2025-12-25T16:35:25.2102487Z ChatBooking-dev-VectorDB |  3/23 | 4:35:22 PM | CREATE_IN_PROGRESS   | AWS::EC2::Subnet                            | ChatBookingVpc/IsolatedSubnet1/Subnet (ChatBookingVpcIsolatedSubnet1Subnet32DB4342) Resource creation Initiated
deploy	Deploy with CDK	2025-12-25T16:35:25.2104793Z ChatBooking-dev-VectorDB |  3/23 | 4:35:23 PM | CREATE_IN_PROGRESS   | AWS::EC2::RouteTable                        | ChatBookingVpc/IsolatedSubnet2/RouteTable (ChatBookingVpcIsolatedSubnet2RouteTableE15BC413) Resource creation Initiated
deploy	Deploy with CDK	2025-12-25T16:35:25.2106465Z ChatBooking-dev-VectorDB |  3/23 | 4:35:23 PM | CREATE_IN_PROGRESS   | AWS::EC2::Subnet                            | ChatBookingVpc/IsolatedSubnet2/Subnet (ChatBookingVpcIsolatedSubnet2SubnetEE3163B2) Resource creation Initiated
deploy	Deploy with CDK	2025-12-25T16:35:25.2108169Z ChatBooking-dev-VectorDB |  3/23 | 4:35:23 PM | CREATE_IN_PROGRESS   | AWS::EC2::RouteTable                        | ChatBookingVpc/IsolatedSubnet1/RouteTable (ChatBookingVpcIsolatedSubnet1RouteTable0D9C1C20) Eventual consistency check initiated
deploy	Deploy with CDK	2025-12-25T16:35:25.2109975Z ChatBooking-dev-VectorDB |  3/23 | 4:35:23 PM | CREATE_IN_PROGRESS   | AWS::EC2::RouteTable                        | ChatBookingVpc/IsolatedSubnet2/RouteTable (ChatBookingVpcIsolatedSubnet2RouteTableE15BC413) Eventual consistency check initiated
deploy	Deploy with CDK	2025-12-25T16:35:25.2113391Z ChatBooking-dev-VectorDB |  3/23 | 4:35:24 PM | CREATE_IN_PROGRESS   | AWS::EC2::VPCEndpoint                       | ChatBookingVpc/S3Endpoint (ChatBookingVpcS3Endpoint696D3483) 
deploy	Deploy with CDK	2025-12-25T16:35:25.2114696Z ChatBooking-dev-VectorDB |  3/23 | 4:35:24 PM | CREATE_IN_PROGRESS   | AWS::EC2::VPCEndpoint                       | ChatBookingVpc/DynamoDbEndpoint (ChatBookingVpcDynamoDbEndpointC7F40A96) 
deploy	Deploy with CDK	2025-12-25T16:35:25.2115758Z ChatBooking-dev-VectorDB |  3/23 | 4:35:24 PM | CREATE_IN_PROGRESS   | AWS::EC2::SecurityGroup                     | DbSecurityGroup (DbSecurityGroupE9D701AD) Resource creation Initiated
deploy	Deploy with CDK	2025-12-25T16:35:25.2117125Z ChatBooking-dev-VectorDB |  3/23 | 4:35:24 PM | CREATE_IN_PROGRESS   | AWS::EC2::SecurityGroup                     | ChatBookingVpc/BedrockRuntimeEndpoint/SecurityGroup (ChatBookingVpcBedrockRuntimeEndpointSecurityGroup9F1DD5D8) Resource creation Initiated
deploy	Deploy with CDK	2025-12-25T16:35:25.2118751Z ChatBooking-dev-VectorDB |  3/23 | 4:35:25 PM | CREATE_IN_PROGRESS   | AWS::EC2::SecurityGroup                     | ChatBookingVpc/SecretsManagerEndpoint/SecurityGroup (ChatBookingVpcSecretsManagerEndpointSecurityGroupE8538BCA) Resource creation Initiated
deploy	Deploy with CDK	2025-12-25T16:35:27.5440062Z ChatBooking-dev-VectorDB |  3/23 | 4:35:25 PM | CREATE_IN_PROGRESS   | AWS::EC2::SecurityGroup                     | ChatBookingVpc/LogsEndpoint/SecurityGroup (ChatBookingVpcLogsEndpointSecurityGroup4E6F9D52) Resource creation Initiated
deploy	Deploy with CDK	2025-12-25T16:35:27.5443221Z ChatBooking-dev-VectorDB |  4/23 | 4:35:26 PM | CREATE_COMPLETE      | AWS::EC2::Subnet                            | ChatBookingVpc/IsolatedSubnet2/Subnet (ChatBookingVpcIsolatedSubnet2SubnetEE3163B2) 
deploy	Deploy with CDK	2025-12-25T16:35:27.5444612Z ChatBooking-dev-VectorDB |  5/23 | 4:35:26 PM | CREATE_COMPLETE      | AWS::EC2::Subnet                            | ChatBookingVpc/IsolatedSubnet1/Subnet (ChatBookingVpcIsolatedSubnet1Subnet32DB4342) 
deploy	Deploy with CDK	2025-12-25T16:35:27.5446030Z ChatBooking-dev-VectorDB |  5/23 | 4:35:26 PM | CREATE_IN_PROGRESS   | AWS::EC2::VPCEndpoint                       | ChatBookingVpc/S3Endpoint (ChatBookingVpcS3Endpoint696D3483) Resource creation Initiated
deploy	Deploy with CDK	2025-12-25T16:35:27.5447692Z ChatBooking-dev-VectorDB |  5/23 | 4:35:26 PM | CREATE_IN_PROGRESS   | AWS::EC2::SubnetRouteTableAssociation       | ChatBookingVpc/IsolatedSubnet2/RouteTableAssociation (ChatBookingVpcIsolatedSubnet2RouteTableAssociationD2BA09A3) 
deploy	Deploy with CDK	2025-12-25T16:35:27.5449400Z ChatBooking-dev-VectorDB |  5/23 | 4:35:27 PM | CREATE_IN_PROGRESS   | AWS::EC2::VPCEndpoint                       | ChatBookingVpc/DynamoDbEndpoint (ChatBookingVpcDynamoDbEndpointC7F40A96) Resource creation Initiated
deploy	Deploy with CDK	2025-12-25T16:35:27.5450760Z ChatBooking-dev-VectorDB |  5/23 | 4:35:27 PM | CREATE_IN_PROGRESS   | AWS::RDS::DBSubnetGroup                     | VectorDatabase/Subnets/Default (VectorDatabaseSubnets1815A9FB) 
deploy	Deploy with CDK	2025-12-25T16:35:27.5452468Z ChatBooking-dev-VectorDB |  5/23 | 4:35:27 PM | CREATE_IN_PROGRESS   | AWS::EC2::SubnetRouteTableAssociation       | ChatBookingVpc/IsolatedSubnet1/RouteTableAssociation (ChatBookingVpcIsolatedSubnet1RouteTableAssociation164D906C) 
deploy	Deploy with CDK	2025-12-25T16:35:29.8750933Z ChatBooking-dev-VectorDB |  6/23 | 4:35:27 PM | CREATE_COMPLETE      | AWS::EC2::VPCEndpoint                       | ChatBookingVpc/S3Endpoint (ChatBookingVpcS3Endpoint696D3483) 
deploy	Deploy with CDK	2025-12-25T16:35:29.8753536Z ChatBooking-dev-VectorDB |  7/23 | 4:35:27 PM | CREATE_COMPLETE      | AWS::EC2::VPCEndpoint                       | ChatBookingVpc/DynamoDbEndpoint (ChatBookingVpcDynamoDbEndpointC7F40A96) 
deploy	Deploy with CDK	2025-12-25T16:35:29.8756144Z ChatBooking-dev-VectorDB |  7/23 | 4:35:27 PM | CREATE_IN_PROGRESS   | AWS::RDS::DBSubnetGroup                     | VectorDatabase/Subnets/Default (VectorDatabaseSubnets1815A9FB) Resource creation Initiated
deploy	Deploy with CDK	2025-12-25T16:35:29.8759111Z ChatBooking-dev-VectorDB |  7/23 | 4:35:28 PM | CREATE_IN_PROGRESS   | AWS::EC2::SubnetRouteTableAssociation       | ChatBookingVpc/IsolatedSubnet2/RouteTableAssociation (ChatBookingVpcIsolatedSubnet2RouteTableAssociationD2BA09A3) Resource creation Initiated
deploy	Deploy with CDK	2025-12-25T16:35:29.8761259Z ChatBooking-dev-VectorDB |  7/23 | 4:35:28 PM | CREATE_IN_PROGRESS   | AWS::EC2::SubnetRouteTableAssociation       | ChatBookingVpc/IsolatedSubnet1/RouteTableAssociation (ChatBookingVpcIsolatedSubnet1RouteTableAssociation164D906C) Resource creation Initiated
deploy	Deploy with CDK	2025-12-25T16:35:29.8763438Z ChatBooking-dev-VectorDB |  8/23 | 4:35:28 PM | CREATE_COMPLETE      | AWS::EC2::SubnetRouteTableAssociation       | ChatBookingVpc/IsolatedSubnet2/RouteTableAssociation (ChatBookingVpcIsolatedSubnet2RouteTableAssociationD2BA09A3) 
deploy	Deploy with CDK	2025-12-25T16:35:29.8765317Z ChatBooking-dev-VectorDB |  9/23 | 4:35:29 PM | CREATE_COMPLETE      | AWS::EC2::SubnetRouteTableAssociation       | ChatBookingVpc/IsolatedSubnet1/RouteTableAssociation (ChatBookingVpcIsolatedSubnet1RouteTableAssociation164D906C) 
deploy	Deploy with CDK	2025-12-25T16:35:32.2022750Z ChatBooking-dev-VectorDB | 10/23 | 4:35:31 PM | CREATE_COMPLETE      | AWS::EC2::SecurityGroup                     | DbSecurityGroup (DbSecurityGroupE9D701AD) 
deploy	Deploy with CDK	2025-12-25T16:35:32.2024183Z ChatBooking-dev-VectorDB | 11/23 | 4:35:31 PM | CREATE_COMPLETE      | AWS::RDS::DBSubnetGroup                     | VectorDatabase/Subnets/Default (VectorDatabaseSubnets1815A9FB) 
deploy	Deploy with CDK	2025-12-25T16:35:34.6235234Z ChatBooking-dev-VectorDB | 12/23 | 4:35:32 PM | CREATE_COMPLETE      | AWS::EC2::SecurityGroup                     | ChatBookingVpc/LogsEndpoint/SecurityGroup (ChatBookingVpcLogsEndpointSecurityGroup4E6F9D52) 
deploy	Deploy with CDK	2025-12-25T16:35:34.6237880Z ChatBooking-dev-VectorDB | 13/23 | 4:35:32 PM | CREATE_COMPLETE      | AWS::EC2::SecurityGroup                     | ChatBookingVpc/SecretsManagerEndpoint/SecurityGroup (ChatBookingVpcSecretsManagerEndpointSecurityGroupE8538BCA) 
deploy	Deploy with CDK	2025-12-25T16:35:34.6239787Z ChatBooking-dev-VectorDB | 14/23 | 4:35:32 PM | CREATE_COMPLETE      | AWS::EC2::SecurityGroup                     | ChatBookingVpc/BedrockRuntimeEndpoint/SecurityGroup (ChatBookingVpcBedrockRuntimeEndpointSecurityGroup9F1DD5D8) 
deploy	Deploy with CDK	2025-12-25T16:35:34.6241176Z ChatBooking-dev-VectorDB | 14/23 | 4:35:32 PM | CREATE_IN_PROGRESS   | AWS::RDS::DBCluster                         | VectorDatabase (VectorDatabase3F35B757) 
deploy	Deploy with CDK	2025-12-25T16:35:34.6242745Z ChatBooking-dev-VectorDB | 14/23 | 4:35:33 PM | CREATE_IN_PROGRESS   | AWS::EC2::VPCEndpoint                       | ChatBookingVpc/SecretsManagerEndpoint (ChatBookingVpcSecretsManagerEndpointB76B0E7F) 
deploy	Deploy with CDK	2025-12-25T16:35:34.6244097Z ChatBooking-dev-VectorDB | 14/23 | 4:35:33 PM | CREATE_IN_PROGRESS   | AWS::EC2::VPCEndpoint                       | ChatBookingVpc/LogsEndpoint (ChatBookingVpcLogsEndpointC0808B9A) 
deploy	Deploy with CDK	2025-12-25T16:35:34.6245452Z ChatBooking-dev-VectorDB | 14/23 | 4:35:33 PM | CREATE_IN_PROGRESS   | AWS::EC2::VPCEndpoint                       | ChatBookingVpc/BedrockRuntimeEndpoint (ChatBookingVpcBedrockRuntimeEndpoint1A9ECDDE) 
deploy	Deploy with CDK	2025-12-25T16:35:34.6246921Z ChatBooking-dev-VectorDB | 15/23 | 4:35:33 PM | CREATE_COMPLETE      | AWS::EC2::RouteTable                        | ChatBookingVpc/IsolatedSubnet1/RouteTable (ChatBookingVpcIsolatedSubnet1RouteTable0D9C1C20) 
deploy	Deploy with CDK	2025-12-25T16:35:34.6248728Z ChatBooking-dev-VectorDB | 16/23 | 4:35:33 PM | CREATE_COMPLETE      | AWS::EC2::RouteTable                        | ChatBookingVpc/IsolatedSubnet2/RouteTable (ChatBookingVpcIsolatedSubnet2RouteTableE15BC413) 
deploy	Deploy with CDK	2025-12-25T16:35:34.6250068Z ChatBooking-dev-VectorDB | 16/23 | 4:35:34 PM | CREATE_IN_PROGRESS   | AWS::RDS::DBCluster                         | VectorDatabase (VectorDatabase3F35B757) Resource creation Initiated
deploy	Deploy with CDK	2025-12-25T16:35:37.0194664Z ChatBooking-dev-VectorDB | 16/23 | 4:35:35 PM | CREATE_IN_PROGRESS   | AWS::EC2::VPCEndpoint                       | ChatBookingVpc/SecretsManagerEndpoint (ChatBookingVpcSecretsManagerEndpointB76B0E7F) Resource creation Initiated
deploy	Deploy with CDK	2025-12-25T16:35:37.0197938Z ChatBooking-dev-VectorDB | 16/23 | 4:35:35 PM | CREATE_IN_PROGRESS   | AWS::EC2::VPCEndpoint                       | ChatBookingVpc/LogsEndpoint (ChatBookingVpcLogsEndpointC0808B9A) Resource creation Initiated
deploy	Deploy with CDK	2025-12-25T16:35:37.0201199Z ChatBooking-dev-VectorDB | 16/23 | 4:35:35 PM | CREATE_IN_PROGRESS   | AWS::EC2::VPCEndpoint                       | ChatBookingVpc/BedrockRuntimeEndpoint (ChatBookingVpcBedrockRuntimeEndpoint1A9ECDDE) Resource creation Initiated
deploy	Deploy with CDK	2025-12-25T16:35:37.0205682Z ChatBooking-dev-VectorDB | 16/23 | 4:35:36 PM | CREATE_FAILED        | AWS::RDS::DBCluster                         | VectorDatabase (VectorDatabase3F35B757) Resource handler returned message: "Cannot find version 15.5 for aurora-postgresql (Service: Rds, Status Code: 400, Request ID: d513c7c7-0cbc-4524-a2dc-21bc179f9568) (SDK Attempt Count: 1)" (RequestToken: cafc703b-0f5e-e071-6952-a64e97fa4d2a, HandlerErrorCode: InvalidRequest)
deploy	Deploy with CDK	2025-12-25T16:35:37.0207789Z ChatBooking-dev-VectorDB | 16/23 | 4:35:36 PM | CREATE_FAILED        | AWS::EC2::VPCEndpoint                       | ChatBookingVpc/BedrockRuntimeEndpoint (ChatBookingVpcBedrockRuntimeEndpoint1A9ECDDE) Resource creation cancelled
deploy	Deploy with CDK	2025-12-25T16:35:37.0209177Z ChatBooking-dev-VectorDB | 16/23 | 4:35:36 PM | CREATE_FAILED        | AWS::EC2::VPCEndpoint                       | ChatBookingVpc/SecretsManagerEndpoint (ChatBookingVpcSecretsManagerEndpointB76B0E7F) Resource creation cancelled
deploy	Deploy with CDK	2025-12-25T16:35:37.0210802Z ChatBooking-dev-VectorDB | 16/23 | 4:35:36 PM | CREATE_FAILED        | AWS::EC2::VPCEndpoint                       | ChatBookingVpc/LogsEndpoint (ChatBookingVpcLogsEndpointC0808B9A) Resource creation cancelled
deploy	Deploy with CDK	2025-12-25T16:35:39.4212855Z ChatBooking-dev-VectorDB | 16/23 | 4:35:37 PM | ROLLBACK_IN_PROGRESS | AWS::CloudFormation::Stack                  | ChatBooking-dev-VectorDB The following resource(s) failed to create: [ChatBookingVpcSecretsManagerEndpointB76B0E7F, ChatBookingVpcBedrockRuntimeEndpoint1A9ECDDE, ChatBookingVpcLogsEndpointC0808B9A, VectorDatabase3F35B757]. Rollback requested by user.
deploy	Deploy with CDK	2025-12-25T16:35:41.8205084Z ChatBooking-dev-VectorDB | 16/23 | 4:35:39 PM | DELETE_IN_PROGRESS   | AWS::EC2::VPCEndpoint                       | ChatBookingVpc/SecretsManagerEndpoint (ChatBookingVpcSecretsManagerEndpointB76B0E7F) 
deploy	Deploy with CDK	2025-12-25T16:35:41.8207885Z ChatBooking-dev-VectorDB | 16/23 | 4:35:39 PM | DELETE_IN_PROGRESS   | AWS::EC2::VPCEndpoint                       | ChatBookingVpc/S3Endpoint (ChatBookingVpcS3Endpoint696D3483) 
deploy	Deploy with CDK	2025-12-25T16:35:41.8210342Z ChatBooking-dev-VectorDB | 16/23 | 4:35:39 PM | DELETE_IN_PROGRESS   | AWS::EC2::VPCEndpoint                       | ChatBookingVpc/DynamoDbEndpoint (ChatBookingVpcDynamoDbEndpointC7F40A96) 
deploy	Deploy with CDK	2025-12-25T16:35:41.8213020Z ChatBooking-dev-VectorDB | 16/23 | 4:35:39 PM | DELETE_IN_PROGRESS   | AWS::EC2::VPCEndpoint                       | ChatBookingVpc/LogsEndpoint (ChatBookingVpcLogsEndpointC0808B9A) 
deploy	Deploy with CDK	2025-12-25T16:35:41.8215719Z ChatBooking-dev-VectorDB | 16/23 | 4:35:39 PM | DELETE_IN_PROGRESS   | AWS::EC2::VPCEndpoint                       | ChatBookingVpc/BedrockRuntimeEndpoint (ChatBookingVpcBedrockRuntimeEndpoint1A9ECDDE) 
deploy	Deploy with CDK	2025-12-25T16:35:41.8217959Z ChatBooking-dev-VectorDB | 16/23 | 4:35:39 PM | DELETE_IN_PROGRESS   | AWS::CDK::Metadata                          | CDKMetadata/Default (CDKMetadata) 
deploy	Deploy with CDK	2025-12-25T16:35:41.8222115Z ChatBooking-dev-VectorDB | 16/23 | 4:35:39 PM | DELETE_IN_PROGRESS   | AWS::EC2::SubnetRouteTableAssociation       | ChatBookingVpc/IsolatedSubnet2/RouteTableAssociation (ChatBookingVpcIsolatedSubnet2RouteTableAssociationD2BA09A3) 
deploy	Deploy with CDK	2025-12-25T16:35:41.8223953Z ChatBooking-dev-VectorDB | 16/23 | 4:35:39 PM | DELETE_IN_PROGRESS   | AWS::EC2::SubnetRouteTableAssociation       | ChatBookingVpc/IsolatedSubnet1/RouteTableAssociation (ChatBookingVpcIsolatedSubnet1RouteTableAssociation164D906C) 
deploy	Deploy with CDK	2025-12-25T16:35:41.8225128Z ChatBooking-dev-VectorDB | 16/23 | 4:35:40 PM | DELETE_SKIPPED       | AWS::RDS::DBCluster                         | VectorDatabase (VectorDatabase3F35B757) 
deploy	Deploy with CDK	2025-12-25T16:35:41.8225990Z ChatBooking-dev-VectorDB | 16/23 | 4:35:40 PM | DELETE_IN_PROGRESS   | AWS::EC2::SecurityGroup                     | DbSecurityGroup (DbSecurityGroupE9D701AD) 
deploy	Deploy with CDK	2025-12-25T16:35:41.8226930Z ChatBooking-dev-VectorDB | 16/23 | 4:35:40 PM | DELETE_IN_PROGRESS   | AWS::SecretsManager::Secret                 | VectorDatabase/Secret (VectorDatabaseSecret18D3CE76) 
deploy	Deploy with CDK	2025-12-25T16:35:41.8227926Z ChatBooking-dev-VectorDB | 16/23 | 4:35:40 PM | DELETE_SKIPPED       | AWS::RDS::DBSubnetGroup                     | VectorDatabase/Subnets/Default (VectorDatabaseSubnets1815A9FB) 
deploy	Deploy with CDK	2025-12-25T16:35:41.8228821Z ChatBooking-dev-VectorDB | 15/23 | 4:35:40 PM | DELETE_COMPLETE      | AWS::CDK::Metadata                          | CDKMetadata/Default (CDKMetadata) 
deploy	Deploy with CDK	2025-12-25T16:35:41.8229721Z ChatBooking-dev-VectorDB | 14/23 | 4:35:41 PM | DELETE_COMPLETE      | AWS::EC2::VPCEndpoint                       | ChatBookingVpc/S3Endpoint (ChatBookingVpcS3Endpoint696D3483) 
deploy	Deploy with CDK	2025-12-25T16:35:44.2469108Z ChatBooking-dev-VectorDB | 13/23 | 4:35:41 PM | DELETE_COMPLETE      | AWS::EC2::VPCEndpoint                       | ChatBookingVpc/DynamoDbEndpoint (ChatBookingVpcDynamoDbEndpointC7F40A96) 
deploy	Deploy with CDK	2025-12-25T16:35:44.2470429Z ChatBooking-dev-VectorDB | 12/23 | 4:35:41 PM | DELETE_COMPLETE      | AWS::EC2::SecurityGroup                     | DbSecurityGroup (DbSecurityGroupE9D701AD) 
deploy	Deploy with CDK	2025-12-25T16:35:49.0972175Z ChatBooking-dev-VectorDB | 11/23 | 4:35:47 PM | DELETE_COMPLETE      | AWS::SecretsManager::Secret                 | VectorDatabase/Secret (VectorDatabaseSecret18D3CE76) 
deploy	Deploy with CDK	2025-12-25T16:35:58.7205270Z ChatBooking-dev-VectorDB | 10/23 | 4:35:56 PM | DELETE_COMPLETE      | AWS::EC2::SubnetRouteTableAssociation       | ChatBookingVpc/IsolatedSubnet1/RouteTableAssociation (ChatBookingVpcIsolatedSubnet1RouteTableAssociation164D906C) 
deploy	Deploy with CDK	2025-12-25T16:35:58.7207293Z ChatBooking-dev-VectorDB |  9/23 | 4:35:56 PM | DELETE_COMPLETE      | AWS::EC2::SubnetRouteTableAssociation       | ChatBookingVpc/IsolatedSubnet2/RouteTableAssociation (ChatBookingVpcIsolatedSubnet2RouteTableAssociationD2BA09A3) 
deploy	Deploy with CDK	2025-12-25T16:35:58.7208976Z ChatBooking-dev-VectorDB |  9/23 | 4:35:56 PM | DELETE_IN_PROGRESS   | AWS::EC2::RouteTable                        | ChatBookingVpc/IsolatedSubnet1/RouteTable (ChatBookingVpcIsolatedSubnet1RouteTable0D9C1C20) 
deploy	Deploy with CDK	2025-12-25T16:35:58.7210471Z ChatBooking-dev-VectorDB |  9/23 | 4:35:56 PM | DELETE_IN_PROGRESS   | AWS::EC2::RouteTable                        | ChatBookingVpc/IsolatedSubnet2/RouteTable (ChatBookingVpcIsolatedSubnet2RouteTableE15BC413) 
deploy	Deploy with CDK	2025-12-25T16:35:58.7211949Z ChatBooking-dev-VectorDB |  8/23 | 4:35:58 PM | DELETE_COMPLETE      | AWS::EC2::RouteTable                        | ChatBookingVpc/IsolatedSubnet1/RouteTable (ChatBookingVpcIsolatedSubnet1RouteTable0D9C1C20) 
deploy	Deploy with CDK	2025-12-25T16:35:58.7213654Z ChatBooking-dev-VectorDB |  7/23 | 4:35:58 PM | DELETE_COMPLETE      | AWS::EC2::RouteTable                        | ChatBookingVpc/IsolatedSubnet2/RouteTable (ChatBookingVpcIsolatedSubnet2RouteTableE15BC413) 
deploy	Deploy with CDK	2025-12-25T16:37:42.3744021Z ChatBooking-dev-VectorDB |  8/23 | 4:37:41 PM | DELETE_COMPLETE      | AWS::EC2::VPCEndpoint                       | ChatBookingVpc/SecretsManagerEndpoint (ChatBookingVpcSecretsManagerEndpointB76B0E7F) 
deploy	Deploy with CDK	2025-12-25T16:37:42.3746433Z ChatBooking-dev-VectorDB |  9/23 | 4:37:41 PM | DELETE_COMPLETE      | AWS::EC2::VPCEndpoint                       | ChatBookingVpc/LogsEndpoint (ChatBookingVpcLogsEndpointC0808B9A) 
deploy	Deploy with CDK	2025-12-25T16:37:42.3747621Z ChatBooking-dev-VectorDB | 10/23 | 4:37:41 PM | DELETE_COMPLETE      | AWS::EC2::VPCEndpoint                       | ChatBookingVpc/BedrockRuntimeEndpoint (ChatBookingVpcBedrockRuntimeEndpoint1A9ECDDE) 
deploy	Deploy with CDK	2025-12-25T16:37:42.3748946Z ChatBooking-dev-VectorDB | 10/23 | 4:37:42 PM | DELETE_IN_PROGRESS   | AWS::EC2::SecurityGroup                     | ChatBookingVpc/SecretsManagerEndpoint/SecurityGroup (ChatBookingVpcSecretsManagerEndpointSecurityGroupE8538BCA) 
deploy	Deploy with CDK	2025-12-25T16:37:44.7662010Z ChatBooking-dev-VectorDB | 10/23 | 4:37:42 PM | DELETE_IN_PROGRESS   | AWS::EC2::SecurityGroup                     | ChatBookingVpc/LogsEndpoint/SecurityGroup (ChatBookingVpcLogsEndpointSecurityGroup4E6F9D52) 
deploy	Deploy with CDK	2025-12-25T16:37:44.7664051Z ChatBooking-dev-VectorDB | 10/23 | 4:37:42 PM | DELETE_IN_PROGRESS   | AWS::EC2::SecurityGroup                     | ChatBookingVpc/BedrockRuntimeEndpoint/SecurityGroup (ChatBookingVpcBedrockRuntimeEndpointSecurityGroup9F1DD5D8) 
deploy	Deploy with CDK	2025-12-25T16:37:44.7665662Z ChatBooking-dev-VectorDB | 10/23 | 4:37:42 PM | DELETE_IN_PROGRESS   | AWS::EC2::Subnet                            | ChatBookingVpc/IsolatedSubnet1/Subnet (ChatBookingVpcIsolatedSubnet1Subnet32DB4342) 
deploy	Deploy with CDK	2025-12-25T16:37:44.7667064Z ChatBooking-dev-VectorDB | 10/23 | 4:37:42 PM | DELETE_IN_PROGRESS   | AWS::EC2::Subnet                            | ChatBookingVpc/IsolatedSubnet2/Subnet (ChatBookingVpcIsolatedSubnet2SubnetEE3163B2) 
deploy	Deploy with CDK	2025-12-25T16:37:44.7669339Z ChatBooking-dev-VectorDB |  9/23 | 4:37:43 PM | DELETE_COMPLETE      | AWS::EC2::SecurityGroup                     | ChatBookingVpc/LogsEndpoint/SecurityGroup (ChatBookingVpcLogsEndpointSecurityGroup4E6F9D52) 
deploy	Deploy with CDK	2025-12-25T16:37:44.7671248Z ChatBooking-dev-VectorDB |  8/23 | 4:37:43 PM | DELETE_COMPLETE      | AWS::EC2::SecurityGroup                     | ChatBookingVpc/SecretsManagerEndpoint/SecurityGroup (ChatBookingVpcSecretsManagerEndpointSecurityGroupE8538BCA) 
deploy	Deploy with CDK	2025-12-25T16:37:44.7673200Z ChatBooking-dev-VectorDB |  7/23 | 4:37:43 PM | DELETE_COMPLETE      | AWS::EC2::SecurityGroup                     | ChatBookingVpc/BedrockRuntimeEndpoint/SecurityGroup (ChatBookingVpcBedrockRuntimeEndpointSecurityGroup9F1DD5D8) 
deploy	Deploy with CDK	2025-12-25T16:37:44.7675070Z ChatBooking-dev-VectorDB |  6/23 | 4:37:43 PM | DELETE_COMPLETE      | AWS::EC2::Subnet                            | ChatBookingVpc/IsolatedSubnet1/Subnet (ChatBookingVpcIsolatedSubnet1Subnet32DB4342) 
deploy	Deploy with CDK	2025-12-25T16:37:44.7676417Z ChatBooking-dev-VectorDB |  5/23 | 4:37:43 PM | DELETE_COMPLETE      | AWS::EC2::Subnet                            | ChatBookingVpc/IsolatedSubnet2/Subnet (ChatBookingVpcIsolatedSubnet2SubnetEE3163B2) 
deploy	Deploy with CDK	2025-12-25T16:37:44.7677573Z ChatBooking-dev-VectorDB |  5/23 | 4:37:44 PM | DELETE_IN_PROGRESS   | AWS::EC2::VPC                               | ChatBookingVpc (ChatBookingVpcFB08EB92) 
deploy	Deploy with CDK	2025-12-25T16:37:47.1683981Z ChatBooking-dev-VectorDB |  4/23 | 4:37:45 PM | DELETE_COMPLETE      | AWS::EC2::VPC                               | ChatBookingVpc (ChatBookingVpcFB08EB92) 
deploy	Deploy with CDK	2025-12-25T16:37:47.1685494Z ChatBooking-dev-VectorDB |  5/23 | 4:37:46 PM | ROLLBACK_COMPLETE    | AWS::CloudFormation::Stack                  | ChatBooking-dev-VectorDB 
deploy	Deploy with CDK	2025-12-25T16:37:48.7421154Z 
deploy	Deploy with CDK	2025-12-25T16:37:48.7421658Z Failed resources:
deploy	Deploy with CDK	2025-12-25T16:37:48.7425952Z ChatBooking-dev-VectorDB | 4:35:36 PM | CREATE_FAILED        | AWS::RDS::DBCluster                         | VectorDatabase (VectorDatabase3F35B757) Resource handler returned message: "Cannot find version 15.5 for aurora-postgresql (Service: Rds, Status Code: 400, Request ID: d513c7c7-0cbc-4524-a2dc-21bc179f9568) (SDK Attempt Count: 1)" (RequestToken: cafc703b-0f5e-e071-6952-a64e97fa4d2a, HandlerErrorCode: InvalidRequest)
deploy	Deploy with CDK	2025-12-25T16:37:48.7786638Z 
deploy	Deploy with CDK	2025-12-25T16:37:48.7788111Z NOTICES         (What's this? https://github.com/aws/aws-cdk/wiki/CLI-Notices)
deploy	Deploy with CDK	2025-12-25T16:37:48.7789036Z 
deploy	Deploy with CDK	2025-12-25T16:37:48.7791647Z 34892	CDK CLI will collect telemetry data on command usage starting at version 2.1100.0 (unless opted out)
deploy	Deploy with CDK	2025-12-25T16:37:48.7792389Z 
deploy	Deploy with CDK	2025-12-25T16:37:48.7792757Z 	Overview: We do not collect customer content and we anonymize the
deploy	Deploy with CDK	2025-12-25T16:37:48.7793363Z 	          telemetry we do collect. See the attached issue for more
deploy	Deploy with CDK	2025-12-25T16:37:48.7793751Z 	          information on what data is collected, why, and how to
deploy	Deploy with CDK	2025-12-25T16:37:48.7794134Z 	          opt-out. Telemetry will NOT be collected for any CDK CLI
deploy	Deploy with CDK	2025-12-25T16:37:48.7794499Z 	          version prior to version 2.1100.0 - regardless of
deploy	Deploy with CDK	2025-12-25T16:37:48.7794878Z 	          opt-in/out. You can also preview the telemetry we will start
deploy	Deploy with CDK	2025-12-25T16:37:48.7795251Z 	          collecting by logging it to a local file, by adding
deploy	Deploy with CDK	2025-12-25T16:37:48.7795645Z 	          `--unstable=telemetry --telemetry-file=my/local/file` to any
deploy	Deploy with CDK	2025-12-25T16:37:48.7795967Z 	          `cdk` command.
deploy	Deploy with CDK	2025-12-25T16:37:48.7796099Z 
deploy	Deploy with CDK	2025-12-25T16:37:48.7796231Z 	Affected versions: cli: >=2.0.0 <2.1100.0
deploy	Deploy with CDK	2025-12-25T16:37:48.7796399Z 
deploy	Deploy with CDK	2025-12-25T16:37:48.7796606Z 	More information at: https://github.com/aws/aws-cdk/issues/34892
deploy	Deploy with CDK	2025-12-25T16:37:48.7796842Z 
deploy	Deploy with CDK	2025-12-25T16:37:48.7796849Z 
deploy	Deploy with CDK	2025-12-25T16:37:48.7799774Z If you donâ€™t want to see a notice anymore, use "cdk acknowledge <id>". For example, "cdk acknowledge 34892".
deploy	Deploy with CDK	2025-12-25T16:37:48.7803170Z âŒ  ChatBooking-dev-VectorDB failed: ToolkitError: The stack named ChatBooking-dev-VectorDB failed creation, it may need to be manually deleted from the AWS console: ROLLBACK_COMPLETE: Resource handler returned message: "Cannot find version 15.5 for aurora-postgresql (Service: Rds, Status Code: 400, Request ID: d513c7c7-0cbc-4524-a2dc-21bc179f9568) (SDK Attempt Count: 1)" (RequestToken: cafc703b-0f5e-e071-6952-a64e97fa4d2a, HandlerErrorCode: InvalidRequest)
deploy	Deploy with CDK	2025-12-25T16:37:48.8019374Z ##[error]Process completed with exit code 1.
deploy	Post Configure AWS credentials	ï»¿2025-12-25T16:37:48.8087942Z Post job cleanup.
deploy	Post Checkout repo	ï»¿2025-12-25T16:37:48.9255467Z Post job cleanup.
deploy	Post Checkout repo	2025-12-25T16:37:49.0111516Z [command]/usr/bin/git version
deploy	Post Checkout repo	2025-12-25T16:37:49.0142634Z git version 2.52.0
deploy	Post Checkout repo	2025-12-25T16:37:49.0179818Z Temporarily overriding HOME='/home/runner/work/_temp/e534071b-3d57-4908-91db-1ccd5e6b83c3' before making global git config changes
deploy	Post Checkout repo	2025-12-25T16:37:49.0180973Z Adding repository directory to the temporary git global config as a safe directory
deploy	Post Checkout repo	2025-12-25T16:37:49.0185411Z [command]/usr/bin/git config --global --add safe.directory /home/runner/work/chat-booking-backend/chat-booking-backend
deploy	Post Checkout repo	2025-12-25T16:37:49.0221981Z [command]/usr/bin/git config --local --name-only --get-regexp core\.sshCommand
deploy	Post Checkout repo	2025-12-25T16:37:49.0249265Z [command]/usr/bin/git submodule foreach --recursive sh -c "git config --local --name-only --get-regexp 'core\.sshCommand' && git config --local --unset-all 'core.sshCommand' || :"
deploy	Post Checkout repo	2025-12-25T16:37:49.0443055Z [command]/usr/bin/git config --local --name-only --get-regexp http\.https\:\/\/github\.com\/\.extraheader
deploy	Post Checkout repo	2025-12-25T16:37:49.0459084Z http.https://github.com/.extraheader
deploy	Post Checkout repo	2025-12-25T16:37:49.0469922Z [command]/usr/bin/git config --local --unset-all http.https://github.com/.extraheader
deploy	Post Checkout repo	2025-12-25T16:37:49.0494373Z [command]/usr/bin/git submodule foreach --recursive sh -c "git config --local --name-only --get-regexp 'http\.https\:\/\/github\.com\/\.extraheader' && git config --local --unset-all 'http.https://github.com/.extraheader' || :"
deploy	Post Checkout repo	2025-12-25T16:37:49.0680359Z [command]/usr/bin/git config --local --name-only --get-regexp ^includeIf\.gitdir:
deploy	Post Checkout repo	2025-12-25T16:37:49.0707333Z [command]/usr/bin/git submodule foreach --recursive git config --local --show-origin --name-only --get-regexp remote.origin.url
deploy	Complete job	ï»¿2025-12-25T16:37:49.0992008Z Cleaning up orphan processes
