deploy	Set up job	ï»¿2025-12-25T14:58:13.3685500Z Current runner version: '2.330.0'
deploy	Set up job	2025-12-25T14:58:13.3709809Z ##[group]Runner Image Provisioner
deploy	Set up job	2025-12-25T14:58:13.3710822Z Hosted Compute Agent
deploy	Set up job	2025-12-25T14:58:13.3711476Z Version: 20251211.462
deploy	Set up job	2025-12-25T14:58:13.3712105Z Commit: 6cbad8c2bb55d58165063d031ccabf57e2d2db61
deploy	Set up job	2025-12-25T14:58:13.3712784Z Build Date: 2025-12-11T16:28:49Z
deploy	Set up job	2025-12-25T14:58:13.3713522Z Worker ID: {fd6d3c3e-c346-4dcd-a6e7-c11bb8f5cba0}
deploy	Set up job	2025-12-25T14:58:13.3714215Z ##[endgroup]
deploy	Set up job	2025-12-25T14:58:13.3714758Z ##[group]Operating System
deploy	Set up job	2025-12-25T14:58:13.3715331Z Ubuntu
deploy	Set up job	2025-12-25T14:58:13.3715838Z 24.04.3
deploy	Set up job	2025-12-25T14:58:13.3716322Z LTS
deploy	Set up job	2025-12-25T14:58:13.3716798Z ##[endgroup]
deploy	Set up job	2025-12-25T14:58:13.3717365Z ##[group]Runner Image
deploy	Set up job	2025-12-25T14:58:13.3717959Z Image: ubuntu-24.04
deploy	Set up job	2025-12-25T14:58:13.3718527Z Version: 20251215.174.1
deploy	Set up job	2025-12-25T14:58:13.3719531Z Included Software: https://github.com/actions/runner-images/blob/ubuntu24/20251215.174/images/ubuntu/Ubuntu2404-Readme.md
deploy	Set up job	2025-12-25T14:58:13.3721060Z Image Release: https://github.com/actions/runner-images/releases/tag/ubuntu24%2F20251215.174
deploy	Set up job	2025-12-25T14:58:13.3722332Z ##[endgroup]
deploy	Set up job	2025-12-25T14:58:13.3723316Z ##[group]GITHUB_TOKEN Permissions
deploy	Set up job	2025-12-25T14:58:13.3725427Z Contents: read
deploy	Set up job	2025-12-25T14:58:13.3725988Z Metadata: read
deploy	Set up job	2025-12-25T14:58:13.3726504Z ##[endgroup]
deploy	Set up job	2025-12-25T14:58:13.3728850Z Secret source: Actions
deploy	Set up job	2025-12-25T14:58:13.3729590Z Prepare workflow directory
deploy	Set up job	2025-12-25T14:58:13.4054930Z Prepare all required actions
deploy	Set up job	2025-12-25T14:58:13.4093670Z Getting action download info
deploy	Set up job	2025-12-25T14:58:13.9108045Z Download action repository 'actions/checkout@v4' (SHA:34e114876b0b11c390a56381ad16ebd13914f8d5)
deploy	Set up job	2025-12-25T14:58:14.0178114Z Download action repository 'actions/setup-node@v4' (SHA:49933ea5288caeca8642d1e84afbd3f7d6820020)
deploy	Set up job	2025-12-25T14:58:14.1466417Z Download action repository 'actions/setup-python@v5' (SHA:a26af69be951a213d495a4c3e4e4022e16d87065)
deploy	Set up job	2025-12-25T14:58:14.2507041Z Download action repository 'aws-actions/configure-aws-credentials@v4' (SHA:7474bc4690e29a8392af63c5b98e7449536d5c3a)
deploy	Set up job	2025-12-25T14:58:14.9388892Z Complete job name: deploy
deploy	Checkout repo	ï»¿2025-12-25T14:58:15.0112631Z ##[group]Run actions/checkout@v4
deploy	Checkout repo	2025-12-25T14:58:15.0113569Z with:
deploy	Checkout repo	2025-12-25T14:58:15.0114118Z   repository: AIX-Clever/chat-booking-backend
deploy	Checkout repo	2025-12-25T14:58:15.0114901Z   token: ***
deploy	Checkout repo	2025-12-25T14:58:15.0115327Z   ssh-strict: true
deploy	Checkout repo	2025-12-25T14:58:15.0115774Z   ssh-user: git
deploy	Checkout repo	2025-12-25T14:58:15.0116209Z   persist-credentials: true
deploy	Checkout repo	2025-12-25T14:58:15.0116708Z   clean: true
deploy	Checkout repo	2025-12-25T14:58:15.0117152Z   sparse-checkout-cone-mode: true
deploy	Checkout repo	2025-12-25T14:58:15.0117682Z   fetch-depth: 1
deploy	Checkout repo	2025-12-25T14:58:15.0118115Z   fetch-tags: false
deploy	Checkout repo	2025-12-25T14:58:15.0118573Z   show-progress: true
deploy	Checkout repo	2025-12-25T14:58:15.0119027Z   lfs: false
deploy	Checkout repo	2025-12-25T14:58:15.0119431Z   submodules: false
deploy	Checkout repo	2025-12-25T14:58:15.0119904Z   set-safe-directory: true
deploy	Checkout repo	2025-12-25T14:58:15.0120834Z ##[endgroup]
deploy	Checkout repo	2025-12-25T14:58:15.1176137Z Syncing repository: AIX-Clever/chat-booking-backend
deploy	Checkout repo	2025-12-25T14:58:15.1178452Z ##[group]Getting Git version info
deploy	Checkout repo	2025-12-25T14:58:15.1179445Z Working directory is '/home/runner/work/chat-booking-backend/chat-booking-backend'
deploy	Checkout repo	2025-12-25T14:58:15.1180976Z [command]/usr/bin/git version
deploy	Checkout repo	2025-12-25T14:58:15.1243778Z git version 2.52.0
deploy	Checkout repo	2025-12-25T14:58:15.1269459Z ##[endgroup]
deploy	Checkout repo	2025-12-25T14:58:15.1283249Z Temporarily overriding HOME='/home/runner/work/_temp/f39db98f-1b99-4ac6-9169-f29e8d4c64ea' before making global git config changes
deploy	Checkout repo	2025-12-25T14:58:15.1284764Z Adding repository directory to the temporary git global config as a safe directory
deploy	Checkout repo	2025-12-25T14:58:15.1295666Z [command]/usr/bin/git config --global --add safe.directory /home/runner/work/chat-booking-backend/chat-booking-backend
deploy	Checkout repo	2025-12-25T14:58:15.1332806Z Deleting the contents of '/home/runner/work/chat-booking-backend/chat-booking-backend'
deploy	Checkout repo	2025-12-25T14:58:15.1336232Z ##[group]Initializing the repository
deploy	Checkout repo	2025-12-25T14:58:15.1340155Z [command]/usr/bin/git init /home/runner/work/chat-booking-backend/chat-booking-backend
deploy	Checkout repo	2025-12-25T14:58:15.1435116Z hint: Using 'master' as the name for the initial branch. This default branch name
deploy	Checkout repo	2025-12-25T14:58:15.1437353Z hint: will change to "main" in Git 3.0. To configure the initial branch name
deploy	Checkout repo	2025-12-25T14:58:15.1439108Z hint: to use in all of your new repositories, which will suppress this warning,
deploy	Checkout repo	2025-12-25T14:58:15.1440370Z hint: call:
deploy	Checkout repo	2025-12-25T14:58:15.1441213Z hint:
deploy	Checkout repo	2025-12-25T14:58:15.1441978Z hint: 	git config --global init.defaultBranch <name>
deploy	Checkout repo	2025-12-25T14:58:15.1442604Z hint:
deploy	Checkout repo	2025-12-25T14:58:15.1443196Z hint: Names commonly chosen instead of 'master' are 'main', 'trunk' and
deploy	Checkout repo	2025-12-25T14:58:15.1444158Z hint: 'development'. The just-created branch can be renamed via this command:
deploy	Checkout repo	2025-12-25T14:58:15.1444897Z hint:
deploy	Checkout repo	2025-12-25T14:58:15.1445579Z hint: 	git branch -m <name>
deploy	Checkout repo	2025-12-25T14:58:15.1446318Z hint:
deploy	Checkout repo	2025-12-25T14:58:15.1446980Z hint: Disable this message with "git config set advice.defaultBranchName false"
deploy	Checkout repo	2025-12-25T14:58:15.1448189Z Initialized empty Git repository in /home/runner/work/chat-booking-backend/chat-booking-backend/.git/
deploy	Checkout repo	2025-12-25T14:58:15.1451191Z [command]/usr/bin/git remote add origin https://github.com/AIX-Clever/chat-booking-backend
deploy	Checkout repo	2025-12-25T14:58:15.1484183Z ##[endgroup]
deploy	Checkout repo	2025-12-25T14:58:15.1485000Z ##[group]Disabling automatic garbage collection
deploy	Checkout repo	2025-12-25T14:58:15.1487894Z [command]/usr/bin/git config --local gc.auto 0
deploy	Checkout repo	2025-12-25T14:58:15.1515501Z ##[endgroup]
deploy	Checkout repo	2025-12-25T14:58:15.1516457Z ##[group]Setting up auth
deploy	Checkout repo	2025-12-25T14:58:15.1522188Z [command]/usr/bin/git config --local --name-only --get-regexp core\.sshCommand
deploy	Checkout repo	2025-12-25T14:58:15.1553756Z [command]/usr/bin/git submodule foreach --recursive sh -c "git config --local --name-only --get-regexp 'core\.sshCommand' && git config --local --unset-all 'core.sshCommand' || :"
deploy	Checkout repo	2025-12-25T14:58:15.1869325Z [command]/usr/bin/git config --local --name-only --get-regexp http\.https\:\/\/github\.com\/\.extraheader
deploy	Checkout repo	2025-12-25T14:58:15.1899661Z [command]/usr/bin/git submodule foreach --recursive sh -c "git config --local --name-only --get-regexp 'http\.https\:\/\/github\.com\/\.extraheader' && git config --local --unset-all 'http.https://github.com/.extraheader' || :"
deploy	Checkout repo	2025-12-25T14:58:15.2117508Z [command]/usr/bin/git config --local --name-only --get-regexp ^includeIf\.gitdir:
deploy	Checkout repo	2025-12-25T14:58:15.2156213Z [command]/usr/bin/git submodule foreach --recursive git config --local --show-origin --name-only --get-regexp remote.origin.url
deploy	Checkout repo	2025-12-25T14:58:15.2374787Z [command]/usr/bin/git config --local http.https://github.com/.extraheader AUTHORIZATION: basic ***
deploy	Checkout repo	2025-12-25T14:58:15.2408158Z ##[endgroup]
deploy	Checkout repo	2025-12-25T14:58:15.2409613Z ##[group]Fetching the repository
deploy	Checkout repo	2025-12-25T14:58:15.2418297Z [command]/usr/bin/git -c protocol.version=2 fetch --no-tags --prune --no-recurse-submodules --depth=1 origin +6b0dfa92b253fea0b3fd2dfb0d8cdeb2907efd66:refs/remotes/origin/dev
deploy	Checkout repo	2025-12-25T14:58:17.2060897Z From https://github.com/AIX-Clever/chat-booking-backend
deploy	Checkout repo	2025-12-25T14:58:17.2063857Z  * [new ref]         6b0dfa92b253fea0b3fd2dfb0d8cdeb2907efd66 -> origin/dev
deploy	Checkout repo	2025-12-25T14:58:17.2092696Z ##[endgroup]
deploy	Checkout repo	2025-12-25T14:58:17.2093840Z ##[group]Determining the checkout info
deploy	Checkout repo	2025-12-25T14:58:17.2095468Z ##[endgroup]
deploy	Checkout repo	2025-12-25T14:58:17.2099461Z [command]/usr/bin/git sparse-checkout disable
deploy	Checkout repo	2025-12-25T14:58:17.2140850Z [command]/usr/bin/git config --local --unset-all extensions.worktreeConfig
deploy	Checkout repo	2025-12-25T14:58:17.2167540Z ##[group]Checking out the ref
deploy	Checkout repo	2025-12-25T14:58:17.2171579Z [command]/usr/bin/git checkout --progress --force -B dev refs/remotes/origin/dev
deploy	Checkout repo	2025-12-25T14:58:17.9898209Z Switched to a new branch 'dev'
deploy	Checkout repo	2025-12-25T14:58:17.9900033Z branch 'dev' set up to track 'origin/dev'.
deploy	Checkout repo	2025-12-25T14:58:17.9941622Z ##[endgroup]
deploy	Checkout repo	2025-12-25T14:58:17.9981958Z [command]/usr/bin/git log -1 --format=%H
deploy	Checkout repo	2025-12-25T14:58:18.0004504Z 6b0dfa92b253fea0b3fd2dfb0d8cdeb2907efd66
deploy	Setup Node.js	ï»¿2025-12-25T14:58:18.0238932Z ##[group]Run actions/setup-node@v4
deploy	Setup Node.js	2025-12-25T14:58:18.0239251Z with:
deploy	Setup Node.js	2025-12-25T14:58:18.0239436Z   node-version: 20
deploy	Setup Node.js	2025-12-25T14:58:18.0239641Z   always-auth: false
deploy	Setup Node.js	2025-12-25T14:58:18.0240083Z   check-latest: false
deploy	Setup Node.js	2025-12-25T14:58:18.0240448Z   token: ***
deploy	Setup Node.js	2025-12-25T14:58:18.0240915Z ##[endgroup]
deploy	Setup Node.js	2025-12-25T14:58:18.2236601Z Found in cache @ /opt/hostedtoolcache/node/20.19.6/x64
deploy	Setup Node.js	2025-12-25T14:58:18.2245617Z ##[group]Environment details
deploy	Setup Node.js	2025-12-25T14:58:20.4050950Z node: v20.19.6
deploy	Setup Node.js	2025-12-25T14:58:20.4051413Z npm: 10.8.2
deploy	Setup Node.js	2025-12-25T14:58:20.4051833Z yarn: 1.22.22
deploy	Setup Node.js	2025-12-25T14:58:20.4053232Z ##[endgroup]
deploy	Setup Python	ï»¿2025-12-25T14:58:20.4256908Z ##[group]Run actions/setup-python@v5
deploy	Setup Python	2025-12-25T14:58:20.4257204Z with:
deploy	Setup Python	2025-12-25T14:58:20.4257409Z   python-version: 3.9
deploy	Setup Python	2025-12-25T14:58:20.4257652Z   check-latest: false
deploy	Setup Python	2025-12-25T14:58:20.4257969Z   token: ***
deploy	Setup Python	2025-12-25T14:58:20.4258161Z   update-environment: true
deploy	Setup Python	2025-12-25T14:58:20.4258390Z   allow-prereleases: false
deploy	Setup Python	2025-12-25T14:58:20.4258596Z   freethreaded: false
deploy	Setup Python	2025-12-25T14:58:20.4258795Z ##[endgroup]
deploy	Setup Python	2025-12-25T14:58:20.5887749Z ##[group]Installed versions
deploy	Setup Python	2025-12-25T14:58:20.7417017Z Successfully set up CPython (3.9.25)
deploy	Setup Python	2025-12-25T14:58:20.7417789Z ##[endgroup]
deploy	Install Lambda Dependencies	ï»¿2025-12-25T14:58:20.7520194Z ##[group]Run # Find all requirements.txt files and install dependencies to their directory
deploy	Install Lambda Dependencies	2025-12-25T14:58:20.7521018Z [36;1m# Find all requirements.txt files and install dependencies to their directory[0m
deploy	Install Lambda Dependencies	2025-12-25T14:58:20.7521642Z [36;1mfind . -name "requirements.txt" -not -path "*/node_modules/*" -not -path "*/.venv/*" | while read req_file; do[0m
deploy	Install Lambda Dependencies	2025-12-25T14:58:20.7522146Z [36;1m  echo "Installing dependencies for $req_file"[0m
deploy	Install Lambda Dependencies	2025-12-25T14:58:20.7522460Z [36;1m  dir=$(dirname "$req_file")[0m
deploy	Install Lambda Dependencies	2025-12-25T14:58:20.7522739Z [36;1m  pip install -r "$req_file" -t "$dir"[0m
deploy	Install Lambda Dependencies	2025-12-25T14:58:20.7522998Z [36;1mdone[0m
deploy	Install Lambda Dependencies	2025-12-25T14:58:20.7570163Z shell: /usr/bin/bash -e {0}
deploy	Install Lambda Dependencies	2025-12-25T14:58:20.7570426Z env:
deploy	Install Lambda Dependencies	2025-12-25T14:58:20.7570943Z   pythonLocation: /opt/hostedtoolcache/Python/3.9.25/x64
deploy	Install Lambda Dependencies	2025-12-25T14:58:20.7571379Z   PKG_CONFIG_PATH: /opt/hostedtoolcache/Python/3.9.25/x64/lib/pkgconfig
deploy	Install Lambda Dependencies	2025-12-25T14:58:20.7571784Z   Python_ROOT_DIR: /opt/hostedtoolcache/Python/3.9.25/x64
deploy	Install Lambda Dependencies	2025-12-25T14:58:20.7572178Z   Python2_ROOT_DIR: /opt/hostedtoolcache/Python/3.9.25/x64
deploy	Install Lambda Dependencies	2025-12-25T14:58:20.7572527Z   Python3_ROOT_DIR: /opt/hostedtoolcache/Python/3.9.25/x64
deploy	Install Lambda Dependencies	2025-12-25T14:58:20.7572875Z   LD_LIBRARY_PATH: /opt/hostedtoolcache/Python/3.9.25/x64/lib
deploy	Install Lambda Dependencies	2025-12-25T14:58:20.7573165Z ##[endgroup]
deploy	Install Lambda Dependencies	2025-12-25T14:58:20.7899945Z Installing dependencies for ./availability/requirements.txt
deploy	Install Lambda Dependencies	2025-12-25T14:58:26.1974574Z Collecting boto3>=1.34.0 (from -r ./availability/requirements.txt (line 1))
deploy	Install Lambda Dependencies	2025-12-25T14:58:26.2307752Z   Downloading boto3-1.42.16-py3-none-any.whl.metadata (6.8 kB)
deploy	Install Lambda Dependencies	2025-12-25T14:58:26.6678322Z Collecting botocore>=1.34.0 (from -r ./availability/requirements.txt (line 2))
deploy	Install Lambda Dependencies	2025-12-25T14:58:26.6724949Z   Downloading botocore-1.42.16-py3-none-any.whl.metadata (5.9 kB)
deploy	Install Lambda Dependencies	2025-12-25T14:58:26.6898764Z Collecting python-dateutil>=2.8.2 (from -r ./availability/requirements.txt (line 3))
deploy	Install Lambda Dependencies	2025-12-25T14:58:26.6937240Z   Downloading python_dateutil-2.9.0.post0-py2.py3-none-any.whl.metadata (8.4 kB)
deploy	Install Lambda Dependencies	2025-12-25T14:58:26.7349059Z Collecting pytz>=2023.3 (from -r ./availability/requirements.txt (line 4))
deploy	Install Lambda Dependencies	2025-12-25T14:58:26.7386252Z   Downloading pytz-2025.2-py2.py3-none-any.whl.metadata (22 kB)
deploy	Install Lambda Dependencies	2025-12-25T14:58:26.8884325Z Collecting jmespath<2.0.0,>=0.7.1 (from boto3>=1.34.0->-r ./availability/requirements.txt (line 1))
deploy	Install Lambda Dependencies	2025-12-25T14:58:26.8921782Z   Downloading jmespath-1.0.1-py3-none-any.whl.metadata (7.6 kB)
deploy	Install Lambda Dependencies	2025-12-25T14:58:26.9125068Z Collecting s3transfer<0.17.0,>=0.16.0 (from boto3>=1.34.0->-r ./availability/requirements.txt (line 1))
deploy	Install Lambda Dependencies	2025-12-25T14:58:26.9168540Z   Downloading s3transfer-0.16.0-py3-none-any.whl.metadata (1.7 kB)
deploy	Install Lambda Dependencies	2025-12-25T14:58:26.9504933Z Collecting urllib3<1.27,>=1.25.4 (from botocore>=1.34.0->-r ./availability/requirements.txt (line 2))
deploy	Install Lambda Dependencies	2025-12-25T14:58:26.9540503Z   Downloading urllib3-1.26.20-py2.py3-none-any.whl.metadata (50 kB)
deploy	Install Lambda Dependencies	2025-12-25T14:58:26.9766225Z Collecting six>=1.5 (from python-dateutil>=2.8.2->-r ./availability/requirements.txt (line 3))
deploy	Install Lambda Dependencies	2025-12-25T14:58:26.9800301Z   Downloading six-1.17.0-py2.py3-none-any.whl.metadata (1.7 kB)
deploy	Install Lambda Dependencies	2025-12-25T14:58:27.1924632Z Downloading boto3-1.42.16-py3-none-any.whl (140 kB)
deploy	Install Lambda Dependencies	2025-12-25T14:58:27.2037671Z Downloading botocore-1.42.16-py3-none-any.whl (14.6 MB)
deploy	Install Lambda Dependencies	2025-12-25T14:58:27.2890771Z    â”â”â”â”â”â”â”â”â”â”â”â”â”â”â”â”â”â”â”â”â”â”â”â”â”â”â”â”â”â”â”â”â”â”â”â”â”â”â”â” 14.6/14.6 MB 179.9 MB/s  0:00:00
deploy	Install Lambda Dependencies	2025-12-25T14:58:27.2932225Z Downloading python_dateutil-2.9.0.post0-py2.py3-none-any.whl (229 kB)
deploy	Install Lambda Dependencies	2025-12-25T14:58:27.2996549Z Downloading jmespath-1.0.1-py3-none-any.whl (20 kB)
deploy	Install Lambda Dependencies	2025-12-25T14:58:27.3054780Z Downloading s3transfer-0.16.0-py3-none-any.whl (86 kB)
deploy	Install Lambda Dependencies	2025-12-25T14:58:27.3111316Z Downloading urllib3-1.26.20-py2.py3-none-any.whl (144 kB)
deploy	Install Lambda Dependencies	2025-12-25T14:58:27.3171280Z Downloading pytz-2025.2-py2.py3-none-any.whl (509 kB)
deploy	Install Lambda Dependencies	2025-12-25T14:58:27.3268170Z Downloading six-1.17.0-py2.py3-none-any.whl (11 kB)
deploy	Install Lambda Dependencies	2025-12-25T14:58:27.4431027Z Installing collected packages: pytz, urllib3, six, jmespath, python-dateutil, botocore, s3transfer, boto3
deploy	Install Lambda Dependencies	2025-12-25T14:58:28.3090239Z 
deploy	Install Lambda Dependencies	2025-12-25T14:58:28.3114068Z Successfully installed boto3-1.42.16 botocore-1.42.16 jmespath-1.0.1 python-dateutil-2.9.0.post0 pytz-2025.2 s3transfer-0.16.0 six-1.17.0 urllib3-1.26.20
deploy	Install Lambda Dependencies	2025-12-25T14:58:28.4667078Z Installing dependencies for ./chat_agent/requirements.txt
deploy	Install Lambda Dependencies	2025-12-25T14:58:29.3127434Z Collecting requests (from -r ./chat_agent/requirements.txt (line 1))
deploy	Install Lambda Dependencies	2025-12-25T14:58:29.3459996Z   Downloading requests-2.32.5-py3-none-any.whl.metadata (4.9 kB)
deploy	Install Lambda Dependencies	2025-12-25T14:58:29.3641729Z Collecting aws-xray-sdk (from -r ./chat_agent/requirements.txt (line 2))
deploy	Install Lambda Dependencies	2025-12-25T14:58:29.3678725Z   Downloading aws_xray_sdk-2.15.0-py2.py3-none-any.whl.metadata (23 kB)
deploy	Install Lambda Dependencies	2025-12-25T14:58:29.7374790Z Collecting boto3>=1.34.0 (from -r ./chat_agent/requirements.txt (line 3))
deploy	Install Lambda Dependencies	2025-12-25T14:58:29.7395309Z   Using cached boto3-1.42.16-py3-none-any.whl.metadata (6.8 kB)
deploy	Install Lambda Dependencies	2025-12-25T14:58:29.7525430Z Collecting python-dateutil>=2.8.2 (from -r ./chat_agent/requirements.txt (line 4))
deploy	Install Lambda Dependencies	2025-12-25T14:58:29.7544234Z   Using cached python_dateutil-2.9.0.post0-py2.py3-none-any.whl.metadata (8.4 kB)
deploy	Install Lambda Dependencies	2025-12-25T14:58:29.7917304Z Collecting pytz>=2023.3 (from -r ./chat_agent/requirements.txt (line 5))
deploy	Install Lambda Dependencies	2025-12-25T14:58:29.7935359Z   Using cached pytz-2025.2-py2.py3-none-any.whl.metadata (22 kB)
deploy	Install Lambda Dependencies	2025-12-25T14:58:29.8192060Z Collecting pypdf>=3.0.0 (from -r ./chat_agent/requirements.txt (line 6))
deploy	Install Lambda Dependencies	2025-12-25T14:58:29.8238913Z   Downloading pypdf-6.5.0-py3-none-any.whl.metadata (7.1 kB)
deploy	Install Lambda Dependencies	2025-12-25T14:58:29.9333439Z Collecting charset_normalizer<4,>=2 (from requests->-r ./chat_agent/requirements.txt (line 1))
deploy	Install Lambda Dependencies	2025-12-25T14:58:29.9384035Z   Downloading charset_normalizer-3.4.4-cp39-cp39-manylinux2014_x86_64.manylinux_2_17_x86_64.manylinux_2_28_x86_64.whl.metadata (37 kB)
deploy	Install Lambda Dependencies	2025-12-25T14:58:29.9556301Z Collecting idna<4,>=2.5 (from requests->-r ./chat_agent/requirements.txt (line 1))
deploy	Install Lambda Dependencies	2025-12-25T14:58:29.9594972Z   Downloading idna-3.11-py3-none-any.whl.metadata (8.4 kB)
deploy	Install Lambda Dependencies	2025-12-25T14:58:29.9915738Z Collecting urllib3<3,>=1.21.1 (from requests->-r ./chat_agent/requirements.txt (line 1))
deploy	Install Lambda Dependencies	2025-12-25T14:58:29.9958035Z   Downloading urllib3-2.6.2-py3-none-any.whl.metadata (6.6 kB)
deploy	Install Lambda Dependencies	2025-12-25T14:58:30.0344272Z Collecting certifi>=2017.4.17 (from requests->-r ./chat_agent/requirements.txt (line 1))
deploy	Install Lambda Dependencies	2025-12-25T14:58:30.0386470Z   Downloading certifi-2025.11.12-py3-none-any.whl.metadata (2.5 kB)
deploy	Install Lambda Dependencies	2025-12-25T14:58:30.2088415Z Collecting wrapt (from aws-xray-sdk->-r ./chat_agent/requirements.txt (line 2))
deploy	Install Lambda Dependencies	2025-12-25T14:58:30.2135602Z   Downloading wrapt-2.0.1-cp39-cp39-manylinux1_x86_64.manylinux_2_28_x86_64.manylinux_2_5_x86_64.whl.metadata (9.0 kB)
deploy	Install Lambda Dependencies	2025-12-25T14:58:30.7408336Z Collecting botocore>=1.11.3 (from aws-xray-sdk->-r ./chat_agent/requirements.txt (line 2))
deploy	Install Lambda Dependencies	2025-12-25T14:58:30.7428374Z   Using cached botocore-1.42.16-py3-none-any.whl.metadata (5.9 kB)
deploy	Install Lambda Dependencies	2025-12-25T14:58:31.0082936Z Collecting jmespath<2.0.0,>=0.7.1 (from boto3>=1.34.0->-r ./chat_agent/requirements.txt (line 3))
deploy	Install Lambda Dependencies	2025-12-25T14:58:31.0102031Z   Using cached jmespath-1.0.1-py3-none-any.whl.metadata (7.6 kB)
deploy	Install Lambda Dependencies	2025-12-25T14:58:31.0271586Z Collecting s3transfer<0.17.0,>=0.16.0 (from boto3>=1.34.0->-r ./chat_agent/requirements.txt (line 3))
deploy	Install Lambda Dependencies	2025-12-25T14:58:31.0293392Z   Using cached s3transfer-0.16.0-py3-none-any.whl.metadata (1.7 kB)
deploy	Install Lambda Dependencies	2025-12-25T14:58:31.0472760Z Collecting urllib3<3,>=1.21.1 (from requests->-r ./chat_agent/requirements.txt (line 1))
deploy	Install Lambda Dependencies	2025-12-25T14:58:31.0490659Z   Using cached urllib3-1.26.20-py2.py3-none-any.whl.metadata (50 kB)
deploy	Install Lambda Dependencies	2025-12-25T14:58:31.0682640Z Collecting six>=1.5 (from python-dateutil>=2.8.2->-r ./chat_agent/requirements.txt (line 4))
deploy	Install Lambda Dependencies	2025-12-25T14:58:31.0700931Z   Using cached six-1.17.0-py2.py3-none-any.whl.metadata (1.7 kB)
deploy	Install Lambda Dependencies	2025-12-25T14:58:31.4214448Z Collecting typing_extensions>=4.0 (from pypdf>=3.0.0->-r ./chat_agent/requirements.txt (line 6))
deploy	Install Lambda Dependencies	2025-12-25T14:58:31.4255609Z   Downloading typing_extensions-4.15.0-py3-none-any.whl.metadata (3.3 kB)
deploy	Install Lambda Dependencies	2025-12-25T14:58:31.4364774Z Downloading requests-2.32.5-py3-none-any.whl (64 kB)
deploy	Install Lambda Dependencies	2025-12-25T14:58:31.4435066Z Downloading charset_normalizer-3.4.4-cp39-cp39-manylinux2014_x86_64.manylinux_2_17_x86_64.manylinux_2_28_x86_64.whl (153 kB)
deploy	Install Lambda Dependencies	2025-12-25T14:58:31.4507741Z Downloading idna-3.11-py3-none-any.whl (71 kB)
deploy	Install Lambda Dependencies	2025-12-25T14:58:31.4572440Z Downloading aws_xray_sdk-2.15.0-py2.py3-none-any.whl (103 kB)
deploy	Install Lambda Dependencies	2025-12-25T14:58:31.4616090Z Using cached boto3-1.42.16-py3-none-any.whl (140 kB)
deploy	Install Lambda Dependencies	2025-12-25T14:58:31.4633481Z Using cached botocore-1.42.16-py3-none-any.whl (14.6 MB)
deploy	Install Lambda Dependencies	2025-12-25T14:58:31.4755670Z Using cached python_dateutil-2.9.0.post0-py2.py3-none-any.whl (229 kB)
deploy	Install Lambda Dependencies	2025-12-25T14:58:31.4773108Z Using cached jmespath-1.0.1-py3-none-any.whl (20 kB)
deploy	Install Lambda Dependencies	2025-12-25T14:58:31.4788995Z Using cached s3transfer-0.16.0-py3-none-any.whl (86 kB)
deploy	Install Lambda Dependencies	2025-12-25T14:58:31.4805835Z Using cached urllib3-1.26.20-py2.py3-none-any.whl (144 kB)
deploy	Install Lambda Dependencies	2025-12-25T14:58:31.4822672Z Using cached pytz-2025.2-py2.py3-none-any.whl (509 kB)
deploy	Install Lambda Dependencies	2025-12-25T14:58:31.4880400Z Downloading pypdf-6.5.0-py3-none-any.whl (329 kB)
deploy	Install Lambda Dependencies	2025-12-25T14:58:31.4957780Z Downloading certifi-2025.11.12-py3-none-any.whl (159 kB)
deploy	Install Lambda Dependencies	2025-12-25T14:58:31.4998672Z Using cached six-1.17.0-py2.py3-none-any.whl (11 kB)
deploy	Install Lambda Dependencies	2025-12-25T14:58:31.5036169Z Downloading typing_extensions-4.15.0-py3-none-any.whl (44 kB)
deploy	Install Lambda Dependencies	2025-12-25T14:58:31.5096739Z Downloading wrapt-2.0.1-cp39-cp39-manylinux1_x86_64.manylinux_2_28_x86_64.manylinux_2_5_x86_64.whl (113 kB)
deploy	Install Lambda Dependencies	2025-12-25T14:58:31.6084222Z Installing collected packages: pytz, wrapt, urllib3, typing_extensions, six, jmespath, idna, charset_normalizer, certifi, requests, python-dateutil, pypdf, botocore, s3transfer, aws-xray-sdk, boto3
deploy	Install Lambda Dependencies	2025-12-25T14:58:32.9803072Z 
deploy	Install Lambda Dependencies	2025-12-25T14:58:32.9839182Z Successfully installed aws-xray-sdk-2.15.0 boto3-1.42.16 botocore-1.42.16 certifi-2025.11.12 charset_normalizer-3.4.4 idna-3.11 jmespath-1.0.1 pypdf-6.5.0 python-dateutil-2.9.0.post0 pytz-2025.2 requests-2.32.5 s3transfer-0.16.0 six-1.17.0 typing_extensions-4.15.0 urllib3-1.26.20 wrapt-2.0.1
deploy	Install Lambda Dependencies	2025-12-25T14:58:33.0936639Z Installing dependencies for ./auth_resolver/requirements.txt
deploy	Install Lambda Dependencies	2025-12-25T14:58:34.2642311Z Collecting boto3>=1.34.0 (from -r ./auth_resolver/requirements.txt (line 1))
deploy	Install Lambda Dependencies	2025-12-25T14:58:34.2662453Z   Using cached boto3-1.42.16-py3-none-any.whl.metadata (6.8 kB)
deploy	Install Lambda Dependencies	2025-12-25T14:58:34.2796189Z Collecting python-dateutil>=2.8.2 (from -r ./auth_resolver/requirements.txt (line 2))
deploy	Install Lambda Dependencies	2025-12-25T14:58:34.2813813Z   Using cached python_dateutil-2.9.0.post0-py2.py3-none-any.whl.metadata (8.4 kB)
deploy	Install Lambda Dependencies	2025-12-25T14:58:34.7004169Z Collecting botocore>=1.34.0 (from -r ./auth_resolver/requirements.txt (line 3))
deploy	Install Lambda Dependencies	2025-12-25T14:58:34.7023713Z   Using cached botocore-1.42.16-py3-none-any.whl.metadata (5.9 kB)
deploy	Install Lambda Dependencies	2025-12-25T14:58:34.8259426Z Collecting jmespath<2.0.0,>=0.7.1 (from boto3>=1.34.0->-r ./auth_resolver/requirements.txt (line 1))
deploy	Install Lambda Dependencies	2025-12-25T14:58:34.8277172Z   Using cached jmespath-1.0.1-py3-none-any.whl.metadata (7.6 kB)
deploy	Install Lambda Dependencies	2025-12-25T14:58:34.8440023Z Collecting s3transfer<0.17.0,>=0.16.0 (from boto3>=1.34.0->-r ./auth_resolver/requirements.txt (line 1))
deploy	Install Lambda Dependencies	2025-12-25T14:58:34.8457308Z   Using cached s3transfer-0.16.0-py3-none-any.whl.metadata (1.7 kB)
deploy	Install Lambda Dependencies	2025-12-25T14:58:34.8765255Z Collecting urllib3<1.27,>=1.25.4 (from botocore>=1.34.0->-r ./auth_resolver/requirements.txt (line 3))
deploy	Install Lambda Dependencies	2025-12-25T14:58:34.8782523Z   Using cached urllib3-1.26.20-py2.py3-none-any.whl.metadata (50 kB)
deploy	Install Lambda Dependencies	2025-12-25T14:58:34.8957799Z Collecting six>=1.5 (from python-dateutil>=2.8.2->-r ./auth_resolver/requirements.txt (line 2))
deploy	Install Lambda Dependencies	2025-12-25T14:58:34.8975033Z   Using cached six-1.17.0-py2.py3-none-any.whl.metadata (1.7 kB)
deploy	Install Lambda Dependencies	2025-12-25T14:58:35.0156763Z Using cached boto3-1.42.16-py3-none-any.whl (140 kB)
deploy	Install Lambda Dependencies	2025-12-25T14:58:35.0174631Z Using cached botocore-1.42.16-py3-none-any.whl (14.6 MB)
deploy	Install Lambda Dependencies	2025-12-25T14:58:35.0295572Z Using cached python_dateutil-2.9.0.post0-py2.py3-none-any.whl (229 kB)
deploy	Install Lambda Dependencies	2025-12-25T14:58:35.0313490Z Using cached jmespath-1.0.1-py3-none-any.whl (20 kB)
deploy	Install Lambda Dependencies	2025-12-25T14:58:35.0330308Z Using cached s3transfer-0.16.0-py3-none-any.whl (86 kB)
deploy	Install Lambda Dependencies	2025-12-25T14:58:35.0347589Z Using cached urllib3-1.26.20-py2.py3-none-any.whl (144 kB)
deploy	Install Lambda Dependencies	2025-12-25T14:58:35.0365051Z Using cached six-1.17.0-py2.py3-none-any.whl (11 kB)
deploy	Install Lambda Dependencies	2025-12-25T14:58:35.1050106Z Installing collected packages: urllib3, six, jmespath, python-dateutil, botocore, s3transfer, boto3
deploy	Install Lambda Dependencies	2025-12-25T14:58:35.8506283Z 
deploy	Install Lambda Dependencies	2025-12-25T14:58:35.8528529Z Successfully installed boto3-1.42.16 botocore-1.42.16 jmespath-1.0.1 python-dateutil-2.9.0.post0 s3transfer-0.16.0 six-1.17.0 urllib3-1.26.20
deploy	Install Lambda Dependencies	2025-12-25T14:58:35.9285330Z Installing dependencies for ./booking/requirements.txt
deploy	Install Lambda Dependencies	2025-12-25T14:58:37.1081931Z Collecting boto3>=1.34.0 (from -r ./booking/requirements.txt (line 1))
deploy	Install Lambda Dependencies	2025-12-25T14:58:37.1102780Z   Using cached boto3-1.42.16-py3-none-any.whl.metadata (6.8 kB)
deploy	Install Lambda Dependencies	2025-12-25T14:58:37.5397343Z Collecting botocore>=1.34.0 (from -r ./booking/requirements.txt (line 2))
deploy	Install Lambda Dependencies	2025-12-25T14:58:37.5417157Z   Using cached botocore-1.42.16-py3-none-any.whl.metadata (5.9 kB)
deploy	Install Lambda Dependencies	2025-12-25T14:58:37.5557156Z Collecting python-dateutil>=2.8.2 (from -r ./booking/requirements.txt (line 3))
deploy	Install Lambda Dependencies	2025-12-25T14:58:37.5574926Z   Using cached python_dateutil-2.9.0.post0-py2.py3-none-any.whl.metadata (8.4 kB)
deploy	Install Lambda Dependencies	2025-12-25T14:58:37.7176066Z Collecting jmespath<2.0.0,>=0.7.1 (from boto3>=1.34.0->-r ./booking/requirements.txt (line 1))
deploy	Install Lambda Dependencies	2025-12-25T14:58:37.7193805Z   Using cached jmespath-1.0.1-py3-none-any.whl.metadata (7.6 kB)
deploy	Install Lambda Dependencies	2025-12-25T14:58:37.7371187Z Collecting s3transfer<0.17.0,>=0.16.0 (from boto3>=1.34.0->-r ./booking/requirements.txt (line 1))
deploy	Install Lambda Dependencies	2025-12-25T14:58:37.7388915Z   Using cached s3transfer-0.16.0-py3-none-any.whl.metadata (1.7 kB)
deploy	Install Lambda Dependencies	2025-12-25T14:58:37.7716941Z Collecting urllib3<1.27,>=1.25.4 (from botocore>=1.34.0->-r ./booking/requirements.txt (line 2))
deploy	Install Lambda Dependencies	2025-12-25T14:58:37.7734186Z   Using cached urllib3-1.26.20-py2.py3-none-any.whl.metadata (50 kB)
deploy	Install Lambda Dependencies	2025-12-25T14:58:37.7916104Z Collecting six>=1.5 (from python-dateutil>=2.8.2->-r ./booking/requirements.txt (line 3))
deploy	Install Lambda Dependencies	2025-12-25T14:58:37.7933318Z   Using cached six-1.17.0-py2.py3-none-any.whl.metadata (1.7 kB)
deploy	Install Lambda Dependencies	2025-12-25T14:58:38.0141721Z Using cached boto3-1.42.16-py3-none-any.whl (140 kB)
deploy	Install Lambda Dependencies	2025-12-25T14:58:38.0159937Z Using cached botocore-1.42.16-py3-none-any.whl (14.6 MB)
deploy	Install Lambda Dependencies	2025-12-25T14:58:38.0282807Z Using cached python_dateutil-2.9.0.post0-py2.py3-none-any.whl (229 kB)
deploy	Install Lambda Dependencies	2025-12-25T14:58:38.0301298Z Using cached jmespath-1.0.1-py3-none-any.whl (20 kB)
deploy	Install Lambda Dependencies	2025-12-25T14:58:38.0318337Z Using cached s3transfer-0.16.0-py3-none-any.whl (86 kB)
deploy	Install Lambda Dependencies	2025-12-25T14:58:38.0335667Z Using cached urllib3-1.26.20-py2.py3-none-any.whl (144 kB)
deploy	Install Lambda Dependencies	2025-12-25T14:58:38.0353571Z Using cached six-1.17.0-py2.py3-none-any.whl (11 kB)
deploy	Install Lambda Dependencies	2025-12-25T14:58:38.1058568Z Installing collected packages: urllib3, six, jmespath, python-dateutil, botocore, s3transfer, boto3
deploy	Install Lambda Dependencies	2025-12-25T14:58:38.8775329Z 
deploy	Install Lambda Dependencies	2025-12-25T14:58:38.8798180Z Successfully installed boto3-1.42.16 botocore-1.42.16 jmespath-1.0.1 python-dateutil-2.9.0.post0 s3transfer-0.16.0 six-1.17.0 urllib3-1.26.20
deploy	Install Lambda Dependencies	2025-12-25T14:58:38.9577969Z Installing dependencies for ./catalog/requirements.txt
deploy	Install Lambda Dependencies	2025-12-25T14:58:40.1313091Z Collecting boto3>=1.34.0 (from -r ./catalog/requirements.txt (line 1))
deploy	Install Lambda Dependencies	2025-12-25T14:58:40.1333330Z   Using cached boto3-1.42.16-py3-none-any.whl.metadata (6.8 kB)
deploy	Install Lambda Dependencies	2025-12-25T14:58:40.1461471Z Collecting python-dateutil>=2.8.2 (from -r ./catalog/requirements.txt (line 2))
deploy	Install Lambda Dependencies	2025-12-25T14:58:40.1479193Z   Using cached python_dateutil-2.9.0.post0-py2.py3-none-any.whl.metadata (8.4 kB)
deploy	Install Lambda Dependencies	2025-12-25T14:58:40.5683383Z Collecting botocore>=1.34.0 (from -r ./catalog/requirements.txt (line 3))
deploy	Install Lambda Dependencies	2025-12-25T14:58:40.5703258Z   Using cached botocore-1.42.16-py3-none-any.whl.metadata (5.9 kB)
deploy	Install Lambda Dependencies	2025-12-25T14:58:40.7301833Z Collecting jmespath<2.0.0,>=0.7.1 (from boto3>=1.34.0->-r ./catalog/requirements.txt (line 1))
deploy	Install Lambda Dependencies	2025-12-25T14:58:40.7319678Z   Using cached jmespath-1.0.1-py3-none-any.whl.metadata (7.6 kB)
deploy	Install Lambda Dependencies	2025-12-25T14:58:40.7503192Z Collecting s3transfer<0.17.0,>=0.16.0 (from boto3>=1.34.0->-r ./catalog/requirements.txt (line 1))
deploy	Install Lambda Dependencies	2025-12-25T14:58:40.7520468Z   Using cached s3transfer-0.16.0-py3-none-any.whl.metadata (1.7 kB)
deploy	Install Lambda Dependencies	2025-12-25T14:58:40.7821894Z Collecting urllib3<1.27,>=1.25.4 (from botocore>=1.34.0->-r ./catalog/requirements.txt (line 3))
deploy	Install Lambda Dependencies	2025-12-25T14:58:40.7839460Z   Using cached urllib3-1.26.20-py2.py3-none-any.whl.metadata (50 kB)
deploy	Install Lambda Dependencies	2025-12-25T14:58:40.8011660Z Collecting six>=1.5 (from python-dateutil>=2.8.2->-r ./catalog/requirements.txt (line 2))
deploy	Install Lambda Dependencies	2025-12-25T14:58:40.8028823Z   Using cached six-1.17.0-py2.py3-none-any.whl.metadata (1.7 kB)
deploy	Install Lambda Dependencies	2025-12-25T14:58:40.9571951Z Using cached boto3-1.42.16-py3-none-any.whl (140 kB)
deploy	Install Lambda Dependencies	2025-12-25T14:58:40.9588952Z Using cached botocore-1.42.16-py3-none-any.whl (14.6 MB)
deploy	Install Lambda Dependencies	2025-12-25T14:58:40.9710987Z Using cached python_dateutil-2.9.0.post0-py2.py3-none-any.whl (229 kB)
deploy	Install Lambda Dependencies	2025-12-25T14:58:40.9728983Z Using cached jmespath-1.0.1-py3-none-any.whl (20 kB)
deploy	Install Lambda Dependencies	2025-12-25T14:58:40.9745528Z Using cached s3transfer-0.16.0-py3-none-any.whl (86 kB)
deploy	Install Lambda Dependencies	2025-12-25T14:58:40.9762286Z Using cached urllib3-1.26.20-py2.py3-none-any.whl (144 kB)
deploy	Install Lambda Dependencies	2025-12-25T14:58:40.9779390Z Using cached six-1.17.0-py2.py3-none-any.whl (11 kB)
deploy	Install Lambda Dependencies	2025-12-25T14:58:41.0469784Z Installing collected packages: urllib3, six, jmespath, python-dateutil, botocore, s3transfer, boto3
deploy	Install Lambda Dependencies	2025-12-25T14:58:41.8081688Z 
deploy	Install Lambda Dependencies	2025-12-25T14:58:41.8104722Z Successfully installed boto3-1.42.16 botocore-1.42.16 jmespath-1.0.1 python-dateutil-2.9.0.post0 s3transfer-0.16.0 six-1.17.0 urllib3-1.26.20
deploy	Configure AWS credentials	ï»¿2025-12-25T14:58:41.8974825Z ##[group]Run aws-actions/configure-aws-credentials@v4
deploy	Configure AWS credentials	2025-12-25T14:58:41.8975149Z with:
deploy	Configure AWS credentials	2025-12-25T14:58:41.8975417Z   role-to-assume: arn:aws:iam::607250385528:role/OICD_GITHUB_ACTION_DEPLOY
deploy	Configure AWS credentials	2025-12-25T14:58:41.8975750Z   aws-region: us-east-1
deploy	Configure AWS credentials	2025-12-25T14:58:41.8975959Z   audience: sts.amazonaws.com
deploy	Configure AWS credentials	2025-12-25T14:58:41.8976193Z   output-env-credentials: true
deploy	Configure AWS credentials	2025-12-25T14:58:41.8976411Z env:
deploy	Configure AWS credentials	2025-12-25T14:58:41.8976631Z   pythonLocation: /opt/hostedtoolcache/Python/3.9.25/x64
deploy	Configure AWS credentials	2025-12-25T14:58:41.8977021Z   PKG_CONFIG_PATH: /opt/hostedtoolcache/Python/3.9.25/x64/lib/pkgconfig
deploy	Configure AWS credentials	2025-12-25T14:58:41.8977412Z   Python_ROOT_DIR: /opt/hostedtoolcache/Python/3.9.25/x64
deploy	Configure AWS credentials	2025-12-25T14:58:41.8977764Z   Python2_ROOT_DIR: /opt/hostedtoolcache/Python/3.9.25/x64
deploy	Configure AWS credentials	2025-12-25T14:58:41.8978102Z   Python3_ROOT_DIR: /opt/hostedtoolcache/Python/3.9.25/x64
deploy	Configure AWS credentials	2025-12-25T14:58:41.8978434Z   LD_LIBRARY_PATH: /opt/hostedtoolcache/Python/3.9.25/x64/lib
deploy	Configure AWS credentials	2025-12-25T14:58:41.8978727Z ##[endgroup]
deploy	Configure AWS credentials	2025-12-25T14:58:42.2930918Z Assuming role with OIDC
deploy	Configure AWS credentials	2025-12-25T14:58:42.6234311Z Authenticated as assumedRoleId AROAY2YXRRJ4FJCZEMYSV:GitHubActions
deploy	Install CDK dependencies	ï»¿2025-12-25T14:58:42.7136641Z ##[group]Run npm ci
deploy	Install CDK dependencies	2025-12-25T14:58:42.7136910Z [36;1mnpm ci[0m
deploy	Install CDK dependencies	2025-12-25T14:58:42.7170805Z shell: /usr/bin/bash -e {0}
deploy	Install CDK dependencies	2025-12-25T14:58:42.7171062Z env:
deploy	Install CDK dependencies	2025-12-25T14:58:42.7171324Z   pythonLocation: /opt/hostedtoolcache/Python/3.9.25/x64
deploy	Install CDK dependencies	2025-12-25T14:58:42.7171754Z   PKG_CONFIG_PATH: /opt/hostedtoolcache/Python/3.9.25/x64/lib/pkgconfig
deploy	Install CDK dependencies	2025-12-25T14:58:42.7172172Z   Python_ROOT_DIR: /opt/hostedtoolcache/Python/3.9.25/x64
deploy	Install CDK dependencies	2025-12-25T14:58:42.7172535Z   Python2_ROOT_DIR: /opt/hostedtoolcache/Python/3.9.25/x64
deploy	Install CDK dependencies	2025-12-25T14:58:42.7173072Z   Python3_ROOT_DIR: /opt/hostedtoolcache/Python/3.9.25/x64
deploy	Install CDK dependencies	2025-12-25T14:58:42.7173428Z   LD_LIBRARY_PATH: /opt/hostedtoolcache/Python/3.9.25/x64/lib
deploy	Install CDK dependencies	2025-12-25T14:58:42.7173750Z   AWS_DEFAULT_REGION: us-east-1
deploy	Install CDK dependencies	2025-12-25T14:58:42.7173988Z   AWS_REGION: us-east-1
deploy	Install CDK dependencies	2025-12-25T14:58:42.7174318Z   AWS_ACCESS_KEY_ID: ***
deploy	Install CDK dependencies	2025-12-25T14:58:42.7174641Z   AWS_SECRET_ACCESS_KEY: ***
deploy	Install CDK dependencies	2025-12-25T14:58:42.7179375Z   AWS_SESSION_TOKEN: ***
deploy	Install CDK dependencies	2025-12-25T14:58:42.7179595Z ##[endgroup]
deploy	Install CDK dependencies	2025-12-25T14:58:48.9239483Z 
deploy	Install CDK dependencies	2025-12-25T14:58:48.9240242Z added 26 packages, and audited 63 packages in 6s
deploy	Install CDK dependencies	2025-12-25T14:58:48.9240821Z 
deploy	Install CDK dependencies	2025-12-25T14:58:48.9241076Z 4 packages are looking for funding
deploy	Install CDK dependencies	2025-12-25T14:58:48.9241555Z   run `npm fund` for details
deploy	Install CDK dependencies	2025-12-25T14:58:48.9252506Z 
deploy	Install CDK dependencies	2025-12-25T14:58:48.9253893Z found 0 vulnerabilities
deploy	Sanitize Environment Name	ï»¿2025-12-25T14:58:48.9454062Z ##[group]Run # Get branch name (head_ref for PRs, ref_name for dispatch)
deploy	Sanitize Environment Name	2025-12-25T14:58:48.9454571Z [36;1m# Get branch name (head_ref for PRs, ref_name for dispatch)[0m
deploy	Sanitize Environment Name	2025-12-25T14:58:48.9454918Z [36;1mRAW_BRANCH=dev[0m
deploy	Sanitize Environment Name	2025-12-25T14:58:48.9455164Z [36;1m# Replace slashes with hyphens[0m
deploy	Sanitize Environment Name	2025-12-25T14:58:48.9455463Z [36;1mSANITIZED_BRANCH=${RAW_BRANCH//\//-}[0m
deploy	Sanitize Environment Name	2025-12-25T14:58:48.9455799Z [36;1mecho "ENV_NAME=${SANITIZED_BRANCH}" >> $GITHUB_ENV[0m
deploy	Sanitize Environment Name	2025-12-25T14:58:48.9488856Z shell: /usr/bin/bash -e {0}
deploy	Sanitize Environment Name	2025-12-25T14:58:48.9489115Z env:
deploy	Sanitize Environment Name	2025-12-25T14:58:48.9489378Z   pythonLocation: /opt/hostedtoolcache/Python/3.9.25/x64
deploy	Sanitize Environment Name	2025-12-25T14:58:48.9489807Z   PKG_CONFIG_PATH: /opt/hostedtoolcache/Python/3.9.25/x64/lib/pkgconfig
deploy	Sanitize Environment Name	2025-12-25T14:58:48.9490224Z   Python_ROOT_DIR: /opt/hostedtoolcache/Python/3.9.25/x64
deploy	Sanitize Environment Name	2025-12-25T14:58:48.9490835Z   Python2_ROOT_DIR: /opt/hostedtoolcache/Python/3.9.25/x64
deploy	Sanitize Environment Name	2025-12-25T14:58:48.9491227Z   Python3_ROOT_DIR: /opt/hostedtoolcache/Python/3.9.25/x64
deploy	Sanitize Environment Name	2025-12-25T14:58:48.9491629Z   LD_LIBRARY_PATH: /opt/hostedtoolcache/Python/3.9.25/x64/lib
deploy	Sanitize Environment Name	2025-12-25T14:58:48.9491950Z   AWS_DEFAULT_REGION: us-east-1
deploy	Sanitize Environment Name	2025-12-25T14:58:48.9492194Z   AWS_REGION: us-east-1
deploy	Sanitize Environment Name	2025-12-25T14:58:48.9492669Z   AWS_ACCESS_KEY_ID: ***
deploy	Sanitize Environment Name	2025-12-25T14:58:48.9492999Z   AWS_SECRET_ACCESS_KEY: ***
deploy	Sanitize Environment Name	2025-12-25T14:58:48.9497686Z   AWS_SESSION_TOKEN: ***
deploy	Sanitize Environment Name	2025-12-25T14:58:48.9497899Z ##[endgroup]
deploy	Deploy with CDK	ï»¿2025-12-25T14:58:48.9601326Z ##[group]Run npx cdk deploy --all --require-approval never
deploy	Deploy with CDK	2025-12-25T14:58:48.9601770Z [36;1mnpx cdk deploy --all --require-approval never[0m
deploy	Deploy with CDK	2025-12-25T14:58:48.9631177Z shell: /usr/bin/bash -e {0}
deploy	Deploy with CDK	2025-12-25T14:58:48.9631426Z env:
deploy	Deploy with CDK	2025-12-25T14:58:48.9631687Z   pythonLocation: /opt/hostedtoolcache/Python/3.9.25/x64
deploy	Deploy with CDK	2025-12-25T14:58:48.9632127Z   PKG_CONFIG_PATH: /opt/hostedtoolcache/Python/3.9.25/x64/lib/pkgconfig
deploy	Deploy with CDK	2025-12-25T14:58:48.9632527Z   Python_ROOT_DIR: /opt/hostedtoolcache/Python/3.9.25/x64
deploy	Deploy with CDK	2025-12-25T14:58:48.9632885Z   Python2_ROOT_DIR: /opt/hostedtoolcache/Python/3.9.25/x64
deploy	Deploy with CDK	2025-12-25T14:58:48.9633245Z   Python3_ROOT_DIR: /opt/hostedtoolcache/Python/3.9.25/x64
deploy	Deploy with CDK	2025-12-25T14:58:48.9633601Z   LD_LIBRARY_PATH: /opt/hostedtoolcache/Python/3.9.25/x64/lib
deploy	Deploy with CDK	2025-12-25T14:58:48.9633927Z   AWS_DEFAULT_REGION: us-east-1
deploy	Deploy with CDK	2025-12-25T14:58:48.9634157Z   AWS_REGION: us-east-1
deploy	Deploy with CDK	2025-12-25T14:58:48.9634444Z   AWS_ACCESS_KEY_ID: ***
deploy	Deploy with CDK	2025-12-25T14:58:48.9634757Z   AWS_SECRET_ACCESS_KEY: ***
deploy	Deploy with CDK	2025-12-25T14:58:48.9639491Z   AWS_SESSION_TOKEN: ***
deploy	Deploy with CDK	2025-12-25T14:58:48.9639710Z   ENV_NAME: dev
deploy	Deploy with CDK	2025-12-25T14:58:48.9639899Z   ENV: dev
deploy	Deploy with CDK	2025-12-25T14:58:48.9640067Z ##[endgroup]
deploy	Deploy with CDK	2025-12-25T14:58:55.4305472Z [WARNING] aws-cdk-lib.aws_dynamodb.TableOptions#pointInTimeRecovery is deprecated.
deploy	Deploy with CDK	2025-12-25T14:58:55.4306157Z   use `pointInTimeRecoverySpecification` instead
deploy	Deploy with CDK	2025-12-25T14:58:55.4306620Z   This API will be removed in the next major release.
deploy	Deploy with CDK	2025-12-25T14:58:55.5287424Z [WARNING] aws-cdk-lib.aws_dynamodb.TableOptions#pointInTimeRecovery is deprecated.
deploy	Deploy with CDK	2025-12-25T14:58:55.5288027Z   use `pointInTimeRecoverySpecification` instead
deploy	Deploy with CDK	2025-12-25T14:58:55.5288423Z   This API will be removed in the next major release.
deploy	Deploy with CDK	2025-12-25T14:58:55.5296332Z [WARNING] aws-cdk-lib.aws_dynamodb.TableOptions#pointInTimeRecovery is deprecated.
deploy	Deploy with CDK	2025-12-25T14:58:55.5297191Z   use `pointInTimeRecoverySpecification` instead
deploy	Deploy with CDK	2025-12-25T14:58:55.5297590Z   This API will be removed in the next major release.
deploy	Deploy with CDK	2025-12-25T14:58:55.5304613Z [WARNING] aws-cdk-lib.aws_dynamodb.TableOptions#pointInTimeRecovery is deprecated.
deploy	Deploy with CDK	2025-12-25T14:58:55.5305307Z   use `pointInTimeRecoverySpecification` instead
deploy	Deploy with CDK	2025-12-25T14:58:55.5305716Z   This API will be removed in the next major release.
deploy	Deploy with CDK	2025-12-25T14:58:55.5310133Z [WARNING] aws-cdk-lib.aws_dynamodb.TableOptions#pointInTimeRecovery is deprecated.
deploy	Deploy with CDK	2025-12-25T14:58:55.5310945Z   use `pointInTimeRecoverySpecification` instead
deploy	Deploy with CDK	2025-12-25T14:58:55.5311315Z   This API will be removed in the next major release.
deploy	Deploy with CDK	2025-12-25T14:58:55.5315805Z [WARNING] aws-cdk-lib.aws_dynamodb.TableOptions#pointInTimeRecovery is deprecated.
deploy	Deploy with CDK	2025-12-25T14:58:55.5316753Z   use `pointInTimeRecoverySpecification` instead
deploy	Deploy with CDK	2025-12-25T14:58:55.5317412Z   This API will be removed in the next major release.
deploy	Deploy with CDK	2025-12-25T14:58:55.5321648Z [WARNING] aws-cdk-lib.aws_dynamodb.TableOptions#pointInTimeRecovery is deprecated.
deploy	Deploy with CDK	2025-12-25T14:58:55.5322324Z   use `pointInTimeRecoverySpecification` instead
deploy	Deploy with CDK	2025-12-25T14:58:55.5322722Z   This API will be removed in the next major release.
deploy	Deploy with CDK	2025-12-25T14:58:55.5326461Z [WARNING] aws-cdk-lib.aws_dynamodb.TableOptions#pointInTimeRecovery is deprecated.
deploy	Deploy with CDK	2025-12-25T14:58:55.5327126Z   use `pointInTimeRecoverySpecification` instead
deploy	Deploy with CDK	2025-12-25T14:58:55.5327507Z   This API will be removed in the next major release.
deploy	Deploy with CDK	2025-12-25T14:58:55.5331202Z [WARNING] aws-cdk-lib.aws_dynamodb.TableOptions#pointInTimeRecovery is deprecated.
deploy	Deploy with CDK	2025-12-25T14:58:55.5331886Z   use `pointInTimeRecoverySpecification` instead
deploy	Deploy with CDK	2025-12-25T14:58:55.5332241Z   This API will be removed in the next major release.
deploy	Deploy with CDK	2025-12-25T14:58:55.5339433Z [WARNING] aws-cdk-lib.aws_dynamodb.TableOptions#pointInTimeRecovery is deprecated.
deploy	Deploy with CDK	2025-12-25T14:58:55.5340091Z   use `pointInTimeRecoverySpecification` instead
deploy	Deploy with CDK	2025-12-25T14:58:55.5340461Z   This API will be removed in the next major release.
deploy	Deploy with CDK	2025-12-25T14:58:55.5345817Z [WARNING] aws-cdk-lib.aws_dynamodb.TableOptions#pointInTimeRecovery is deprecated.
deploy	Deploy with CDK	2025-12-25T14:58:55.5346463Z   use `pointInTimeRecoverySpecification` instead
deploy	Deploy with CDK	2025-12-25T14:58:55.5347104Z   This API will be removed in the next major release.
deploy	Deploy with CDK	2025-12-25T14:58:55.5351167Z [WARNING] aws-cdk-lib.aws_dynamodb.TableOptions#pointInTimeRecovery is deprecated.
deploy	Deploy with CDK	2025-12-25T14:58:55.5351835Z   use `pointInTimeRecoverySpecification` instead
deploy	Deploy with CDK	2025-12-25T14:58:55.5352207Z   This API will be removed in the next major release.
deploy	Deploy with CDK	2025-12-25T14:58:55.5413140Z [WARNING] aws-cdk-lib.aws_cognito.UserPoolProps#advancedSecurityMode is deprecated.
deploy	Deploy with CDK	2025-12-25T14:58:55.5414820Z   Advanced Security Mode is deprecated due to user pool feature plans. Use StandardThreatProtectionMode and CustomThreatProtectionMode to set Thread Protection level.
deploy	Deploy with CDK	2025-12-25T14:58:55.5416270Z   This API will be removed in the next major release.
deploy	Deploy with CDK	2025-12-25T14:58:55.5416894Z [WARNING] aws-cdk-lib.aws_cognito.AdvancedSecurityMode is deprecated.
deploy	Deploy with CDK	2025-12-25T14:58:55.5417948Z   Advanced Security Mode is deprecated due to user pool feature plans. Use StandardThreatProtectionMode and CustomThreatProtectionMode to set Thread Protection level.
deploy	Deploy with CDK	2025-12-25T14:58:55.5418856Z   This API will be removed in the next major release.
deploy	Deploy with CDK	2025-12-25T14:58:55.5419476Z [WARNING] aws-cdk-lib.aws_cognito.AdvancedSecurityMode#ENFORCED is deprecated.
deploy	Deploy with CDK	2025-12-25T14:58:55.5419944Z   
deploy	Deploy with CDK	2025-12-25T14:58:55.5420252Z   This API will be removed in the next major release.
deploy	Deploy with CDK	2025-12-25T14:58:55.6720836Z [WARNING] aws-cdk-lib.aws_lambda.FunctionOptions#logRetention is deprecated.
deploy	Deploy with CDK	2025-12-25T14:58:55.6721638Z   use `logGroup` instead
deploy	Deploy with CDK	2025-12-25T14:58:55.6721995Z   This API will be removed in the next major release.
deploy	Deploy with CDK	2025-12-25T14:58:56.2797444Z [WARNING] aws-cdk-lib.aws_lambda.FunctionOptions#logRetention is deprecated.
deploy	Deploy with CDK	2025-12-25T14:58:56.2798311Z   use `logGroup` instead
deploy	Deploy with CDK	2025-12-25T14:58:56.2799241Z   This API will be removed in the next major release.
deploy	Deploy with CDK	2025-12-25T14:58:56.8683449Z [WARNING] aws-cdk-lib.aws_lambda.FunctionOptions#logRetention is deprecated.
deploy	Deploy with CDK	2025-12-25T14:58:56.8684273Z   use `logGroup` instead
deploy	Deploy with CDK	2025-12-25T14:58:56.8684836Z   This API will be removed in the next major release.
deploy	Deploy with CDK	2025-12-25T14:58:57.4809285Z [WARNING] aws-cdk-lib.aws_lambda.FunctionOptions#logRetention is deprecated.
deploy	Deploy with CDK	2025-12-25T14:58:57.4809829Z   use `logGroup` instead
deploy	Deploy with CDK	2025-12-25T14:58:57.4810188Z   This API will be removed in the next major release.
deploy	Deploy with CDK	2025-12-25T14:58:57.9658309Z [WARNING] aws-cdk-lib.aws_lambda.FunctionOptions#logRetention is deprecated.
deploy	Deploy with CDK	2025-12-25T14:58:57.9658924Z   use `logGroup` instead
deploy	Deploy with CDK	2025-12-25T14:58:57.9659331Z   This API will be removed in the next major release.
deploy	Deploy with CDK	2025-12-25T14:58:58.6376876Z [WARNING] aws-cdk-lib.aws_lambda.FunctionOptions#logRetention is deprecated.
deploy	Deploy with CDK	2025-12-25T14:58:58.6377403Z   use `logGroup` instead
deploy	Deploy with CDK	2025-12-25T14:58:58.6377741Z   This API will be removed in the next major release.
deploy	Deploy with CDK	2025-12-25T14:58:58.6399912Z [WARNING] aws-cdk-lib.aws_lambda.FunctionOptions#logRetention is deprecated.
deploy	Deploy with CDK	2025-12-25T14:58:58.6400383Z   use `logGroup` instead
deploy	Deploy with CDK	2025-12-25T14:58:58.6401056Z   This API will be removed in the next major release.
deploy	Deploy with CDK	2025-12-25T14:58:58.6421374Z [WARNING] aws-cdk-lib.aws_lambda.FunctionOptions#logRetention is deprecated.
deploy	Deploy with CDK	2025-12-25T14:58:58.6421865Z   use `logGroup` instead
deploy	Deploy with CDK	2025-12-25T14:58:58.6422220Z   This API will be removed in the next major release.
deploy	Deploy with CDK	2025-12-25T14:58:58.6452482Z [WARNING] aws-cdk-lib.aws_lambda.FunctionOptions#logRetention is deprecated.
deploy	Deploy with CDK	2025-12-25T14:58:58.6453156Z   use `logGroup` instead
deploy	Deploy with CDK	2025-12-25T14:58:58.6453659Z   This API will be removed in the next major release.
deploy	Deploy with CDK	2025-12-25T14:58:58.6476962Z [WARNING] aws-cdk-lib.aws_lambda.FunctionOptions#logRetention is deprecated.
deploy	Deploy with CDK	2025-12-25T14:58:58.6477645Z   use `logGroup` instead
deploy	Deploy with CDK	2025-12-25T14:58:58.6478149Z   This API will be removed in the next major release.
deploy	Deploy with CDK	2025-12-25T14:58:58.6502319Z [WARNING] aws-cdk-lib.aws_lambda.FunctionOptions#logRetention is deprecated.
deploy	Deploy with CDK	2025-12-25T14:58:58.6503121Z   use `logGroup` instead
deploy	Deploy with CDK	2025-12-25T14:58:58.6503702Z   This API will be removed in the next major release.
deploy	Deploy with CDK	2025-12-25T14:58:58.6586863Z [WARNING] aws-cdk-lib.aws_lambda.FunctionOptions#logRetention is deprecated.
deploy	Deploy with CDK	2025-12-25T14:58:58.6587619Z   use `logGroup` instead
deploy	Deploy with CDK	2025-12-25T14:58:58.6587971Z   This API will be removed in the next major release.
deploy	Deploy with CDK	2025-12-25T14:58:58.6671019Z [WARNING] aws-cdk-lib.aws_lambda.FunctionOptions#logRetention is deprecated.
deploy	Deploy with CDK	2025-12-25T14:58:58.6671742Z   use `logGroup` instead
deploy	Deploy with CDK	2025-12-25T14:58:58.6672264Z   This API will be removed in the next major release.
deploy	Deploy with CDK	2025-12-25T14:58:58.6894839Z [WARNING] aws-cdk-lib.aws_appsync.GraphqlApiProps#schema is deprecated.
deploy	Deploy with CDK	2025-12-25T14:58:58.6895601Z   use Definition.schema instead
deploy	Deploy with CDK	2025-12-25T14:58:58.6896214Z   This API will be removed in the next major release.
deploy	Deploy with CDK	2025-12-25T14:58:59.5501588Z current credentials could not be used to assume 'arn:aws:iam::607250385528:role/cdk-hnb659fds-lookup-role-607250385528-us-east-1', but are for the right account. Proceeding anyway.
deploy	Deploy with CDK	2025-12-25T14:59:04.7196421Z [WARNING] aws-cdk-lib.aws_dynamodb.TableOptions#pointInTimeRecovery is deprecated.
deploy	Deploy with CDK	2025-12-25T14:59:04.7197447Z   use `pointInTimeRecoverySpecification` instead
deploy	Deploy with CDK	2025-12-25T14:59:04.7198207Z   This API will be removed in the next major release.
deploy	Deploy with CDK	2025-12-25T14:59:04.8123709Z [WARNING] aws-cdk-lib.aws_dynamodb.TableOptions#pointInTimeRecovery is deprecated.
deploy	Deploy with CDK	2025-12-25T14:59:04.8124494Z   use `pointInTimeRecoverySpecification` instead
deploy	Deploy with CDK	2025-12-25T14:59:04.8125010Z   This API will be removed in the next major release.
deploy	Deploy with CDK	2025-12-25T14:59:04.8131750Z [WARNING] aws-cdk-lib.aws_dynamodb.TableOptions#pointInTimeRecovery is deprecated.
deploy	Deploy with CDK	2025-12-25T14:59:04.8132347Z   use `pointInTimeRecoverySpecification` instead
deploy	Deploy with CDK	2025-12-25T14:59:04.8132795Z   This API will be removed in the next major release.
deploy	Deploy with CDK	2025-12-25T14:59:04.8140052Z [WARNING] aws-cdk-lib.aws_dynamodb.TableOptions#pointInTimeRecovery is deprecated.
deploy	Deploy with CDK	2025-12-25T14:59:04.8141203Z   use `pointInTimeRecoverySpecification` instead
deploy	Deploy with CDK	2025-12-25T14:59:04.8141650Z   This API will be removed in the next major release.
deploy	Deploy with CDK	2025-12-25T14:59:04.8145723Z [WARNING] aws-cdk-lib.aws_dynamodb.TableOptions#pointInTimeRecovery is deprecated.
deploy	Deploy with CDK	2025-12-25T14:59:04.8146325Z   use `pointInTimeRecoverySpecification` instead
deploy	Deploy with CDK	2025-12-25T14:59:04.8146764Z   This API will be removed in the next major release.
deploy	Deploy with CDK	2025-12-25T14:59:04.8151229Z [WARNING] aws-cdk-lib.aws_dynamodb.TableOptions#pointInTimeRecovery is deprecated.
deploy	Deploy with CDK	2025-12-25T14:59:04.8151805Z   use `pointInTimeRecoverySpecification` instead
deploy	Deploy with CDK	2025-12-25T14:59:04.8152235Z   This API will be removed in the next major release.
deploy	Deploy with CDK	2025-12-25T14:59:04.8156692Z [WARNING] aws-cdk-lib.aws_dynamodb.TableOptions#pointInTimeRecovery is deprecated.
deploy	Deploy with CDK	2025-12-25T14:59:04.8157255Z   use `pointInTimeRecoverySpecification` instead
deploy	Deploy with CDK	2025-12-25T14:59:04.8157677Z   This API will be removed in the next major release.
deploy	Deploy with CDK	2025-12-25T14:59:04.8161874Z [WARNING] aws-cdk-lib.aws_dynamodb.TableOptions#pointInTimeRecovery is deprecated.
deploy	Deploy with CDK	2025-12-25T14:59:04.8162443Z   use `pointInTimeRecoverySpecification` instead
deploy	Deploy with CDK	2025-12-25T14:59:04.8162875Z   This API will be removed in the next major release.
deploy	Deploy with CDK	2025-12-25T14:59:04.8166642Z [WARNING] aws-cdk-lib.aws_dynamodb.TableOptions#pointInTimeRecovery is deprecated.
deploy	Deploy with CDK	2025-12-25T14:59:04.8167205Z   use `pointInTimeRecoverySpecification` instead
deploy	Deploy with CDK	2025-12-25T14:59:04.8167632Z   This API will be removed in the next major release.
deploy	Deploy with CDK	2025-12-25T14:59:04.8174077Z [WARNING] aws-cdk-lib.aws_dynamodb.TableOptions#pointInTimeRecovery is deprecated.
deploy	Deploy with CDK	2025-12-25T14:59:04.8174644Z   use `pointInTimeRecoverySpecification` instead
deploy	Deploy with CDK	2025-12-25T14:59:04.8175069Z   This API will be removed in the next major release.
deploy	Deploy with CDK	2025-12-25T14:59:04.8180111Z [WARNING] aws-cdk-lib.aws_dynamodb.TableOptions#pointInTimeRecovery is deprecated.
deploy	Deploy with CDK	2025-12-25T14:59:04.8180962Z   use `pointInTimeRecoverySpecification` instead
deploy	Deploy with CDK	2025-12-25T14:59:04.8181388Z   This API will be removed in the next major release.
deploy	Deploy with CDK	2025-12-25T14:59:04.8185807Z [WARNING] aws-cdk-lib.aws_dynamodb.TableOptions#pointInTimeRecovery is deprecated.
deploy	Deploy with CDK	2025-12-25T14:59:04.8186373Z   use `pointInTimeRecoverySpecification` instead
deploy	Deploy with CDK	2025-12-25T14:59:04.8246814Z   This API will be removed in the next major release.
deploy	Deploy with CDK	2025-12-25T14:59:04.8247749Z [WARNING] aws-cdk-lib.aws_cognito.UserPoolProps#advancedSecurityMode is deprecated.
deploy	Deploy with CDK	2025-12-25T14:59:04.8249080Z   Advanced Security Mode is deprecated due to user pool feature plans. Use StandardThreatProtectionMode and CustomThreatProtectionMode to set Thread Protection level.
deploy	Deploy with CDK	2025-12-25T14:59:04.8250323Z   This API will be removed in the next major release.
deploy	Deploy with CDK	2025-12-25T14:59:04.8251312Z [WARNING] aws-cdk-lib.aws_cognito.AdvancedSecurityMode is deprecated.
deploy	Deploy with CDK	2025-12-25T14:59:04.8252652Z   Advanced Security Mode is deprecated due to user pool feature plans. Use StandardThreatProtectionMode and CustomThreatProtectionMode to set Thread Protection level.
deploy	Deploy with CDK	2025-12-25T14:59:04.8253779Z   This API will be removed in the next major release.
deploy	Deploy with CDK	2025-12-25T14:59:04.8254533Z [WARNING] aws-cdk-lib.aws_cognito.AdvancedSecurityMode#ENFORCED is deprecated.
deploy	Deploy with CDK	2025-12-25T14:59:04.8255096Z   
deploy	Deploy with CDK	2025-12-25T14:59:04.8255452Z   This API will be removed in the next major release.
deploy	Deploy with CDK	2025-12-25T14:59:04.9563425Z [WARNING] aws-cdk-lib.aws_lambda.FunctionOptions#logRetention is deprecated.
deploy	Deploy with CDK	2025-12-25T14:59:04.9564101Z   use `logGroup` instead
deploy	Deploy with CDK	2025-12-25T14:59:04.9564519Z   This API will be removed in the next major release.
deploy	Deploy with CDK	2025-12-25T14:59:05.2227586Z [WARNING] aws-cdk-lib.aws_lambda.FunctionOptions#logRetention is deprecated.
deploy	Deploy with CDK	2025-12-25T14:59:05.2228231Z   use `logGroup` instead
deploy	Deploy with CDK	2025-12-25T14:59:05.2228662Z   This API will be removed in the next major release.
deploy	Deploy with CDK	2025-12-25T14:59:05.3893337Z [WARNING] aws-cdk-lib.aws_lambda.FunctionOptions#logRetention is deprecated.
deploy	Deploy with CDK	2025-12-25T14:59:05.3893955Z   use `logGroup` instead
deploy	Deploy with CDK	2025-12-25T14:59:05.3894345Z   This API will be removed in the next major release.
deploy	Deploy with CDK	2025-12-25T14:59:05.5595824Z [WARNING] aws-cdk-lib.aws_lambda.FunctionOptions#logRetention is deprecated.
deploy	Deploy with CDK	2025-12-25T14:59:05.5596544Z   use `logGroup` instead
deploy	Deploy with CDK	2025-12-25T14:59:05.5597030Z   This API will be removed in the next major release.
deploy	Deploy with CDK	2025-12-25T14:59:05.7059731Z [WARNING] aws-cdk-lib.aws_lambda.FunctionOptions#logRetention is deprecated.
deploy	Deploy with CDK	2025-12-25T14:59:05.7060840Z   use `logGroup` instead
deploy	Deploy with CDK	2025-12-25T14:59:05.7061423Z   This API will be removed in the next major release.
deploy	Deploy with CDK	2025-12-25T14:59:05.9066558Z [WARNING] aws-cdk-lib.aws_lambda.FunctionOptions#logRetention is deprecated.
deploy	Deploy with CDK	2025-12-25T14:59:05.9067186Z   use `logGroup` instead
deploy	Deploy with CDK	2025-12-25T14:59:05.9067529Z   This API will be removed in the next major release.
deploy	Deploy with CDK	2025-12-25T14:59:05.9085458Z [WARNING] aws-cdk-lib.aws_lambda.FunctionOptions#logRetention is deprecated.
deploy	Deploy with CDK	2025-12-25T14:59:05.9086070Z   use `logGroup` instead
deploy	Deploy with CDK	2025-12-25T14:59:05.9086376Z   This API will be removed in the next major release.
deploy	Deploy with CDK	2025-12-25T14:59:05.9102636Z [WARNING] aws-cdk-lib.aws_lambda.FunctionOptions#logRetention is deprecated.
deploy	Deploy with CDK	2025-12-25T14:59:05.9103270Z   use `logGroup` instead
deploy	Deploy with CDK	2025-12-25T14:59:05.9103577Z   This API will be removed in the next major release.
deploy	Deploy with CDK	2025-12-25T14:59:05.9133406Z [WARNING] aws-cdk-lib.aws_lambda.FunctionOptions#logRetention is deprecated.
deploy	Deploy with CDK	2025-12-25T14:59:05.9134258Z   use `logGroup` instead
deploy	Deploy with CDK	2025-12-25T14:59:05.9134668Z   This API will be removed in the next major release.
deploy	Deploy with CDK	2025-12-25T14:59:05.9155788Z [WARNING] aws-cdk-lib.aws_lambda.FunctionOptions#logRetention is deprecated.
deploy	Deploy with CDK	2025-12-25T14:59:05.9156471Z   use `logGroup` instead
deploy	Deploy with CDK	2025-12-25T14:59:05.9157026Z   This API will be removed in the next major release.
deploy	Deploy with CDK	2025-12-25T14:59:05.9176972Z [WARNING] aws-cdk-lib.aws_lambda.FunctionOptions#logRetention is deprecated.
deploy	Deploy with CDK	2025-12-25T14:59:05.9177698Z   use `logGroup` instead
deploy	Deploy with CDK	2025-12-25T14:59:05.9178265Z   This API will be removed in the next major release.
deploy	Deploy with CDK	2025-12-25T14:59:05.9258221Z [WARNING] aws-cdk-lib.aws_lambda.FunctionOptions#logRetention is deprecated.
deploy	Deploy with CDK	2025-12-25T14:59:05.9258864Z   use `logGroup` instead
deploy	Deploy with CDK	2025-12-25T14:59:05.9259203Z   This API will be removed in the next major release.
deploy	Deploy with CDK	2025-12-25T14:59:05.9336440Z [WARNING] aws-cdk-lib.aws_lambda.FunctionOptions#logRetention is deprecated.
deploy	Deploy with CDK	2025-12-25T14:59:05.9337616Z   use `logGroup` instead
deploy	Deploy with CDK	2025-12-25T14:59:05.9338228Z   This API will be removed in the next major release.
deploy	Deploy with CDK	2025-12-25T14:59:05.9536310Z [WARNING] aws-cdk-lib.aws_appsync.GraphqlApiProps#schema is deprecated.
deploy	Deploy with CDK	2025-12-25T14:59:05.9536961Z   use Definition.schema instead
deploy	Deploy with CDK	2025-12-25T14:59:05.9537328Z   This API will be removed in the next major release.
deploy	Deploy with CDK	2025-12-25T14:59:06.4629813Z 
deploy	Deploy with CDK	2025-12-25T14:59:06.4630835Z âœ¨  Synthesis time: 16.33s
deploy	Deploy with CDK	2025-12-25T14:59:06.4631165Z 
deploy	Deploy with CDK	2025-12-25T14:59:07.8791996Z ChatBooking-dev-Database
deploy	Deploy with CDK	2025-12-25T14:59:07.8796565Z ChatBooking-dev-Database: deploying... [1/5]
deploy	Deploy with CDK	2025-12-25T14:59:08.1749727Z current credentials could not be used to assume 'arn:aws:iam::607250385528:role/cdk-hnb659fds-deploy-role-607250385528-us-east-1', but are for the right account. Proceeding anyway.
deploy	Deploy with CDK	2025-12-25T14:59:08.1809370Z current credentials could not be used to assume 'arn:aws:iam::607250385528:role/cdk-hnb659fds-deploy-role-607250385528-us-east-1', but are for the right account. Proceeding anyway.
deploy	Deploy with CDK	2025-12-25T14:59:08.5146386Z ChatBooking-dev-Lambda: start: Building AuthResolverFunction/Code
deploy	Deploy with CDK	2025-12-25T14:59:08.5147241Z ChatBooking-dev-Lambda: success: Built AuthResolverFunction/Code
deploy	Deploy with CDK	2025-12-25T14:59:08.5154055Z ChatBooking-dev-Lambda: start: Building CatalogFunction/Code
deploy	Deploy with CDK	2025-12-25T14:59:08.5154669Z ChatBooking-dev-Lambda: success: Built CatalogFunction/Code
deploy	Deploy with CDK	2025-12-25T14:59:08.5160899Z ChatBooking-dev-Lambda: start: Building AvailabilityFunction/Code
deploy	Deploy with CDK	2025-12-25T14:59:08.5161941Z ChatBooking-dev-Lambda: success: Built AvailabilityFunction/Code
deploy	Deploy with CDK	2025-12-25T14:59:08.5167398Z ChatBooking-dev-Lambda: start: Building BookingFunction/Code
deploy	Deploy with CDK	2025-12-25T14:59:08.5168356Z ChatBooking-dev-Lambda: success: Built BookingFunction/Code
deploy	Deploy with CDK	2025-12-25T14:59:08.5173471Z ChatBooking-dev-Lambda: start: Building ChatAgentFunction/Code
deploy	Deploy with CDK	2025-12-25T14:59:08.5174912Z ChatBooking-dev-Lambda: success: Built ChatAgentFunction/Code
deploy	Deploy with CDK	2025-12-25T14:59:08.5180172Z ChatBooking-dev-Lambda: start: Building IngestionFunction/Code
deploy	Deploy with CDK	2025-12-25T14:59:08.5181364Z ChatBooking-dev-Lambda: success: Built IngestionFunction/Code
deploy	Deploy with CDK	2025-12-25T14:59:08.5186106Z ChatBooking-dev-Lambda: start: Building ChatBooking-dev-Lambda Template
deploy	Deploy with CDK	2025-12-25T14:59:08.5187216Z ChatBooking-dev-Lambda: success: Built ChatBooking-dev-Lambda Template
deploy	Deploy with CDK	2025-12-25T14:59:08.5193208Z ChatBooking-dev-AppSyncApi: start: Building ChatBooking-dev-AppSyncApi Template
deploy	Deploy with CDK	2025-12-25T14:59:08.5193929Z ChatBooking-dev-AppSyncApi: success: Built ChatBooking-dev-AppSyncApi Template
deploy	Deploy with CDK	2025-12-25T14:59:09.2893127Z 
deploy	Deploy with CDK	2025-12-25T14:59:09.2894086Z  âœ…  ChatBooking-dev-Database (no changes)
deploy	Deploy with CDK	2025-12-25T14:59:09.2894571Z 
deploy	Deploy with CDK	2025-12-25T14:59:09.2894933Z âœ¨  Deployment time: 1.41s
deploy	Deploy with CDK	2025-12-25T14:59:09.2895276Z 
deploy	Deploy with CDK	2025-12-25T14:59:09.2895461Z Outputs:
deploy	Deploy with CDK	2025-12-25T14:59:09.2896977Z ChatBooking-dev-Database.ApiKeysTableName = ChatBooking-ApiKeys
deploy	Deploy with CDK	2025-12-25T14:59:09.2898429Z ChatBooking-dev-Database.AvailabilityTableName = ChatBooking-ProviderAvailability
deploy	Deploy with CDK	2025-12-25T14:59:09.2899831Z ChatBooking-dev-Database.BookingsTableName = ChatBooking-Bookings
deploy	Deploy with CDK	2025-12-25T14:59:09.2901404Z ChatBooking-dev-Database.CategoriesTableName = ChatBooking-Categories
deploy	Deploy with CDK	2025-12-25T14:59:09.2902739Z ChatBooking-dev-Database.ConversationsTableName = ChatBooking-Conversations
deploy	Deploy with CDK	2025-12-25T14:59:09.2903801Z ChatBooking-dev-Database.DocumentsTableName = ChatBooking-Documents
deploy	Deploy with CDK	2025-12-25T14:59:09.2905242Z ChatBooking-dev-Database.ExportsOutputFnGetAttApiKeysTable9F4DC7E7ArnE84F3BB0 = arn:aws:dynamodb:us-east-1:607250385528:table/ChatBooking-ApiKeys
deploy	Deploy with CDK	2025-12-25T14:59:09.2906609Z ChatBooking-dev-Database.ExportsOutputFnGetAttAvailabilityTable497A1E6EArn6251D385 = arn:aws:dynamodb:us-east-1:607250385528:table/ChatBooking-ProviderAvailability
deploy	Deploy with CDK	2025-12-25T14:59:09.2908409Z ChatBooking-dev-Database.ExportsOutputFnGetAttBookingsTableB2628485Arn4FAB36A9 = arn:aws:dynamodb:us-east-1:607250385528:table/ChatBooking-Bookings
deploy	Deploy with CDK	2025-12-25T14:59:09.2909681Z ChatBooking-dev-Database.ExportsOutputFnGetAttCategoriesTable9FFF5A67Arn8D0D486E = arn:aws:dynamodb:us-east-1:607250385528:table/ChatBooking-Categories
deploy	Deploy with CDK	2025-12-25T14:59:09.2911790Z ChatBooking-dev-Database.ExportsOutputFnGetAttConversationsTableCD91EB96Arn4A2B28C6 = arn:aws:dynamodb:us-east-1:607250385528:table/ChatBooking-Conversations
deploy	Deploy with CDK	2025-12-25T14:59:09.2913271Z ChatBooking-dev-Database.ExportsOutputFnGetAttDocumentsTable7E808EE5Arn0820EA25 = arn:aws:dynamodb:us-east-1:607250385528:table/ChatBooking-Documents
deploy	Deploy with CDK	2025-12-25T14:59:09.2914481Z ChatBooking-dev-Database.ExportsOutputFnGetAttFAQsTableB8072970ArnF8F4D35E = arn:aws:dynamodb:us-east-1:607250385528:table/ChatBooking-FAQs
deploy	Deploy with CDK	2025-12-25T14:59:09.2915689Z ChatBooking-dev-Database.ExportsOutputFnGetAttProvidersTable1BBEDB6DArn8763273B = arn:aws:dynamodb:us-east-1:607250385528:table/ChatBooking-Providers
deploy	Deploy with CDK	2025-12-25T14:59:09.2917143Z ChatBooking-dev-Database.ExportsOutputFnGetAttServicesTableF56E8DC5ArnE543C7F6 = arn:aws:dynamodb:us-east-1:607250385528:table/ChatBooking-Services
deploy	Deploy with CDK	2025-12-25T14:59:09.2918486Z ChatBooking-dev-Database.ExportsOutputFnGetAttTenantUsageTableF384CCCAArnA8EBDD0E = arn:aws:dynamodb:us-east-1:607250385528:table/ChatBooking-TenantUsage
deploy	Deploy with CDK	2025-12-25T14:59:09.2919785Z ChatBooking-dev-Database.ExportsOutputFnGetAttTenantsTableB701DC57ArnFFAEC087 = arn:aws:dynamodb:us-east-1:607250385528:table/ChatBooking-Tenants
deploy	Deploy with CDK	2025-12-25T14:59:09.2921177Z ChatBooking-dev-Database.ExportsOutputFnGetAttWorkflowsTable4E215008Arn0D44497B = arn:aws:dynamodb:us-east-1:607250385528:table/ChatBooking-Workflows
deploy	Deploy with CDK	2025-12-25T14:59:09.2922185Z ChatBooking-dev-Database.ExportsOutputRefApiKeysTable9F4DC7E79648F444 = ChatBooking-ApiKeys
deploy	Deploy with CDK	2025-12-25T14:59:09.2923101Z ChatBooking-dev-Database.ExportsOutputRefAvailabilityTable497A1E6E14D99412 = ChatBooking-ProviderAvailability
deploy	Deploy with CDK	2025-12-25T14:59:09.2924008Z ChatBooking-dev-Database.ExportsOutputRefBookingsTableB262848587A36CBD = ChatBooking-Bookings
deploy	Deploy with CDK	2025-12-25T14:59:09.2925031Z ChatBooking-dev-Database.ExportsOutputRefCategoriesTable9FFF5A678A053E38 = ChatBooking-Categories
deploy	Deploy with CDK	2025-12-25T14:59:09.2925923Z ChatBooking-dev-Database.ExportsOutputRefConversationsTableCD91EB96EE2E4585 = ChatBooking-Conversations
deploy	Deploy with CDK	2025-12-25T14:59:09.2926804Z ChatBooking-dev-Database.ExportsOutputRefDocumentsTable7E808EE5AF045745 = ChatBooking-Documents
deploy	Deploy with CDK	2025-12-25T14:59:09.2927584Z ChatBooking-dev-Database.ExportsOutputRefFAQsTableB80729705EF12C8E = ChatBooking-FAQs
deploy	Deploy with CDK	2025-12-25T14:59:09.2928380Z ChatBooking-dev-Database.ExportsOutputRefProvidersTable1BBEDB6D429B9BF2 = ChatBooking-Providers
deploy	Deploy with CDK	2025-12-25T14:59:09.2929210Z ChatBooking-dev-Database.ExportsOutputRefServicesTableF56E8DC54FC0C84D = ChatBooking-Services
deploy	Deploy with CDK	2025-12-25T14:59:09.2930059Z ChatBooking-dev-Database.ExportsOutputRefTenantUsageTableF384CCCA317F1334 = ChatBooking-TenantUsage
deploy	Deploy with CDK	2025-12-25T14:59:09.2931072Z ChatBooking-dev-Database.ExportsOutputRefTenantsTableB701DC57BE8E768B = ChatBooking-Tenants
deploy	Deploy with CDK	2025-12-25T14:59:09.2931894Z ChatBooking-dev-Database.ExportsOutputRefWorkflowsTable4E215008D0FFE690 = ChatBooking-Workflows
deploy	Deploy with CDK	2025-12-25T14:59:09.2932533Z ChatBooking-dev-Database.FAQsTableName = ChatBooking-FAQs
deploy	Deploy with CDK	2025-12-25T14:59:09.2933065Z ChatBooking-dev-Database.ProvidersTableName = ChatBooking-Providers
deploy	Deploy with CDK	2025-12-25T14:59:09.2933621Z ChatBooking-dev-Database.ServicesTableName = ChatBooking-Services
deploy	Deploy with CDK	2025-12-25T14:59:09.2934187Z ChatBooking-dev-Database.TenantUsageTableName = ChatBooking-TenantUsage
deploy	Deploy with CDK	2025-12-25T14:59:09.2934744Z ChatBooking-dev-Database.TenantsTableName = ChatBooking-Tenants
deploy	Deploy with CDK	2025-12-25T14:59:09.2935279Z ChatBooking-dev-Database.WorkflowsTableName = ChatBooking-Workflows
deploy	Deploy with CDK	2025-12-25T14:59:09.2935642Z Stack ARN:
deploy	Deploy with CDK	2025-12-25T14:59:09.2936197Z arn:aws:cloudformation:us-east-1:607250385528:stack/ChatBooking-dev-Database/734ed200-d5f3-11f0-aad1-0e2b43abba09
deploy	Deploy with CDK	2025-12-25T14:59:09.2936611Z 
deploy	Deploy with CDK	2025-12-25T14:59:09.2936798Z âœ¨  Total time: 17.74s
deploy	Deploy with CDK	2025-12-25T14:59:09.2936939Z 
deploy	Deploy with CDK	2025-12-25T14:59:09.2937050Z ChatBooking-dev-Auth
deploy	Deploy with CDK	2025-12-25T14:59:09.2937338Z ChatBooking-dev-Auth: deploying... [2/5]
deploy	Deploy with CDK	2025-12-25T14:59:09.9466126Z 
deploy	Deploy with CDK	2025-12-25T14:59:09.9469997Z  âœ…  ChatBooking-dev-Auth (no changes)
deploy	Deploy with CDK	2025-12-25T14:59:09.9470923Z 
deploy	Deploy with CDK	2025-12-25T14:59:09.9471807Z âœ¨  Deployment time: 0.66s
deploy	Deploy with CDK	2025-12-25T14:59:09.9473144Z 
deploy	Deploy with CDK	2025-12-25T14:59:09.9473311Z Outputs:
deploy	Deploy with CDK	2025-12-25T14:59:09.9474792Z ChatBooking-dev-Auth.ExportsOutputFnGetAttAdminUserPoolD0AF18CFArnBE306E57 = arn:aws:cognito-idp:us-east-1:607250385528:userpool/us-east-1_dG9vi0gz5
deploy	Deploy with CDK	2025-12-25T14:59:09.9476706Z ChatBooking-dev-Auth.ExportsOutputRefAdminUserPoolD0AF18CF79276EF5 = us-east-1_dG9vi0gz5
deploy	Deploy with CDK	2025-12-25T14:59:09.9478306Z ChatBooking-dev-Auth.UserPoolArn = arn:aws:cognito-idp:us-east-1:607250385528:userpool/us-east-1_dG9vi0gz5
deploy	Deploy with CDK	2025-12-25T14:59:09.9479502Z ChatBooking-dev-Auth.UserPoolClientId = 7fst837q5gptanpev9fur88va6
deploy	Deploy with CDK	2025-12-25T14:59:09.9480480Z ChatBooking-dev-Auth.UserPoolDomain = chatbooking-admin-607250385528
deploy	Deploy with CDK	2025-12-25T14:59:09.9481489Z ChatBooking-dev-Auth.UserPoolId = us-east-1_dG9vi0gz5
deploy	Deploy with CDK	2025-12-25T14:59:09.9483576Z ChatBooking-dev-Auth.UserPoolLoginUrl = https://chatbooking-admin-607250385528.auth.us-east-1.amazoncognito.com/login?client_id=7fst837q5gptanpev9fur88va6&response_type=code&redirect_uri=http://localhost:3000/auth/callback
deploy	Deploy with CDK	2025-12-25T14:59:09.9485181Z Stack ARN:
deploy	Deploy with CDK	2025-12-25T14:59:09.9486182Z arn:aws:cloudformation:us-east-1:607250385528:stack/ChatBooking-dev-Auth/514e71b0-d5f3-11f0-a6f5-124023a51f0d
deploy	Deploy with CDK	2025-12-25T14:59:09.9486932Z 
deploy	Deploy with CDK	2025-12-25T14:59:09.9487252Z âœ¨  Total time: 16.99s
deploy	Deploy with CDK	2025-12-25T14:59:09.9487497Z 
deploy	Deploy with CDK	2025-12-25T14:59:09.9487705Z ChatBooking-dev-VectorDB
deploy	Deploy with CDK	2025-12-25T14:59:09.9488242Z ChatBooking-dev-VectorDB: deploying... [3/5]
deploy	Deploy with CDK	2025-12-25T14:59:10.7377975Z 
deploy	Deploy with CDK	2025-12-25T14:59:10.7379368Z  âœ…  ChatBooking-dev-VectorDB (no changes)
deploy	Deploy with CDK	2025-12-25T14:59:10.7379998Z 
deploy	Deploy with CDK	2025-12-25T14:59:10.7380333Z âœ¨  Deployment time: 0.79s
deploy	Deploy with CDK	2025-12-25T14:59:10.7380804Z 
deploy	Deploy with CDK	2025-12-25T14:59:10.7380943Z Stack ARN:
deploy	Deploy with CDK	2025-12-25T14:59:10.7381863Z arn:aws:cloudformation:us-east-1:607250385528:stack/ChatBooking-dev-VectorDB/3ae541a0-e1a2-11f0-817c-0afff8cd5b53
deploy	Deploy with CDK	2025-12-25T14:59:10.7382731Z 
deploy	Deploy with CDK	2025-12-25T14:59:10.7382912Z âœ¨  Total time: 17.12s
deploy	Deploy with CDK	2025-12-25T14:59:10.7383066Z 
deploy	Deploy with CDK	2025-12-25T14:59:11.0758344Z ChatBooking-dev-Lambda: start: Publishing BookingFunction/Code (607250385528-us-east-1-292defe8)
deploy	Deploy with CDK	2025-12-25T14:59:11.0827516Z ChatBooking-dev-Lambda: start: Publishing ChatAgentFunction/Code (607250385528-us-east-1-d3d71825)
deploy	Deploy with CDK	2025-12-25T14:59:11.0882174Z ChatBooking-dev-Lambda: start: Publishing AuthResolverFunction/Code (607250385528-us-east-1-9cf5aa0c)
deploy	Deploy with CDK	2025-12-25T14:59:11.0928986Z ChatBooking-dev-Lambda: start: Publishing IngestionFunction/Code (607250385528-us-east-1-3cba99cd)
deploy	Deploy with CDK	2025-12-25T14:59:11.0955116Z ChatBooking-dev-Lambda: start: Publishing AvailabilityFunction/Code (607250385528-us-east-1-95a9b357)
deploy	Deploy with CDK	2025-12-25T14:59:11.1015975Z ChatBooking-dev-Lambda: start: Publishing CatalogFunction/Code (607250385528-us-east-1-748a72d7)
deploy	Deploy with CDK	2025-12-25T14:59:11.1205355Z ChatBooking-dev-Lambda: start: Publishing ChatBooking-dev-Lambda Template (607250385528-us-east-1-59e275b1)
deploy	Deploy with CDK	2025-12-25T14:59:11.3888122Z current credentials could not be used to assume 'arn:aws:iam::607250385528:role/cdk-hnb659fds-file-publishing-role-607250385528-us-east-1', but are for the right account. Proceeding anyway.
deploy	Deploy with CDK	2025-12-25T14:59:11.3943712Z current credentials could not be used to assume 'arn:aws:iam::607250385528:role/cdk-hnb659fds-file-publishing-role-607250385528-us-east-1', but are for the right account. Proceeding anyway.
deploy	Deploy with CDK	2025-12-25T14:59:11.4037029Z current credentials could not be used to assume 'arn:aws:iam::607250385528:role/cdk-hnb659fds-file-publishing-role-607250385528-us-east-1', but are for the right account. Proceeding anyway.
deploy	Deploy with CDK	2025-12-25T14:59:11.4075384Z current credentials could not be used to assume 'arn:aws:iam::607250385528:role/cdk-hnb659fds-file-publishing-role-607250385528-us-east-1', but are for the right account. Proceeding anyway.
deploy	Deploy with CDK	2025-12-25T14:59:11.4135111Z current credentials could not be used to assume 'arn:aws:iam::607250385528:role/cdk-hnb659fds-file-publishing-role-607250385528-us-east-1', but are for the right account. Proceeding anyway.
deploy	Deploy with CDK	2025-12-25T14:59:11.4191513Z current credentials could not be used to assume 'arn:aws:iam::607250385528:role/cdk-hnb659fds-file-publishing-role-607250385528-us-east-1', but are for the right account. Proceeding anyway.
deploy	Deploy with CDK	2025-12-25T14:59:11.4320366Z current credentials could not be used to assume 'arn:aws:iam::607250385528:role/cdk-hnb659fds-file-publishing-role-607250385528-us-east-1', but are for the right account. Proceeding anyway.
deploy	Deploy with CDK	2025-12-25T14:59:12.7637731Z ChatBooking-dev-Lambda: success: Published IngestionFunction/Code (607250385528-us-east-1-3cba99cd)
deploy	Deploy with CDK	2025-12-25T14:59:12.9379887Z ChatBooking-dev-Lambda: success: Published ChatBooking-dev-Lambda Template (607250385528-us-east-1-59e275b1)
deploy	Deploy with CDK	2025-12-25T14:59:18.2315576Z ChatBooking-dev-Lambda: success: Published AuthResolverFunction/Code (607250385528-us-east-1-9cf5aa0c)
deploy	Deploy with CDK	2025-12-25T14:59:18.4614862Z ChatBooking-dev-Lambda: success: Published BookingFunction/Code (607250385528-us-east-1-292defe8)
deploy	Deploy with CDK	2025-12-25T14:59:18.4647608Z ChatBooking-dev-Lambda: success: Published CatalogFunction/Code (607250385528-us-east-1-748a72d7)
deploy	Deploy with CDK	2025-12-25T14:59:19.0424793Z ChatBooking-dev-Lambda: success: Published AvailabilityFunction/Code (607250385528-us-east-1-95a9b357)
deploy	Deploy with CDK	2025-12-25T14:59:19.0571705Z ChatBooking-dev-Lambda: success: Published ChatAgentFunction/Code (607250385528-us-east-1-d3d71825)
deploy	Deploy with CDK	2025-12-25T14:59:19.0572429Z ChatBooking-dev-Lambda
deploy	Deploy with CDK	2025-12-25T14:59:19.0582614Z ChatBooking-dev-Lambda: deploying... [4/5]
deploy	Deploy with CDK	2025-12-25T14:59:20.9789832Z ChatBooking-dev-Lambda: creating CloudFormation changeset...
deploy	Deploy with CDK	2025-12-25T14:59:41.5975594Z ChatBooking-dev-Lambda |  0/25 | 2:59:38 PM | UPDATE_IN_PROGRESS   | AWS::CloudFormation::Stack    | ChatBooking-dev-Lambda User Initiated
deploy	Deploy with CDK	2025-12-25T14:59:44.1810851Z ChatBooking-dev-Lambda |  0/25 | 2:59:41 PM | UPDATE_ROLLBACK_IN_P | AWS::CloudFormation::Stack    | ChatBooking-dev-Lambda No export named ChatBooking-dev-VectorDB:ExportsOutputRefChatBookingVpcIsolatedSubnet1Subnet32DB4342E8F5464C found
deploy	Deploy with CDK	2025-12-25T14:59:46.7327565Z ChatBooking-dev-Lambda |  1/25 | 2:59:45 PM | UPDATE_ROLLBACK_COMP | AWS::CloudFormation::Stack    | ChatBooking-dev-Lambda 
deploy	Deploy with CDK	2025-12-25T14:59:49.3245468Z ChatBooking-dev-Lambda |  2/25 | 2:59:46 PM | UPDATE_ROLLBACK_COMP | AWS::CloudFormation::Stack    | ChatBooking-dev-Lambda 
deploy	Deploy with CDK	2025-12-25T14:59:50.4974779Z 
deploy	Deploy with CDK	2025-12-25T14:59:50.4975423Z Failed resources:
deploy	Deploy with CDK	2025-12-25T14:59:50.5376800Z 
deploy	Deploy with CDK	2025-12-25T14:59:50.5377607Z NOTICES         (What's this? https://github.com/aws/aws-cdk/wiki/CLI-Notices)
deploy	Deploy with CDK	2025-12-25T14:59:50.5377941Z 
deploy	Deploy with CDK	2025-12-25T14:59:50.5380931Z 34892	CDK CLI will collect telemetry data on command usage starting at version 2.1100.0 (unless opted out)
deploy	Deploy with CDK	2025-12-25T14:59:50.5381548Z 
deploy	Deploy with CDK	2025-12-25T14:59:50.5381911Z 	Overview: We do not collect customer content and we anonymize the
deploy	Deploy with CDK	2025-12-25T14:59:50.5382615Z 	          telemetry we do collect. See the attached issue for more
deploy	Deploy with CDK	2025-12-25T14:59:50.5383344Z 	          information on what data is collected, why, and how to
deploy	Deploy with CDK	2025-12-25T14:59:50.5383878Z 	          opt-out. Telemetry will NOT be collected for any CDK CLI
deploy	Deploy with CDK	2025-12-25T14:59:50.5384280Z 	          version prior to version 2.1100.0 - regardless of
deploy	Deploy with CDK	2025-12-25T14:59:50.5384724Z 	          opt-in/out. You can also preview the telemetry we will start
deploy	Deploy with CDK	2025-12-25T14:59:50.5385143Z 	          collecting by logging it to a local file, by adding
deploy	Deploy with CDK	2025-12-25T14:59:50.5385569Z 	          `--unstable=telemetry --telemetry-file=my/local/file` to any
deploy	Deploy with CDK	2025-12-25T14:59:50.5385910Z 	          `cdk` command.
deploy	Deploy with CDK	2025-12-25T14:59:50.5386068Z 
deploy	Deploy with CDK	2025-12-25T14:59:50.5386202Z 	Affected versions: cli: >=2.0.0 <2.1100.0
deploy	Deploy with CDK	2025-12-25T14:59:50.5386392Z 
deploy	Deploy with CDK	2025-12-25T14:59:50.5386606Z 	More information at: https://github.com/aws/aws-cdk/issues/34892
deploy	Deploy with CDK	2025-12-25T14:59:50.5386903Z 
deploy	Deploy with CDK	2025-12-25T14:59:50.5386913Z 
deploy	Deploy with CDK	2025-12-25T14:59:50.5389362Z If you donâ€™t want to see a notice anymore, use "cdk acknowledge <id>". For example, "cdk acknowledge 34892".
deploy	Deploy with CDK	2025-12-25T14:59:50.5390483Z âŒ  ChatBooking-dev-Lambda failed: ToolkitError: The stack named ChatBooking-dev-Lambda failed to deploy: UPDATE_ROLLBACK_COMPLETE
deploy	Deploy with CDK	2025-12-25T14:59:50.5647436Z ##[error]Process completed with exit code 1.
deploy	Post Configure AWS credentials	ï»¿2025-12-25T14:59:50.5721950Z Post job cleanup.
deploy	Post Checkout repo	ï»¿2025-12-25T14:59:50.6995622Z Post job cleanup.
deploy	Post Checkout repo	2025-12-25T14:59:50.7923906Z [command]/usr/bin/git version
deploy	Post Checkout repo	2025-12-25T14:59:50.7959819Z git version 2.52.0
deploy	Post Checkout repo	2025-12-25T14:59:50.8003560Z Temporarily overriding HOME='/home/runner/work/_temp/d5e45bce-e3d0-4eaf-af70-83898ca68ff5' before making global git config changes
deploy	Post Checkout repo	2025-12-25T14:59:50.8005111Z Adding repository directory to the temporary git global config as a safe directory
deploy	Post Checkout repo	2025-12-25T14:59:50.8010355Z [command]/usr/bin/git config --global --add safe.directory /home/runner/work/chat-booking-backend/chat-booking-backend
deploy	Post Checkout repo	2025-12-25T14:59:50.8046801Z [command]/usr/bin/git config --local --name-only --get-regexp core\.sshCommand
deploy	Post Checkout repo	2025-12-25T14:59:50.8079579Z [command]/usr/bin/git submodule foreach --recursive sh -c "git config --local --name-only --get-regexp 'core\.sshCommand' && git config --local --unset-all 'core.sshCommand' || :"
deploy	Post Checkout repo	2025-12-25T14:59:50.8325741Z [command]/usr/bin/git config --local --name-only --get-regexp http\.https\:\/\/github\.com\/\.extraheader
deploy	Post Checkout repo	2025-12-25T14:59:50.8345942Z http.https://github.com/.extraheader
deploy	Post Checkout repo	2025-12-25T14:59:50.8357846Z [command]/usr/bin/git config --local --unset-all http.https://github.com/.extraheader
deploy	Post Checkout repo	2025-12-25T14:59:50.8387960Z [command]/usr/bin/git submodule foreach --recursive sh -c "git config --local --name-only --get-regexp 'http\.https\:\/\/github\.com\/\.extraheader' && git config --local --unset-all 'http.https://github.com/.extraheader' || :"
deploy	Post Checkout repo	2025-12-25T14:59:50.8623204Z [command]/usr/bin/git config --local --name-only --get-regexp ^includeIf\.gitdir:
deploy	Post Checkout repo	2025-12-25T14:59:50.8653039Z [command]/usr/bin/git submodule foreach --recursive git config --local --show-origin --name-only --get-regexp remote.origin.url
deploy	Complete job	ï»¿2025-12-25T14:59:50.8997637Z Cleaning up orphan processes
