deploy	Set up job	ï»¿2025-12-25T17:07:57.4657435Z Current runner version: '2.330.0'
deploy	Set up job	2025-12-25T17:07:57.4693316Z ##[group]Runner Image Provisioner
deploy	Set up job	2025-12-25T17:07:57.4694526Z Hosted Compute Agent
deploy	Set up job	2025-12-25T17:07:57.4695392Z Version: 20251211.462
deploy	Set up job	2025-12-25T17:07:57.4696397Z Commit: 6cbad8c2bb55d58165063d031ccabf57e2d2db61
deploy	Set up job	2025-12-25T17:07:57.4697500Z Build Date: 2025-12-11T16:28:49Z
deploy	Set up job	2025-12-25T17:07:57.4698608Z Worker ID: {d0120224-2d5d-4854-a47d-0576064ac083}
deploy	Set up job	2025-12-25T17:07:57.4700141Z ##[endgroup]
deploy	Set up job	2025-12-25T17:07:57.4701165Z ##[group]Operating System
deploy	Set up job	2025-12-25T17:07:57.4702086Z Ubuntu
deploy	Set up job	2025-12-25T17:07:57.4703142Z 24.04.3
deploy	Set up job	2025-12-25T17:07:57.4703930Z LTS
deploy	Set up job	2025-12-25T17:07:57.4704725Z ##[endgroup]
deploy	Set up job	2025-12-25T17:07:57.4705789Z ##[group]Runner Image
deploy	Set up job	2025-12-25T17:07:57.4706661Z Image: ubuntu-24.04
deploy	Set up job	2025-12-25T17:07:57.4707459Z Version: 20251215.174.1
deploy	Set up job	2025-12-25T17:07:57.4709339Z Included Software: https://github.com/actions/runner-images/blob/ubuntu24/20251215.174/images/ubuntu/Ubuntu2404-Readme.md
deploy	Set up job	2025-12-25T17:07:57.4712160Z Image Release: https://github.com/actions/runner-images/releases/tag/ubuntu24%2F20251215.174
deploy	Set up job	2025-12-25T17:07:57.4714323Z ##[endgroup]
deploy	Set up job	2025-12-25T17:07:57.4715998Z ##[group]GITHUB_TOKEN Permissions
deploy	Set up job	2025-12-25T17:07:57.4718817Z Contents: read
deploy	Set up job	2025-12-25T17:07:57.4719618Z Metadata: read
deploy	Set up job	2025-12-25T17:07:57.4720783Z ##[endgroup]
deploy	Set up job	2025-12-25T17:07:57.4724101Z Secret source: Actions
deploy	Set up job	2025-12-25T17:07:57.4725243Z Prepare workflow directory
deploy	Set up job	2025-12-25T17:07:57.5196549Z Prepare all required actions
deploy	Set up job	2025-12-25T17:07:57.5254460Z Getting action download info
deploy	Set up job	2025-12-25T17:07:57.7928918Z Download action repository 'actions/checkout@v4' (SHA:34e114876b0b11c390a56381ad16ebd13914f8d5)
deploy	Set up job	2025-12-25T17:07:57.8887133Z Download action repository 'actions/setup-node@v4' (SHA:49933ea5288caeca8642d1e84afbd3f7d6820020)
deploy	Set up job	2025-12-25T17:07:57.9811926Z Download action repository 'actions/setup-python@v5' (SHA:a26af69be951a213d495a4c3e4e4022e16d87065)
deploy	Set up job	2025-12-25T17:07:58.0619559Z Download action repository 'aws-actions/configure-aws-credentials@v4' (SHA:7474bc4690e29a8392af63c5b98e7449536d5c3a)
deploy	Set up job	2025-12-25T17:07:58.3621491Z Complete job name: deploy
deploy	Checkout repo	ï»¿2025-12-25T17:07:58.4298776Z ##[group]Run actions/checkout@v4
deploy	Checkout repo	2025-12-25T17:07:58.4299626Z with:
deploy	Checkout repo	2025-12-25T17:07:58.4300275Z   repository: AIX-Clever/chat-booking-backend
deploy	Checkout repo	2025-12-25T17:07:58.4300980Z   token: ***
deploy	Checkout repo	2025-12-25T17:07:58.4301360Z   ssh-strict: true
deploy	Checkout repo	2025-12-25T17:07:58.4301753Z   ssh-user: git
deploy	Checkout repo	2025-12-25T17:07:58.4302149Z   persist-credentials: true
deploy	Checkout repo	2025-12-25T17:07:58.4302591Z   clean: true
deploy	Checkout repo	2025-12-25T17:07:58.4302978Z   sparse-checkout-cone-mode: true
deploy	Checkout repo	2025-12-25T17:07:58.4303452Z   fetch-depth: 1
deploy	Checkout repo	2025-12-25T17:07:58.4303833Z   fetch-tags: false
deploy	Checkout repo	2025-12-25T17:07:58.4304217Z   show-progress: true
deploy	Checkout repo	2025-12-25T17:07:58.4304620Z   lfs: false
deploy	Checkout repo	2025-12-25T17:07:58.4305014Z   submodules: false
deploy	Checkout repo	2025-12-25T17:07:58.4305426Z   set-safe-directory: true
deploy	Checkout repo	2025-12-25T17:07:58.4306123Z ##[endgroup]
deploy	Checkout repo	2025-12-25T17:07:58.5488721Z Syncing repository: AIX-Clever/chat-booking-backend
deploy	Checkout repo	2025-12-25T17:07:58.5490777Z ##[group]Getting Git version info
deploy	Checkout repo	2025-12-25T17:07:58.5491647Z Working directory is '/home/runner/work/chat-booking-backend/chat-booking-backend'
deploy	Checkout repo	2025-12-25T17:07:58.5492754Z [command]/usr/bin/git version
deploy	Checkout repo	2025-12-25T17:07:58.5595462Z git version 2.52.0
deploy	Checkout repo	2025-12-25T17:07:58.5622393Z ##[endgroup]
deploy	Checkout repo	2025-12-25T17:07:58.5638046Z Temporarily overriding HOME='/home/runner/work/_temp/57b3bdc8-b0e9-4b1b-ac7e-86159fef7d58' before making global git config changes
deploy	Checkout repo	2025-12-25T17:07:58.5640716Z Adding repository directory to the temporary git global config as a safe directory
deploy	Checkout repo	2025-12-25T17:07:58.5645255Z [command]/usr/bin/git config --global --add safe.directory /home/runner/work/chat-booking-backend/chat-booking-backend
deploy	Checkout repo	2025-12-25T17:07:58.5695614Z Deleting the contents of '/home/runner/work/chat-booking-backend/chat-booking-backend'
deploy	Checkout repo	2025-12-25T17:07:58.5699341Z ##[group]Initializing the repository
deploy	Checkout repo	2025-12-25T17:07:58.5705401Z [command]/usr/bin/git init /home/runner/work/chat-booking-backend/chat-booking-backend
deploy	Checkout repo	2025-12-25T17:07:58.5842352Z hint: Using 'master' as the name for the initial branch. This default branch name
deploy	Checkout repo	2025-12-25T17:07:58.5843696Z hint: will change to "main" in Git 3.0. To configure the initial branch name
deploy	Checkout repo	2025-12-25T17:07:58.5845009Z hint: to use in all of your new repositories, which will suppress this warning,
deploy	Checkout repo	2025-12-25T17:07:58.5846182Z hint: call:
deploy	Checkout repo	2025-12-25T17:07:58.5846779Z hint:
deploy	Checkout repo	2025-12-25T17:07:58.5847642Z hint: 	git config --global init.defaultBranch <name>
deploy	Checkout repo	2025-12-25T17:07:58.5848741Z hint:
deploy	Checkout repo	2025-12-25T17:07:58.5849544Z hint: Names commonly chosen instead of 'master' are 'main', 'trunk' and
deploy	Checkout repo	2025-12-25T17:07:58.5850676Z hint: 'development'. The just-created branch can be renamed via this command:
deploy	Checkout repo	2025-12-25T17:07:58.5851342Z hint:
deploy	Checkout repo	2025-12-25T17:07:58.5851716Z hint: 	git branch -m <name>
deploy	Checkout repo	2025-12-25T17:07:58.5852138Z hint:
deploy	Checkout repo	2025-12-25T17:07:58.5852720Z hint: Disable this message with "git config set advice.defaultBranchName false"
deploy	Checkout repo	2025-12-25T17:07:58.5854165Z Initialized empty Git repository in /home/runner/work/chat-booking-backend/chat-booking-backend/.git/
deploy	Checkout repo	2025-12-25T17:07:58.5859610Z [command]/usr/bin/git remote add origin https://github.com/AIX-Clever/chat-booking-backend
deploy	Checkout repo	2025-12-25T17:07:58.5892717Z ##[endgroup]
deploy	Checkout repo	2025-12-25T17:07:58.5893833Z ##[group]Disabling automatic garbage collection
deploy	Checkout repo	2025-12-25T17:07:58.5897335Z [command]/usr/bin/git config --local gc.auto 0
deploy	Checkout repo	2025-12-25T17:07:58.5925051Z ##[endgroup]
deploy	Checkout repo	2025-12-25T17:07:58.5925722Z ##[group]Setting up auth
deploy	Checkout repo	2025-12-25T17:07:58.5932190Z [command]/usr/bin/git config --local --name-only --get-regexp core\.sshCommand
deploy	Checkout repo	2025-12-25T17:07:58.5963177Z [command]/usr/bin/git submodule foreach --recursive sh -c "git config --local --name-only --get-regexp 'core\.sshCommand' && git config --local --unset-all 'core.sshCommand' || :"
deploy	Checkout repo	2025-12-25T17:07:58.6329260Z [command]/usr/bin/git config --local --name-only --get-regexp http\.https\:\/\/github\.com\/\.extraheader
deploy	Checkout repo	2025-12-25T17:07:58.6356986Z [command]/usr/bin/git submodule foreach --recursive sh -c "git config --local --name-only --get-regexp 'http\.https\:\/\/github\.com\/\.extraheader' && git config --local --unset-all 'http.https://github.com/.extraheader' || :"
deploy	Checkout repo	2025-12-25T17:07:58.6571550Z [command]/usr/bin/git config --local --name-only --get-regexp ^includeIf\.gitdir:
deploy	Checkout repo	2025-12-25T17:07:58.6600955Z [command]/usr/bin/git submodule foreach --recursive git config --local --show-origin --name-only --get-regexp remote.origin.url
deploy	Checkout repo	2025-12-25T17:07:58.6821698Z [command]/usr/bin/git config --local http.https://github.com/.extraheader AUTHORIZATION: basic ***
deploy	Checkout repo	2025-12-25T17:07:58.6855081Z ##[endgroup]
deploy	Checkout repo	2025-12-25T17:07:58.6856480Z ##[group]Fetching the repository
deploy	Checkout repo	2025-12-25T17:07:58.6864893Z [command]/usr/bin/git -c protocol.version=2 fetch --no-tags --prune --no-recurse-submodules --depth=1 origin +0acd65c4a0815cda8b8322f6b140a0a7de392f3d:refs/remotes/origin/dev
deploy	Checkout repo	2025-12-25T17:08:00.2441008Z From https://github.com/AIX-Clever/chat-booking-backend
deploy	Checkout repo	2025-12-25T17:08:00.2442402Z  * [new ref]         0acd65c4a0815cda8b8322f6b140a0a7de392f3d -> origin/dev
deploy	Checkout repo	2025-12-25T17:08:00.2473482Z ##[endgroup]
deploy	Checkout repo	2025-12-25T17:08:00.2474488Z ##[group]Determining the checkout info
deploy	Checkout repo	2025-12-25T17:08:00.2476520Z ##[endgroup]
deploy	Checkout repo	2025-12-25T17:08:00.2482538Z [command]/usr/bin/git sparse-checkout disable
deploy	Checkout repo	2025-12-25T17:08:00.2524942Z [command]/usr/bin/git config --local --unset-all extensions.worktreeConfig
deploy	Checkout repo	2025-12-25T17:08:00.2552063Z ##[group]Checking out the ref
deploy	Checkout repo	2025-12-25T17:08:00.2555892Z [command]/usr/bin/git checkout --progress --force -B dev refs/remotes/origin/dev
deploy	Checkout repo	2025-12-25T17:08:01.0406153Z Switched to a new branch 'dev'
deploy	Checkout repo	2025-12-25T17:08:01.0407919Z branch 'dev' set up to track 'origin/dev'.
deploy	Checkout repo	2025-12-25T17:08:01.0448594Z ##[endgroup]
deploy	Checkout repo	2025-12-25T17:08:01.0487813Z [command]/usr/bin/git log -1 --format=%H
deploy	Checkout repo	2025-12-25T17:08:01.0509867Z 0acd65c4a0815cda8b8322f6b140a0a7de392f3d
deploy	Setup Node.js	ï»¿2025-12-25T17:08:01.0745104Z ##[group]Run actions/setup-node@v4
deploy	Setup Node.js	2025-12-25T17:08:01.0745512Z with:
deploy	Setup Node.js	2025-12-25T17:08:01.0745753Z   node-version: 20
deploy	Setup Node.js	2025-12-25T17:08:01.0746008Z   always-auth: false
deploy	Setup Node.js	2025-12-25T17:08:01.0746450Z   check-latest: false
deploy	Setup Node.js	2025-12-25T17:08:01.0746856Z   token: ***
deploy	Setup Node.js	2025-12-25T17:08:01.0747093Z ##[endgroup]
deploy	Setup Node.js	2025-12-25T17:08:01.2507465Z Found in cache @ /opt/hostedtoolcache/node/20.19.6/x64
deploy	Setup Node.js	2025-12-25T17:08:01.2511690Z ##[group]Environment details
deploy	Setup Node.js	2025-12-25T17:08:01.6069225Z node: v20.19.6
deploy	Setup Node.js	2025-12-25T17:08:01.6069687Z npm: 10.8.2
deploy	Setup Node.js	2025-12-25T17:08:01.6070166Z yarn: 1.22.22
deploy	Setup Node.js	2025-12-25T17:08:01.6071519Z ##[endgroup]
deploy	Setup Python	ï»¿2025-12-25T17:08:01.6276259Z ##[group]Run actions/setup-python@v5
deploy	Setup Python	2025-12-25T17:08:01.6276556Z with:
deploy	Setup Python	2025-12-25T17:08:01.6276751Z   python-version: 3.9
deploy	Setup Python	2025-12-25T17:08:01.6276971Z   check-latest: false
deploy	Setup Python	2025-12-25T17:08:01.6277273Z   token: ***
deploy	Setup Python	2025-12-25T17:08:01.6277457Z   update-environment: true
deploy	Setup Python	2025-12-25T17:08:01.6277682Z   allow-prereleases: false
deploy	Setup Python	2025-12-25T17:08:01.6277885Z   freethreaded: false
deploy	Setup Python	2025-12-25T17:08:01.6278078Z ##[endgroup]
deploy	Setup Python	2025-12-25T17:08:01.7938145Z ##[group]Installed versions
deploy	Setup Python	2025-12-25T17:08:01.8072600Z Successfully set up CPython (3.9.25)
deploy	Setup Python	2025-12-25T17:08:01.8073503Z ##[endgroup]
deploy	Install Lambda Dependencies	ï»¿2025-12-25T17:08:01.8179310Z ##[group]Run # Find all requirements.txt files and install dependencies to their directory
deploy	Install Lambda Dependencies	2025-12-25T17:08:01.8180131Z [36;1m# Find all requirements.txt files and install dependencies to their directory[0m
deploy	Install Lambda Dependencies	2025-12-25T17:08:01.8180751Z [36;1mfind . -name "requirements.txt" -not -path "*/node_modules/*" -not -path "*/.venv/*" | while read req_file; do[0m
deploy	Install Lambda Dependencies	2025-12-25T17:08:01.8181256Z [36;1m  echo "Installing dependencies for $req_file"[0m
deploy	Install Lambda Dependencies	2025-12-25T17:08:01.8181561Z [36;1m  dir=$(dirname "$req_file")[0m
deploy	Install Lambda Dependencies	2025-12-25T17:08:01.8181832Z [36;1m  pip install -r "$req_file" -t "$dir"[0m
deploy	Install Lambda Dependencies	2025-12-25T17:08:01.8182079Z [36;1mdone[0m
deploy	Install Lambda Dependencies	2025-12-25T17:08:01.8233262Z shell: /usr/bin/bash -e {0}
deploy	Install Lambda Dependencies	2025-12-25T17:08:01.8233529Z env:
deploy	Install Lambda Dependencies	2025-12-25T17:08:01.8233778Z   pythonLocation: /opt/hostedtoolcache/Python/3.9.25/x64
deploy	Install Lambda Dependencies	2025-12-25T17:08:01.8234194Z   PKG_CONFIG_PATH: /opt/hostedtoolcache/Python/3.9.25/x64/lib/pkgconfig
deploy	Install Lambda Dependencies	2025-12-25T17:08:01.8234600Z   Python_ROOT_DIR: /opt/hostedtoolcache/Python/3.9.25/x64
deploy	Install Lambda Dependencies	2025-12-25T17:08:01.8234991Z   Python2_ROOT_DIR: /opt/hostedtoolcache/Python/3.9.25/x64
deploy	Install Lambda Dependencies	2025-12-25T17:08:01.8235327Z   Python3_ROOT_DIR: /opt/hostedtoolcache/Python/3.9.25/x64
deploy	Install Lambda Dependencies	2025-12-25T17:08:01.8235674Z   LD_LIBRARY_PATH: /opt/hostedtoolcache/Python/3.9.25/x64/lib
deploy	Install Lambda Dependencies	2025-12-25T17:08:01.8235958Z ##[endgroup]
deploy	Install Lambda Dependencies	2025-12-25T17:08:01.8562004Z Installing dependencies for ./availability/requirements.txt
deploy	Install Lambda Dependencies	2025-12-25T17:08:03.0707617Z Collecting boto3>=1.34.0 (from -r ./availability/requirements.txt (line 1))
deploy	Install Lambda Dependencies	2025-12-25T17:08:03.1062586Z   Downloading boto3-1.42.16-py3-none-any.whl.metadata (6.8 kB)
deploy	Install Lambda Dependencies	2025-12-25T17:08:03.5327346Z Collecting botocore>=1.34.0 (from -r ./availability/requirements.txt (line 2))
deploy	Install Lambda Dependencies	2025-12-25T17:08:03.5379752Z   Downloading botocore-1.42.16-py3-none-any.whl.metadata (5.9 kB)
deploy	Install Lambda Dependencies	2025-12-25T17:08:03.5557427Z Collecting python-dateutil>=2.8.2 (from -r ./availability/requirements.txt (line 3))
deploy	Install Lambda Dependencies	2025-12-25T17:08:03.5609807Z   Downloading python_dateutil-2.9.0.post0-py2.py3-none-any.whl.metadata (8.4 kB)
deploy	Install Lambda Dependencies	2025-12-25T17:08:03.6035851Z Collecting pytz>=2023.3 (from -r ./availability/requirements.txt (line 4))
deploy	Install Lambda Dependencies	2025-12-25T17:08:03.6081960Z   Downloading pytz-2025.2-py2.py3-none-any.whl.metadata (22 kB)
deploy	Install Lambda Dependencies	2025-12-25T17:08:03.8233339Z Collecting jmespath<2.0.0,>=0.7.1 (from boto3>=1.34.0->-r ./availability/requirements.txt (line 1))
deploy	Install Lambda Dependencies	2025-12-25T17:08:03.8274520Z   Downloading jmespath-1.0.1-py3-none-any.whl.metadata (7.6 kB)
deploy	Install Lambda Dependencies	2025-12-25T17:08:03.8562183Z Collecting s3transfer<0.17.0,>=0.16.0 (from boto3>=1.34.0->-r ./availability/requirements.txt (line 1))
deploy	Install Lambda Dependencies	2025-12-25T17:08:03.8610424Z   Downloading s3transfer-0.16.0-py3-none-any.whl.metadata (1.7 kB)
deploy	Install Lambda Dependencies	2025-12-25T17:08:03.8950835Z Collecting urllib3<1.27,>=1.25.4 (from botocore>=1.34.0->-r ./availability/requirements.txt (line 2))
deploy	Install Lambda Dependencies	2025-12-25T17:08:03.9017914Z   Downloading urllib3-1.26.20-py2.py3-none-any.whl.metadata (50 kB)
deploy	Install Lambda Dependencies	2025-12-25T17:08:03.9256463Z Collecting six>=1.5 (from python-dateutil>=2.8.2->-r ./availability/requirements.txt (line 3))
deploy	Install Lambda Dependencies	2025-12-25T17:08:03.9296082Z   Downloading six-1.17.0-py2.py3-none-any.whl.metadata (1.7 kB)
deploy	Install Lambda Dependencies	2025-12-25T17:08:04.1483726Z Downloading boto3-1.42.16-py3-none-any.whl (140 kB)
deploy	Install Lambda Dependencies	2025-12-25T17:08:04.1605444Z Downloading botocore-1.42.16-py3-none-any.whl (14.6 MB)
deploy	Install Lambda Dependencies	2025-12-25T17:08:04.2710089Z    â”â”â”â”â”â”â”â”â”â”â”â”â”â”â”â”â”â”â”â”â”â”â”â”â”â”â”â”â”â”â”â”â”â”â”â”â”â”â”â” 14.6/14.6 MB 138.2 MB/s  0:00:00
deploy	Install Lambda Dependencies	2025-12-25T17:08:04.2756328Z Downloading python_dateutil-2.9.0.post0-py2.py3-none-any.whl (229 kB)
deploy	Install Lambda Dependencies	2025-12-25T17:08:04.2845030Z Downloading jmespath-1.0.1-py3-none-any.whl (20 kB)
deploy	Install Lambda Dependencies	2025-12-25T17:08:04.2910573Z Downloading s3transfer-0.16.0-py3-none-any.whl (86 kB)
deploy	Install Lambda Dependencies	2025-12-25T17:08:04.2986001Z Downloading urllib3-1.26.20-py2.py3-none-any.whl (144 kB)
deploy	Install Lambda Dependencies	2025-12-25T17:08:04.3053240Z Downloading pytz-2025.2-py2.py3-none-any.whl (509 kB)
deploy	Install Lambda Dependencies	2025-12-25T17:08:04.3140596Z Downloading six-1.17.0-py2.py3-none-any.whl (11 kB)
deploy	Install Lambda Dependencies	2025-12-25T17:08:04.3964450Z Installing collected packages: pytz, urllib3, six, jmespath, python-dateutil, botocore, s3transfer, boto3
deploy	Install Lambda Dependencies	2025-12-25T17:08:05.2699350Z 
deploy	Install Lambda Dependencies	2025-12-25T17:08:05.2724460Z Successfully installed boto3-1.42.16 botocore-1.42.16 jmespath-1.0.1 python-dateutil-2.9.0.post0 pytz-2025.2 s3transfer-0.16.0 six-1.17.0 urllib3-1.26.20
deploy	Install Lambda Dependencies	2025-12-25T17:08:05.4286986Z Installing dependencies for ./chat_agent/requirements.txt
deploy	Install Lambda Dependencies	2025-12-25T17:08:05.8375160Z Collecting requests (from -r ./chat_agent/requirements.txt (line 1))
deploy	Install Lambda Dependencies	2025-12-25T17:08:05.8808916Z   Downloading requests-2.32.5-py3-none-any.whl.metadata (4.9 kB)
deploy	Install Lambda Dependencies	2025-12-25T17:08:05.9019238Z Collecting aws-xray-sdk (from -r ./chat_agent/requirements.txt (line 2))
deploy	Install Lambda Dependencies	2025-12-25T17:08:05.9063760Z   Downloading aws_xray_sdk-2.15.0-py2.py3-none-any.whl.metadata (23 kB)
deploy	Install Lambda Dependencies	2025-12-25T17:08:06.2773200Z Collecting boto3>=1.34.0 (from -r ./chat_agent/requirements.txt (line 3))
deploy	Install Lambda Dependencies	2025-12-25T17:08:06.2792970Z   Using cached boto3-1.42.16-py3-none-any.whl.metadata (6.8 kB)
deploy	Install Lambda Dependencies	2025-12-25T17:08:06.2941030Z Collecting python-dateutil>=2.8.2 (from -r ./chat_agent/requirements.txt (line 4))
deploy	Install Lambda Dependencies	2025-12-25T17:08:06.2958235Z   Using cached python_dateutil-2.9.0.post0-py2.py3-none-any.whl.metadata (8.4 kB)
deploy	Install Lambda Dependencies	2025-12-25T17:08:06.3344401Z Collecting pytz>=2023.3 (from -r ./chat_agent/requirements.txt (line 5))
deploy	Install Lambda Dependencies	2025-12-25T17:08:06.3362784Z   Using cached pytz-2025.2-py2.py3-none-any.whl.metadata (22 kB)
deploy	Install Lambda Dependencies	2025-12-25T17:08:06.3666518Z Collecting pypdf>=3.0.0 (from -r ./chat_agent/requirements.txt (line 6))
deploy	Install Lambda Dependencies	2025-12-25T17:08:06.3711574Z   Downloading pypdf-6.5.0-py3-none-any.whl.metadata (7.1 kB)
deploy	Install Lambda Dependencies	2025-12-25T17:08:06.4882100Z Collecting charset_normalizer<4,>=2 (from requests->-r ./chat_agent/requirements.txt (line 1))
deploy	Install Lambda Dependencies	2025-12-25T17:08:06.4930405Z   Downloading charset_normalizer-3.4.4-cp39-cp39-manylinux2014_x86_64.manylinux_2_17_x86_64.manylinux_2_28_x86_64.whl.metadata (37 kB)
deploy	Install Lambda Dependencies	2025-12-25T17:08:06.5152575Z Collecting idna<4,>=2.5 (from requests->-r ./chat_agent/requirements.txt (line 1))
deploy	Install Lambda Dependencies	2025-12-25T17:08:06.5227928Z   Downloading idna-3.11-py3-none-any.whl.metadata (8.4 kB)
deploy	Install Lambda Dependencies	2025-12-25T17:08:06.5565703Z Collecting urllib3<3,>=1.21.1 (from requests->-r ./chat_agent/requirements.txt (line 1))
deploy	Install Lambda Dependencies	2025-12-25T17:08:06.5610875Z   Downloading urllib3-2.6.2-py3-none-any.whl.metadata (6.6 kB)
deploy	Install Lambda Dependencies	2025-12-25T17:08:06.6034288Z Collecting certifi>=2017.4.17 (from requests->-r ./chat_agent/requirements.txt (line 1))
deploy	Install Lambda Dependencies	2025-12-25T17:08:06.6083445Z   Downloading certifi-2025.11.12-py3-none-any.whl.metadata (2.5 kB)
deploy	Install Lambda Dependencies	2025-12-25T17:08:06.7853549Z Collecting wrapt (from aws-xray-sdk->-r ./chat_agent/requirements.txt (line 2))
deploy	Install Lambda Dependencies	2025-12-25T17:08:06.7899411Z   Downloading wrapt-2.0.1-cp39-cp39-manylinux1_x86_64.manylinux_2_28_x86_64.manylinux_2_5_x86_64.whl.metadata (9.0 kB)
deploy	Install Lambda Dependencies	2025-12-25T17:08:07.3212918Z Collecting botocore>=1.11.3 (from aws-xray-sdk->-r ./chat_agent/requirements.txt (line 2))
deploy	Install Lambda Dependencies	2025-12-25T17:08:07.3233818Z   Using cached botocore-1.42.16-py3-none-any.whl.metadata (5.9 kB)
deploy	Install Lambda Dependencies	2025-12-25T17:08:07.5140999Z Collecting jmespath<2.0.0,>=0.7.1 (from boto3>=1.34.0->-r ./chat_agent/requirements.txt (line 3))
deploy	Install Lambda Dependencies	2025-12-25T17:08:07.5157366Z   Using cached jmespath-1.0.1-py3-none-any.whl.metadata (7.6 kB)
deploy	Install Lambda Dependencies	2025-12-25T17:08:07.5330987Z Collecting s3transfer<0.17.0,>=0.16.0 (from boto3>=1.34.0->-r ./chat_agent/requirements.txt (line 3))
deploy	Install Lambda Dependencies	2025-12-25T17:08:07.5348656Z   Using cached s3transfer-0.16.0-py3-none-any.whl.metadata (1.7 kB)
deploy	Install Lambda Dependencies	2025-12-25T17:08:07.5543377Z Collecting urllib3<3,>=1.21.1 (from requests->-r ./chat_agent/requirements.txt (line 1))
deploy	Install Lambda Dependencies	2025-12-25T17:08:07.5560989Z   Using cached urllib3-1.26.20-py2.py3-none-any.whl.metadata (50 kB)
deploy	Install Lambda Dependencies	2025-12-25T17:08:07.5758323Z Collecting six>=1.5 (from python-dateutil>=2.8.2->-r ./chat_agent/requirements.txt (line 4))
deploy	Install Lambda Dependencies	2025-12-25T17:08:07.5776158Z   Using cached six-1.17.0-py2.py3-none-any.whl.metadata (1.7 kB)
deploy	Install Lambda Dependencies	2025-12-25T17:08:07.8521925Z Collecting typing_extensions>=4.0 (from pypdf>=3.0.0->-r ./chat_agent/requirements.txt (line 6))
deploy	Install Lambda Dependencies	2025-12-25T17:08:07.8567459Z   Downloading typing_extensions-4.15.0-py3-none-any.whl.metadata (3.3 kB)
deploy	Install Lambda Dependencies	2025-12-25T17:08:07.8685905Z Downloading requests-2.32.5-py3-none-any.whl (64 kB)
deploy	Install Lambda Dependencies	2025-12-25T17:08:07.8763596Z Downloading charset_normalizer-3.4.4-cp39-cp39-manylinux2014_x86_64.manylinux_2_17_x86_64.manylinux_2_28_x86_64.whl (153 kB)
deploy	Install Lambda Dependencies	2025-12-25T17:08:07.8844827Z Downloading idna-3.11-py3-none-any.whl (71 kB)
deploy	Install Lambda Dependencies	2025-12-25T17:08:07.8916887Z Downloading aws_xray_sdk-2.15.0-py2.py3-none-any.whl (103 kB)
deploy	Install Lambda Dependencies	2025-12-25T17:08:07.8957912Z Using cached boto3-1.42.16-py3-none-any.whl (140 kB)
deploy	Install Lambda Dependencies	2025-12-25T17:08:07.8975843Z Using cached botocore-1.42.16-py3-none-any.whl (14.6 MB)
deploy	Install Lambda Dependencies	2025-12-25T17:08:07.9098209Z Using cached python_dateutil-2.9.0.post0-py2.py3-none-any.whl (229 kB)
deploy	Install Lambda Dependencies	2025-12-25T17:08:07.9116607Z Using cached jmespath-1.0.1-py3-none-any.whl (20 kB)
deploy	Install Lambda Dependencies	2025-12-25T17:08:07.9133556Z Using cached s3transfer-0.16.0-py3-none-any.whl (86 kB)
deploy	Install Lambda Dependencies	2025-12-25T17:08:07.9150785Z Using cached urllib3-1.26.20-py2.py3-none-any.whl (144 kB)
deploy	Install Lambda Dependencies	2025-12-25T17:08:07.9168693Z Using cached pytz-2025.2-py2.py3-none-any.whl (509 kB)
deploy	Install Lambda Dependencies	2025-12-25T17:08:07.9221548Z Downloading pypdf-6.5.0-py3-none-any.whl (329 kB)
deploy	Install Lambda Dependencies	2025-12-25T17:08:07.9317333Z Downloading certifi-2025.11.12-py3-none-any.whl (159 kB)
deploy	Install Lambda Dependencies	2025-12-25T17:08:07.9365992Z Using cached six-1.17.0-py2.py3-none-any.whl (11 kB)
deploy	Install Lambda Dependencies	2025-12-25T17:08:07.9414066Z Downloading typing_extensions-4.15.0-py3-none-any.whl (44 kB)
deploy	Install Lambda Dependencies	2025-12-25T17:08:07.9484928Z Downloading wrapt-2.0.1-cp39-cp39-manylinux1_x86_64.manylinux_2_28_x86_64.manylinux_2_5_x86_64.whl (113 kB)
deploy	Install Lambda Dependencies	2025-12-25T17:08:08.0484064Z Installing collected packages: pytz, wrapt, urllib3, typing_extensions, six, jmespath, idna, charset_normalizer, certifi, requests, python-dateutil, pypdf, botocore, s3transfer, aws-xray-sdk, boto3
deploy	Install Lambda Dependencies	2025-12-25T17:08:09.3918546Z 
deploy	Install Lambda Dependencies	2025-12-25T17:08:09.3955286Z Successfully installed aws-xray-sdk-2.15.0 boto3-1.42.16 botocore-1.42.16 certifi-2025.11.12 charset_normalizer-3.4.4 idna-3.11 jmespath-1.0.1 pypdf-6.5.0 python-dateutil-2.9.0.post0 pytz-2025.2 requests-2.32.5 s3transfer-0.16.0 six-1.17.0 typing_extensions-4.15.0 urllib3-1.26.20 wrapt-2.0.1
deploy	Install Lambda Dependencies	2025-12-25T17:08:09.5081048Z Installing dependencies for ./auth_resolver/requirements.txt
deploy	Install Lambda Dependencies	2025-12-25T17:08:10.2394161Z Collecting boto3>=1.34.0 (from -r ./auth_resolver/requirements.txt (line 1))
deploy	Install Lambda Dependencies	2025-12-25T17:08:10.2414842Z   Using cached boto3-1.42.16-py3-none-any.whl.metadata (6.8 kB)
deploy	Install Lambda Dependencies	2025-12-25T17:08:10.2567005Z Collecting python-dateutil>=2.8.2 (from -r ./auth_resolver/requirements.txt (line 2))
deploy	Install Lambda Dependencies	2025-12-25T17:08:10.2584934Z   Using cached python_dateutil-2.9.0.post0-py2.py3-none-any.whl.metadata (8.4 kB)
deploy	Install Lambda Dependencies	2025-12-25T17:08:10.6861585Z Collecting botocore>=1.34.0 (from -r ./auth_resolver/requirements.txt (line 3))
deploy	Install Lambda Dependencies	2025-12-25T17:08:10.6881551Z   Using cached botocore-1.42.16-py3-none-any.whl.metadata (5.9 kB)
deploy	Install Lambda Dependencies	2025-12-25T17:08:10.8508541Z Collecting jmespath<2.0.0,>=0.7.1 (from boto3>=1.34.0->-r ./auth_resolver/requirements.txt (line 1))
deploy	Install Lambda Dependencies	2025-12-25T17:08:10.8527798Z   Using cached jmespath-1.0.1-py3-none-any.whl.metadata (7.6 kB)
deploy	Install Lambda Dependencies	2025-12-25T17:08:10.8702299Z Collecting s3transfer<0.17.0,>=0.16.0 (from boto3>=1.34.0->-r ./auth_resolver/requirements.txt (line 1))
deploy	Install Lambda Dependencies	2025-12-25T17:08:10.8719630Z   Using cached s3transfer-0.16.0-py3-none-any.whl.metadata (1.7 kB)
deploy	Install Lambda Dependencies	2025-12-25T17:08:10.9039066Z Collecting urllib3<1.27,>=1.25.4 (from botocore>=1.34.0->-r ./auth_resolver/requirements.txt (line 3))
deploy	Install Lambda Dependencies	2025-12-25T17:08:10.9056745Z   Using cached urllib3-1.26.20-py2.py3-none-any.whl.metadata (50 kB)
deploy	Install Lambda Dependencies	2025-12-25T17:08:10.9250826Z Collecting six>=1.5 (from python-dateutil>=2.8.2->-r ./auth_resolver/requirements.txt (line 2))
deploy	Install Lambda Dependencies	2025-12-25T17:08:10.9268029Z   Using cached six-1.17.0-py2.py3-none-any.whl.metadata (1.7 kB)
deploy	Install Lambda Dependencies	2025-12-25T17:08:11.2150715Z Using cached boto3-1.42.16-py3-none-any.whl (140 kB)
deploy	Install Lambda Dependencies	2025-12-25T17:08:11.2168146Z Using cached botocore-1.42.16-py3-none-any.whl (14.6 MB)
deploy	Install Lambda Dependencies	2025-12-25T17:08:11.2292146Z Using cached python_dateutil-2.9.0.post0-py2.py3-none-any.whl (229 kB)
deploy	Install Lambda Dependencies	2025-12-25T17:08:11.2310067Z Using cached jmespath-1.0.1-py3-none-any.whl (20 kB)
deploy	Install Lambda Dependencies	2025-12-25T17:08:11.2327072Z Using cached s3transfer-0.16.0-py3-none-any.whl (86 kB)
deploy	Install Lambda Dependencies	2025-12-25T17:08:11.2344321Z Using cached urllib3-1.26.20-py2.py3-none-any.whl (144 kB)
deploy	Install Lambda Dependencies	2025-12-25T17:08:11.2361856Z Using cached six-1.17.0-py2.py3-none-any.whl (11 kB)
deploy	Install Lambda Dependencies	2025-12-25T17:08:11.3043131Z Installing collected packages: urllib3, six, jmespath, python-dateutil, botocore, s3transfer, boto3
deploy	Install Lambda Dependencies	2025-12-25T17:08:12.0572656Z 
deploy	Install Lambda Dependencies	2025-12-25T17:08:12.0594986Z Successfully installed boto3-1.42.16 botocore-1.42.16 jmespath-1.0.1 python-dateutil-2.9.0.post0 s3transfer-0.16.0 six-1.17.0 urllib3-1.26.20
deploy	Install Lambda Dependencies	2025-12-25T17:08:12.1370806Z Installing dependencies for ./booking/requirements.txt
deploy	Install Lambda Dependencies	2025-12-25T17:08:12.8664004Z Collecting boto3>=1.34.0 (from -r ./booking/requirements.txt (line 1))
deploy	Install Lambda Dependencies	2025-12-25T17:08:12.8684423Z   Using cached boto3-1.42.16-py3-none-any.whl.metadata (6.8 kB)
deploy	Install Lambda Dependencies	2025-12-25T17:08:13.2925799Z Collecting botocore>=1.34.0 (from -r ./booking/requirements.txt (line 2))
deploy	Install Lambda Dependencies	2025-12-25T17:08:13.2945843Z   Using cached botocore-1.42.16-py3-none-any.whl.metadata (5.9 kB)
deploy	Install Lambda Dependencies	2025-12-25T17:08:13.3099640Z Collecting python-dateutil>=2.8.2 (from -r ./booking/requirements.txt (line 3))
deploy	Install Lambda Dependencies	2025-12-25T17:08:13.3116998Z   Using cached python_dateutil-2.9.0.post0-py2.py3-none-any.whl.metadata (8.4 kB)
deploy	Install Lambda Dependencies	2025-12-25T17:08:13.5235747Z Collecting jmespath<2.0.0,>=0.7.1 (from boto3>=1.34.0->-r ./booking/requirements.txt (line 1))
deploy	Install Lambda Dependencies	2025-12-25T17:08:13.5254005Z   Using cached jmespath-1.0.1-py3-none-any.whl.metadata (7.6 kB)
deploy	Install Lambda Dependencies	2025-12-25T17:08:13.5451931Z Collecting s3transfer<0.17.0,>=0.16.0 (from boto3>=1.34.0->-r ./booking/requirements.txt (line 1))
deploy	Install Lambda Dependencies	2025-12-25T17:08:13.5469193Z   Using cached s3transfer-0.16.0-py3-none-any.whl.metadata (1.7 kB)
deploy	Install Lambda Dependencies	2025-12-25T17:08:13.5807571Z Collecting urllib3<1.27,>=1.25.4 (from botocore>=1.34.0->-r ./booking/requirements.txt (line 2))
deploy	Install Lambda Dependencies	2025-12-25T17:08:13.5824923Z   Using cached urllib3-1.26.20-py2.py3-none-any.whl.metadata (50 kB)
deploy	Install Lambda Dependencies	2025-12-25T17:08:13.6014566Z Collecting six>=1.5 (from python-dateutil>=2.8.2->-r ./booking/requirements.txt (line 3))
deploy	Install Lambda Dependencies	2025-12-25T17:08:13.6031898Z   Using cached six-1.17.0-py2.py3-none-any.whl.metadata (1.7 kB)
deploy	Install Lambda Dependencies	2025-12-25T17:08:13.8118376Z Using cached boto3-1.42.16-py3-none-any.whl (140 kB)
deploy	Install Lambda Dependencies	2025-12-25T17:08:13.8137039Z Using cached botocore-1.42.16-py3-none-any.whl (14.6 MB)
deploy	Install Lambda Dependencies	2025-12-25T17:08:13.8259663Z Using cached python_dateutil-2.9.0.post0-py2.py3-none-any.whl (229 kB)
deploy	Install Lambda Dependencies	2025-12-25T17:08:13.8278043Z Using cached jmespath-1.0.1-py3-none-any.whl (20 kB)
deploy	Install Lambda Dependencies	2025-12-25T17:08:13.8295014Z Using cached s3transfer-0.16.0-py3-none-any.whl (86 kB)
deploy	Install Lambda Dependencies	2025-12-25T17:08:13.8312228Z Using cached urllib3-1.26.20-py2.py3-none-any.whl (144 kB)
deploy	Install Lambda Dependencies	2025-12-25T17:08:13.8329375Z Using cached six-1.17.0-py2.py3-none-any.whl (11 kB)
deploy	Install Lambda Dependencies	2025-12-25T17:08:13.9002937Z Installing collected packages: urllib3, six, jmespath, python-dateutil, botocore, s3transfer, boto3
deploy	Install Lambda Dependencies	2025-12-25T17:08:14.6573516Z 
deploy	Install Lambda Dependencies	2025-12-25T17:08:14.6596678Z Successfully installed boto3-1.42.16 botocore-1.42.16 jmespath-1.0.1 python-dateutil-2.9.0.post0 s3transfer-0.16.0 six-1.17.0 urllib3-1.26.20
deploy	Install Lambda Dependencies	2025-12-25T17:08:14.7375208Z Installing dependencies for ./catalog/requirements.txt
deploy	Install Lambda Dependencies	2025-12-25T17:08:15.4659610Z Collecting boto3>=1.34.0 (from -r ./catalog/requirements.txt (line 1))
deploy	Install Lambda Dependencies	2025-12-25T17:08:15.4680660Z   Using cached boto3-1.42.16-py3-none-any.whl.metadata (6.8 kB)
deploy	Install Lambda Dependencies	2025-12-25T17:08:15.4827746Z Collecting python-dateutil>=2.8.2 (from -r ./catalog/requirements.txt (line 2))
deploy	Install Lambda Dependencies	2025-12-25T17:08:15.4845761Z   Using cached python_dateutil-2.9.0.post0-py2.py3-none-any.whl.metadata (8.4 kB)
deploy	Install Lambda Dependencies	2025-12-25T17:08:15.9060494Z Collecting botocore>=1.34.0 (from -r ./catalog/requirements.txt (line 3))
deploy	Install Lambda Dependencies	2025-12-25T17:08:15.9080168Z   Using cached botocore-1.42.16-py3-none-any.whl.metadata (5.9 kB)
deploy	Install Lambda Dependencies	2025-12-25T17:08:16.0334703Z Collecting jmespath<2.0.0,>=0.7.1 (from boto3>=1.34.0->-r ./catalog/requirements.txt (line 1))
deploy	Install Lambda Dependencies	2025-12-25T17:08:16.0352346Z   Using cached jmespath-1.0.1-py3-none-any.whl.metadata (7.6 kB)
deploy	Install Lambda Dependencies	2025-12-25T17:08:16.0527139Z Collecting s3transfer<0.17.0,>=0.16.0 (from boto3>=1.34.0->-r ./catalog/requirements.txt (line 1))
deploy	Install Lambda Dependencies	2025-12-25T17:08:16.0544356Z   Using cached s3transfer-0.16.0-py3-none-any.whl.metadata (1.7 kB)
deploy	Install Lambda Dependencies	2025-12-25T17:08:16.0859410Z Collecting urllib3<1.27,>=1.25.4 (from botocore>=1.34.0->-r ./catalog/requirements.txt (line 3))
deploy	Install Lambda Dependencies	2025-12-25T17:08:16.0876883Z   Using cached urllib3-1.26.20-py2.py3-none-any.whl.metadata (50 kB)
deploy	Install Lambda Dependencies	2025-12-25T17:08:16.1066536Z Collecting six>=1.5 (from python-dateutil>=2.8.2->-r ./catalog/requirements.txt (line 2))
deploy	Install Lambda Dependencies	2025-12-25T17:08:16.1083500Z   Using cached six-1.17.0-py2.py3-none-any.whl.metadata (1.7 kB)
deploy	Install Lambda Dependencies	2025-12-25T17:08:16.3313177Z Using cached boto3-1.42.16-py3-none-any.whl (140 kB)
deploy	Install Lambda Dependencies	2025-12-25T17:08:16.3330756Z Using cached botocore-1.42.16-py3-none-any.whl (14.6 MB)
deploy	Install Lambda Dependencies	2025-12-25T17:08:16.3450834Z Using cached python_dateutil-2.9.0.post0-py2.py3-none-any.whl (229 kB)
deploy	Install Lambda Dependencies	2025-12-25T17:08:16.3468548Z Using cached jmespath-1.0.1-py3-none-any.whl (20 kB)
deploy	Install Lambda Dependencies	2025-12-25T17:08:16.3485299Z Using cached s3transfer-0.16.0-py3-none-any.whl (86 kB)
deploy	Install Lambda Dependencies	2025-12-25T17:08:16.3502317Z Using cached urllib3-1.26.20-py2.py3-none-any.whl (144 kB)
deploy	Install Lambda Dependencies	2025-12-25T17:08:16.3519629Z Using cached six-1.17.0-py2.py3-none-any.whl (11 kB)
deploy	Install Lambda Dependencies	2025-12-25T17:08:16.4201193Z Installing collected packages: urllib3, six, jmespath, python-dateutil, botocore, s3transfer, boto3
deploy	Install Lambda Dependencies	2025-12-25T17:08:17.1862149Z 
deploy	Install Lambda Dependencies	2025-12-25T17:08:17.1884476Z Successfully installed boto3-1.42.16 botocore-1.42.16 jmespath-1.0.1 python-dateutil-2.9.0.post0 s3transfer-0.16.0 six-1.17.0 urllib3-1.26.20
deploy	Configure AWS credentials	ï»¿2025-12-25T17:08:17.2682158Z ##[group]Run aws-actions/configure-aws-credentials@v4
deploy	Configure AWS credentials	2025-12-25T17:08:17.2682464Z with:
deploy	Configure AWS credentials	2025-12-25T17:08:17.2682725Z   role-to-assume: arn:aws:iam::607250385528:role/OICD_GITHUB_ACTION_DEPLOY
deploy	Configure AWS credentials	2025-12-25T17:08:17.2683048Z   aws-region: us-east-1
deploy	Configure AWS credentials	2025-12-25T17:08:17.2683258Z   audience: sts.amazonaws.com
deploy	Configure AWS credentials	2025-12-25T17:08:17.2683487Z   output-env-credentials: true
deploy	Configure AWS credentials	2025-12-25T17:08:17.2683700Z env:
deploy	Configure AWS credentials	2025-12-25T17:08:17.2683925Z   pythonLocation: /opt/hostedtoolcache/Python/3.9.25/x64
deploy	Configure AWS credentials	2025-12-25T17:08:17.2684313Z   PKG_CONFIG_PATH: /opt/hostedtoolcache/Python/3.9.25/x64/lib/pkgconfig
deploy	Configure AWS credentials	2025-12-25T17:08:17.2684685Z   Python_ROOT_DIR: /opt/hostedtoolcache/Python/3.9.25/x64
deploy	Configure AWS credentials	2025-12-25T17:08:17.2685028Z   Python2_ROOT_DIR: /opt/hostedtoolcache/Python/3.9.25/x64
deploy	Configure AWS credentials	2025-12-25T17:08:17.2685360Z   Python3_ROOT_DIR: /opt/hostedtoolcache/Python/3.9.25/x64
deploy	Configure AWS credentials	2025-12-25T17:08:17.2685689Z   LD_LIBRARY_PATH: /opt/hostedtoolcache/Python/3.9.25/x64/lib
deploy	Configure AWS credentials	2025-12-25T17:08:17.2685970Z ##[endgroup]
deploy	Configure AWS credentials	2025-12-25T17:08:17.4863749Z Assuming role with OIDC
deploy	Configure AWS credentials	2025-12-25T17:08:17.6053371Z Authenticated as assumedRoleId AROAY2YXRRJ4FJCZEMYSV:GitHubActions
deploy	Install CDK dependencies	ï»¿2025-12-25T17:08:17.6296146Z ##[group]Run npm ci
deploy	Install CDK dependencies	2025-12-25T17:08:17.6296384Z [36;1mnpm ci[0m
deploy	Install CDK dependencies	2025-12-25T17:08:17.6331073Z shell: /usr/bin/bash -e {0}
deploy	Install CDK dependencies	2025-12-25T17:08:17.6331302Z env:
deploy	Install CDK dependencies	2025-12-25T17:08:17.6331559Z   pythonLocation: /opt/hostedtoolcache/Python/3.9.25/x64
deploy	Install CDK dependencies	2025-12-25T17:08:17.6331970Z   PKG_CONFIG_PATH: /opt/hostedtoolcache/Python/3.9.25/x64/lib/pkgconfig
deploy	Install CDK dependencies	2025-12-25T17:08:17.6332365Z   Python_ROOT_DIR: /opt/hostedtoolcache/Python/3.9.25/x64
deploy	Install CDK dependencies	2025-12-25T17:08:17.6332740Z   Python2_ROOT_DIR: /opt/hostedtoolcache/Python/3.9.25/x64
deploy	Install CDK dependencies	2025-12-25T17:08:17.6333273Z   Python3_ROOT_DIR: /opt/hostedtoolcache/Python/3.9.25/x64
deploy	Install CDK dependencies	2025-12-25T17:08:17.6333636Z   LD_LIBRARY_PATH: /opt/hostedtoolcache/Python/3.9.25/x64/lib
deploy	Install CDK dependencies	2025-12-25T17:08:17.6333944Z   AWS_DEFAULT_REGION: us-east-1
deploy	Install CDK dependencies	2025-12-25T17:08:17.6334173Z   AWS_REGION: us-east-1
deploy	Install CDK dependencies	2025-12-25T17:08:17.6334495Z   AWS_ACCESS_KEY_ID: ***
deploy	Install CDK dependencies	2025-12-25T17:08:17.6334802Z   AWS_SECRET_ACCESS_KEY: ***
deploy	Install CDK dependencies	2025-12-25T17:08:17.6339574Z   AWS_SESSION_TOKEN: ***
deploy	Install CDK dependencies	2025-12-25T17:08:17.6339791Z ##[endgroup]
deploy	Install CDK dependencies	2025-12-25T17:08:22.8138542Z 
deploy	Install CDK dependencies	2025-12-25T17:08:22.8139426Z added 26 packages, and audited 63 packages in 5s
deploy	Install CDK dependencies	2025-12-25T17:08:22.8140198Z 
deploy	Install CDK dependencies	2025-12-25T17:08:22.8140701Z 4 packages are looking for funding
deploy	Install CDK dependencies	2025-12-25T17:08:22.8141239Z   run `npm fund` for details
deploy	Install CDK dependencies	2025-12-25T17:08:22.8150472Z 
deploy	Install CDK dependencies	2025-12-25T17:08:22.8150885Z found 0 vulnerabilities
deploy	Sanitize Environment Name	ï»¿2025-12-25T17:08:22.8343610Z ##[group]Run # Get branch name (head_ref for PRs, ref_name for dispatch)
deploy	Sanitize Environment Name	2025-12-25T17:08:22.8344102Z [36;1m# Get branch name (head_ref for PRs, ref_name for dispatch)[0m
deploy	Sanitize Environment Name	2025-12-25T17:08:22.8344439Z [36;1mRAW_BRANCH=dev[0m
deploy	Sanitize Environment Name	2025-12-25T17:08:22.8344701Z [36;1m# Replace slashes with hyphens[0m
deploy	Sanitize Environment Name	2025-12-25T17:08:22.8344973Z [36;1mSANITIZED_BRANCH=${RAW_BRANCH//\//-}[0m
deploy	Sanitize Environment Name	2025-12-25T17:08:22.8345295Z [36;1mecho "ENV_NAME=${SANITIZED_BRANCH}" >> $GITHUB_ENV[0m
deploy	Sanitize Environment Name	2025-12-25T17:08:22.8379027Z shell: /usr/bin/bash -e {0}
deploy	Sanitize Environment Name	2025-12-25T17:08:22.8379266Z env:
deploy	Sanitize Environment Name	2025-12-25T17:08:22.8379513Z   pythonLocation: /opt/hostedtoolcache/Python/3.9.25/x64
deploy	Sanitize Environment Name	2025-12-25T17:08:22.8380093Z   PKG_CONFIG_PATH: /opt/hostedtoolcache/Python/3.9.25/x64/lib/pkgconfig
deploy	Sanitize Environment Name	2025-12-25T17:08:22.8380508Z   Python_ROOT_DIR: /opt/hostedtoolcache/Python/3.9.25/x64
deploy	Sanitize Environment Name	2025-12-25T17:08:22.8380851Z   Python2_ROOT_DIR: /opt/hostedtoolcache/Python/3.9.25/x64
deploy	Sanitize Environment Name	2025-12-25T17:08:22.8381193Z   Python3_ROOT_DIR: /opt/hostedtoolcache/Python/3.9.25/x64
deploy	Sanitize Environment Name	2025-12-25T17:08:22.8381570Z   LD_LIBRARY_PATH: /opt/hostedtoolcache/Python/3.9.25/x64/lib
deploy	Sanitize Environment Name	2025-12-25T17:08:22.8381868Z   AWS_DEFAULT_REGION: us-east-1
deploy	Sanitize Environment Name	2025-12-25T17:08:22.8382100Z   AWS_REGION: us-east-1
deploy	Sanitize Environment Name	2025-12-25T17:08:22.8382424Z   AWS_ACCESS_KEY_ID: ***
deploy	Sanitize Environment Name	2025-12-25T17:08:22.8382734Z   AWS_SECRET_ACCESS_KEY: ***
deploy	Sanitize Environment Name	2025-12-25T17:08:22.8387553Z   AWS_SESSION_TOKEN: ***
deploy	Sanitize Environment Name	2025-12-25T17:08:22.8387760Z ##[endgroup]
deploy	Deploy with CDK	ï»¿2025-12-25T17:08:22.8490563Z ##[group]Run npx cdk deploy --all --require-approval never
deploy	Deploy with CDK	2025-12-25T17:08:22.8491031Z [36;1mnpx cdk deploy --all --require-approval never[0m
deploy	Deploy with CDK	2025-12-25T17:08:22.8520501Z shell: /usr/bin/bash -e {0}
deploy	Deploy with CDK	2025-12-25T17:08:22.8520729Z env:
deploy	Deploy with CDK	2025-12-25T17:08:22.8520977Z   pythonLocation: /opt/hostedtoolcache/Python/3.9.25/x64
deploy	Deploy with CDK	2025-12-25T17:08:22.8521385Z   PKG_CONFIG_PATH: /opt/hostedtoolcache/Python/3.9.25/x64/lib/pkgconfig
deploy	Deploy with CDK	2025-12-25T17:08:22.8521779Z   Python_ROOT_DIR: /opt/hostedtoolcache/Python/3.9.25/x64
deploy	Deploy with CDK	2025-12-25T17:08:22.8522124Z   Python2_ROOT_DIR: /opt/hostedtoolcache/Python/3.9.25/x64
deploy	Deploy with CDK	2025-12-25T17:08:22.8522469Z   Python3_ROOT_DIR: /opt/hostedtoolcache/Python/3.9.25/x64
deploy	Deploy with CDK	2025-12-25T17:08:22.8522816Z   LD_LIBRARY_PATH: /opt/hostedtoolcache/Python/3.9.25/x64/lib
deploy	Deploy with CDK	2025-12-25T17:08:22.8523132Z   AWS_DEFAULT_REGION: us-east-1
deploy	Deploy with CDK	2025-12-25T17:08:22.8523354Z   AWS_REGION: us-east-1
deploy	Deploy with CDK	2025-12-25T17:08:22.8523626Z   AWS_ACCESS_KEY_ID: ***
deploy	Deploy with CDK	2025-12-25T17:08:22.8523928Z   AWS_SECRET_ACCESS_KEY: ***
deploy	Deploy with CDK	2025-12-25T17:08:22.8528731Z   AWS_SESSION_TOKEN: ***
deploy	Deploy with CDK	2025-12-25T17:08:22.8528928Z   ENV_NAME: dev
deploy	Deploy with CDK	2025-12-25T17:08:22.8529098Z   ENV: dev
deploy	Deploy with CDK	2025-12-25T17:08:22.8529253Z ##[endgroup]
deploy	Deploy with CDK	2025-12-25T17:08:29.0562303Z [WARNING] aws-cdk-lib.aws_dynamodb.TableOptions#pointInTimeRecovery is deprecated.
deploy	Deploy with CDK	2025-12-25T17:08:29.0563286Z   use `pointInTimeRecoverySpecification` instead
deploy	Deploy with CDK	2025-12-25T17:08:29.0563775Z   This API will be removed in the next major release.
deploy	Deploy with CDK	2025-12-25T17:08:29.1482345Z [WARNING] aws-cdk-lib.aws_dynamodb.TableOptions#pointInTimeRecovery is deprecated.
deploy	Deploy with CDK	2025-12-25T17:08:29.1483081Z   use `pointInTimeRecoverySpecification` instead
deploy	Deploy with CDK	2025-12-25T17:08:29.1483571Z   This API will be removed in the next major release.
deploy	Deploy with CDK	2025-12-25T17:08:29.1490797Z [WARNING] aws-cdk-lib.aws_dynamodb.TableOptions#pointInTimeRecovery is deprecated.
deploy	Deploy with CDK	2025-12-25T17:08:29.1491654Z   use `pointInTimeRecoverySpecification` instead
deploy	Deploy with CDK	2025-12-25T17:08:29.1492047Z   This API will be removed in the next major release.
deploy	Deploy with CDK	2025-12-25T17:08:29.1499751Z [WARNING] aws-cdk-lib.aws_dynamodb.TableOptions#pointInTimeRecovery is deprecated.
deploy	Deploy with CDK	2025-12-25T17:08:29.1500569Z   use `pointInTimeRecoverySpecification` instead
deploy	Deploy with CDK	2025-12-25T17:08:29.1500953Z   This API will be removed in the next major release.
deploy	Deploy with CDK	2025-12-25T17:08:29.1505493Z [WARNING] aws-cdk-lib.aws_dynamodb.TableOptions#pointInTimeRecovery is deprecated.
deploy	Deploy with CDK	2025-12-25T17:08:29.1506001Z   use `pointInTimeRecoverySpecification` instead
deploy	Deploy with CDK	2025-12-25T17:08:29.1506378Z   This API will be removed in the next major release.
deploy	Deploy with CDK	2025-12-25T17:08:29.1511133Z [WARNING] aws-cdk-lib.aws_dynamodb.TableOptions#pointInTimeRecovery is deprecated.
deploy	Deploy with CDK	2025-12-25T17:08:29.1511723Z   use `pointInTimeRecoverySpecification` instead
deploy	Deploy with CDK	2025-12-25T17:08:29.1512131Z   This API will be removed in the next major release.
deploy	Deploy with CDK	2025-12-25T17:08:29.1516784Z [WARNING] aws-cdk-lib.aws_dynamodb.TableOptions#pointInTimeRecovery is deprecated.
deploy	Deploy with CDK	2025-12-25T17:08:29.1517312Z   use `pointInTimeRecoverySpecification` instead
deploy	Deploy with CDK	2025-12-25T17:08:29.1517712Z   This API will be removed in the next major release.
deploy	Deploy with CDK	2025-12-25T17:08:29.1522040Z [WARNING] aws-cdk-lib.aws_dynamodb.TableOptions#pointInTimeRecovery is deprecated.
deploy	Deploy with CDK	2025-12-25T17:08:29.1522525Z   use `pointInTimeRecoverySpecification` instead
deploy	Deploy with CDK	2025-12-25T17:08:29.1522888Z   This API will be removed in the next major release.
deploy	Deploy with CDK	2025-12-25T17:08:29.1526930Z [WARNING] aws-cdk-lib.aws_dynamodb.TableOptions#pointInTimeRecovery is deprecated.
deploy	Deploy with CDK	2025-12-25T17:08:29.1527470Z   use `pointInTimeRecoverySpecification` instead
deploy	Deploy with CDK	2025-12-25T17:08:29.1527845Z   This API will be removed in the next major release.
deploy	Deploy with CDK	2025-12-25T17:08:29.1534486Z [WARNING] aws-cdk-lib.aws_dynamodb.TableOptions#pointInTimeRecovery is deprecated.
deploy	Deploy with CDK	2025-12-25T17:08:29.1535263Z   use `pointInTimeRecoverySpecification` instead
deploy	Deploy with CDK	2025-12-25T17:08:29.1535731Z   This API will be removed in the next major release.
deploy	Deploy with CDK	2025-12-25T17:08:29.1542691Z [WARNING] aws-cdk-lib.aws_dynamodb.TableOptions#pointInTimeRecovery is deprecated.
deploy	Deploy with CDK	2025-12-25T17:08:29.1543613Z   use `pointInTimeRecoverySpecification` instead
deploy	Deploy with CDK	2025-12-25T17:08:29.1544762Z   This API will be removed in the next major release.
deploy	Deploy with CDK	2025-12-25T17:08:29.1549120Z [WARNING] aws-cdk-lib.aws_dynamodb.TableOptions#pointInTimeRecovery is deprecated.
deploy	Deploy with CDK	2025-12-25T17:08:29.1550296Z   use `pointInTimeRecoverySpecification` instead
deploy	Deploy with CDK	2025-12-25T17:08:29.1551008Z   This API will be removed in the next major release.
deploy	Deploy with CDK	2025-12-25T17:08:29.1613916Z [WARNING] aws-cdk-lib.aws_cognito.UserPoolProps#advancedSecurityMode is deprecated.
deploy	Deploy with CDK	2025-12-25T17:08:29.1615652Z   Advanced Security Mode is deprecated due to user pool feature plans. Use StandardThreatProtectionMode and CustomThreatProtectionMode to set Thread Protection level.
deploy	Deploy with CDK	2025-12-25T17:08:29.1617123Z   This API will be removed in the next major release.
deploy	Deploy with CDK	2025-12-25T17:08:29.1618027Z [WARNING] aws-cdk-lib.aws_cognito.AdvancedSecurityMode is deprecated.
deploy	Deploy with CDK	2025-12-25T17:08:29.1619630Z   Advanced Security Mode is deprecated due to user pool feature plans. Use StandardThreatProtectionMode and CustomThreatProtectionMode to set Thread Protection level.
deploy	Deploy with CDK	2025-12-25T17:08:29.1621238Z   This API will be removed in the next major release.
deploy	Deploy with CDK	2025-12-25T17:08:29.1622184Z [WARNING] aws-cdk-lib.aws_cognito.AdvancedSecurityMode#ENFORCED is deprecated.
deploy	Deploy with CDK	2025-12-25T17:08:29.1622874Z   
deploy	Deploy with CDK	2025-12-25T17:08:29.1623310Z   This API will be removed in the next major release.
deploy	Deploy with CDK	2025-12-25T17:08:29.2912524Z [WARNING] aws-cdk-lib.aws_lambda.FunctionOptions#logRetention is deprecated.
deploy	Deploy with CDK	2025-12-25T17:08:29.2913324Z   use `logGroup` instead
deploy	Deploy with CDK	2025-12-25T17:08:29.2913724Z   This API will be removed in the next major release.
deploy	Deploy with CDK	2025-12-25T17:08:29.9065739Z [WARNING] aws-cdk-lib.aws_lambda.FunctionOptions#logRetention is deprecated.
deploy	Deploy with CDK	2025-12-25T17:08:29.9066576Z   use `logGroup` instead
deploy	Deploy with CDK	2025-12-25T17:08:29.9067540Z   This API will be removed in the next major release.
deploy	Deploy with CDK	2025-12-25T17:08:30.4222700Z [WARNING] aws-cdk-lib.aws_lambda.FunctionOptions#logRetention is deprecated.
deploy	Deploy with CDK	2025-12-25T17:08:30.4223510Z   use `logGroup` instead
deploy	Deploy with CDK	2025-12-25T17:08:30.4224054Z   This API will be removed in the next major release.
deploy	Deploy with CDK	2025-12-25T17:08:31.0900934Z [WARNING] aws-cdk-lib.aws_lambda.FunctionOptions#logRetention is deprecated.
deploy	Deploy with CDK	2025-12-25T17:08:31.0901746Z   use `logGroup` instead
deploy	Deploy with CDK	2025-12-25T17:08:31.0902292Z   This API will be removed in the next major release.
deploy	Deploy with CDK	2025-12-25T17:08:31.5777679Z [WARNING] aws-cdk-lib.aws_lambda.FunctionOptions#logRetention is deprecated.
deploy	Deploy with CDK	2025-12-25T17:08:31.5778493Z   use `logGroup` instead
deploy	Deploy with CDK	2025-12-25T17:08:31.5779037Z   This API will be removed in the next major release.
deploy	Deploy with CDK	2025-12-25T17:08:32.2418267Z [WARNING] aws-cdk-lib.aws_lambda.FunctionOptions#logRetention is deprecated.
deploy	Deploy with CDK	2025-12-25T17:08:32.2419067Z   use `logGroup` instead
deploy	Deploy with CDK	2025-12-25T17:08:32.2419617Z   This API will be removed in the next major release.
deploy	Deploy with CDK	2025-12-25T17:08:32.2442674Z [WARNING] aws-cdk-lib.aws_lambda.FunctionOptions#logRetention is deprecated.
deploy	Deploy with CDK	2025-12-25T17:08:32.2443405Z   use `logGroup` instead
deploy	Deploy with CDK	2025-12-25T17:08:32.2443956Z   This API will be removed in the next major release.
deploy	Deploy with CDK	2025-12-25T17:08:32.2464717Z [WARNING] aws-cdk-lib.aws_lambda.FunctionOptions#logRetention is deprecated.
deploy	Deploy with CDK	2025-12-25T17:08:32.2465464Z   use `logGroup` instead
deploy	Deploy with CDK	2025-12-25T17:08:32.2466026Z   This API will be removed in the next major release.
deploy	Deploy with CDK	2025-12-25T17:08:32.2503578Z [WARNING] aws-cdk-lib.aws_lambda.FunctionOptions#logRetention is deprecated.
deploy	Deploy with CDK	2025-12-25T17:08:32.2504337Z   use `logGroup` instead
deploy	Deploy with CDK	2025-12-25T17:08:32.2504902Z   This API will be removed in the next major release.
deploy	Deploy with CDK	2025-12-25T17:08:32.2526681Z [WARNING] aws-cdk-lib.aws_lambda.FunctionOptions#logRetention is deprecated.
deploy	Deploy with CDK	2025-12-25T17:08:32.2527434Z   use `logGroup` instead
deploy	Deploy with CDK	2025-12-25T17:08:32.2527991Z   This API will be removed in the next major release.
deploy	Deploy with CDK	2025-12-25T17:08:32.2551537Z [WARNING] aws-cdk-lib.aws_lambda.FunctionOptions#logRetention is deprecated.
deploy	Deploy with CDK	2025-12-25T17:08:32.2552318Z   use `logGroup` instead
deploy	Deploy with CDK	2025-12-25T17:08:32.2552885Z   This API will be removed in the next major release.
deploy	Deploy with CDK	2025-12-25T17:08:32.2634713Z [WARNING] aws-cdk-lib.aws_lambda.FunctionOptions#logRetention is deprecated.
deploy	Deploy with CDK	2025-12-25T17:08:32.2635749Z   use `logGroup` instead
deploy	Deploy with CDK	2025-12-25T17:08:32.2636329Z   This API will be removed in the next major release.
deploy	Deploy with CDK	2025-12-25T17:08:32.2727844Z [WARNING] aws-cdk-lib.aws_lambda.FunctionOptions#logRetention is deprecated.
deploy	Deploy with CDK	2025-12-25T17:08:32.2728532Z   use `logGroup` instead
deploy	Deploy with CDK	2025-12-25T17:08:32.2729029Z   This API will be removed in the next major release.
deploy	Deploy with CDK	2025-12-25T17:08:32.2928535Z [WARNING] aws-cdk-lib.aws_appsync.GraphqlApiProps#schema is deprecated.
deploy	Deploy with CDK	2025-12-25T17:08:32.2929034Z   use Definition.schema instead
deploy	Deploy with CDK	2025-12-25T17:08:32.2929389Z   This API will be removed in the next major release.
deploy	Deploy with CDK	2025-12-25T17:08:32.8718597Z current credentials could not be used to assume 'arn:aws:iam::607250385528:role/cdk-hnb659fds-lookup-role-607250385528-us-east-1', but are for the right account. Proceeding anyway.
deploy	Deploy with CDK	2025-12-25T17:08:37.7486124Z [WARNING] aws-cdk-lib.aws_dynamodb.TableOptions#pointInTimeRecovery is deprecated.
deploy	Deploy with CDK	2025-12-25T17:08:37.7487145Z   use `pointInTimeRecoverySpecification` instead
deploy	Deploy with CDK	2025-12-25T17:08:37.7487901Z   This API will be removed in the next major release.
deploy	Deploy with CDK	2025-12-25T17:08:37.8368317Z [WARNING] aws-cdk-lib.aws_dynamodb.TableOptions#pointInTimeRecovery is deprecated.
deploy	Deploy with CDK	2025-12-25T17:08:37.8369304Z   use `pointInTimeRecoverySpecification` instead
deploy	Deploy with CDK	2025-12-25T17:08:37.8370447Z   This API will be removed in the next major release.
deploy	Deploy with CDK	2025-12-25T17:08:37.8378268Z [WARNING] aws-cdk-lib.aws_dynamodb.TableOptions#pointInTimeRecovery is deprecated.
deploy	Deploy with CDK	2025-12-25T17:08:37.8379163Z   use `pointInTimeRecoverySpecification` instead
deploy	Deploy with CDK	2025-12-25T17:08:37.8379847Z   This API will be removed in the next major release.
deploy	Deploy with CDK	2025-12-25T17:08:37.8387810Z [WARNING] aws-cdk-lib.aws_dynamodb.TableOptions#pointInTimeRecovery is deprecated.
deploy	Deploy with CDK	2025-12-25T17:08:37.8389218Z   use `pointInTimeRecoverySpecification` instead
deploy	Deploy with CDK	2025-12-25T17:08:37.8390167Z   This API will be removed in the next major release.
deploy	Deploy with CDK	2025-12-25T17:08:37.8394645Z [WARNING] aws-cdk-lib.aws_dynamodb.TableOptions#pointInTimeRecovery is deprecated.
deploy	Deploy with CDK	2025-12-25T17:08:37.8395579Z   use `pointInTimeRecoverySpecification` instead
deploy	Deploy with CDK	2025-12-25T17:08:37.8396263Z   This API will be removed in the next major release.
deploy	Deploy with CDK	2025-12-25T17:08:37.8400914Z [WARNING] aws-cdk-lib.aws_dynamodb.TableOptions#pointInTimeRecovery is deprecated.
deploy	Deploy with CDK	2025-12-25T17:08:37.8401811Z   use `pointInTimeRecoverySpecification` instead
deploy	Deploy with CDK	2025-12-25T17:08:37.8402481Z   This API will be removed in the next major release.
deploy	Deploy with CDK	2025-12-25T17:08:37.8407374Z [WARNING] aws-cdk-lib.aws_dynamodb.TableOptions#pointInTimeRecovery is deprecated.
deploy	Deploy with CDK	2025-12-25T17:08:37.8408302Z   use `pointInTimeRecoverySpecification` instead
deploy	Deploy with CDK	2025-12-25T17:08:37.8408993Z   This API will be removed in the next major release.
deploy	Deploy with CDK	2025-12-25T17:08:37.8413392Z [WARNING] aws-cdk-lib.aws_dynamodb.TableOptions#pointInTimeRecovery is deprecated.
deploy	Deploy with CDK	2025-12-25T17:08:37.8414294Z   use `pointInTimeRecoverySpecification` instead
deploy	Deploy with CDK	2025-12-25T17:08:37.8414971Z   This API will be removed in the next major release.
deploy	Deploy with CDK	2025-12-25T17:08:37.8419012Z [WARNING] aws-cdk-lib.aws_dynamodb.TableOptions#pointInTimeRecovery is deprecated.
deploy	Deploy with CDK	2025-12-25T17:08:37.8420140Z   use `pointInTimeRecoverySpecification` instead
deploy	Deploy with CDK	2025-12-25T17:08:37.8420837Z   This API will be removed in the next major release.
deploy	Deploy with CDK	2025-12-25T17:08:37.8427441Z [WARNING] aws-cdk-lib.aws_dynamodb.TableOptions#pointInTimeRecovery is deprecated.
deploy	Deploy with CDK	2025-12-25T17:08:37.8428344Z   use `pointInTimeRecoverySpecification` instead
deploy	Deploy with CDK	2025-12-25T17:08:37.8429025Z   This API will be removed in the next major release.
deploy	Deploy with CDK	2025-12-25T17:08:37.8434546Z [WARNING] aws-cdk-lib.aws_dynamodb.TableOptions#pointInTimeRecovery is deprecated.
deploy	Deploy with CDK	2025-12-25T17:08:37.8435629Z   use `pointInTimeRecoverySpecification` instead
deploy	Deploy with CDK	2025-12-25T17:08:37.8436345Z   This API will be removed in the next major release.
deploy	Deploy with CDK	2025-12-25T17:08:37.8441107Z [WARNING] aws-cdk-lib.aws_dynamodb.TableOptions#pointInTimeRecovery is deprecated.
deploy	Deploy with CDK	2025-12-25T17:08:37.8442029Z   use `pointInTimeRecoverySpecification` instead
deploy	Deploy with CDK	2025-12-25T17:08:37.8443067Z   This API will be removed in the next major release.
deploy	Deploy with CDK	2025-12-25T17:08:37.8503137Z [WARNING] aws-cdk-lib.aws_cognito.UserPoolProps#advancedSecurityMode is deprecated.
deploy	Deploy with CDK	2025-12-25T17:08:37.8504877Z   Advanced Security Mode is deprecated due to user pool feature plans. Use StandardThreatProtectionMode and CustomThreatProtectionMode to set Thread Protection level.
deploy	Deploy with CDK	2025-12-25T17:08:37.8506259Z   This API will be removed in the next major release.
deploy	Deploy with CDK	2025-12-25T17:08:37.8507140Z [WARNING] aws-cdk-lib.aws_cognito.AdvancedSecurityMode is deprecated.
deploy	Deploy with CDK	2025-12-25T17:08:37.8508746Z   Advanced Security Mode is deprecated due to user pool feature plans. Use StandardThreatProtectionMode and CustomThreatProtectionMode to set Thread Protection level.
deploy	Deploy with CDK	2025-12-25T17:08:37.8510390Z   This API will be removed in the next major release.
deploy	Deploy with CDK	2025-12-25T17:08:37.8511352Z [WARNING] aws-cdk-lib.aws_cognito.AdvancedSecurityMode#ENFORCED is deprecated.
deploy	Deploy with CDK	2025-12-25T17:08:37.8512024Z   
deploy	Deploy with CDK	2025-12-25T17:08:37.8512464Z   This API will be removed in the next major release.
deploy	Deploy with CDK	2025-12-25T17:08:37.9778016Z [WARNING] aws-cdk-lib.aws_lambda.FunctionOptions#logRetention is deprecated.
deploy	Deploy with CDK	2025-12-25T17:08:37.9778814Z   use `logGroup` instead
deploy	Deploy with CDK	2025-12-25T17:08:37.9779373Z   This API will be removed in the next major release.
deploy	Deploy with CDK	2025-12-25T17:08:38.2421926Z [WARNING] aws-cdk-lib.aws_lambda.FunctionOptions#logRetention is deprecated.
deploy	Deploy with CDK	2025-12-25T17:08:38.2422483Z   use `logGroup` instead
deploy	Deploy with CDK	2025-12-25T17:08:38.2422873Z   This API will be removed in the next major release.
deploy	Deploy with CDK	2025-12-25T17:08:38.4085211Z [WARNING] aws-cdk-lib.aws_lambda.FunctionOptions#logRetention is deprecated.
deploy	Deploy with CDK	2025-12-25T17:08:38.4085973Z   use `logGroup` instead
deploy	Deploy with CDK	2025-12-25T17:08:38.4086505Z   This API will be removed in the next major release.
deploy	Deploy with CDK	2025-12-25T17:08:38.5837577Z [WARNING] aws-cdk-lib.aws_lambda.FunctionOptions#logRetention is deprecated.
deploy	Deploy with CDK	2025-12-25T17:08:38.5838067Z   use `logGroup` instead
deploy	Deploy with CDK	2025-12-25T17:08:38.5838379Z   This API will be removed in the next major release.
deploy	Deploy with CDK	2025-12-25T17:08:38.7382688Z [WARNING] aws-cdk-lib.aws_lambda.FunctionOptions#logRetention is deprecated.
deploy	Deploy with CDK	2025-12-25T17:08:38.7383889Z   use `logGroup` instead
deploy	Deploy with CDK	2025-12-25T17:08:38.7384677Z   This API will be removed in the next major release.
deploy	Deploy with CDK	2025-12-25T17:08:38.9494814Z [WARNING] aws-cdk-lib.aws_lambda.FunctionOptions#logRetention is deprecated.
deploy	Deploy with CDK	2025-12-25T17:08:38.9495710Z   use `logGroup` instead
deploy	Deploy with CDK	2025-12-25T17:08:38.9496317Z   This API will be removed in the next major release.
deploy	Deploy with CDK	2025-12-25T17:08:38.9513853Z [WARNING] aws-cdk-lib.aws_lambda.FunctionOptions#logRetention is deprecated.
deploy	Deploy with CDK	2025-12-25T17:08:38.9514452Z   use `logGroup` instead
deploy	Deploy with CDK	2025-12-25T17:08:38.9514770Z   This API will be removed in the next major release.
deploy	Deploy with CDK	2025-12-25T17:08:38.9531510Z [WARNING] aws-cdk-lib.aws_lambda.FunctionOptions#logRetention is deprecated.
deploy	Deploy with CDK	2025-12-25T17:08:38.9532176Z   use `logGroup` instead
deploy	Deploy with CDK	2025-12-25T17:08:38.9532643Z   This API will be removed in the next major release.
deploy	Deploy with CDK	2025-12-25T17:08:38.9560495Z [WARNING] aws-cdk-lib.aws_lambda.FunctionOptions#logRetention is deprecated.
deploy	Deploy with CDK	2025-12-25T17:08:38.9561187Z   use `logGroup` instead
deploy	Deploy with CDK	2025-12-25T17:08:38.9561679Z   This API will be removed in the next major release.
deploy	Deploy with CDK	2025-12-25T17:08:38.9583994Z [WARNING] aws-cdk-lib.aws_lambda.FunctionOptions#logRetention is deprecated.
deploy	Deploy with CDK	2025-12-25T17:08:38.9584454Z   use `logGroup` instead
deploy	Deploy with CDK	2025-12-25T17:08:38.9584754Z   This API will be removed in the next major release.
deploy	Deploy with CDK	2025-12-25T17:08:38.9604498Z [WARNING] aws-cdk-lib.aws_lambda.FunctionOptions#logRetention is deprecated.
deploy	Deploy with CDK	2025-12-25T17:08:38.9605260Z   use `logGroup` instead
deploy	Deploy with CDK	2025-12-25T17:08:38.9605722Z   This API will be removed in the next major release.
deploy	Deploy with CDK	2025-12-25T17:08:38.9686627Z [WARNING] aws-cdk-lib.aws_lambda.FunctionOptions#logRetention is deprecated.
deploy	Deploy with CDK	2025-12-25T17:08:38.9687149Z   use `logGroup` instead
deploy	Deploy with CDK	2025-12-25T17:08:38.9687503Z   This API will be removed in the next major release.
deploy	Deploy with CDK	2025-12-25T17:08:38.9793997Z [WARNING] aws-cdk-lib.aws_lambda.FunctionOptions#logRetention is deprecated.
deploy	Deploy with CDK	2025-12-25T17:08:38.9795710Z   use `logGroup` instead
deploy	Deploy with CDK	2025-12-25T17:08:38.9800427Z   This API will be removed in the next major release.
deploy	Deploy with CDK	2025-12-25T17:08:38.9995948Z [WARNING] aws-cdk-lib.aws_appsync.GraphqlApiProps#schema is deprecated.
deploy	Deploy with CDK	2025-12-25T17:08:38.9996853Z   use Definition.schema instead
deploy	Deploy with CDK	2025-12-25T17:08:38.9997527Z   This API will be removed in the next major release.
deploy	Deploy with CDK	2025-12-25T17:08:39.5010302Z 
deploy	Deploy with CDK	2025-12-25T17:08:39.5011053Z âœ¨  Synthesis time: 15.45s
deploy	Deploy with CDK	2025-12-25T17:08:39.5011269Z 
deploy	Deploy with CDK	2025-12-25T17:08:39.9675956Z ChatBooking-dev-Database
deploy	Deploy with CDK	2025-12-25T17:08:39.9679769Z ChatBooking-dev-Database: deploying... [1/5]
deploy	Deploy with CDK	2025-12-25T17:08:40.0083064Z current credentials could not be used to assume 'arn:aws:iam::607250385528:role/cdk-hnb659fds-deploy-role-607250385528-us-east-1', but are for the right account. Proceeding anyway.
deploy	Deploy with CDK	2025-12-25T17:08:40.0144608Z current credentials could not be used to assume 'arn:aws:iam::607250385528:role/cdk-hnb659fds-deploy-role-607250385528-us-east-1', but are for the right account. Proceeding anyway.
deploy	Deploy with CDK	2025-12-25T17:08:40.1328988Z ChatBooking-dev-Lambda: start: Building AuthResolverFunction/Code
deploy	Deploy with CDK	2025-12-25T17:08:40.1329870Z ChatBooking-dev-Lambda: success: Built AuthResolverFunction/Code
deploy	Deploy with CDK	2025-12-25T17:08:40.1336496Z ChatBooking-dev-Lambda: start: Building CatalogFunction/Code
deploy	Deploy with CDK	2025-12-25T17:08:40.1337147Z ChatBooking-dev-Lambda: success: Built CatalogFunction/Code
deploy	Deploy with CDK	2025-12-25T17:08:40.1342864Z ChatBooking-dev-Lambda: start: Building AvailabilityFunction/Code
deploy	Deploy with CDK	2025-12-25T17:08:40.1343855Z ChatBooking-dev-Lambda: success: Built AvailabilityFunction/Code
deploy	Deploy with CDK	2025-12-25T17:08:40.1348206Z ChatBooking-dev-Lambda: start: Building BookingFunction/Code
deploy	Deploy with CDK	2025-12-25T17:08:40.1349122Z ChatBooking-dev-Lambda: success: Built BookingFunction/Code
deploy	Deploy with CDK	2025-12-25T17:08:40.1362065Z ChatBooking-dev-Lambda: start: Building ChatAgentFunction/Code
deploy	Deploy with CDK	2025-12-25T17:08:40.1363425Z ChatBooking-dev-Lambda: success: Built ChatAgentFunction/Code
deploy	Deploy with CDK	2025-12-25T17:08:40.1406660Z ChatBooking-dev-Lambda: start: Building ChatBooking-dev-Lambda Template
deploy	Deploy with CDK	2025-12-25T17:08:40.1407776Z ChatBooking-dev-Lambda: success: Built ChatBooking-dev-Lambda Template
deploy	Deploy with CDK	2025-12-25T17:08:40.1412403Z ChatBooking-dev-AppSyncApi: start: Building ChatBooking-dev-AppSyncApi Template
deploy	Deploy with CDK	2025-12-25T17:08:40.1413119Z ChatBooking-dev-AppSyncApi: success: Built ChatBooking-dev-AppSyncApi Template
deploy	Deploy with CDK	2025-12-25T17:08:40.4802559Z 
deploy	Deploy with CDK	2025-12-25T17:08:40.4803489Z  âœ…  ChatBooking-dev-Database (no changes)
deploy	Deploy with CDK	2025-12-25T17:08:40.4803982Z 
deploy	Deploy with CDK	2025-12-25T17:08:40.4804363Z âœ¨  Deployment time: 0.51s
deploy	Deploy with CDK	2025-12-25T17:08:40.4804648Z 
deploy	Deploy with CDK	2025-12-25T17:08:40.4804796Z Outputs:
deploy	Deploy with CDK	2025-12-25T17:08:40.4805478Z ChatBooking-dev-Database.ApiKeysTableName = ChatBooking-ApiKeys
deploy	Deploy with CDK	2025-12-25T17:08:40.4806624Z ChatBooking-dev-Database.AvailabilityTableName = ChatBooking-ProviderAvailability
deploy	Deploy with CDK	2025-12-25T17:08:40.4807782Z ChatBooking-dev-Database.BookingsTableName = ChatBooking-Bookings
deploy	Deploy with CDK	2025-12-25T17:08:40.4808826Z ChatBooking-dev-Database.CategoriesTableName = ChatBooking-Categories
deploy	Deploy with CDK	2025-12-25T17:08:40.4810156Z ChatBooking-dev-Database.ConversationsTableName = ChatBooking-Conversations
deploy	Deploy with CDK	2025-12-25T17:08:40.4811295Z ChatBooking-dev-Database.DocumentsTableName = ChatBooking-Documents
deploy	Deploy with CDK	2025-12-25T17:08:40.4813049Z ChatBooking-dev-Database.ExportsOutputFnGetAttApiKeysTable9F4DC7E7ArnE84F3BB0 = arn:aws:dynamodb:us-east-1:607250385528:table/ChatBooking-ApiKeys
deploy	Deploy with CDK	2025-12-25T17:08:40.4815430Z ChatBooking-dev-Database.ExportsOutputFnGetAttAvailabilityTable497A1E6EArn6251D385 = arn:aws:dynamodb:us-east-1:607250385528:table/ChatBooking-ProviderAvailability
deploy	Deploy with CDK	2025-12-25T17:08:40.4817759Z ChatBooking-dev-Database.ExportsOutputFnGetAttBookingsTableB2628485Arn4FAB36A9 = arn:aws:dynamodb:us-east-1:607250385528:table/ChatBooking-Bookings
deploy	Deploy with CDK	2025-12-25T17:08:40.4820234Z ChatBooking-dev-Database.ExportsOutputFnGetAttCategoriesTable9FFF5A67Arn8D0D486E = arn:aws:dynamodb:us-east-1:607250385528:table/ChatBooking-Categories
deploy	Deploy with CDK	2025-12-25T17:08:40.4822519Z ChatBooking-dev-Database.ExportsOutputFnGetAttConversationsTableCD91EB96Arn4A2B28C6 = arn:aws:dynamodb:us-east-1:607250385528:table/ChatBooking-Conversations
deploy	Deploy with CDK	2025-12-25T17:08:40.4825191Z ChatBooking-dev-Database.ExportsOutputFnGetAttDocumentsTable7E808EE5Arn0820EA25 = arn:aws:dynamodb:us-east-1:607250385528:table/ChatBooking-Documents
deploy	Deploy with CDK	2025-12-25T17:08:40.4827460Z ChatBooking-dev-Database.ExportsOutputFnGetAttFAQsTableB8072970ArnF8F4D35E = arn:aws:dynamodb:us-east-1:607250385528:table/ChatBooking-FAQs
deploy	Deploy with CDK	2025-12-25T17:08:40.4829741Z ChatBooking-dev-Database.ExportsOutputFnGetAttProvidersTable1BBEDB6DArn8763273B = arn:aws:dynamodb:us-east-1:607250385528:table/ChatBooking-Providers
deploy	Deploy with CDK	2025-12-25T17:08:40.4832303Z ChatBooking-dev-Database.ExportsOutputFnGetAttServicesTableF56E8DC5ArnE543C7F6 = arn:aws:dynamodb:us-east-1:607250385528:table/ChatBooking-Services
deploy	Deploy with CDK	2025-12-25T17:08:40.4834587Z ChatBooking-dev-Database.ExportsOutputFnGetAttTenantUsageTableF384CCCAArnA8EBDD0E = arn:aws:dynamodb:us-east-1:607250385528:table/ChatBooking-TenantUsage
deploy	Deploy with CDK	2025-12-25T17:08:40.4836806Z ChatBooking-dev-Database.ExportsOutputFnGetAttTenantsTableB701DC57ArnFFAEC087 = arn:aws:dynamodb:us-east-1:607250385528:table/ChatBooking-Tenants
deploy	Deploy with CDK	2025-12-25T17:08:40.4839019Z ChatBooking-dev-Database.ExportsOutputFnGetAttWorkflowsTable4E215008Arn0D44497B = arn:aws:dynamodb:us-east-1:607250385528:table/ChatBooking-Workflows
deploy	Deploy with CDK	2025-12-25T17:08:40.4841041Z ChatBooking-dev-Database.ExportsOutputRefApiKeysTable9F4DC7E79648F444 = ChatBooking-ApiKeys
deploy	Deploy with CDK	2025-12-25T17:08:40.4842695Z ChatBooking-dev-Database.ExportsOutputRefAvailabilityTable497A1E6E14D99412 = ChatBooking-ProviderAvailability
deploy	Deploy with CDK	2025-12-25T17:08:40.4844328Z ChatBooking-dev-Database.ExportsOutputRefBookingsTableB262848587A36CBD = ChatBooking-Bookings
deploy	Deploy with CDK	2025-12-25T17:08:40.4845829Z ChatBooking-dev-Database.ExportsOutputRefCategoriesTable9FFF5A678A053E38 = ChatBooking-Categories
deploy	Deploy with CDK	2025-12-25T17:08:40.4847769Z ChatBooking-dev-Database.ExportsOutputRefConversationsTableCD91EB96EE2E4585 = ChatBooking-Conversations
deploy	Deploy with CDK	2025-12-25T17:08:40.4849296Z ChatBooking-dev-Database.ExportsOutputRefDocumentsTable7E808EE5AF045745 = ChatBooking-Documents
deploy	Deploy with CDK	2025-12-25T17:08:40.4850903Z ChatBooking-dev-Database.ExportsOutputRefFAQsTableB80729705EF12C8E = ChatBooking-FAQs
deploy	Deploy with CDK	2025-12-25T17:08:40.4852272Z ChatBooking-dev-Database.ExportsOutputRefProvidersTable1BBEDB6D429B9BF2 = ChatBooking-Providers
deploy	Deploy with CDK	2025-12-25T17:08:40.4853789Z ChatBooking-dev-Database.ExportsOutputRefServicesTableF56E8DC54FC0C84D = ChatBooking-Services
deploy	Deploy with CDK	2025-12-25T17:08:40.4855322Z ChatBooking-dev-Database.ExportsOutputRefTenantUsageTableF384CCCA317F1334 = ChatBooking-TenantUsage
deploy	Deploy with CDK	2025-12-25T17:08:40.4856847Z ChatBooking-dev-Database.ExportsOutputRefTenantsTableB701DC57BE8E768B = ChatBooking-Tenants
deploy	Deploy with CDK	2025-12-25T17:08:40.4858298Z ChatBooking-dev-Database.ExportsOutputRefWorkflowsTable4E215008D0FFE690 = ChatBooking-Workflows
deploy	Deploy with CDK	2025-12-25T17:08:40.4859426Z ChatBooking-dev-Database.FAQsTableName = ChatBooking-FAQs
deploy	Deploy with CDK	2025-12-25T17:08:40.4860588Z ChatBooking-dev-Database.ProvidersTableName = ChatBooking-Providers
deploy	Deploy with CDK	2025-12-25T17:08:40.4861524Z ChatBooking-dev-Database.ServicesTableName = ChatBooking-Services
deploy	Deploy with CDK	2025-12-25T17:08:40.4862491Z ChatBooking-dev-Database.TenantUsageTableName = ChatBooking-TenantUsage
deploy	Deploy with CDK	2025-12-25T17:08:40.4863458Z ChatBooking-dev-Database.TenantsTableName = ChatBooking-Tenants
deploy	Deploy with CDK	2025-12-25T17:08:40.4864367Z ChatBooking-dev-Database.WorkflowsTableName = ChatBooking-Workflows
deploy	Deploy with CDK	2025-12-25T17:08:40.4864985Z Stack ARN:
deploy	Deploy with CDK	2025-12-25T17:08:40.4865968Z arn:aws:cloudformation:us-east-1:607250385528:stack/ChatBooking-dev-Database/734ed200-d5f3-11f0-aad1-0e2b43abba09
deploy	Deploy with CDK	2025-12-25T17:08:40.4866659Z 
deploy	Deploy with CDK	2025-12-25T17:08:40.4866879Z âœ¨  Total time: 15.96s
deploy	Deploy with CDK	2025-12-25T17:08:40.4867019Z 
deploy	Deploy with CDK	2025-12-25T17:08:40.4867128Z ChatBooking-dev-Auth
deploy	Deploy with CDK	2025-12-25T17:08:40.4867417Z ChatBooking-dev-Auth: deploying... [2/5]
deploy	Deploy with CDK	2025-12-25T17:08:40.6793936Z 
deploy	Deploy with CDK	2025-12-25T17:08:40.6795222Z  âœ…  ChatBooking-dev-Auth (no changes)
deploy	Deploy with CDK	2025-12-25T17:08:40.6796678Z 
deploy	Deploy with CDK	2025-12-25T17:08:40.6796991Z âœ¨  Deployment time: 0.2s
deploy	Deploy with CDK	2025-12-25T17:08:40.6797248Z 
deploy	Deploy with CDK	2025-12-25T17:08:40.6798206Z Outputs:
deploy	Deploy with CDK	2025-12-25T17:08:40.6799648Z ChatBooking-dev-Auth.ExportsOutputFnGetAttAdminUserPoolD0AF18CFArnBE306E57 = arn:aws:cognito-idp:us-east-1:607250385528:userpool/us-east-1_dG9vi0gz5
deploy	Deploy with CDK	2025-12-25T17:08:40.6802433Z ChatBooking-dev-Auth.ExportsOutputRefAdminUserPoolD0AF18CF79276EF5 = us-east-1_dG9vi0gz5
deploy	Deploy with CDK	2025-12-25T17:08:40.6803840Z ChatBooking-dev-Auth.UserPoolArn = arn:aws:cognito-idp:us-east-1:607250385528:userpool/us-east-1_dG9vi0gz5
deploy	Deploy with CDK	2025-12-25T17:08:40.6804973Z ChatBooking-dev-Auth.UserPoolClientId = 7fst837q5gptanpev9fur88va6
deploy	Deploy with CDK	2025-12-25T17:08:40.6805931Z ChatBooking-dev-Auth.UserPoolDomain = chatbooking-admin-607250385528
deploy	Deploy with CDK	2025-12-25T17:08:40.6806782Z ChatBooking-dev-Auth.UserPoolId = us-east-1_dG9vi0gz5
deploy	Deploy with CDK	2025-12-25T17:08:40.6809024Z ChatBooking-dev-Auth.UserPoolLoginUrl = https://chatbooking-admin-607250385528.auth.us-east-1.amazoncognito.com/login?client_id=7fst837q5gptanpev9fur88va6&response_type=code&redirect_uri=http://localhost:3000/auth/callback
deploy	Deploy with CDK	2025-12-25T17:08:40.6810831Z Stack ARN:
deploy	Deploy with CDK	2025-12-25T17:08:40.6811772Z arn:aws:cloudformation:us-east-1:607250385528:stack/ChatBooking-dev-Auth/514e71b0-d5f3-11f0-a6f5-124023a51f0d
deploy	Deploy with CDK	2025-12-25T17:08:40.6812501Z 
deploy	Deploy with CDK	2025-12-25T17:08:40.6812791Z âœ¨  Total time: 15.64s
deploy	Deploy with CDK	2025-12-25T17:08:40.6813030Z 
deploy	Deploy with CDK	2025-12-25T17:08:40.6813219Z ChatBooking-dev-VectorDB
deploy	Deploy with CDK	2025-12-25T17:08:40.6813764Z ChatBooking-dev-VectorDB: deploying... [3/5]
deploy	Deploy with CDK	2025-12-25T17:08:41.2998266Z 
deploy	Deploy with CDK	2025-12-25T17:08:41.2999070Z NOTICES         (What's this? https://github.com/aws/aws-cdk/wiki/CLI-Notices)
deploy	Deploy with CDK	2025-12-25T17:08:41.2999399Z 
deploy	Deploy with CDK	2025-12-25T17:08:41.3002378Z 34892	CDK CLI will collect telemetry data on command usage starting at version 2.1100.0 (unless opted out)
deploy	Deploy with CDK	2025-12-25T17:08:41.3002995Z 
deploy	Deploy with CDK	2025-12-25T17:08:41.3003233Z 	Overview: We do not collect customer content and we anonymize the
deploy	Deploy with CDK	2025-12-25T17:08:41.3003686Z 	          telemetry we do collect. See the attached issue for more
deploy	Deploy with CDK	2025-12-25T17:08:41.3004478Z 	          information on what data is collected, why, and how to
deploy	Deploy with CDK	2025-12-25T17:08:41.3004881Z 	          opt-out. Telemetry will NOT be collected for any CDK CLI
deploy	Deploy with CDK	2025-12-25T17:08:41.3005269Z 	          version prior to version 2.1100.0 - regardless of
deploy	Deploy with CDK	2025-12-25T17:08:41.3005691Z 	          opt-in/out. You can also preview the telemetry we will start
deploy	Deploy with CDK	2025-12-25T17:08:41.3006108Z 	          collecting by logging it to a local file, by adding
deploy	Deploy with CDK	2025-12-25T17:08:41.3006514Z 	          `--unstable=telemetry --telemetry-file=my/local/file` to any
deploy	Deploy with CDK	2025-12-25T17:08:41.3006849Z 	          `cdk` command.
deploy	Deploy with CDK	2025-12-25T17:08:41.3006993Z 
deploy	Deploy with CDK	2025-12-25T17:08:41.3007123Z 	Affected versions: cli: >=2.0.0 <2.1100.0
deploy	Deploy with CDK	2025-12-25T17:08:41.3007310Z 
deploy	Deploy with CDK	2025-12-25T17:08:41.3007521Z 	More information at: https://github.com/aws/aws-cdk/issues/34892
deploy	Deploy with CDK	2025-12-25T17:08:41.3007849Z 
deploy	Deploy with CDK	2025-12-25T17:08:41.3007860Z 
deploy	Deploy with CDK	2025-12-25T17:08:41.3009306Z If you donâ€™t want to see a notice anymore, use "cdk acknowledge <id>". For example, "cdk acknowledge 34892".
deploy	Deploy with CDK	2025-12-25T17:08:41.3010536Z âŒ  ChatBooking-dev-VectorDB failed: InvalidChangeSetStatusException: Cannot delete ChangeSet in status CREATE_IN_PROGRESS
deploy	Deploy with CDK	2025-12-25T17:08:41.3282757Z ##[error]Process completed with exit code 1.
deploy	Post Configure AWS credentials	ï»¿2025-12-25T17:08:41.3355878Z Post job cleanup.
deploy	Post Checkout repo	ï»¿2025-12-25T17:08:41.4620991Z Post job cleanup.
deploy	Post Checkout repo	2025-12-25T17:08:41.5552526Z [command]/usr/bin/git version
deploy	Post Checkout repo	2025-12-25T17:08:41.5588474Z git version 2.52.0
deploy	Post Checkout repo	2025-12-25T17:08:41.5633042Z Temporarily overriding HOME='/home/runner/work/_temp/2203fab0-5af4-40ac-93c1-ec9f94e45ada' before making global git config changes
deploy	Post Checkout repo	2025-12-25T17:08:41.5634532Z Adding repository directory to the temporary git global config as a safe directory
deploy	Post Checkout repo	2025-12-25T17:08:41.5646701Z [command]/usr/bin/git config --global --add safe.directory /home/runner/work/chat-booking-backend/chat-booking-backend
deploy	Post Checkout repo	2025-12-25T17:08:41.5681313Z [command]/usr/bin/git config --local --name-only --get-regexp core\.sshCommand
deploy	Post Checkout repo	2025-12-25T17:08:41.5713822Z [command]/usr/bin/git submodule foreach --recursive sh -c "git config --local --name-only --get-regexp 'core\.sshCommand' && git config --local --unset-all 'core.sshCommand' || :"
deploy	Post Checkout repo	2025-12-25T17:08:41.5954981Z [command]/usr/bin/git config --local --name-only --get-regexp http\.https\:\/\/github\.com\/\.extraheader
deploy	Post Checkout repo	2025-12-25T17:08:41.5976195Z http.https://github.com/.extraheader
deploy	Post Checkout repo	2025-12-25T17:08:41.5988510Z [command]/usr/bin/git config --local --unset-all http.https://github.com/.extraheader
deploy	Post Checkout repo	2025-12-25T17:08:41.6018654Z [command]/usr/bin/git submodule foreach --recursive sh -c "git config --local --name-only --get-regexp 'http\.https\:\/\/github\.com\/\.extraheader' && git config --local --unset-all 'http.https://github.com/.extraheader' || :"
deploy	Post Checkout repo	2025-12-25T17:08:41.6252337Z [command]/usr/bin/git config --local --name-only --get-regexp ^includeIf\.gitdir:
deploy	Post Checkout repo	2025-12-25T17:08:41.6282786Z [command]/usr/bin/git submodule foreach --recursive git config --local --show-origin --name-only --get-regexp remote.origin.url
deploy	Complete job	ï»¿2025-12-25T17:08:41.6626539Z Cleaning up orphan processes
