deploy	Set up job	ï»¿2025-12-26T14:45:44.1965616Z Current runner version: '2.330.0'
deploy	Set up job	2025-12-26T14:45:44.1989578Z ##[group]Runner Image Provisioner
deploy	Set up job	2025-12-26T14:45:44.1990505Z Hosted Compute Agent
deploy	Set up job	2025-12-26T14:45:44.1991042Z Version: 20251211.462
deploy	Set up job	2025-12-26T14:45:44.1991641Z Commit: 6cbad8c2bb55d58165063d031ccabf57e2d2db61
deploy	Set up job	2025-12-26T14:45:44.1992422Z Build Date: 2025-12-11T16:28:49Z
deploy	Set up job	2025-12-26T14:45:44.1993085Z Worker ID: {63e34480-c18c-43d7-b3c5-f9ccf9311e5a}
deploy	Set up job	2025-12-26T14:45:44.1994012Z ##[endgroup]
deploy	Set up job	2025-12-26T14:45:44.1994606Z ##[group]Operating System
deploy	Set up job	2025-12-26T14:45:44.1995180Z Ubuntu
deploy	Set up job	2025-12-26T14:45:44.1995618Z 24.04.3
deploy	Set up job	2025-12-26T14:45:44.1996160Z LTS
deploy	Set up job	2025-12-26T14:45:44.1996626Z ##[endgroup]
deploy	Set up job	2025-12-26T14:45:44.1997121Z ##[group]Runner Image
deploy	Set up job	2025-12-26T14:45:44.1997663Z Image: ubuntu-24.04
deploy	Set up job	2025-12-26T14:45:44.1998189Z Version: 20251215.174.1
deploy	Set up job	2025-12-26T14:45:44.1999207Z Included Software: https://github.com/actions/runner-images/blob/ubuntu24/20251215.174/images/ubuntu/Ubuntu2404-Readme.md
deploy	Set up job	2025-12-26T14:45:44.2000605Z Image Release: https://github.com/actions/runner-images/releases/tag/ubuntu24%2F20251215.174
deploy	Set up job	2025-12-26T14:45:44.2001756Z ##[endgroup]
deploy	Set up job	2025-12-26T14:45:44.2002779Z ##[group]GITHUB_TOKEN Permissions
deploy	Set up job	2025-12-26T14:45:44.2004867Z Contents: read
deploy	Set up job	2025-12-26T14:45:44.2005550Z Metadata: read
deploy	Set up job	2025-12-26T14:45:44.2006048Z ##[endgroup]
deploy	Set up job	2025-12-26T14:45:44.2008031Z Secret source: Actions
deploy	Set up job	2025-12-26T14:45:44.2008683Z Prepare workflow directory
deploy	Set up job	2025-12-26T14:45:44.2439015Z Prepare all required actions
deploy	Set up job	2025-12-26T14:45:44.2493177Z Getting action download info
deploy	Set up job	2025-12-26T14:45:44.6020932Z Download action repository 'actions/checkout@v4' (SHA:34e114876b0b11c390a56381ad16ebd13914f8d5)
deploy	Set up job	2025-12-26T14:45:44.7013023Z Download action repository 'actions/setup-node@v4' (SHA:49933ea5288caeca8642d1e84afbd3f7d6820020)
deploy	Set up job	2025-12-26T14:45:44.8351567Z Download action repository 'actions/setup-python@v5' (SHA:a26af69be951a213d495a4c3e4e4022e16d87065)
deploy	Set up job	2025-12-26T14:45:44.9558537Z Download action repository 'aws-actions/configure-aws-credentials@v4' (SHA:7474bc4690e29a8392af63c5b98e7449536d5c3a)
deploy	Set up job	2025-12-26T14:45:45.4348082Z Complete job name: deploy
deploy	Checkout repo	ï»¿2025-12-26T14:45:45.5185400Z ##[group]Run actions/checkout@v4
deploy	Checkout repo	2025-12-26T14:45:45.5186709Z with:
deploy	Checkout repo	2025-12-26T14:45:45.5187513Z   repository: AIX-Clever/chat-booking-backend
deploy	Checkout repo	2025-12-26T14:45:45.5188857Z   token: ***
deploy	Checkout repo	2025-12-26T14:45:45.5189567Z   ssh-strict: true
deploy	Checkout repo	2025-12-26T14:45:45.5190313Z   ssh-user: git
deploy	Checkout repo	2025-12-26T14:45:45.5191066Z   persist-credentials: true
deploy	Checkout repo	2025-12-26T14:45:45.5191930Z   clean: true
deploy	Checkout repo	2025-12-26T14:45:45.5192686Z   sparse-checkout-cone-mode: true
deploy	Checkout repo	2025-12-26T14:45:45.5193784Z   fetch-depth: 1
deploy	Checkout repo	2025-12-26T14:45:45.5194545Z   fetch-tags: false
deploy	Checkout repo	2025-12-26T14:45:45.5195313Z   show-progress: true
deploy	Checkout repo	2025-12-26T14:45:45.5196095Z   lfs: false
deploy	Checkout repo	2025-12-26T14:45:45.5196784Z   submodules: false
deploy	Checkout repo	2025-12-26T14:45:45.5197559Z   set-safe-directory: true
deploy	Checkout repo	2025-12-26T14:45:45.5198632Z ##[endgroup]
deploy	Checkout repo	2025-12-26T14:45:45.6290523Z Syncing repository: AIX-Clever/chat-booking-backend
deploy	Checkout repo	2025-12-26T14:45:45.6293222Z ##[group]Getting Git version info
deploy	Checkout repo	2025-12-26T14:45:45.6295241Z Working directory is '/home/runner/work/chat-booking-backend/chat-booking-backend'
deploy	Checkout repo	2025-12-26T14:45:45.6297425Z [command]/usr/bin/git version
deploy	Checkout repo	2025-12-26T14:45:45.6364375Z git version 2.52.0
deploy	Checkout repo	2025-12-26T14:45:45.6390362Z ##[endgroup]
deploy	Checkout repo	2025-12-26T14:45:45.6405054Z Temporarily overriding HOME='/home/runner/work/_temp/87318632-85f0-49a8-8699-0cf4cb5c557b' before making global git config changes
deploy	Checkout repo	2025-12-26T14:45:45.6408253Z Adding repository directory to the temporary git global config as a safe directory
deploy	Checkout repo	2025-12-26T14:45:45.6412003Z [command]/usr/bin/git config --global --add safe.directory /home/runner/work/chat-booking-backend/chat-booking-backend
deploy	Checkout repo	2025-12-26T14:45:45.6450844Z Deleting the contents of '/home/runner/work/chat-booking-backend/chat-booking-backend'
deploy	Checkout repo	2025-12-26T14:45:45.6454412Z ##[group]Initializing the repository
deploy	Checkout repo	2025-12-26T14:45:45.6458487Z [command]/usr/bin/git init /home/runner/work/chat-booking-backend/chat-booking-backend
deploy	Checkout repo	2025-12-26T14:45:45.6557252Z hint: Using 'master' as the name for the initial branch. This default branch name
deploy	Checkout repo	2025-12-26T14:45:45.6560673Z hint: will change to "main" in Git 3.0. To configure the initial branch name
deploy	Checkout repo	2025-12-26T14:45:45.6563178Z hint: to use in all of your new repositories, which will suppress this warning,
deploy	Checkout repo	2025-12-26T14:45:45.6564844Z hint: call:
deploy	Checkout repo	2025-12-26T14:45:45.6565700Z hint:
deploy	Checkout repo	2025-12-26T14:45:45.6566719Z hint: 	git config --global init.defaultBranch <name>
deploy	Checkout repo	2025-12-26T14:45:45.6568285Z hint:
deploy	Checkout repo	2025-12-26T14:45:45.6569324Z hint: Names commonly chosen instead of 'master' are 'main', 'trunk' and
deploy	Checkout repo	2025-12-26T14:45:45.6571053Z hint: 'development'. The just-created branch can be renamed via this command:
deploy	Checkout repo	2025-12-26T14:45:45.6572858Z hint:
deploy	Checkout repo	2025-12-26T14:45:45.6574203Z hint: 	git branch -m <name>
deploy	Checkout repo	2025-12-26T14:45:45.6575497Z hint:
deploy	Checkout repo	2025-12-26T14:45:45.6576640Z hint: Disable this message with "git config set advice.defaultBranchName false"
deploy	Checkout repo	2025-12-26T14:45:45.6578858Z Initialized empty Git repository in /home/runner/work/chat-booking-backend/chat-booking-backend/.git/
deploy	Checkout repo	2025-12-26T14:45:45.6582220Z [command]/usr/bin/git remote add origin https://github.com/AIX-Clever/chat-booking-backend
deploy	Checkout repo	2025-12-26T14:45:45.6608895Z ##[endgroup]
deploy	Checkout repo	2025-12-26T14:45:45.6610447Z ##[group]Disabling automatic garbage collection
deploy	Checkout repo	2025-12-26T14:45:45.6612307Z [command]/usr/bin/git config --local gc.auto 0
deploy	Checkout repo	2025-12-26T14:45:45.6640846Z ##[endgroup]
deploy	Checkout repo	2025-12-26T14:45:45.6642092Z ##[group]Setting up auth
deploy	Checkout repo	2025-12-26T14:45:45.6647374Z [command]/usr/bin/git config --local --name-only --get-regexp core\.sshCommand
deploy	Checkout repo	2025-12-26T14:45:45.6677307Z [command]/usr/bin/git submodule foreach --recursive sh -c "git config --local --name-only --get-regexp 'core\.sshCommand' && git config --local --unset-all 'core.sshCommand' || :"
deploy	Checkout repo	2025-12-26T14:45:45.7015616Z [command]/usr/bin/git config --local --name-only --get-regexp http\.https\:\/\/github\.com\/\.extraheader
deploy	Checkout repo	2025-12-26T14:45:45.7047845Z [command]/usr/bin/git submodule foreach --recursive sh -c "git config --local --name-only --get-regexp 'http\.https\:\/\/github\.com\/\.extraheader' && git config --local --unset-all 'http.https://github.com/.extraheader' || :"
deploy	Checkout repo	2025-12-26T14:45:45.7278149Z [command]/usr/bin/git config --local --name-only --get-regexp ^includeIf\.gitdir:
deploy	Checkout repo	2025-12-26T14:45:45.7309583Z [command]/usr/bin/git submodule foreach --recursive git config --local --show-origin --name-only --get-regexp remote.origin.url
deploy	Checkout repo	2025-12-26T14:45:45.7533438Z [command]/usr/bin/git config --local http.https://github.com/.extraheader AUTHORIZATION: basic ***
deploy	Checkout repo	2025-12-26T14:45:45.7569297Z ##[endgroup]
deploy	Checkout repo	2025-12-26T14:45:45.7571006Z ##[group]Fetching the repository
deploy	Checkout repo	2025-12-26T14:45:45.7580641Z [command]/usr/bin/git -c protocol.version=2 fetch --no-tags --prune --no-recurse-submodules --depth=1 origin +e835842d9acf048f921b28ef543ba03c6c9448d1:refs/remotes/pull/26/merge
deploy	Checkout repo	2025-12-26T14:45:47.5925770Z From https://github.com/AIX-Clever/chat-booking-backend
deploy	Checkout repo	2025-12-26T14:45:47.5926464Z  * [new ref]         e835842d9acf048f921b28ef543ba03c6c9448d1 -> pull/26/merge
deploy	Checkout repo	2025-12-26T14:45:47.5958755Z ##[endgroup]
deploy	Checkout repo	2025-12-26T14:45:47.5959546Z ##[group]Determining the checkout info
deploy	Checkout repo	2025-12-26T14:45:47.5961216Z ##[endgroup]
deploy	Checkout repo	2025-12-26T14:45:47.5967019Z [command]/usr/bin/git sparse-checkout disable
deploy	Checkout repo	2025-12-26T14:45:47.6011966Z [command]/usr/bin/git config --local --unset-all extensions.worktreeConfig
deploy	Checkout repo	2025-12-26T14:45:47.6038099Z ##[group]Checking out the ref
deploy	Checkout repo	2025-12-26T14:45:47.6042322Z [command]/usr/bin/git checkout --progress --force refs/remotes/pull/26/merge
deploy	Checkout repo	2025-12-26T14:45:48.3742975Z Note: switching to 'refs/remotes/pull/26/merge'.
deploy	Checkout repo	2025-12-26T14:45:48.3744047Z 
deploy	Checkout repo	2025-12-26T14:45:48.3744495Z You are in 'detached HEAD' state. You can look around, make experimental
deploy	Checkout repo	2025-12-26T14:45:48.3745464Z changes and commit them, and you can discard any commits you make in this
deploy	Checkout repo	2025-12-26T14:45:48.3746405Z state without impacting any branches by switching back to a branch.
deploy	Checkout repo	2025-12-26T14:45:48.3746994Z 
deploy	Checkout repo	2025-12-26T14:45:48.3747418Z If you want to create a new branch to retain commits you create, you may
deploy	Checkout repo	2025-12-26T14:45:48.3748753Z do so (now or later) by using -c with the switch command. Example:
deploy	Checkout repo	2025-12-26T14:45:48.3749310Z 
deploy	Checkout repo	2025-12-26T14:45:48.3749525Z   git switch -c <new-branch-name>
deploy	Checkout repo	2025-12-26T14:45:48.3749904Z 
deploy	Checkout repo	2025-12-26T14:45:48.3750078Z Or undo this operation with:
deploy	Checkout repo	2025-12-26T14:45:48.3750388Z 
deploy	Checkout repo	2025-12-26T14:45:48.3750517Z   git switch -
deploy	Checkout repo	2025-12-26T14:45:48.3750750Z 
deploy	Checkout repo	2025-12-26T14:45:48.3751157Z Turn off this advice by setting config variable advice.detachedHead to false
deploy	Checkout repo	2025-12-26T14:45:48.3751735Z 
deploy	Checkout repo	2025-12-26T14:45:48.3752347Z HEAD is now at e835842 Merge e14ac42a2983d5573fd7298bac35faf5280b3cd0 into 7402654c96e4f5da497fda6826d0f39a0b1f2de7
deploy	Checkout repo	2025-12-26T14:45:48.3784740Z ##[endgroup]
deploy	Checkout repo	2025-12-26T14:45:48.3822996Z [command]/usr/bin/git log -1 --format=%H
deploy	Checkout repo	2025-12-26T14:45:48.3845577Z e835842d9acf048f921b28ef543ba03c6c9448d1
deploy	Setup Node.js	ï»¿2025-12-26T14:45:48.4149253Z ##[group]Run actions/setup-node@v4
deploy	Setup Node.js	2025-12-26T14:45:48.4149562Z with:
deploy	Setup Node.js	2025-12-26T14:45:48.4149764Z   node-version: 20
deploy	Setup Node.js	2025-12-26T14:45:48.4149979Z   always-auth: false
deploy	Setup Node.js	2025-12-26T14:45:48.4150181Z   check-latest: false
deploy	Setup Node.js	2025-12-26T14:45:48.4150521Z   token: ***
deploy	Setup Node.js	2025-12-26T14:45:48.4150710Z ##[endgroup]
deploy	Setup Node.js	2025-12-26T14:45:48.5931267Z Found in cache @ /opt/hostedtoolcache/node/20.19.6/x64
deploy	Setup Node.js	2025-12-26T14:45:48.5937832Z ##[group]Environment details
deploy	Setup Node.js	2025-12-26T14:45:48.9301858Z node: v20.19.6
deploy	Setup Node.js	2025-12-26T14:45:48.9302319Z npm: 10.8.2
deploy	Setup Node.js	2025-12-26T14:45:48.9302633Z yarn: 1.22.22
deploy	Setup Node.js	2025-12-26T14:45:48.9307099Z ##[endgroup]
deploy	Setup Python	ï»¿2025-12-26T14:45:48.9440969Z ##[group]Run actions/setup-python@v5
deploy	Setup Python	2025-12-26T14:45:48.9441255Z with:
deploy	Setup Python	2025-12-26T14:45:48.9441445Z   python-version: 3.9
deploy	Setup Python	2025-12-26T14:45:48.9441651Z   check-latest: false
deploy	Setup Python	2025-12-26T14:45:48.9441980Z   token: ***
deploy	Setup Python	2025-12-26T14:45:48.9442175Z   update-environment: true
deploy	Setup Python	2025-12-26T14:45:48.9442405Z   allow-prereleases: false
deploy	Setup Python	2025-12-26T14:45:48.9442615Z   freethreaded: false
deploy	Setup Python	2025-12-26T14:45:48.9442818Z ##[endgroup]
deploy	Setup Python	2025-12-26T14:45:49.1136195Z ##[group]Installed versions
deploy	Setup Python	2025-12-26T14:45:49.1241064Z Successfully set up CPython (3.9.25)
deploy	Setup Python	2025-12-26T14:45:49.1241731Z ##[endgroup]
deploy	Install Lambda Dependencies	ï»¿2025-12-26T14:45:49.1348909Z ##[group]Run # Find all requirements.txt files and install dependencies to their directory
deploy	Install Lambda Dependencies	2025-12-26T14:45:49.1349583Z [36;1m# Find all requirements.txt files and install dependencies to their directory[0m
deploy	Install Lambda Dependencies	2025-12-26T14:45:49.1350217Z [36;1mfind . -name "requirements.txt" -not -path "*/node_modules/*" -not -path "*/.venv/*" | while read req_file; do[0m
deploy	Install Lambda Dependencies	2025-12-26T14:45:49.1350731Z [36;1m  echo "Installing dependencies for $req_file"[0m
deploy	Install Lambda Dependencies	2025-12-26T14:45:49.1351031Z [36;1m  dir=$(dirname "$req_file")[0m
deploy	Install Lambda Dependencies	2025-12-26T14:45:49.1351311Z [36;1m  pip install -r "$req_file" -t "$dir"[0m
deploy	Install Lambda Dependencies	2025-12-26T14:45:49.1351569Z [36;1mdone[0m
deploy	Install Lambda Dependencies	2025-12-26T14:45:49.1414911Z shell: /usr/bin/bash -e {0}
deploy	Install Lambda Dependencies	2025-12-26T14:45:49.1415181Z env:
deploy	Install Lambda Dependencies	2025-12-26T14:45:49.1415439Z   pythonLocation: /opt/hostedtoolcache/Python/3.9.25/x64
deploy	Install Lambda Dependencies	2025-12-26T14:45:49.1415884Z   PKG_CONFIG_PATH: /opt/hostedtoolcache/Python/3.9.25/x64/lib/pkgconfig
deploy	Install Lambda Dependencies	2025-12-26T14:45:49.1416314Z   Python_ROOT_DIR: /opt/hostedtoolcache/Python/3.9.25/x64
deploy	Install Lambda Dependencies	2025-12-26T14:45:49.1416713Z   Python2_ROOT_DIR: /opt/hostedtoolcache/Python/3.9.25/x64
deploy	Install Lambda Dependencies	2025-12-26T14:45:49.1417074Z   Python3_ROOT_DIR: /opt/hostedtoolcache/Python/3.9.25/x64
deploy	Install Lambda Dependencies	2025-12-26T14:45:49.1417432Z   LD_LIBRARY_PATH: /opt/hostedtoolcache/Python/3.9.25/x64/lib
deploy	Install Lambda Dependencies	2025-12-26T14:45:49.1417740Z ##[endgroup]
deploy	Install Lambda Dependencies	2025-12-26T14:45:49.1753750Z Installing dependencies for ./availability/requirements.txt
deploy	Install Lambda Dependencies	2025-12-26T14:45:50.2589337Z Collecting boto3>=1.34.0 (from -r ./availability/requirements.txt (line 1))
deploy	Install Lambda Dependencies	2025-12-26T14:45:50.3239468Z   Downloading boto3-1.42.16-py3-none-any.whl.metadata (6.8 kB)
deploy	Install Lambda Dependencies	2025-12-26T14:45:50.7601183Z Collecting botocore>=1.34.0 (from -r ./availability/requirements.txt (line 2))
deploy	Install Lambda Dependencies	2025-12-26T14:45:50.7755126Z   Downloading botocore-1.42.16-py3-none-any.whl.metadata (5.9 kB)
deploy	Install Lambda Dependencies	2025-12-26T14:45:50.7931627Z Collecting python-dateutil>=2.8.2 (from -r ./availability/requirements.txt (line 3))
deploy	Install Lambda Dependencies	2025-12-26T14:45:50.8094805Z   Downloading python_dateutil-2.9.0.post0-py2.py3-none-any.whl.metadata (8.4 kB)
deploy	Install Lambda Dependencies	2025-12-26T14:45:50.8512473Z Collecting pytz>=2023.3 (from -r ./availability/requirements.txt (line 4))
deploy	Install Lambda Dependencies	2025-12-26T14:45:50.8655623Z   Downloading pytz-2025.2-py2.py3-none-any.whl.metadata (22 kB)
deploy	Install Lambda Dependencies	2025-12-26T14:45:51.0263348Z Collecting jmespath<2.0.0,>=0.7.1 (from boto3>=1.34.0->-r ./availability/requirements.txt (line 1))
deploy	Install Lambda Dependencies	2025-12-26T14:45:51.0409101Z   Downloading jmespath-1.0.1-py3-none-any.whl.metadata (7.6 kB)
deploy	Install Lambda Dependencies	2025-12-26T14:45:51.0604074Z Collecting s3transfer<0.17.0,>=0.16.0 (from boto3>=1.34.0->-r ./availability/requirements.txt (line 1))
deploy	Install Lambda Dependencies	2025-12-26T14:45:51.0748277Z   Downloading s3transfer-0.16.0-py3-none-any.whl.metadata (1.7 kB)
deploy	Install Lambda Dependencies	2025-12-26T14:45:51.1104528Z Collecting urllib3<1.27,>=1.25.4 (from botocore>=1.34.0->-r ./availability/requirements.txt (line 2))
deploy	Install Lambda Dependencies	2025-12-26T14:45:51.1254205Z   Downloading urllib3-1.26.20-py2.py3-none-any.whl.metadata (50 kB)
deploy	Install Lambda Dependencies	2025-12-26T14:45:51.1582765Z Collecting six>=1.5 (from python-dateutil>=2.8.2->-r ./availability/requirements.txt (line 3))
deploy	Install Lambda Dependencies	2025-12-26T14:45:51.1725466Z   Downloading six-1.17.0-py2.py3-none-any.whl.metadata (1.7 kB)
deploy	Install Lambda Dependencies	2025-12-26T14:45:51.3282344Z Downloading boto3-1.42.16-py3-none-any.whl (140 kB)
deploy	Install Lambda Dependencies	2025-12-26T14:45:51.3585314Z Downloading botocore-1.42.16-py3-none-any.whl (14.6 MB)
deploy	Install Lambda Dependencies	2025-12-26T14:45:51.8023417Z    â”â”â”â”â”â”â”â”â”â”â”â”â”â”â”â”â”â”â”â”â”â”â”â”â”â”â”â”â”â”â”â”â”â”â”â”â”â”â”â” 14.6/14.6 MB 33.3 MB/s  0:00:00
deploy	Install Lambda Dependencies	2025-12-26T14:45:51.8174822Z Downloading python_dateutil-2.9.0.post0-py2.py3-none-any.whl (229 kB)
deploy	Install Lambda Dependencies	2025-12-26T14:45:51.8399276Z Downloading jmespath-1.0.1-py3-none-any.whl (20 kB)
deploy	Install Lambda Dependencies	2025-12-26T14:45:51.8567457Z Downloading s3transfer-0.16.0-py3-none-any.whl (86 kB)
deploy	Install Lambda Dependencies	2025-12-26T14:45:51.8745854Z Downloading urllib3-1.26.20-py2.py3-none-any.whl (144 kB)
deploy	Install Lambda Dependencies	2025-12-26T14:45:51.8938138Z Downloading pytz-2025.2-py2.py3-none-any.whl (509 kB)
deploy	Install Lambda Dependencies	2025-12-26T14:45:51.9241234Z Downloading six-1.17.0-py2.py3-none-any.whl (11 kB)
deploy	Install Lambda Dependencies	2025-12-26T14:45:52.0090600Z Installing collected packages: pytz, urllib3, six, jmespath, python-dateutil, botocore, s3transfer, boto3
deploy	Install Lambda Dependencies	2025-12-26T14:45:52.8809774Z 
deploy	Install Lambda Dependencies	2025-12-26T14:45:52.8835081Z Successfully installed boto3-1.42.16 botocore-1.42.16 jmespath-1.0.1 python-dateutil-2.9.0.post0 pytz-2025.2 s3transfer-0.16.0 six-1.17.0 urllib3-1.26.20
deploy	Install Lambda Dependencies	2025-12-26T14:45:53.0626540Z Installing dependencies for ./chat_agent/requirements.txt
deploy	Install Lambda Dependencies	2025-12-26T14:45:53.4622788Z Collecting requests (from -r ./chat_agent/requirements.txt (line 1))
deploy	Install Lambda Dependencies	2025-12-26T14:45:53.5447235Z   Downloading requests-2.32.5-py3-none-any.whl.metadata (4.9 kB)
deploy	Install Lambda Dependencies	2025-12-26T14:45:53.5663128Z Collecting aws-xray-sdk (from -r ./chat_agent/requirements.txt (line 2))
deploy	Install Lambda Dependencies	2025-12-26T14:45:53.5871597Z   Downloading aws_xray_sdk-2.15.0-py2.py3-none-any.whl.metadata (23 kB)
deploy	Install Lambda Dependencies	2025-12-26T14:45:53.9682161Z Collecting boto3>=1.34.0 (from -r ./chat_agent/requirements.txt (line 3))
deploy	Install Lambda Dependencies	2025-12-26T14:45:53.9701591Z   Using cached boto3-1.42.16-py3-none-any.whl.metadata (6.8 kB)
deploy	Install Lambda Dependencies	2025-12-26T14:45:53.9841712Z Collecting python-dateutil>=2.8.2 (from -r ./chat_agent/requirements.txt (line 4))
deploy	Install Lambda Dependencies	2025-12-26T14:45:53.9858714Z   Using cached python_dateutil-2.9.0.post0-py2.py3-none-any.whl.metadata (8.4 kB)
deploy	Install Lambda Dependencies	2025-12-26T14:45:54.0243780Z Collecting pytz>=2023.3 (from -r ./chat_agent/requirements.txt (line 5))
deploy	Install Lambda Dependencies	2025-12-26T14:45:54.0263044Z   Using cached pytz-2025.2-py2.py3-none-any.whl.metadata (22 kB)
deploy	Install Lambda Dependencies	2025-12-26T14:45:54.0533744Z Collecting pypdf>=3.0.0 (from -r ./chat_agent/requirements.txt (line 6))
deploy	Install Lambda Dependencies	2025-12-26T14:45:54.0744720Z   Downloading pypdf-6.5.0-py3-none-any.whl.metadata (7.1 kB)
deploy	Install Lambda Dependencies	2025-12-26T14:45:54.1876307Z Collecting charset_normalizer<4,>=2 (from requests->-r ./chat_agent/requirements.txt (line 1))
deploy	Install Lambda Dependencies	2025-12-26T14:45:54.2086265Z   Downloading charset_normalizer-3.4.4-cp39-cp39-manylinux2014_x86_64.manylinux_2_17_x86_64.manylinux_2_28_x86_64.whl.metadata (37 kB)
deploy	Install Lambda Dependencies	2025-12-26T14:45:54.2332633Z Collecting idna<4,>=2.5 (from requests->-r ./chat_agent/requirements.txt (line 1))
deploy	Install Lambda Dependencies	2025-12-26T14:45:54.2538339Z   Downloading idna-3.11-py3-none-any.whl.metadata (8.4 kB)
deploy	Install Lambda Dependencies	2025-12-26T14:45:54.2872438Z Collecting urllib3<3,>=1.21.1 (from requests->-r ./chat_agent/requirements.txt (line 1))
deploy	Install Lambda Dependencies	2025-12-26T14:45:54.3080389Z   Downloading urllib3-2.6.2-py3-none-any.whl.metadata (6.6 kB)
deploy	Install Lambda Dependencies	2025-12-26T14:45:54.3481928Z Collecting certifi>=2017.4.17 (from requests->-r ./chat_agent/requirements.txt (line 1))
deploy	Install Lambda Dependencies	2025-12-26T14:45:54.3689584Z   Downloading certifi-2025.11.12-py3-none-any.whl.metadata (2.5 kB)
deploy	Install Lambda Dependencies	2025-12-26T14:45:54.5412230Z Collecting wrapt (from aws-xray-sdk->-r ./chat_agent/requirements.txt (line 2))
deploy	Install Lambda Dependencies	2025-12-26T14:45:54.5625600Z   Downloading wrapt-2.0.1-cp39-cp39-manylinux1_x86_64.manylinux_2_28_x86_64.manylinux_2_5_x86_64.whl.metadata (9.0 kB)
deploy	Install Lambda Dependencies	2025-12-26T14:45:55.0947824Z Collecting botocore>=1.11.3 (from aws-xray-sdk->-r ./chat_agent/requirements.txt (line 2))
deploy	Install Lambda Dependencies	2025-12-26T14:45:55.0968740Z   Using cached botocore-1.42.16-py3-none-any.whl.metadata (5.9 kB)
deploy	Install Lambda Dependencies	2025-12-26T14:45:55.3501406Z Collecting jmespath<2.0.0,>=0.7.1 (from boto3>=1.34.0->-r ./chat_agent/requirements.txt (line 3))
deploy	Install Lambda Dependencies	2025-12-26T14:45:55.3520951Z   Using cached jmespath-1.0.1-py3-none-any.whl.metadata (7.6 kB)
deploy	Install Lambda Dependencies	2025-12-26T14:45:55.3691215Z Collecting s3transfer<0.17.0,>=0.16.0 (from boto3>=1.34.0->-r ./chat_agent/requirements.txt (line 3))
deploy	Install Lambda Dependencies	2025-12-26T14:45:55.3709948Z   Using cached s3transfer-0.16.0-py3-none-any.whl.metadata (1.7 kB)
deploy	Install Lambda Dependencies	2025-12-26T14:45:55.3878915Z Collecting urllib3<3,>=1.21.1 (from requests->-r ./chat_agent/requirements.txt (line 1))
deploy	Install Lambda Dependencies	2025-12-26T14:45:55.3897606Z   Using cached urllib3-1.26.20-py2.py3-none-any.whl.metadata (50 kB)
deploy	Install Lambda Dependencies	2025-12-26T14:45:55.4083916Z Collecting six>=1.5 (from python-dateutil>=2.8.2->-r ./chat_agent/requirements.txt (line 4))
deploy	Install Lambda Dependencies	2025-12-26T14:45:55.4100963Z   Using cached six-1.17.0-py2.py3-none-any.whl.metadata (1.7 kB)
deploy	Install Lambda Dependencies	2025-12-26T14:45:55.6418517Z Collecting typing_extensions>=4.0 (from pypdf>=3.0.0->-r ./chat_agent/requirements.txt (line 6))
deploy	Install Lambda Dependencies	2025-12-26T14:45:55.6631775Z   Downloading typing_extensions-4.15.0-py3-none-any.whl.metadata (3.3 kB)
deploy	Install Lambda Dependencies	2025-12-26T14:45:55.6912464Z Downloading requests-2.32.5-py3-none-any.whl (64 kB)
deploy	Install Lambda Dependencies	2025-12-26T14:45:55.7193337Z Downloading charset_normalizer-3.4.4-cp39-cp39-manylinux2014_x86_64.manylinux_2_17_x86_64.manylinux_2_28_x86_64.whl (153 kB)
deploy	Install Lambda Dependencies	2025-12-26T14:45:55.7596547Z Downloading idna-3.11-py3-none-any.whl (71 kB)
deploy	Install Lambda Dependencies	2025-12-26T14:45:55.7831050Z Downloading aws_xray_sdk-2.15.0-py2.py3-none-any.whl (103 kB)
deploy	Install Lambda Dependencies	2025-12-26T14:45:55.7884369Z Using cached boto3-1.42.16-py3-none-any.whl (140 kB)
deploy	Install Lambda Dependencies	2025-12-26T14:45:55.7901768Z Using cached botocore-1.42.16-py3-none-any.whl (14.6 MB)
deploy	Install Lambda Dependencies	2025-12-26T14:45:55.8023804Z Using cached python_dateutil-2.9.0.post0-py2.py3-none-any.whl (229 kB)
deploy	Install Lambda Dependencies	2025-12-26T14:45:55.8041645Z Using cached jmespath-1.0.1-py3-none-any.whl (20 kB)
deploy	Install Lambda Dependencies	2025-12-26T14:45:55.8058123Z Using cached s3transfer-0.16.0-py3-none-any.whl (86 kB)
deploy	Install Lambda Dependencies	2025-12-26T14:45:55.8075281Z Using cached urllib3-1.26.20-py2.py3-none-any.whl (144 kB)
deploy	Install Lambda Dependencies	2025-12-26T14:45:55.8092367Z Using cached pytz-2025.2-py2.py3-none-any.whl (509 kB)
deploy	Install Lambda Dependencies	2025-12-26T14:45:55.8303286Z Downloading pypdf-6.5.0-py3-none-any.whl (329 kB)
deploy	Install Lambda Dependencies	2025-12-26T14:45:55.8704184Z Downloading certifi-2025.11.12-py3-none-any.whl (159 kB)
deploy	Install Lambda Dependencies	2025-12-26T14:45:55.8758256Z Using cached six-1.17.0-py2.py3-none-any.whl (11 kB)
deploy	Install Lambda Dependencies	2025-12-26T14:45:55.8965857Z Downloading typing_extensions-4.15.0-py3-none-any.whl (44 kB)
deploy	Install Lambda Dependencies	2025-12-26T14:45:55.9189855Z Downloading wrapt-2.0.1-cp39-cp39-manylinux1_x86_64.manylinux_2_28_x86_64.manylinux_2_5_x86_64.whl (113 kB)
deploy	Install Lambda Dependencies	2025-12-26T14:45:56.0176953Z Installing collected packages: pytz, wrapt, urllib3, typing_extensions, six, jmespath, idna, charset_normalizer, certifi, requests, python-dateutil, pypdf, botocore, s3transfer, aws-xray-sdk, boto3
deploy	Install Lambda Dependencies	2025-12-26T14:45:57.3515536Z 
deploy	Install Lambda Dependencies	2025-12-26T14:45:57.3551240Z Successfully installed aws-xray-sdk-2.15.0 boto3-1.42.16 botocore-1.42.16 certifi-2025.11.12 charset_normalizer-3.4.4 idna-3.11 jmespath-1.0.1 pypdf-6.5.0 python-dateutil-2.9.0.post0 pytz-2025.2 requests-2.32.5 s3transfer-0.16.0 six-1.17.0 typing_extensions-4.15.0 urllib3-1.26.20 wrapt-2.0.1
deploy	Install Lambda Dependencies	2025-12-26T14:45:57.4609987Z Installing dependencies for ./auth_resolver/requirements.txt
deploy	Install Lambda Dependencies	2025-12-26T14:45:58.1953379Z Collecting boto3>=1.34.0 (from -r ./auth_resolver/requirements.txt (line 1))
deploy	Install Lambda Dependencies	2025-12-26T14:45:58.1976366Z   Using cached boto3-1.42.16-py3-none-any.whl.metadata (6.8 kB)
deploy	Install Lambda Dependencies	2025-12-26T14:45:58.2115096Z Collecting python-dateutil>=2.8.2 (from -r ./auth_resolver/requirements.txt (line 2))
deploy	Install Lambda Dependencies	2025-12-26T14:45:58.2133178Z   Using cached python_dateutil-2.9.0.post0-py2.py3-none-any.whl.metadata (8.4 kB)
deploy	Install Lambda Dependencies	2025-12-26T14:45:58.6508119Z Collecting botocore>=1.34.0 (from -r ./auth_resolver/requirements.txt (line 3))
deploy	Install Lambda Dependencies	2025-12-26T14:45:58.6528317Z   Using cached botocore-1.42.16-py3-none-any.whl.metadata (5.9 kB)
deploy	Install Lambda Dependencies	2025-12-26T14:45:58.7804567Z Collecting jmespath<2.0.0,>=0.7.1 (from boto3>=1.34.0->-r ./auth_resolver/requirements.txt (line 1))
deploy	Install Lambda Dependencies	2025-12-26T14:45:58.7821861Z   Using cached jmespath-1.0.1-py3-none-any.whl.metadata (7.6 kB)
deploy	Install Lambda Dependencies	2025-12-26T14:45:58.8002461Z Collecting s3transfer<0.17.0,>=0.16.0 (from boto3>=1.34.0->-r ./auth_resolver/requirements.txt (line 1))
deploy	Install Lambda Dependencies	2025-12-26T14:45:58.8019562Z   Using cached s3transfer-0.16.0-py3-none-any.whl.metadata (1.7 kB)
deploy	Install Lambda Dependencies	2025-12-26T14:45:58.8344896Z Collecting urllib3<1.27,>=1.25.4 (from botocore>=1.34.0->-r ./auth_resolver/requirements.txt (line 3))
deploy	Install Lambda Dependencies	2025-12-26T14:45:58.8361820Z   Using cached urllib3-1.26.20-py2.py3-none-any.whl.metadata (50 kB)
deploy	Install Lambda Dependencies	2025-12-26T14:45:58.8543766Z Collecting six>=1.5 (from python-dateutil>=2.8.2->-r ./auth_resolver/requirements.txt (line 2))
deploy	Install Lambda Dependencies	2025-12-26T14:45:58.8560578Z   Using cached six-1.17.0-py2.py3-none-any.whl.metadata (1.7 kB)
deploy	Install Lambda Dependencies	2025-12-26T14:45:58.9768136Z Using cached boto3-1.42.16-py3-none-any.whl (140 kB)
deploy	Install Lambda Dependencies	2025-12-26T14:45:58.9786024Z Using cached botocore-1.42.16-py3-none-any.whl (14.6 MB)
deploy	Install Lambda Dependencies	2025-12-26T14:45:58.9905068Z Using cached python_dateutil-2.9.0.post0-py2.py3-none-any.whl (229 kB)
deploy	Install Lambda Dependencies	2025-12-26T14:45:58.9922578Z Using cached jmespath-1.0.1-py3-none-any.whl (20 kB)
deploy	Install Lambda Dependencies	2025-12-26T14:45:58.9939452Z Using cached s3transfer-0.16.0-py3-none-any.whl (86 kB)
deploy	Install Lambda Dependencies	2025-12-26T14:45:58.9956334Z Using cached urllib3-1.26.20-py2.py3-none-any.whl (144 kB)
deploy	Install Lambda Dependencies	2025-12-26T14:45:58.9973850Z Using cached six-1.17.0-py2.py3-none-any.whl (11 kB)
deploy	Install Lambda Dependencies	2025-12-26T14:45:59.0660626Z Installing collected packages: urllib3, six, jmespath, python-dateutil, botocore, s3transfer, boto3
deploy	Install Lambda Dependencies	2025-12-26T14:45:59.8199003Z 
deploy	Install Lambda Dependencies	2025-12-26T14:45:59.8220914Z Successfully installed boto3-1.42.16 botocore-1.42.16 jmespath-1.0.1 python-dateutil-2.9.0.post0 s3transfer-0.16.0 six-1.17.0 urllib3-1.26.20
deploy	Install Lambda Dependencies	2025-12-26T14:45:59.8977229Z Installing dependencies for ./booking/requirements.txt
deploy	Install Lambda Dependencies	2025-12-26T14:46:00.6386916Z Collecting boto3>=1.34.0 (from -r ./booking/requirements.txt (line 1))
deploy	Install Lambda Dependencies	2025-12-26T14:46:00.6408192Z   Using cached boto3-1.42.16-py3-none-any.whl.metadata (6.8 kB)
deploy	Install Lambda Dependencies	2025-12-26T14:46:01.0761041Z Collecting botocore>=1.34.0 (from -r ./booking/requirements.txt (line 2))
deploy	Install Lambda Dependencies	2025-12-26T14:46:01.0781286Z   Using cached botocore-1.42.16-py3-none-any.whl.metadata (5.9 kB)
deploy	Install Lambda Dependencies	2025-12-26T14:46:01.0924050Z Collecting python-dateutil>=2.8.2 (from -r ./booking/requirements.txt (line 3))
deploy	Install Lambda Dependencies	2025-12-26T14:46:01.0941335Z   Using cached python_dateutil-2.9.0.post0-py2.py3-none-any.whl.metadata (8.4 kB)
deploy	Install Lambda Dependencies	2025-12-26T14:46:01.3113069Z Collecting jmespath<2.0.0,>=0.7.1 (from boto3>=1.34.0->-r ./booking/requirements.txt (line 1))
deploy	Install Lambda Dependencies	2025-12-26T14:46:01.3131880Z   Using cached jmespath-1.0.1-py3-none-any.whl.metadata (7.6 kB)
deploy	Install Lambda Dependencies	2025-12-26T14:46:01.3304717Z Collecting s3transfer<0.17.0,>=0.16.0 (from boto3>=1.34.0->-r ./booking/requirements.txt (line 1))
deploy	Install Lambda Dependencies	2025-12-26T14:46:01.3324494Z   Using cached s3transfer-0.16.0-py3-none-any.whl.metadata (1.7 kB)
deploy	Install Lambda Dependencies	2025-12-26T14:46:01.3658728Z Collecting urllib3<1.27,>=1.25.4 (from botocore>=1.34.0->-r ./booking/requirements.txt (line 2))
deploy	Install Lambda Dependencies	2025-12-26T14:46:01.3679325Z   Using cached urllib3-1.26.20-py2.py3-none-any.whl.metadata (50 kB)
deploy	Install Lambda Dependencies	2025-12-26T14:46:01.3876333Z Collecting six>=1.5 (from python-dateutil>=2.8.2->-r ./booking/requirements.txt (line 3))
deploy	Install Lambda Dependencies	2025-12-26T14:46:01.3896208Z   Using cached six-1.17.0-py2.py3-none-any.whl.metadata (1.7 kB)
deploy	Install Lambda Dependencies	2025-12-26T14:46:01.5390488Z Using cached boto3-1.42.16-py3-none-any.whl (140 kB)
deploy	Install Lambda Dependencies	2025-12-26T14:46:01.5408793Z Using cached botocore-1.42.16-py3-none-any.whl (14.6 MB)
deploy	Install Lambda Dependencies	2025-12-26T14:46:01.5531575Z Using cached python_dateutil-2.9.0.post0-py2.py3-none-any.whl (229 kB)
deploy	Install Lambda Dependencies	2025-12-26T14:46:01.5549518Z Using cached jmespath-1.0.1-py3-none-any.whl (20 kB)
deploy	Install Lambda Dependencies	2025-12-26T14:46:01.5566681Z Using cached s3transfer-0.16.0-py3-none-any.whl (86 kB)
deploy	Install Lambda Dependencies	2025-12-26T14:46:01.5584142Z Using cached urllib3-1.26.20-py2.py3-none-any.whl (144 kB)
deploy	Install Lambda Dependencies	2025-12-26T14:46:01.5601269Z Using cached six-1.17.0-py2.py3-none-any.whl (11 kB)
deploy	Install Lambda Dependencies	2025-12-26T14:46:01.6289975Z Installing collected packages: urllib3, six, jmespath, python-dateutil, botocore, s3transfer, boto3
deploy	Install Lambda Dependencies	2025-12-26T14:46:02.3884259Z 
deploy	Install Lambda Dependencies	2025-12-26T14:46:02.3908032Z Successfully installed boto3-1.42.16 botocore-1.42.16 jmespath-1.0.1 python-dateutil-2.9.0.post0 s3transfer-0.16.0 six-1.17.0 urllib3-1.26.20
deploy	Install Lambda Dependencies	2025-12-26T14:46:02.4768916Z Installing dependencies for ./catalog/requirements.txt
deploy	Install Lambda Dependencies	2025-12-26T14:46:03.2202335Z Collecting boto3>=1.34.0 (from -r ./catalog/requirements.txt (line 1))
deploy	Install Lambda Dependencies	2025-12-26T14:46:03.2224161Z   Using cached boto3-1.42.16-py3-none-any.whl.metadata (6.8 kB)
deploy	Install Lambda Dependencies	2025-12-26T14:46:03.2367269Z Collecting python-dateutil>=2.8.2 (from -r ./catalog/requirements.txt (line 2))
deploy	Install Lambda Dependencies	2025-12-26T14:46:03.2385808Z   Using cached python_dateutil-2.9.0.post0-py2.py3-none-any.whl.metadata (8.4 kB)
deploy	Install Lambda Dependencies	2025-12-26T14:46:03.6705560Z Collecting botocore>=1.34.0 (from -r ./catalog/requirements.txt (line 3))
deploy	Install Lambda Dependencies	2025-12-26T14:46:03.6727097Z   Using cached botocore-1.42.16-py3-none-any.whl.metadata (5.9 kB)
deploy	Install Lambda Dependencies	2025-12-26T14:46:03.8375429Z Collecting jmespath<2.0.0,>=0.7.1 (from boto3>=1.34.0->-r ./catalog/requirements.txt (line 1))
deploy	Install Lambda Dependencies	2025-12-26T14:46:03.8394311Z   Using cached jmespath-1.0.1-py3-none-any.whl.metadata (7.6 kB)
deploy	Install Lambda Dependencies	2025-12-26T14:46:03.8556941Z Collecting s3transfer<0.17.0,>=0.16.0 (from boto3>=1.34.0->-r ./catalog/requirements.txt (line 1))
deploy	Install Lambda Dependencies	2025-12-26T14:46:03.8574487Z   Using cached s3transfer-0.16.0-py3-none-any.whl.metadata (1.7 kB)
deploy	Install Lambda Dependencies	2025-12-26T14:46:03.8898123Z Collecting urllib3<1.27,>=1.25.4 (from botocore>=1.34.0->-r ./catalog/requirements.txt (line 3))
deploy	Install Lambda Dependencies	2025-12-26T14:46:03.8916518Z   Using cached urllib3-1.26.20-py2.py3-none-any.whl.metadata (50 kB)
deploy	Install Lambda Dependencies	2025-12-26T14:46:03.9109055Z Collecting six>=1.5 (from python-dateutil>=2.8.2->-r ./catalog/requirements.txt (line 2))
deploy	Install Lambda Dependencies	2025-12-26T14:46:03.9126941Z   Using cached six-1.17.0-py2.py3-none-any.whl.metadata (1.7 kB)
deploy	Install Lambda Dependencies	2025-12-26T14:46:04.0702388Z Using cached boto3-1.42.16-py3-none-any.whl (140 kB)
deploy	Install Lambda Dependencies	2025-12-26T14:46:04.0722204Z Using cached botocore-1.42.16-py3-none-any.whl (14.6 MB)
deploy	Install Lambda Dependencies	2025-12-26T14:46:04.0844545Z Using cached python_dateutil-2.9.0.post0-py2.py3-none-any.whl (229 kB)
deploy	Install Lambda Dependencies	2025-12-26T14:46:04.0864182Z Using cached jmespath-1.0.1-py3-none-any.whl (20 kB)
deploy	Install Lambda Dependencies	2025-12-26T14:46:04.0882306Z Using cached s3transfer-0.16.0-py3-none-any.whl (86 kB)
deploy	Install Lambda Dependencies	2025-12-26T14:46:04.0900363Z Using cached urllib3-1.26.20-py2.py3-none-any.whl (144 kB)
deploy	Install Lambda Dependencies	2025-12-26T14:46:04.0919175Z Using cached six-1.17.0-py2.py3-none-any.whl (11 kB)
deploy	Install Lambda Dependencies	2025-12-26T14:46:04.1607377Z Installing collected packages: urllib3, six, jmespath, python-dateutil, botocore, s3transfer, boto3
deploy	Install Lambda Dependencies	2025-12-26T14:46:04.9309689Z 
deploy	Install Lambda Dependencies	2025-12-26T14:46:04.9333484Z Successfully installed boto3-1.42.16 botocore-1.42.16 jmespath-1.0.1 python-dateutil-2.9.0.post0 s3transfer-0.16.0 six-1.17.0 urllib3-1.26.20
deploy	Configure AWS credentials	ï»¿2025-12-26T14:46:05.0238446Z ##[group]Run aws-actions/configure-aws-credentials@v4
deploy	Configure AWS credentials	2025-12-26T14:46:05.0238772Z with:
deploy	Configure AWS credentials	2025-12-26T14:46:05.0239055Z   role-to-assume: arn:aws:iam::607250385528:role/OICD_GITHUB_ACTION_DEPLOY
deploy	Configure AWS credentials	2025-12-26T14:46:05.0239392Z   aws-region: us-east-1
deploy	Configure AWS credentials	2025-12-26T14:46:05.0239615Z   audience: sts.amazonaws.com
deploy	Configure AWS credentials	2025-12-26T14:46:05.0239853Z   output-env-credentials: true
deploy	Configure AWS credentials	2025-12-26T14:46:05.0240079Z env:
deploy	Configure AWS credentials	2025-12-26T14:46:05.0240312Z   pythonLocation: /opt/hostedtoolcache/Python/3.9.25/x64
deploy	Configure AWS credentials	2025-12-26T14:46:05.0240717Z   PKG_CONFIG_PATH: /opt/hostedtoolcache/Python/3.9.25/x64/lib/pkgconfig
deploy	Configure AWS credentials	2025-12-26T14:46:05.0241116Z   Python_ROOT_DIR: /opt/hostedtoolcache/Python/3.9.25/x64
deploy	Configure AWS credentials	2025-12-26T14:46:05.0241631Z   Python2_ROOT_DIR: /opt/hostedtoolcache/Python/3.9.25/x64
deploy	Configure AWS credentials	2025-12-26T14:46:05.0241984Z   Python3_ROOT_DIR: /opt/hostedtoolcache/Python/3.9.25/x64
deploy	Configure AWS credentials	2025-12-26T14:46:05.0242333Z   LD_LIBRARY_PATH: /opt/hostedtoolcache/Python/3.9.25/x64/lib
deploy	Configure AWS credentials	2025-12-26T14:46:05.0242629Z ##[endgroup]
deploy	Configure AWS credentials	2025-12-26T14:46:05.2805072Z Assuming role with OIDC
deploy	Configure AWS credentials	2025-12-26T14:46:05.4407972Z Authenticated as assumedRoleId AROAY2YXRRJ4FJCZEMYSV:GitHubActions
deploy	Install CDK dependencies	ï»¿2025-12-26T14:46:05.4882830Z ##[group]Run npm ci
deploy	Install CDK dependencies	2025-12-26T14:46:05.4883106Z [36;1mnpm ci[0m
deploy	Install CDK dependencies	2025-12-26T14:46:05.4916097Z shell: /usr/bin/bash -e {0}
deploy	Install CDK dependencies	2025-12-26T14:46:05.4916349Z env:
deploy	Install CDK dependencies	2025-12-26T14:46:05.4916610Z   pythonLocation: /opt/hostedtoolcache/Python/3.9.25/x64
deploy	Install CDK dependencies	2025-12-26T14:46:05.4917052Z   PKG_CONFIG_PATH: /opt/hostedtoolcache/Python/3.9.25/x64/lib/pkgconfig
deploy	Install CDK dependencies	2025-12-26T14:46:05.4917464Z   Python_ROOT_DIR: /opt/hostedtoolcache/Python/3.9.25/x64
deploy	Install CDK dependencies	2025-12-26T14:46:05.4917828Z   Python2_ROOT_DIR: /opt/hostedtoolcache/Python/3.9.25/x64
deploy	Install CDK dependencies	2025-12-26T14:46:05.4918201Z   Python3_ROOT_DIR: /opt/hostedtoolcache/Python/3.9.25/x64
deploy	Install CDK dependencies	2025-12-26T14:46:05.4918563Z   LD_LIBRARY_PATH: /opt/hostedtoolcache/Python/3.9.25/x64/lib
deploy	Install CDK dependencies	2025-12-26T14:46:05.4918886Z   AWS_DEFAULT_REGION: us-east-1
deploy	Install CDK dependencies	2025-12-26T14:46:05.4919120Z   AWS_REGION: us-east-1
deploy	Install CDK dependencies	2025-12-26T14:46:05.4919717Z   AWS_ACCESS_KEY_ID: ***
deploy	Install CDK dependencies	2025-12-26T14:46:05.4920064Z   AWS_SECRET_ACCESS_KEY: ***
deploy	Install CDK dependencies	2025-12-26T14:46:05.4925324Z   AWS_SESSION_TOKEN: ***
deploy	Install CDK dependencies	2025-12-26T14:46:05.4925573Z ##[endgroup]
deploy	Install CDK dependencies	2025-12-26T14:46:11.5312461Z 
deploy	Install CDK dependencies	2025-12-26T14:46:11.5313148Z added 26 packages, and audited 63 packages in 6s
deploy	Install CDK dependencies	2025-12-26T14:46:11.5313753Z 
deploy	Install CDK dependencies	2025-12-26T14:46:11.5315771Z 4 packages are looking for funding
deploy	Install CDK dependencies	2025-12-26T14:46:11.5316763Z   run `npm fund` for details
deploy	Install CDK dependencies	2025-12-26T14:46:11.5325846Z 
deploy	Install CDK dependencies	2025-12-26T14:46:11.5326145Z found 0 vulnerabilities
deploy	Sanitize Environment Name	ï»¿2025-12-26T14:46:11.5541305Z ##[group]Run # Get branch name (head_ref for PRs, ref_name for dispatch)
deploy	Sanitize Environment Name	2025-12-26T14:46:11.5541837Z [36;1m# Get branch name (head_ref for PRs, ref_name for dispatch)[0m
deploy	Sanitize Environment Name	2025-12-26T14:46:11.5542243Z [36;1mRAW_BRANCH=feature/s3-ingestion-backend[0m
deploy	Sanitize Environment Name	2025-12-26T14:46:11.5542560Z [36;1m# Replace slashes with hyphens[0m
deploy	Sanitize Environment Name	2025-12-26T14:46:11.5542864Z [36;1mSANITIZED_BRANCH=${RAW_BRANCH//\//-}[0m
deploy	Sanitize Environment Name	2025-12-26T14:46:11.5543205Z [36;1mecho "ENV_NAME=${SANITIZED_BRANCH}" >> $GITHUB_ENV[0m
deploy	Sanitize Environment Name	2025-12-26T14:46:11.5575988Z shell: /usr/bin/bash -e {0}
deploy	Sanitize Environment Name	2025-12-26T14:46:11.5576248Z env:
deploy	Sanitize Environment Name	2025-12-26T14:46:11.5576521Z   pythonLocation: /opt/hostedtoolcache/Python/3.9.25/x64
deploy	Sanitize Environment Name	2025-12-26T14:46:11.5576961Z   PKG_CONFIG_PATH: /opt/hostedtoolcache/Python/3.9.25/x64/lib/pkgconfig
deploy	Sanitize Environment Name	2025-12-26T14:46:11.5577375Z   Python_ROOT_DIR: /opt/hostedtoolcache/Python/3.9.25/x64
deploy	Sanitize Environment Name	2025-12-26T14:46:11.5577742Z   Python2_ROOT_DIR: /opt/hostedtoolcache/Python/3.9.25/x64
deploy	Sanitize Environment Name	2025-12-26T14:46:11.5578121Z   Python3_ROOT_DIR: /opt/hostedtoolcache/Python/3.9.25/x64
deploy	Sanitize Environment Name	2025-12-26T14:46:11.5578525Z   LD_LIBRARY_PATH: /opt/hostedtoolcache/Python/3.9.25/x64/lib
deploy	Sanitize Environment Name	2025-12-26T14:46:11.5578856Z   AWS_DEFAULT_REGION: us-east-1
deploy	Sanitize Environment Name	2025-12-26T14:46:11.5579106Z   AWS_REGION: us-east-1
deploy	Sanitize Environment Name	2025-12-26T14:46:11.5579423Z   AWS_ACCESS_KEY_ID: ***
deploy	Sanitize Environment Name	2025-12-26T14:46:11.5579751Z   AWS_SECRET_ACCESS_KEY: ***
deploy	Sanitize Environment Name	2025-12-26T14:46:11.5584875Z   AWS_SESSION_TOKEN: ***
deploy	Sanitize Environment Name	2025-12-26T14:46:11.5585123Z ##[endgroup]
deploy	Deploy with CDK	ï»¿2025-12-26T14:46:11.5673283Z ##[group]Run npx cdk deploy --all --require-approval never -c env=feature-s3-ingestion-backend
deploy	Deploy with CDK	2025-12-26T14:46:11.5674196Z [36;1mnpx cdk deploy --all --require-approval never -c env=feature-s3-ingestion-backend[0m
deploy	Deploy with CDK	2025-12-26T14:46:11.5705032Z shell: /usr/bin/bash -e {0}
deploy	Deploy with CDK	2025-12-26T14:46:11.5705289Z env:
deploy	Deploy with CDK	2025-12-26T14:46:11.5705563Z   pythonLocation: /opt/hostedtoolcache/Python/3.9.25/x64
deploy	Deploy with CDK	2025-12-26T14:46:11.5706000Z   PKG_CONFIG_PATH: /opt/hostedtoolcache/Python/3.9.25/x64/lib/pkgconfig
deploy	Deploy with CDK	2025-12-26T14:46:11.5706407Z   Python_ROOT_DIR: /opt/hostedtoolcache/Python/3.9.25/x64
deploy	Deploy with CDK	2025-12-26T14:46:11.5706769Z   Python2_ROOT_DIR: /opt/hostedtoolcache/Python/3.9.25/x64
deploy	Deploy with CDK	2025-12-26T14:46:11.5707303Z   Python3_ROOT_DIR: /opt/hostedtoolcache/Python/3.9.25/x64
deploy	Deploy with CDK	2025-12-26T14:46:11.5707663Z   LD_LIBRARY_PATH: /opt/hostedtoolcache/Python/3.9.25/x64/lib
deploy	Deploy with CDK	2025-12-26T14:46:11.5707983Z   AWS_DEFAULT_REGION: us-east-1
deploy	Deploy with CDK	2025-12-26T14:46:11.5708220Z   AWS_REGION: us-east-1
deploy	Deploy with CDK	2025-12-26T14:46:11.5708509Z   AWS_ACCESS_KEY_ID: ***
deploy	Deploy with CDK	2025-12-26T14:46:11.5708862Z   AWS_SECRET_ACCESS_KEY: ***
deploy	Deploy with CDK	2025-12-26T14:46:11.5713996Z   AWS_SESSION_TOKEN: ***
deploy	Deploy with CDK	2025-12-26T14:46:11.5714263Z   ENV_NAME: feature-s3-ingestion-backend
deploy	Deploy with CDK	2025-12-26T14:46:11.5714554Z   ENV: feature-s3-ingestion-backend
deploy	Deploy with CDK	2025-12-26T14:46:11.5714800Z ##[endgroup]
deploy	Deploy with CDK	2025-12-26T14:46:17.8095545Z [WARNING] aws-cdk-lib.aws_dynamodb.TableOptions#pointInTimeRecovery is deprecated.
deploy	Deploy with CDK	2025-12-26T14:46:17.8096579Z   use `pointInTimeRecoverySpecification` instead
deploy	Deploy with CDK	2025-12-26T14:46:17.8097331Z   This API will be removed in the next major release.
deploy	Deploy with CDK	2025-12-26T14:46:17.9046150Z [WARNING] aws-cdk-lib.aws_dynamodb.TableOptions#pointInTimeRecovery is deprecated.
deploy	Deploy with CDK	2025-12-26T14:46:17.9047189Z   use `pointInTimeRecoverySpecification` instead
deploy	Deploy with CDK	2025-12-26T14:46:17.9047904Z   This API will be removed in the next major release.
deploy	Deploy with CDK	2025-12-26T14:46:17.9055363Z [WARNING] aws-cdk-lib.aws_dynamodb.TableOptions#pointInTimeRecovery is deprecated.
deploy	Deploy with CDK	2025-12-26T14:46:17.9056320Z   use `pointInTimeRecoverySpecification` instead
deploy	Deploy with CDK	2025-12-26T14:46:17.9057070Z   This API will be removed in the next major release.
deploy	Deploy with CDK	2025-12-26T14:46:17.9064491Z [WARNING] aws-cdk-lib.aws_dynamodb.TableOptions#pointInTimeRecovery is deprecated.
deploy	Deploy with CDK	2025-12-26T14:46:17.9065444Z   use `pointInTimeRecoverySpecification` instead
deploy	Deploy with CDK	2025-12-26T14:46:17.9066175Z   This API will be removed in the next major release.
deploy	Deploy with CDK	2025-12-26T14:46:17.9070922Z [WARNING] aws-cdk-lib.aws_dynamodb.TableOptions#pointInTimeRecovery is deprecated.
deploy	Deploy with CDK	2025-12-26T14:46:17.9071873Z   use `pointInTimeRecoverySpecification` instead
deploy	Deploy with CDK	2025-12-26T14:46:17.9072592Z   This API will be removed in the next major release.
deploy	Deploy with CDK	2025-12-26T14:46:17.9077415Z [WARNING] aws-cdk-lib.aws_dynamodb.TableOptions#pointInTimeRecovery is deprecated.
deploy	Deploy with CDK	2025-12-26T14:46:17.9078393Z   use `pointInTimeRecoverySpecification` instead
deploy	Deploy with CDK	2025-12-26T14:46:17.9079125Z   This API will be removed in the next major release.
deploy	Deploy with CDK	2025-12-26T14:46:17.9084036Z [WARNING] aws-cdk-lib.aws_dynamodb.TableOptions#pointInTimeRecovery is deprecated.
deploy	Deploy with CDK	2025-12-26T14:46:17.9085005Z   use `pointInTimeRecoverySpecification` instead
deploy	Deploy with CDK	2025-12-26T14:46:17.9085725Z   This API will be removed in the next major release.
deploy	Deploy with CDK	2025-12-26T14:46:17.9089864Z [WARNING] aws-cdk-lib.aws_dynamodb.TableOptions#pointInTimeRecovery is deprecated.
deploy	Deploy with CDK	2025-12-26T14:46:17.9090815Z   use `pointInTimeRecoverySpecification` instead
deploy	Deploy with CDK	2025-12-26T14:46:17.9091541Z   This API will be removed in the next major release.
deploy	Deploy with CDK	2025-12-26T14:46:17.9095814Z [WARNING] aws-cdk-lib.aws_dynamodb.TableOptions#pointInTimeRecovery is deprecated.
deploy	Deploy with CDK	2025-12-26T14:46:17.9096753Z   use `pointInTimeRecoverySpecification` instead
deploy	Deploy with CDK	2025-12-26T14:46:17.9097461Z   This API will be removed in the next major release.
deploy	Deploy with CDK	2025-12-26T14:46:17.9104207Z [WARNING] aws-cdk-lib.aws_dynamodb.TableOptions#pointInTimeRecovery is deprecated.
deploy	Deploy with CDK	2025-12-26T14:46:17.9105146Z   use `pointInTimeRecoverySpecification` instead
deploy	Deploy with CDK	2025-12-26T14:46:17.9105852Z   This API will be removed in the next major release.
deploy	Deploy with CDK	2025-12-26T14:46:17.9111141Z [WARNING] aws-cdk-lib.aws_dynamodb.TableOptions#pointInTimeRecovery is deprecated.
deploy	Deploy with CDK	2025-12-26T14:46:17.9112526Z   use `pointInTimeRecoverySpecification` instead
deploy	Deploy with CDK	2025-12-26T14:46:17.9113266Z   This API will be removed in the next major release.
deploy	Deploy with CDK	2025-12-26T14:46:17.9117930Z [WARNING] aws-cdk-lib.aws_dynamodb.TableOptions#pointInTimeRecovery is deprecated.
deploy	Deploy with CDK	2025-12-26T14:46:17.9118874Z   use `pointInTimeRecoverySpecification` instead
deploy	Deploy with CDK	2025-12-26T14:46:17.9119596Z   This API will be removed in the next major release.
deploy	Deploy with CDK	2025-12-26T14:46:17.9180550Z [WARNING] aws-cdk-lib.aws_cognito.UserPoolProps#advancedSecurityMode is deprecated.
deploy	Deploy with CDK	2025-12-26T14:46:17.9182341Z   Advanced Security Mode is deprecated due to user pool feature plans. Use StandardThreatProtectionMode and CustomThreatProtectionMode to set Thread Protection level.
deploy	Deploy with CDK	2025-12-26T14:46:17.9184336Z   This API will be removed in the next major release.
deploy	Deploy with CDK	2025-12-26T14:46:17.9185243Z [WARNING] aws-cdk-lib.aws_cognito.AdvancedSecurityMode is deprecated.
deploy	Deploy with CDK	2025-12-26T14:46:17.9186875Z   Advanced Security Mode is deprecated due to user pool feature plans. Use StandardThreatProtectionMode and CustomThreatProtectionMode to set Thread Protection level.
deploy	Deploy with CDK	2025-12-26T14:46:17.9188312Z   This API will be removed in the next major release.
deploy	Deploy with CDK	2025-12-26T14:46:17.9189293Z [WARNING] aws-cdk-lib.aws_cognito.AdvancedSecurityMode#ENFORCED is deprecated.
deploy	Deploy with CDK	2025-12-26T14:46:17.9189954Z   
deploy	Deploy with CDK	2025-12-26T14:46:17.9190384Z   This API will be removed in the next major release.
deploy	Deploy with CDK	2025-12-26T14:46:18.0464369Z [WARNING] aws-cdk-lib.aws_lambda.FunctionOptions#logRetention is deprecated.
deploy	Deploy with CDK	2025-12-26T14:46:18.0465221Z   use `logGroup` instead
deploy	Deploy with CDK	2025-12-26T14:46:18.0465826Z   This API will be removed in the next major release.
deploy	Deploy with CDK	2025-12-26T14:46:18.6853719Z [WARNING] aws-cdk-lib.aws_lambda.FunctionOptions#logRetention is deprecated.
deploy	Deploy with CDK	2025-12-26T14:46:18.6854588Z   use `logGroup` instead
deploy	Deploy with CDK	2025-12-26T14:46:18.6855170Z   This API will be removed in the next major release.
deploy	Deploy with CDK	2025-12-26T14:46:19.1809377Z [WARNING] aws-cdk-lib.aws_lambda.FunctionOptions#logRetention is deprecated.
deploy	Deploy with CDK	2025-12-26T14:46:19.1810236Z   use `logGroup` instead
deploy	Deploy with CDK	2025-12-26T14:46:19.1810815Z   This API will be removed in the next major release.
deploy	Deploy with CDK	2025-12-26T14:46:19.7648251Z [WARNING] aws-cdk-lib.aws_lambda.FunctionOptions#logRetention is deprecated.
deploy	Deploy with CDK	2025-12-26T14:46:19.7648993Z   use `logGroup` instead
deploy	Deploy with CDK	2025-12-26T14:46:19.7649449Z   This API will be removed in the next major release.
deploy	Deploy with CDK	2025-12-26T14:46:20.2701920Z [WARNING] aws-cdk-lib.aws_lambda.FunctionOptions#logRetention is deprecated.
deploy	Deploy with CDK	2025-12-26T14:46:20.2702670Z   use `logGroup` instead
deploy	Deploy with CDK	2025-12-26T14:46:20.2703192Z   This API will be removed in the next major release.
deploy	Deploy with CDK	2025-12-26T14:46:20.9826258Z [WARNING] aws-cdk-lib.aws_lambda.FunctionOptions#logRetention is deprecated.
deploy	Deploy with CDK	2025-12-26T14:46:20.9826926Z   use `logGroup` instead
deploy	Deploy with CDK	2025-12-26T14:46:20.9827386Z   This API will be removed in the next major release.
deploy	Deploy with CDK	2025-12-26T14:46:20.9851286Z [WARNING] aws-cdk-lib.aws_lambda.FunctionOptions#logRetention is deprecated.
deploy	Deploy with CDK	2025-12-26T14:46:20.9852027Z   use `logGroup` instead
deploy	Deploy with CDK	2025-12-26T14:46:20.9852501Z   This API will be removed in the next major release.
deploy	Deploy with CDK	2025-12-26T14:46:20.9874274Z [WARNING] aws-cdk-lib.aws_lambda.FunctionOptions#logRetention is deprecated.
deploy	Deploy with CDK	2025-12-26T14:46:20.9875301Z   use `logGroup` instead
deploy	Deploy with CDK	2025-12-26T14:46:20.9876063Z   This API will be removed in the next major release.
deploy	Deploy with CDK	2025-12-26T14:46:20.9900751Z [WARNING] aws-cdk-lib.aws_lambda.FunctionOptions#logRetention is deprecated.
deploy	Deploy with CDK	2025-12-26T14:46:20.9901460Z   use `logGroup` instead
deploy	Deploy with CDK	2025-12-26T14:46:20.9901981Z   This API will be removed in the next major release.
deploy	Deploy with CDK	2025-12-26T14:46:20.9922868Z [WARNING] aws-cdk-lib.aws_lambda.FunctionOptions#logRetention is deprecated.
deploy	Deploy with CDK	2025-12-26T14:46:20.9923754Z   use `logGroup` instead
deploy	Deploy with CDK	2025-12-26T14:46:20.9924193Z   This API will be removed in the next major release.
deploy	Deploy with CDK	2025-12-26T14:46:20.9947839Z [WARNING] aws-cdk-lib.aws_lambda.FunctionOptions#logRetention is deprecated.
deploy	Deploy with CDK	2025-12-26T14:46:20.9948508Z   use `logGroup` instead
deploy	Deploy with CDK	2025-12-26T14:46:20.9949175Z   This API will be removed in the next major release.
deploy	Deploy with CDK	2025-12-26T14:46:21.0030096Z [WARNING] aws-cdk-lib.aws_lambda.FunctionOptions#logRetention is deprecated.
deploy	Deploy with CDK	2025-12-26T14:46:21.0030908Z   use `logGroup` instead
deploy	Deploy with CDK	2025-12-26T14:46:21.0031420Z   This API will be removed in the next major release.
deploy	Deploy with CDK	2025-12-26T14:46:21.0118019Z [WARNING] aws-cdk-lib.aws_lambda.FunctionOptions#logRetention is deprecated.
deploy	Deploy with CDK	2025-12-26T14:46:21.0118824Z   use `logGroup` instead
deploy	Deploy with CDK	2025-12-26T14:46:21.0119445Z   This API will be removed in the next major release.
deploy	Deploy with CDK	2025-12-26T14:46:21.0318586Z [WARNING] aws-cdk-lib.aws_appsync.GraphqlApiProps#schema is deprecated.
deploy	Deploy with CDK	2025-12-26T14:46:21.0319499Z   use Definition.schema instead
deploy	Deploy with CDK	2025-12-26T14:46:21.0320581Z   This API will be removed in the next major release.
deploy	Deploy with CDK	2025-12-26T14:46:21.6786972Z current credentials could not be used to assume 'arn:aws:iam::607250385528:role/cdk-hnb659fds-lookup-role-607250385528-us-east-1', but are for the right account. Proceeding anyway.
deploy	Deploy with CDK	2025-12-26T14:46:26.6545940Z [WARNING] aws-cdk-lib.aws_dynamodb.TableOptions#pointInTimeRecovery is deprecated.
deploy	Deploy with CDK	2025-12-26T14:46:26.6546664Z   use `pointInTimeRecoverySpecification` instead
deploy	Deploy with CDK	2025-12-26T14:46:26.6547194Z   This API will be removed in the next major release.
deploy	Deploy with CDK	2025-12-26T14:46:26.7415652Z [WARNING] aws-cdk-lib.aws_dynamodb.TableOptions#pointInTimeRecovery is deprecated.
deploy	Deploy with CDK	2025-12-26T14:46:26.7416324Z   use `pointInTimeRecoverySpecification` instead
deploy	Deploy with CDK	2025-12-26T14:46:26.7416845Z   This API will be removed in the next major release.
deploy	Deploy with CDK	2025-12-26T14:46:26.7424630Z [WARNING] aws-cdk-lib.aws_dynamodb.TableOptions#pointInTimeRecovery is deprecated.
deploy	Deploy with CDK	2025-12-26T14:46:26.7425293Z   use `pointInTimeRecoverySpecification` instead
deploy	Deploy with CDK	2025-12-26T14:46:26.7425824Z   This API will be removed in the next major release.
deploy	Deploy with CDK	2025-12-26T14:46:26.7432931Z [WARNING] aws-cdk-lib.aws_dynamodb.TableOptions#pointInTimeRecovery is deprecated.
deploy	Deploy with CDK	2025-12-26T14:46:26.7433788Z   use `pointInTimeRecoverySpecification` instead
deploy	Deploy with CDK	2025-12-26T14:46:26.7434363Z   This API will be removed in the next major release.
deploy	Deploy with CDK	2025-12-26T14:46:26.7438673Z [WARNING] aws-cdk-lib.aws_dynamodb.TableOptions#pointInTimeRecovery is deprecated.
deploy	Deploy with CDK	2025-12-26T14:46:26.7439296Z   use `pointInTimeRecoverySpecification` instead
deploy	Deploy with CDK	2025-12-26T14:46:26.7439792Z   This API will be removed in the next major release.
deploy	Deploy with CDK	2025-12-26T14:46:26.7444127Z [WARNING] aws-cdk-lib.aws_dynamodb.TableOptions#pointInTimeRecovery is deprecated.
deploy	Deploy with CDK	2025-12-26T14:46:26.7444767Z   use `pointInTimeRecoverySpecification` instead
deploy	Deploy with CDK	2025-12-26T14:46:26.7445266Z   This API will be removed in the next major release.
deploy	Deploy with CDK	2025-12-26T14:46:26.7449611Z [WARNING] aws-cdk-lib.aws_dynamodb.TableOptions#pointInTimeRecovery is deprecated.
deploy	Deploy with CDK	2025-12-26T14:46:26.7450253Z   use `pointInTimeRecoverySpecification` instead
deploy	Deploy with CDK	2025-12-26T14:46:26.7450753Z   This API will be removed in the next major release.
deploy	Deploy with CDK	2025-12-26T14:46:26.7454741Z [WARNING] aws-cdk-lib.aws_dynamodb.TableOptions#pointInTimeRecovery is deprecated.
deploy	Deploy with CDK	2025-12-26T14:46:26.7455342Z   use `pointInTimeRecoverySpecification` instead
deploy	Deploy with CDK	2025-12-26T14:46:26.7455836Z   This API will be removed in the next major release.
deploy	Deploy with CDK	2025-12-26T14:46:26.7459482Z [WARNING] aws-cdk-lib.aws_dynamodb.TableOptions#pointInTimeRecovery is deprecated.
deploy	Deploy with CDK	2025-12-26T14:46:26.7460084Z   use `pointInTimeRecoverySpecification` instead
deploy	Deploy with CDK	2025-12-26T14:46:26.7460568Z   This API will be removed in the next major release.
deploy	Deploy with CDK	2025-12-26T14:46:26.7466937Z [WARNING] aws-cdk-lib.aws_dynamodb.TableOptions#pointInTimeRecovery is deprecated.
deploy	Deploy with CDK	2025-12-26T14:46:26.7467566Z   use `pointInTimeRecoverySpecification` instead
deploy	Deploy with CDK	2025-12-26T14:46:26.7468058Z   This API will be removed in the next major release.
deploy	Deploy with CDK	2025-12-26T14:46:26.7472790Z [WARNING] aws-cdk-lib.aws_dynamodb.TableOptions#pointInTimeRecovery is deprecated.
deploy	Deploy with CDK	2025-12-26T14:46:26.7473430Z   use `pointInTimeRecoverySpecification` instead
deploy	Deploy with CDK	2025-12-26T14:46:26.7474219Z   This API will be removed in the next major release.
deploy	Deploy with CDK	2025-12-26T14:46:26.7478370Z [WARNING] aws-cdk-lib.aws_dynamodb.TableOptions#pointInTimeRecovery is deprecated.
deploy	Deploy with CDK	2025-12-26T14:46:26.7479652Z   use `pointInTimeRecoverySpecification` instead
deploy	Deploy with CDK	2025-12-26T14:46:26.7480311Z   This API will be removed in the next major release.
deploy	Deploy with CDK	2025-12-26T14:46:26.7540145Z [WARNING] aws-cdk-lib.aws_cognito.UserPoolProps#advancedSecurityMode is deprecated.
deploy	Deploy with CDK	2025-12-26T14:46:26.7541472Z   Advanced Security Mode is deprecated due to user pool feature plans. Use StandardThreatProtectionMode and CustomThreatProtectionMode to set Thread Protection level.
deploy	Deploy with CDK	2025-12-26T14:46:26.7542721Z   This API will be removed in the next major release.
deploy	Deploy with CDK	2025-12-26T14:46:26.7543482Z [WARNING] aws-cdk-lib.aws_cognito.AdvancedSecurityMode is deprecated.
deploy	Deploy with CDK	2025-12-26T14:46:26.7545508Z   Advanced Security Mode is deprecated due to user pool feature plans. Use StandardThreatProtectionMode and CustomThreatProtectionMode to set Thread Protection level.
deploy	Deploy with CDK	2025-12-26T14:46:26.7546565Z   This API will be removed in the next major release.
deploy	Deploy with CDK	2025-12-26T14:46:26.7547320Z [WARNING] aws-cdk-lib.aws_cognito.AdvancedSecurityMode#ENFORCED is deprecated.
deploy	Deploy with CDK	2025-12-26T14:46:26.7547921Z   
deploy	Deploy with CDK	2025-12-26T14:46:26.7548367Z   This API will be removed in the next major release.
deploy	Deploy with CDK	2025-12-26T14:46:26.8814940Z [WARNING] aws-cdk-lib.aws_lambda.FunctionOptions#logRetention is deprecated.
deploy	Deploy with CDK	2025-12-26T14:46:26.8815534Z   use `logGroup` instead
deploy	Deploy with CDK	2025-12-26T14:46:26.8815903Z   This API will be removed in the next major release.
deploy	Deploy with CDK	2025-12-26T14:46:27.1465608Z [WARNING] aws-cdk-lib.aws_lambda.FunctionOptions#logRetention is deprecated.
deploy	Deploy with CDK	2025-12-26T14:46:27.1466560Z   use `logGroup` instead
deploy	Deploy with CDK	2025-12-26T14:46:27.1467292Z   This API will be removed in the next major release.
deploy	Deploy with CDK	2025-12-26T14:46:27.3105021Z [WARNING] aws-cdk-lib.aws_lambda.FunctionOptions#logRetention is deprecated.
deploy	Deploy with CDK	2025-12-26T14:46:27.3105841Z   use `logGroup` instead
deploy	Deploy with CDK	2025-12-26T14:46:27.3106407Z   This API will be removed in the next major release.
deploy	Deploy with CDK	2025-12-26T14:46:27.4836450Z [WARNING] aws-cdk-lib.aws_lambda.FunctionOptions#logRetention is deprecated.
deploy	Deploy with CDK	2025-12-26T14:46:27.4837086Z   use `logGroup` instead
deploy	Deploy with CDK	2025-12-26T14:46:27.4837531Z   This API will be removed in the next major release.
deploy	Deploy with CDK	2025-12-26T14:46:27.6305387Z [WARNING] aws-cdk-lib.aws_lambda.FunctionOptions#logRetention is deprecated.
deploy	Deploy with CDK	2025-12-26T14:46:27.6306261Z   use `logGroup` instead
deploy	Deploy with CDK	2025-12-26T14:46:27.6306856Z   This API will be removed in the next major release.
deploy	Deploy with CDK	2025-12-26T14:46:27.8310239Z [WARNING] aws-cdk-lib.aws_lambda.FunctionOptions#logRetention is deprecated.
deploy	Deploy with CDK	2025-12-26T14:46:27.8311010Z   use `logGroup` instead
deploy	Deploy with CDK	2025-12-26T14:46:27.8311530Z   This API will be removed in the next major release.
deploy	Deploy with CDK	2025-12-26T14:46:27.8330430Z [WARNING] aws-cdk-lib.aws_lambda.FunctionOptions#logRetention is deprecated.
deploy	Deploy with CDK	2025-12-26T14:46:27.8331049Z   use `logGroup` instead
deploy	Deploy with CDK	2025-12-26T14:46:27.8331383Z   This API will be removed in the next major release.
deploy	Deploy with CDK	2025-12-26T14:46:27.8349624Z [WARNING] aws-cdk-lib.aws_lambda.FunctionOptions#logRetention is deprecated.
deploy	Deploy with CDK	2025-12-26T14:46:27.8350413Z   use `logGroup` instead
deploy	Deploy with CDK	2025-12-26T14:46:27.8350984Z   This API will be removed in the next major release.
deploy	Deploy with CDK	2025-12-26T14:46:27.8372996Z [WARNING] aws-cdk-lib.aws_lambda.FunctionOptions#logRetention is deprecated.
deploy	Deploy with CDK	2025-12-26T14:46:27.8373850Z   use `logGroup` instead
deploy	Deploy with CDK	2025-12-26T14:46:27.8374196Z   This API will be removed in the next major release.
deploy	Deploy with CDK	2025-12-26T14:46:27.8393645Z [WARNING] aws-cdk-lib.aws_lambda.FunctionOptions#logRetention is deprecated.
deploy	Deploy with CDK	2025-12-26T14:46:27.8394277Z   use `logGroup` instead
deploy	Deploy with CDK	2025-12-26T14:46:27.8394596Z   This API will be removed in the next major release.
deploy	Deploy with CDK	2025-12-26T14:46:27.8414005Z [WARNING] aws-cdk-lib.aws_lambda.FunctionOptions#logRetention is deprecated.
deploy	Deploy with CDK	2025-12-26T14:46:27.8414605Z   use `logGroup` instead
deploy	Deploy with CDK	2025-12-26T14:46:27.8414946Z   This API will be removed in the next major release.
deploy	Deploy with CDK	2025-12-26T14:46:27.8496656Z [WARNING] aws-cdk-lib.aws_lambda.FunctionOptions#logRetention is deprecated.
deploy	Deploy with CDK	2025-12-26T14:46:27.8497416Z   use `logGroup` instead
deploy	Deploy with CDK	2025-12-26T14:46:27.8497794Z   This API will be removed in the next major release.
deploy	Deploy with CDK	2025-12-26T14:46:27.8582881Z [WARNING] aws-cdk-lib.aws_lambda.FunctionOptions#logRetention is deprecated.
deploy	Deploy with CDK	2025-12-26T14:46:27.8583898Z   use `logGroup` instead
deploy	Deploy with CDK	2025-12-26T14:46:27.8584509Z   This API will be removed in the next major release.
deploy	Deploy with CDK	2025-12-26T14:46:27.8811519Z [WARNING] aws-cdk-lib.aws_appsync.GraphqlApiProps#schema is deprecated.
deploy	Deploy with CDK	2025-12-26T14:46:27.8812330Z   use Definition.schema instead
deploy	Deploy with CDK	2025-12-26T14:46:27.8812796Z   This API will be removed in the next major release.
deploy	Deploy with CDK	2025-12-26T14:46:28.3949304Z 
deploy	Deploy with CDK	2025-12-26T14:46:28.3950085Z âœ¨  Synthesis time: 15.71s
deploy	Deploy with CDK	2025-12-26T14:46:29.0102541Z 
deploy	Deploy with CDK	2025-12-26T14:46:29.0103235Z ChatBooking-feature-s3-ingestion-backend-Database
deploy	Deploy with CDK	2025-12-26T14:46:29.0107142Z ChatBooking-feature-s3-ingestion-backend-Database: deploying... [1/5]
deploy	Deploy with CDK	2025-12-26T14:46:29.1219382Z current credentials could not be used to assume 'arn:aws:iam::607250385528:role/cdk-hnb659fds-deploy-role-607250385528-us-east-1', but are for the right account. Proceeding anyway.
deploy	Deploy with CDK	2025-12-26T14:46:29.1275002Z current credentials could not be used to assume 'arn:aws:iam::607250385528:role/cdk-hnb659fds-deploy-role-607250385528-us-east-1', but are for the right account. Proceeding anyway.
deploy	Deploy with CDK	2025-12-26T14:46:29.2500766Z ChatBooking-feature-s3-ingestion-backend-Backend: start: Building AuthResolverFunction/Code
deploy	Deploy with CDK	2025-12-26T14:46:29.2502317Z ChatBooking-feature-s3-ingestion-backend-Backend: success: Built AuthResolverFunction/Code
deploy	Deploy with CDK	2025-12-26T14:46:29.2551316Z ChatBooking-feature-s3-ingestion-backend-Backend: start: Building CatalogFunction/Code
deploy	Deploy with CDK	2025-12-26T14:46:29.2552994Z ChatBooking-feature-s3-ingestion-backend-Backend: success: Built CatalogFunction/Code
deploy	Deploy with CDK	2025-12-26T14:46:29.2557603Z ChatBooking-feature-s3-ingestion-backend-Backend: start: Building AvailabilityFunction/Code
deploy	Deploy with CDK	2025-12-26T14:46:29.2558926Z ChatBooking-feature-s3-ingestion-backend-Backend: success: Built AvailabilityFunction/Code
deploy	Deploy with CDK	2025-12-26T14:46:29.2562748Z ChatBooking-feature-s3-ingestion-backend-Backend: start: Building BookingFunction/Code
deploy	Deploy with CDK	2025-12-26T14:46:29.2564209Z ChatBooking-feature-s3-ingestion-backend-Backend: success: Built BookingFunction/Code
deploy	Deploy with CDK	2025-12-26T14:46:29.2569056Z ChatBooking-feature-s3-ingestion-backend-Backend: start: Building ChatAgentFunction/Code
deploy	Deploy with CDK	2025-12-26T14:46:29.2570358Z ChatBooking-feature-s3-ingestion-backend-Backend: success: Built ChatAgentFunction/Code
deploy	Deploy with CDK	2025-12-26T14:46:29.2574423Z ChatBooking-feature-s3-ingestion-backend-Backend: start: Building ChatBooking-feature-s3-ingestion-backend-Backend Template
deploy	Deploy with CDK	2025-12-26T14:46:29.2575584Z ChatBooking-feature-s3-ingestion-backend-Backend: success: Built ChatBooking-feature-s3-ingestion-backend-Backend Template
deploy	Deploy with CDK	2025-12-26T14:46:29.2579722Z ChatBooking-feature-s3-ingestion-backend-AppSyncApi: start: Building ChatBooking-feature-s3-ingestion-backend-AppSyncApi Template
deploy	Deploy with CDK	2025-12-26T14:46:29.2581671Z ChatBooking-feature-s3-ingestion-backend-AppSyncApi: success: Built ChatBooking-feature-s3-ingestion-backend-AppSyncApi Template
deploy	Deploy with CDK	2025-12-26T14:46:29.7081519Z ChatBooking-feature-s3-ingestion-backend-Database: creating CloudFormation changeset...
deploy	Deploy with CDK	2025-12-26T14:46:41.0046592Z 
deploy	Deploy with CDK	2025-12-26T14:46:41.0047474Z NOTICES         (What's this? https://github.com/aws/aws-cdk/wiki/CLI-Notices)
deploy	Deploy with CDK	2025-12-26T14:46:41.0047994Z 
deploy	Deploy with CDK	2025-12-26T14:46:41.0051788Z 34892	CDK CLI will collect telemetry data on command usage starting at version 2.1100.0 (unless opted out)
deploy	Deploy with CDK	2025-12-26T14:46:41.0052443Z 
deploy	Deploy with CDK	2025-12-26T14:46:41.0052693Z 	Overview: We do not collect customer content and we anonymize the
deploy	Deploy with CDK	2025-12-26T14:46:41.0053186Z 	          telemetry we do collect. See the attached issue for more
deploy	Deploy with CDK	2025-12-26T14:46:41.0053766Z 	          information on what data is collected, why, and how to
deploy	Deploy with CDK	2025-12-26T14:46:41.0054225Z 	          opt-out. Telemetry will NOT be collected for any CDK CLI
deploy	Deploy with CDK	2025-12-26T14:46:41.0054636Z 	          version prior to version 2.1100.0 - regardless of
deploy	Deploy with CDK	2025-12-26T14:46:41.0055057Z 	          opt-in/out. You can also preview the telemetry we will start
deploy	Deploy with CDK	2025-12-26T14:46:41.0055492Z 	          collecting by logging it to a local file, by adding
deploy	Deploy with CDK	2025-12-26T14:46:41.0056292Z 	          `--unstable=telemetry --telemetry-file=my/local/file` to any
deploy	Deploy with CDK	2025-12-26T14:46:41.0056636Z 	          `cdk` command.
deploy	Deploy with CDK	2025-12-26T14:46:41.0056781Z 
deploy	Deploy with CDK	2025-12-26T14:46:41.0056921Z 	Affected versions: cli: >=2.0.0 <2.1100.0
deploy	Deploy with CDK	2025-12-26T14:46:41.0057106Z 
deploy	Deploy with CDK	2025-12-26T14:46:41.0057453Z 	More information at: https://github.com/aws/aws-cdk/issues/34892
deploy	Deploy with CDK	2025-12-26T14:46:41.0057866Z 
deploy	Deploy with CDK	2025-12-26T14:46:41.0057882Z 
deploy	Deploy with CDK	2025-12-26T14:46:41.0059068Z If you donâ€™t want to see a notice anymore, use "cdk acknowledge <id>". For example, "cdk acknowledge 34892".
deploy	Deploy with CDK	2025-12-26T14:46:41.0061917Z âŒ  ChatBooking-feature-s3-ingestion-backend-Database failed: ToolkitError: Failed to create ChangeSet cdk-deploy-change-set on ChatBooking-feature-s3-ingestion-backend-Database: FAILED, The following hook(s)/validation failed: [AWS::EarlyValidation::ResourceExistenceCheck]. To troubleshoot Early Validation errors, use the DescribeEvents API for detailed failure information.
deploy	Deploy with CDK	2025-12-26T14:46:41.0292838Z ##[error]Process completed with exit code 1.
deploy	Post Configure AWS credentials	ï»¿2025-12-26T14:46:41.0366769Z Post job cleanup.
deploy	Post Checkout repo	ï»¿2025-12-26T14:46:41.1681916Z Post job cleanup.
deploy	Post Checkout repo	2025-12-26T14:46:41.2641654Z [command]/usr/bin/git version
deploy	Post Checkout repo	2025-12-26T14:46:41.2678276Z git version 2.52.0
deploy	Post Checkout repo	2025-12-26T14:46:41.2729998Z Temporarily overriding HOME='/home/runner/work/_temp/7850328e-4017-4710-8af6-ff70e137123b' before making global git config changes
deploy	Post Checkout repo	2025-12-26T14:46:41.2731511Z Adding repository directory to the temporary git global config as a safe directory
deploy	Post Checkout repo	2025-12-26T14:46:41.2736729Z [command]/usr/bin/git config --global --add safe.directory /home/runner/work/chat-booking-backend/chat-booking-backend
deploy	Post Checkout repo	2025-12-26T14:46:41.2772643Z [command]/usr/bin/git config --local --name-only --get-regexp core\.sshCommand
deploy	Post Checkout repo	2025-12-26T14:46:41.2807308Z [command]/usr/bin/git submodule foreach --recursive sh -c "git config --local --name-only --get-regexp 'core\.sshCommand' && git config --local --unset-all 'core.sshCommand' || :"
deploy	Post Checkout repo	2025-12-26T14:46:41.3055355Z [command]/usr/bin/git config --local --name-only --get-regexp http\.https\:\/\/github\.com\/\.extraheader
deploy	Post Checkout repo	2025-12-26T14:46:41.3077309Z http.https://github.com/.extraheader
deploy	Post Checkout repo	2025-12-26T14:46:41.3095762Z [command]/usr/bin/git config --local --unset-all http.https://github.com/.extraheader
deploy	Post Checkout repo	2025-12-26T14:46:41.3131182Z [command]/usr/bin/git submodule foreach --recursive sh -c "git config --local --name-only --get-regexp 'http\.https\:\/\/github\.com\/\.extraheader' && git config --local --unset-all 'http.https://github.com/.extraheader' || :"
deploy	Post Checkout repo	2025-12-26T14:46:41.3398290Z [command]/usr/bin/git config --local --name-only --get-regexp ^includeIf\.gitdir:
deploy	Post Checkout repo	2025-12-26T14:46:41.3436788Z [command]/usr/bin/git submodule foreach --recursive git config --local --show-origin --name-only --get-regexp remote.origin.url
deploy	Complete job	ï»¿2025-12-26T14:46:41.3818195Z Cleaning up orphan processes
