deploy	Set up job	ï»¿2025-12-25T14:51:42.0038940Z Current runner version: '2.330.0'
deploy	Set up job	2025-12-25T14:51:42.0072349Z ##[group]Runner Image Provisioner
deploy	Set up job	2025-12-25T14:51:42.0073808Z Hosted Compute Agent
deploy	Set up job	2025-12-25T14:51:42.0075020Z Version: 20251211.462
deploy	Set up job	2025-12-25T14:51:42.0076083Z Commit: 6cbad8c2bb55d58165063d031ccabf57e2d2db61
deploy	Set up job	2025-12-25T14:51:42.0077439Z Build Date: 2025-12-11T16:28:49Z
deploy	Set up job	2025-12-25T14:51:42.0078565Z Worker ID: {d84c1e97-af4f-4773-9ffe-d1f1ed767381}
deploy	Set up job	2025-12-25T14:51:42.0079713Z ##[endgroup]
deploy	Set up job	2025-12-25T14:51:42.0080659Z ##[group]Operating System
deploy	Set up job	2025-12-25T14:51:42.0081588Z Ubuntu
deploy	Set up job	2025-12-25T14:51:42.0082269Z 24.04.3
deploy	Set up job	2025-12-25T14:51:42.0083170Z LTS
deploy	Set up job	2025-12-25T14:51:42.0083849Z ##[endgroup]
deploy	Set up job	2025-12-25T14:51:42.0084904Z ##[group]Runner Image
deploy	Set up job	2025-12-25T14:51:42.0085974Z Image: ubuntu-24.04
deploy	Set up job	2025-12-25T14:51:42.0086843Z Version: 20251215.174.1
deploy	Set up job	2025-12-25T14:51:42.0088611Z Included Software: https://github.com/actions/runner-images/blob/ubuntu24/20251215.174/images/ubuntu/Ubuntu2404-Readme.md
deploy	Set up job	2025-12-25T14:51:42.0091316Z Image Release: https://github.com/actions/runner-images/releases/tag/ubuntu24%2F20251215.174
deploy	Set up job	2025-12-25T14:51:42.0093215Z ##[endgroup]
deploy	Set up job	2025-12-25T14:51:42.0095234Z ##[group]GITHUB_TOKEN Permissions
deploy	Set up job	2025-12-25T14:51:42.0098136Z Contents: read
deploy	Set up job	2025-12-25T14:51:42.0099170Z Metadata: read
deploy	Set up job	2025-12-25T14:51:42.0100022Z ##[endgroup]
deploy	Set up job	2025-12-25T14:51:42.0103040Z Secret source: Actions
deploy	Set up job	2025-12-25T14:51:42.0104886Z Prepare workflow directory
deploy	Set up job	2025-12-25T14:51:42.0576513Z Prepare all required actions
deploy	Set up job	2025-12-25T14:51:42.0633096Z Getting action download info
deploy	Set up job	2025-12-25T14:51:42.4098350Z Download action repository 'actions/checkout@v4' (SHA:34e114876b0b11c390a56381ad16ebd13914f8d5)
deploy	Set up job	2025-12-25T14:51:42.5124586Z Download action repository 'actions/setup-node@v4' (SHA:49933ea5288caeca8642d1e84afbd3f7d6820020)
deploy	Set up job	2025-12-25T14:51:42.6032768Z Download action repository 'actions/setup-python@v5' (SHA:a26af69be951a213d495a4c3e4e4022e16d87065)
deploy	Set up job	2025-12-25T14:51:42.6844040Z Download action repository 'aws-actions/configure-aws-credentials@v4' (SHA:7474bc4690e29a8392af63c5b98e7449536d5c3a)
deploy	Set up job	2025-12-25T14:51:43.2912614Z Complete job name: deploy
deploy	Checkout repo	ï»¿2025-12-25T14:51:43.3720222Z ##[group]Run actions/checkout@v4
deploy	Checkout repo	2025-12-25T14:51:43.3721516Z with:
deploy	Checkout repo	2025-12-25T14:51:43.3722332Z   repository: AIX-Clever/chat-booking-backend
deploy	Checkout repo	2025-12-25T14:51:43.3723650Z   token: ***
deploy	Checkout repo	2025-12-25T14:51:43.3724541Z   ssh-strict: true
deploy	Checkout repo	2025-12-25T14:51:43.3725321Z   ssh-user: git
deploy	Checkout repo	2025-12-25T14:51:43.3726103Z   persist-credentials: true
deploy	Checkout repo	2025-12-25T14:51:43.3726972Z   clean: true
deploy	Checkout repo	2025-12-25T14:51:43.3727758Z   sparse-checkout-cone-mode: true
deploy	Checkout repo	2025-12-25T14:51:43.3728703Z   fetch-depth: 1
deploy	Checkout repo	2025-12-25T14:51:43.3729476Z   fetch-tags: false
deploy	Checkout repo	2025-12-25T14:51:43.3730310Z   show-progress: true
deploy	Checkout repo	2025-12-25T14:51:43.3731145Z   lfs: false
deploy	Checkout repo	2025-12-25T14:51:43.3731907Z   submodules: false
deploy	Checkout repo	2025-12-25T14:51:43.3732747Z   set-safe-directory: true
deploy	Checkout repo	2025-12-25T14:51:43.3733903Z ##[endgroup]
deploy	Checkout repo	2025-12-25T14:51:43.4800620Z Syncing repository: AIX-Clever/chat-booking-backend
deploy	Checkout repo	2025-12-25T14:51:43.4803397Z ##[group]Getting Git version info
deploy	Checkout repo	2025-12-25T14:51:43.4805162Z Working directory is '/home/runner/work/chat-booking-backend/chat-booking-backend'
deploy	Checkout repo	2025-12-25T14:51:43.4807315Z [command]/usr/bin/git version
deploy	Checkout repo	2025-12-25T14:51:43.4879522Z git version 2.52.0
deploy	Checkout repo	2025-12-25T14:51:43.4906576Z ##[endgroup]
deploy	Checkout repo	2025-12-25T14:51:43.4927946Z Temporarily overriding HOME='/home/runner/work/_temp/a99782b4-b049-49a7-91fd-b4d70f975671' before making global git config changes
deploy	Checkout repo	2025-12-25T14:51:43.4930622Z Adding repository directory to the temporary git global config as a safe directory
deploy	Checkout repo	2025-12-25T14:51:43.4933434Z [command]/usr/bin/git config --global --add safe.directory /home/runner/work/chat-booking-backend/chat-booking-backend
deploy	Checkout repo	2025-12-25T14:51:43.4973367Z Deleting the contents of '/home/runner/work/chat-booking-backend/chat-booking-backend'
deploy	Checkout repo	2025-12-25T14:51:43.4977476Z ##[group]Initializing the repository
deploy	Checkout repo	2025-12-25T14:51:43.4982190Z [command]/usr/bin/git init /home/runner/work/chat-booking-backend/chat-booking-backend
deploy	Checkout repo	2025-12-25T14:51:43.5084136Z hint: Using 'master' as the name for the initial branch. This default branch name
deploy	Checkout repo	2025-12-25T14:51:43.5086840Z hint: will change to "main" in Git 3.0. To configure the initial branch name
deploy	Checkout repo	2025-12-25T14:51:43.5089395Z hint: to use in all of your new repositories, which will suppress this warning,
deploy	Checkout repo	2025-12-25T14:51:43.5091830Z hint: call:
deploy	Checkout repo	2025-12-25T14:51:43.5093071Z hint:
deploy	Checkout repo	2025-12-25T14:51:43.5094845Z hint: 	git config --global init.defaultBranch <name>
deploy	Checkout repo	2025-12-25T14:51:43.5096798Z hint:
deploy	Checkout repo	2025-12-25T14:51:43.5098566Z hint: Names commonly chosen instead of 'master' are 'main', 'trunk' and
deploy	Checkout repo	2025-12-25T14:51:43.5101713Z hint: 'development'. The just-created branch can be renamed via this command:
deploy	Checkout repo	2025-12-25T14:51:43.5104146Z hint:
deploy	Checkout repo	2025-12-25T14:51:43.5105541Z hint: 	git branch -m <name>
deploy	Checkout repo	2025-12-25T14:51:43.5106944Z hint:
deploy	Checkout repo	2025-12-25T14:51:43.5108426Z hint: Disable this message with "git config set advice.defaultBranchName false"
deploy	Checkout repo	2025-12-25T14:51:43.5110629Z Initialized empty Git repository in /home/runner/work/chat-booking-backend/chat-booking-backend/.git/
deploy	Checkout repo	2025-12-25T14:51:43.5115367Z [command]/usr/bin/git remote add origin https://github.com/AIX-Clever/chat-booking-backend
deploy	Checkout repo	2025-12-25T14:51:43.5137463Z ##[endgroup]
deploy	Checkout repo	2025-12-25T14:51:43.5139822Z ##[group]Disabling automatic garbage collection
deploy	Checkout repo	2025-12-25T14:51:43.5141990Z [command]/usr/bin/git config --local gc.auto 0
deploy	Checkout repo	2025-12-25T14:51:43.5171662Z ##[endgroup]
deploy	Checkout repo	2025-12-25T14:51:43.5173881Z ##[group]Setting up auth
deploy	Checkout repo	2025-12-25T14:51:43.5179263Z [command]/usr/bin/git config --local --name-only --get-regexp core\.sshCommand
deploy	Checkout repo	2025-12-25T14:51:43.5211607Z [command]/usr/bin/git submodule foreach --recursive sh -c "git config --local --name-only --get-regexp 'core\.sshCommand' && git config --local --unset-all 'core.sshCommand' || :"
deploy	Checkout repo	2025-12-25T14:51:43.5543247Z [command]/usr/bin/git config --local --name-only --get-regexp http\.https\:\/\/github\.com\/\.extraheader
deploy	Checkout repo	2025-12-25T14:51:43.5575831Z [command]/usr/bin/git submodule foreach --recursive sh -c "git config --local --name-only --get-regexp 'http\.https\:\/\/github\.com\/\.extraheader' && git config --local --unset-all 'http.https://github.com/.extraheader' || :"
deploy	Checkout repo	2025-12-25T14:51:43.5800432Z [command]/usr/bin/git config --local --name-only --get-regexp ^includeIf\.gitdir:
deploy	Checkout repo	2025-12-25T14:51:43.5840720Z [command]/usr/bin/git submodule foreach --recursive git config --local --show-origin --name-only --get-regexp remote.origin.url
deploy	Checkout repo	2025-12-25T14:51:43.6063152Z [command]/usr/bin/git config --local http.https://github.com/.extraheader AUTHORIZATION: basic ***
deploy	Checkout repo	2025-12-25T14:51:43.6096089Z ##[endgroup]
deploy	Checkout repo	2025-12-25T14:51:43.6097473Z ##[group]Fetching the repository
deploy	Checkout repo	2025-12-25T14:51:43.6104995Z [command]/usr/bin/git -c protocol.version=2 fetch --no-tags --prune --no-recurse-submodules --depth=1 origin +cb202d2e9d15d93f766ddd38c44733738e5d1e26:refs/remotes/origin/dev
deploy	Checkout repo	2025-12-25T14:51:45.4161009Z From https://github.com/AIX-Clever/chat-booking-backend
deploy	Checkout repo	2025-12-25T14:51:45.4161696Z  * [new ref]         cb202d2e9d15d93f766ddd38c44733738e5d1e26 -> origin/dev
deploy	Checkout repo	2025-12-25T14:51:45.4193454Z ##[endgroup]
deploy	Checkout repo	2025-12-25T14:51:45.4193902Z ##[group]Determining the checkout info
deploy	Checkout repo	2025-12-25T14:51:45.4196230Z ##[endgroup]
deploy	Checkout repo	2025-12-25T14:51:45.4201251Z [command]/usr/bin/git sparse-checkout disable
deploy	Checkout repo	2025-12-25T14:51:45.4239823Z [command]/usr/bin/git config --local --unset-all extensions.worktreeConfig
deploy	Checkout repo	2025-12-25T14:51:45.4264000Z ##[group]Checking out the ref
deploy	Checkout repo	2025-12-25T14:51:45.4268032Z [command]/usr/bin/git checkout --progress --force -B dev refs/remotes/origin/dev
deploy	Checkout repo	2025-12-25T14:51:46.3466493Z Switched to a new branch 'dev'
deploy	Checkout repo	2025-12-25T14:51:46.3468263Z branch 'dev' set up to track 'origin/dev'.
deploy	Checkout repo	2025-12-25T14:51:46.3525527Z ##[endgroup]
deploy	Checkout repo	2025-12-25T14:51:46.3570040Z [command]/usr/bin/git log -1 --format=%H
deploy	Checkout repo	2025-12-25T14:51:46.3602192Z cb202d2e9d15d93f766ddd38c44733738e5d1e26
deploy	Setup Node.js	ï»¿2025-12-25T14:51:46.4086810Z ##[group]Run actions/setup-node@v4
deploy	Setup Node.js	2025-12-25T14:51:46.4087135Z with:
deploy	Setup Node.js	2025-12-25T14:51:46.4087325Z   node-version: 20
deploy	Setup Node.js	2025-12-25T14:51:46.4087524Z   always-auth: false
deploy	Setup Node.js	2025-12-25T14:51:46.4087959Z   check-latest: false
deploy	Setup Node.js	2025-12-25T14:51:46.4088324Z   token: ***
deploy	Setup Node.js	2025-12-25T14:51:46.4088506Z ##[endgroup]
deploy	Setup Node.js	2025-12-25T14:51:46.9185698Z Found in cache @ /opt/hostedtoolcache/node/20.19.6/x64
deploy	Setup Node.js	2025-12-25T14:51:46.9191230Z ##[group]Environment details
deploy	Setup Node.js	2025-12-25T14:51:47.8913396Z node: v20.19.6
deploy	Setup Node.js	2025-12-25T14:51:47.8913811Z npm: 10.8.2
deploy	Setup Node.js	2025-12-25T14:51:47.8914519Z yarn: 1.22.22
deploy	Setup Node.js	2025-12-25T14:51:47.8915820Z ##[endgroup]
deploy	Setup Python	ï»¿2025-12-25T14:51:47.9104851Z ##[group]Run actions/setup-python@v5
deploy	Setup Python	2025-12-25T14:51:47.9105175Z with:
deploy	Setup Python	2025-12-25T14:51:47.9105395Z   python-version: 3.9
deploy	Setup Python	2025-12-25T14:51:47.9105634Z   check-latest: false
deploy	Setup Python	2025-12-25T14:51:47.9105958Z   token: ***
deploy	Setup Python	2025-12-25T14:51:47.9106152Z   update-environment: true
deploy	Setup Python	2025-12-25T14:51:47.9106386Z   allow-prereleases: false
deploy	Setup Python	2025-12-25T14:51:47.9106596Z   freethreaded: false
deploy	Setup Python	2025-12-25T14:51:47.9106802Z ##[endgroup]
deploy	Setup Python	2025-12-25T14:51:48.0788275Z ##[group]Installed versions
deploy	Setup Python	2025-12-25T14:51:48.0899706Z Successfully set up CPython (3.9.25)
deploy	Setup Python	2025-12-25T14:51:48.0900321Z ##[endgroup]
deploy	Install Lambda Dependencies	ï»¿2025-12-25T14:51:48.0998537Z ##[group]Run # Find all requirements.txt files and install dependencies to their directory
deploy	Install Lambda Dependencies	2025-12-25T14:51:48.0999178Z [36;1m# Find all requirements.txt files and install dependencies to their directory[0m
deploy	Install Lambda Dependencies	2025-12-25T14:51:48.0999793Z [36;1mfind . -name "requirements.txt" -not -path "*/node_modules/*" -not -path "*/.venv/*" | while read req_file; do[0m
deploy	Install Lambda Dependencies	2025-12-25T14:51:48.1000292Z [36;1m  echo "Installing dependencies for $req_file"[0m
deploy	Install Lambda Dependencies	2025-12-25T14:51:48.1000586Z [36;1m  dir=$(dirname "$req_file")[0m
deploy	Install Lambda Dependencies	2025-12-25T14:51:48.1000859Z [36;1m  pip install -r "$req_file" -t "$dir"[0m
deploy	Install Lambda Dependencies	2025-12-25T14:51:48.1001123Z [36;1mdone[0m
deploy	Install Lambda Dependencies	2025-12-25T14:51:48.1050907Z shell: /usr/bin/bash -e {0}
deploy	Install Lambda Dependencies	2025-12-25T14:51:48.1051162Z env:
deploy	Install Lambda Dependencies	2025-12-25T14:51:48.1051405Z   pythonLocation: /opt/hostedtoolcache/Python/3.9.25/x64
deploy	Install Lambda Dependencies	2025-12-25T14:51:48.1051847Z   PKG_CONFIG_PATH: /opt/hostedtoolcache/Python/3.9.25/x64/lib/pkgconfig
deploy	Install Lambda Dependencies	2025-12-25T14:51:48.1052256Z   Python_ROOT_DIR: /opt/hostedtoolcache/Python/3.9.25/x64
deploy	Install Lambda Dependencies	2025-12-25T14:51:48.1052667Z   Python2_ROOT_DIR: /opt/hostedtoolcache/Python/3.9.25/x64
deploy	Install Lambda Dependencies	2025-12-25T14:51:48.1053018Z   Python3_ROOT_DIR: /opt/hostedtoolcache/Python/3.9.25/x64
deploy	Install Lambda Dependencies	2025-12-25T14:51:48.1053361Z   LD_LIBRARY_PATH: /opt/hostedtoolcache/Python/3.9.25/x64/lib
deploy	Install Lambda Dependencies	2025-12-25T14:51:48.1053657Z ##[endgroup]
deploy	Install Lambda Dependencies	2025-12-25T14:51:48.1386067Z Installing dependencies for ./availability/requirements.txt
deploy	Install Lambda Dependencies	2025-12-25T14:51:50.5095300Z Collecting boto3>=1.34.0 (from -r ./availability/requirements.txt (line 1))
deploy	Install Lambda Dependencies	2025-12-25T14:51:50.5442016Z   Downloading boto3-1.42.16-py3-none-any.whl.metadata (6.8 kB)
deploy	Install Lambda Dependencies	2025-12-25T14:51:50.9698633Z Collecting botocore>=1.34.0 (from -r ./availability/requirements.txt (line 2))
deploy	Install Lambda Dependencies	2025-12-25T14:51:50.9743377Z   Downloading botocore-1.42.16-py3-none-any.whl.metadata (5.9 kB)
deploy	Install Lambda Dependencies	2025-12-25T14:51:50.9913805Z Collecting python-dateutil>=2.8.2 (from -r ./availability/requirements.txt (line 3))
deploy	Install Lambda Dependencies	2025-12-25T14:51:50.9977833Z   Downloading python_dateutil-2.9.0.post0-py2.py3-none-any.whl.metadata (8.4 kB)
deploy	Install Lambda Dependencies	2025-12-25T14:51:51.0380679Z Collecting pytz>=2023.3 (from -r ./availability/requirements.txt (line 4))
deploy	Install Lambda Dependencies	2025-12-25T14:51:51.0423549Z   Downloading pytz-2025.2-py2.py3-none-any.whl.metadata (22 kB)
deploy	Install Lambda Dependencies	2025-12-25T14:51:51.1897169Z Collecting jmespath<2.0.0,>=0.7.1 (from boto3>=1.34.0->-r ./availability/requirements.txt (line 1))
deploy	Install Lambda Dependencies	2025-12-25T14:51:51.1937461Z   Downloading jmespath-1.0.1-py3-none-any.whl.metadata (7.6 kB)
deploy	Install Lambda Dependencies	2025-12-25T14:51:51.2129006Z Collecting s3transfer<0.17.0,>=0.16.0 (from boto3>=1.34.0->-r ./availability/requirements.txt (line 1))
deploy	Install Lambda Dependencies	2025-12-25T14:51:51.2182555Z   Downloading s3transfer-0.16.0-py3-none-any.whl.metadata (1.7 kB)
deploy	Install Lambda Dependencies	2025-12-25T14:51:51.2518146Z Collecting urllib3<1.27,>=1.25.4 (from botocore>=1.34.0->-r ./availability/requirements.txt (line 2))
deploy	Install Lambda Dependencies	2025-12-25T14:51:51.2558442Z   Downloading urllib3-1.26.20-py2.py3-none-any.whl.metadata (50 kB)
deploy	Install Lambda Dependencies	2025-12-25T14:51:51.2783214Z Collecting six>=1.5 (from python-dateutil>=2.8.2->-r ./availability/requirements.txt (line 3))
deploy	Install Lambda Dependencies	2025-12-25T14:51:51.2822195Z   Downloading six-1.17.0-py2.py3-none-any.whl.metadata (1.7 kB)
deploy	Install Lambda Dependencies	2025-12-25T14:51:51.4279205Z Downloading boto3-1.42.16-py3-none-any.whl (140 kB)
deploy	Install Lambda Dependencies	2025-12-25T14:51:51.4436286Z Downloading botocore-1.42.16-py3-none-any.whl (14.6 MB)
deploy	Install Lambda Dependencies	2025-12-25T14:51:51.5520675Z    â”â”â”â”â”â”â”â”â”â”â”â”â”â”â”â”â”â”â”â”â”â”â”â”â”â”â”â”â”â”â”â”â”â”â”â”â”â”â”â” 14.6/14.6 MB 141.4 MB/s  0:00:00
deploy	Install Lambda Dependencies	2025-12-25T14:51:51.5566766Z Downloading python_dateutil-2.9.0.post0-py2.py3-none-any.whl (229 kB)
deploy	Install Lambda Dependencies	2025-12-25T14:51:51.5639573Z Downloading jmespath-1.0.1-py3-none-any.whl (20 kB)
deploy	Install Lambda Dependencies	2025-12-25T14:51:51.5705887Z Downloading s3transfer-0.16.0-py3-none-any.whl (86 kB)
deploy	Install Lambda Dependencies	2025-12-25T14:51:51.5779056Z Downloading urllib3-1.26.20-py2.py3-none-any.whl (144 kB)
deploy	Install Lambda Dependencies	2025-12-25T14:51:51.5870282Z Downloading pytz-2025.2-py2.py3-none-any.whl (509 kB)
deploy	Install Lambda Dependencies	2025-12-25T14:51:51.5952373Z Downloading six-1.17.0-py2.py3-none-any.whl (11 kB)
deploy	Install Lambda Dependencies	2025-12-25T14:51:51.6858884Z Installing collected packages: pytz, urllib3, six, jmespath, python-dateutil, botocore, s3transfer, boto3
deploy	Install Lambda Dependencies	2025-12-25T14:51:52.5710195Z 
deploy	Install Lambda Dependencies	2025-12-25T14:51:52.5734552Z Successfully installed boto3-1.42.16 botocore-1.42.16 jmespath-1.0.1 python-dateutil-2.9.0.post0 pytz-2025.2 s3transfer-0.16.0 six-1.17.0 urllib3-1.26.20
deploy	Install Lambda Dependencies	2025-12-25T14:51:52.7242826Z Installing dependencies for ./chat_agent/requirements.txt
deploy	Install Lambda Dependencies	2025-12-25T14:51:53.1212915Z Collecting requests (from -r ./chat_agent/requirements.txt (line 1))
deploy	Install Lambda Dependencies	2025-12-25T14:51:53.1538901Z   Downloading requests-2.32.5-py3-none-any.whl.metadata (4.9 kB)
deploy	Install Lambda Dependencies	2025-12-25T14:51:53.1725739Z Collecting aws-xray-sdk (from -r ./chat_agent/requirements.txt (line 2))
deploy	Install Lambda Dependencies	2025-12-25T14:51:53.1769963Z   Downloading aws_xray_sdk-2.15.0-py2.py3-none-any.whl.metadata (23 kB)
deploy	Install Lambda Dependencies	2025-12-25T14:51:53.5417119Z Collecting boto3>=1.34.0 (from -r ./chat_agent/requirements.txt (line 3))
deploy	Install Lambda Dependencies	2025-12-25T14:51:53.5436230Z   Using cached boto3-1.42.16-py3-none-any.whl.metadata (6.8 kB)
deploy	Install Lambda Dependencies	2025-12-25T14:51:53.5571475Z Collecting python-dateutil>=2.8.2 (from -r ./chat_agent/requirements.txt (line 4))
deploy	Install Lambda Dependencies	2025-12-25T14:51:53.5589246Z   Using cached python_dateutil-2.9.0.post0-py2.py3-none-any.whl.metadata (8.4 kB)
deploy	Install Lambda Dependencies	2025-12-25T14:51:53.5960127Z Collecting pytz>=2023.3 (from -r ./chat_agent/requirements.txt (line 5))
deploy	Install Lambda Dependencies	2025-12-25T14:51:53.5977411Z   Using cached pytz-2025.2-py2.py3-none-any.whl.metadata (22 kB)
deploy	Install Lambda Dependencies	2025-12-25T14:51:53.6232904Z Collecting pypdf>=3.0.0 (from -r ./chat_agent/requirements.txt (line 6))
deploy	Install Lambda Dependencies	2025-12-25T14:51:53.6272044Z   Downloading pypdf-6.5.0-py3-none-any.whl.metadata (7.1 kB)
deploy	Install Lambda Dependencies	2025-12-25T14:51:53.7348248Z Collecting charset_normalizer<4,>=2 (from requests->-r ./chat_agent/requirements.txt (line 1))
deploy	Install Lambda Dependencies	2025-12-25T14:51:53.7393041Z   Downloading charset_normalizer-3.4.4-cp39-cp39-manylinux2014_x86_64.manylinux_2_17_x86_64.manylinux_2_28_x86_64.whl.metadata (37 kB)
deploy	Install Lambda Dependencies	2025-12-25T14:51:53.7576829Z Collecting idna<4,>=2.5 (from requests->-r ./chat_agent/requirements.txt (line 1))
deploy	Install Lambda Dependencies	2025-12-25T14:51:53.7616185Z   Downloading idna-3.11-py3-none-any.whl.metadata (8.4 kB)
deploy	Install Lambda Dependencies	2025-12-25T14:51:53.7937547Z Collecting urllib3<3,>=1.21.1 (from requests->-r ./chat_agent/requirements.txt (line 1))
deploy	Install Lambda Dependencies	2025-12-25T14:51:53.7977225Z   Downloading urllib3-2.6.2-py3-none-any.whl.metadata (6.6 kB)
deploy	Install Lambda Dependencies	2025-12-25T14:51:53.8369928Z Collecting certifi>=2017.4.17 (from requests->-r ./chat_agent/requirements.txt (line 1))
deploy	Install Lambda Dependencies	2025-12-25T14:51:53.8412433Z   Downloading certifi-2025.11.12-py3-none-any.whl.metadata (2.5 kB)
deploy	Install Lambda Dependencies	2025-12-25T14:51:54.0093071Z Collecting wrapt (from aws-xray-sdk->-r ./chat_agent/requirements.txt (line 2))
deploy	Install Lambda Dependencies	2025-12-25T14:51:54.0139991Z   Downloading wrapt-2.0.1-cp39-cp39-manylinux1_x86_64.manylinux_2_28_x86_64.manylinux_2_5_x86_64.whl.metadata (9.0 kB)
deploy	Install Lambda Dependencies	2025-12-25T14:51:54.5301250Z Collecting botocore>=1.11.3 (from aws-xray-sdk->-r ./chat_agent/requirements.txt (line 2))
deploy	Install Lambda Dependencies	2025-12-25T14:51:54.5321603Z   Using cached botocore-1.42.16-py3-none-any.whl.metadata (5.9 kB)
deploy	Install Lambda Dependencies	2025-12-25T14:51:54.7263824Z Collecting jmespath<2.0.0,>=0.7.1 (from boto3>=1.34.0->-r ./chat_agent/requirements.txt (line 3))
deploy	Install Lambda Dependencies	2025-12-25T14:51:54.7281853Z   Using cached jmespath-1.0.1-py3-none-any.whl.metadata (7.6 kB)
deploy	Install Lambda Dependencies	2025-12-25T14:51:54.7448927Z Collecting s3transfer<0.17.0,>=0.16.0 (from boto3>=1.34.0->-r ./chat_agent/requirements.txt (line 3))
deploy	Install Lambda Dependencies	2025-12-25T14:51:54.7466125Z   Using cached s3transfer-0.16.0-py3-none-any.whl.metadata (1.7 kB)
deploy	Install Lambda Dependencies	2025-12-25T14:51:54.7644754Z Collecting urllib3<3,>=1.21.1 (from requests->-r ./chat_agent/requirements.txt (line 1))
deploy	Install Lambda Dependencies	2025-12-25T14:51:54.7662153Z   Using cached urllib3-1.26.20-py2.py3-none-any.whl.metadata (50 kB)
deploy	Install Lambda Dependencies	2025-12-25T14:51:54.7848305Z Collecting six>=1.5 (from python-dateutil>=2.8.2->-r ./chat_agent/requirements.txt (line 4))
deploy	Install Lambda Dependencies	2025-12-25T14:51:54.7865715Z   Using cached six-1.17.0-py2.py3-none-any.whl.metadata (1.7 kB)
deploy	Install Lambda Dependencies	2025-12-25T14:51:54.9310547Z Collecting typing_extensions>=4.0 (from pypdf>=3.0.0->-r ./chat_agent/requirements.txt (line 6))
deploy	Install Lambda Dependencies	2025-12-25T14:51:54.9351777Z   Downloading typing_extensions-4.15.0-py3-none-any.whl.metadata (3.3 kB)
deploy	Install Lambda Dependencies	2025-12-25T14:51:54.9460719Z Downloading requests-2.32.5-py3-none-any.whl (64 kB)
deploy	Install Lambda Dependencies	2025-12-25T14:51:54.9530161Z Downloading charset_normalizer-3.4.4-cp39-cp39-manylinux2014_x86_64.manylinux_2_17_x86_64.manylinux_2_28_x86_64.whl (153 kB)
deploy	Install Lambda Dependencies	2025-12-25T14:51:54.9601377Z Downloading idna-3.11-py3-none-any.whl (71 kB)
deploy	Install Lambda Dependencies	2025-12-25T14:51:54.9664548Z Downloading aws_xray_sdk-2.15.0-py2.py3-none-any.whl (103 kB)
deploy	Install Lambda Dependencies	2025-12-25T14:51:54.9705956Z Using cached boto3-1.42.16-py3-none-any.whl (140 kB)
deploy	Install Lambda Dependencies	2025-12-25T14:51:54.9723754Z Using cached botocore-1.42.16-py3-none-any.whl (14.6 MB)
deploy	Install Lambda Dependencies	2025-12-25T14:51:54.9851773Z Using cached python_dateutil-2.9.0.post0-py2.py3-none-any.whl (229 kB)
deploy	Install Lambda Dependencies	2025-12-25T14:51:54.9870112Z Using cached jmespath-1.0.1-py3-none-any.whl (20 kB)
deploy	Install Lambda Dependencies	2025-12-25T14:51:54.9887196Z Using cached s3transfer-0.16.0-py3-none-any.whl (86 kB)
deploy	Install Lambda Dependencies	2025-12-25T14:51:54.9904936Z Using cached urllib3-1.26.20-py2.py3-none-any.whl (144 kB)
deploy	Install Lambda Dependencies	2025-12-25T14:51:54.9922753Z Using cached pytz-2025.2-py2.py3-none-any.whl (509 kB)
deploy	Install Lambda Dependencies	2025-12-25T14:51:54.9969295Z Downloading pypdf-6.5.0-py3-none-any.whl (329 kB)
deploy	Install Lambda Dependencies	2025-12-25T14:51:55.0056779Z Downloading certifi-2025.11.12-py3-none-any.whl (159 kB)
deploy	Install Lambda Dependencies	2025-12-25T14:51:55.0099427Z Using cached six-1.17.0-py2.py3-none-any.whl (11 kB)
deploy	Install Lambda Dependencies	2025-12-25T14:51:55.0142384Z Downloading typing_extensions-4.15.0-py3-none-any.whl (44 kB)
deploy	Install Lambda Dependencies	2025-12-25T14:51:55.0207076Z Downloading wrapt-2.0.1-cp39-cp39-manylinux1_x86_64.manylinux_2_28_x86_64.manylinux_2_5_x86_64.whl (113 kB)
deploy	Install Lambda Dependencies	2025-12-25T14:51:55.1192267Z Installing collected packages: pytz, wrapt, urllib3, typing_extensions, six, jmespath, idna, charset_normalizer, certifi, requests, python-dateutil, pypdf, botocore, s3transfer, aws-xray-sdk, boto3
deploy	Install Lambda Dependencies	2025-12-25T14:51:56.4652596Z 
deploy	Install Lambda Dependencies	2025-12-25T14:51:56.4688393Z Successfully installed aws-xray-sdk-2.15.0 boto3-1.42.16 botocore-1.42.16 certifi-2025.11.12 charset_normalizer-3.4.4 idna-3.11 jmespath-1.0.1 pypdf-6.5.0 python-dateutil-2.9.0.post0 pytz-2025.2 requests-2.32.5 s3transfer-0.16.0 six-1.17.0 typing_extensions-4.15.0 urllib3-1.26.20 wrapt-2.0.1
deploy	Install Lambda Dependencies	2025-12-25T14:51:56.5760896Z Installing dependencies for ./auth_resolver/requirements.txt
deploy	Install Lambda Dependencies	2025-12-25T14:51:57.2920321Z Collecting boto3>=1.34.0 (from -r ./auth_resolver/requirements.txt (line 1))
deploy	Install Lambda Dependencies	2025-12-25T14:51:57.2939360Z   Using cached boto3-1.42.16-py3-none-any.whl.metadata (6.8 kB)
deploy	Install Lambda Dependencies	2025-12-25T14:51:57.3070302Z Collecting python-dateutil>=2.8.2 (from -r ./auth_resolver/requirements.txt (line 2))
deploy	Install Lambda Dependencies	2025-12-25T14:51:57.3087488Z   Using cached python_dateutil-2.9.0.post0-py2.py3-none-any.whl.metadata (8.4 kB)
deploy	Install Lambda Dependencies	2025-12-25T14:51:57.7226112Z Collecting botocore>=1.34.0 (from -r ./auth_resolver/requirements.txt (line 3))
deploy	Install Lambda Dependencies	2025-12-25T14:51:57.7245133Z   Using cached botocore-1.42.16-py3-none-any.whl.metadata (5.9 kB)
deploy	Install Lambda Dependencies	2025-12-25T14:51:57.9332506Z Collecting jmespath<2.0.0,>=0.7.1 (from boto3>=1.34.0->-r ./auth_resolver/requirements.txt (line 1))
deploy	Install Lambda Dependencies	2025-12-25T14:51:57.9349624Z   Using cached jmespath-1.0.1-py3-none-any.whl.metadata (7.6 kB)
deploy	Install Lambda Dependencies	2025-12-25T14:51:57.9523238Z Collecting s3transfer<0.17.0,>=0.16.0 (from boto3>=1.34.0->-r ./auth_resolver/requirements.txt (line 1))
deploy	Install Lambda Dependencies	2025-12-25T14:51:57.9540068Z   Using cached s3transfer-0.16.0-py3-none-any.whl.metadata (1.7 kB)
deploy	Install Lambda Dependencies	2025-12-25T14:51:57.9852692Z Collecting urllib3<1.27,>=1.25.4 (from botocore>=1.34.0->-r ./auth_resolver/requirements.txt (line 3))
deploy	Install Lambda Dependencies	2025-12-25T14:51:57.9869292Z   Using cached urllib3-1.26.20-py2.py3-none-any.whl.metadata (50 kB)
deploy	Install Lambda Dependencies	2025-12-25T14:51:58.0047125Z Collecting six>=1.5 (from python-dateutil>=2.8.2->-r ./auth_resolver/requirements.txt (line 2))
deploy	Install Lambda Dependencies	2025-12-25T14:51:58.0063388Z   Using cached six-1.17.0-py2.py3-none-any.whl.metadata (1.7 kB)
deploy	Install Lambda Dependencies	2025-12-25T14:51:58.1385308Z Using cached boto3-1.42.16-py3-none-any.whl (140 kB)
deploy	Install Lambda Dependencies	2025-12-25T14:51:58.1402403Z Using cached botocore-1.42.16-py3-none-any.whl (14.6 MB)
deploy	Install Lambda Dependencies	2025-12-25T14:51:58.1526588Z Using cached python_dateutil-2.9.0.post0-py2.py3-none-any.whl (229 kB)
deploy	Install Lambda Dependencies	2025-12-25T14:51:58.1544142Z Using cached jmespath-1.0.1-py3-none-any.whl (20 kB)
deploy	Install Lambda Dependencies	2025-12-25T14:51:58.1560548Z Using cached s3transfer-0.16.0-py3-none-any.whl (86 kB)
deploy	Install Lambda Dependencies	2025-12-25T14:51:58.1577151Z Using cached urllib3-1.26.20-py2.py3-none-any.whl (144 kB)
deploy	Install Lambda Dependencies	2025-12-25T14:51:58.1594409Z Using cached six-1.17.0-py2.py3-none-any.whl (11 kB)
deploy	Install Lambda Dependencies	2025-12-25T14:51:58.2267149Z Installing collected packages: urllib3, six, jmespath, python-dateutil, botocore, s3transfer, boto3
deploy	Install Lambda Dependencies	2025-12-25T14:51:58.9742960Z 
deploy	Install Lambda Dependencies	2025-12-25T14:51:58.9765797Z Successfully installed boto3-1.42.16 botocore-1.42.16 jmespath-1.0.1 python-dateutil-2.9.0.post0 s3transfer-0.16.0 six-1.17.0 urllib3-1.26.20
deploy	Install Lambda Dependencies	2025-12-25T14:51:59.0521497Z Installing dependencies for ./booking/requirements.txt
deploy	Install Lambda Dependencies	2025-12-25T14:51:59.7691891Z Collecting boto3>=1.34.0 (from -r ./booking/requirements.txt (line 1))
deploy	Install Lambda Dependencies	2025-12-25T14:51:59.7711058Z   Using cached boto3-1.42.16-py3-none-any.whl.metadata (6.8 kB)
deploy	Install Lambda Dependencies	2025-12-25T14:52:00.1878116Z Collecting botocore>=1.34.0 (from -r ./booking/requirements.txt (line 2))
deploy	Install Lambda Dependencies	2025-12-25T14:52:00.1897163Z   Using cached botocore-1.42.16-py3-none-any.whl.metadata (5.9 kB)
deploy	Install Lambda Dependencies	2025-12-25T14:52:00.2029429Z Collecting python-dateutil>=2.8.2 (from -r ./booking/requirements.txt (line 3))
deploy	Install Lambda Dependencies	2025-12-25T14:52:00.2047327Z   Using cached python_dateutil-2.9.0.post0-py2.py3-none-any.whl.metadata (8.4 kB)
deploy	Install Lambda Dependencies	2025-12-25T14:52:00.3619780Z Collecting jmespath<2.0.0,>=0.7.1 (from boto3>=1.34.0->-r ./booking/requirements.txt (line 1))
deploy	Install Lambda Dependencies	2025-12-25T14:52:00.3636800Z   Using cached jmespath-1.0.1-py3-none-any.whl.metadata (7.6 kB)
deploy	Install Lambda Dependencies	2025-12-25T14:52:00.3794380Z Collecting s3transfer<0.17.0,>=0.16.0 (from boto3>=1.34.0->-r ./booking/requirements.txt (line 1))
deploy	Install Lambda Dependencies	2025-12-25T14:52:00.3811257Z   Using cached s3transfer-0.16.0-py3-none-any.whl.metadata (1.7 kB)
deploy	Install Lambda Dependencies	2025-12-25T14:52:00.4116939Z Collecting urllib3<1.27,>=1.25.4 (from botocore>=1.34.0->-r ./booking/requirements.txt (line 2))
deploy	Install Lambda Dependencies	2025-12-25T14:52:00.4133677Z   Using cached urllib3-1.26.20-py2.py3-none-any.whl.metadata (50 kB)
deploy	Install Lambda Dependencies	2025-12-25T14:52:00.4313351Z Collecting six>=1.5 (from python-dateutil>=2.8.2->-r ./booking/requirements.txt (line 3))
deploy	Install Lambda Dependencies	2025-12-25T14:52:00.4330480Z   Using cached six-1.17.0-py2.py3-none-any.whl.metadata (1.7 kB)
deploy	Install Lambda Dependencies	2025-12-25T14:52:00.6089181Z Using cached boto3-1.42.16-py3-none-any.whl (140 kB)
deploy	Install Lambda Dependencies	2025-12-25T14:52:00.6106600Z Using cached botocore-1.42.16-py3-none-any.whl (14.6 MB)
deploy	Install Lambda Dependencies	2025-12-25T14:52:00.6230945Z Using cached python_dateutil-2.9.0.post0-py2.py3-none-any.whl (229 kB)
deploy	Install Lambda Dependencies	2025-12-25T14:52:00.6248701Z Using cached jmespath-1.0.1-py3-none-any.whl (20 kB)
deploy	Install Lambda Dependencies	2025-12-25T14:52:00.6265147Z Using cached s3transfer-0.16.0-py3-none-any.whl (86 kB)
deploy	Install Lambda Dependencies	2025-12-25T14:52:00.6282431Z Using cached urllib3-1.26.20-py2.py3-none-any.whl (144 kB)
deploy	Install Lambda Dependencies	2025-12-25T14:52:00.6299959Z Using cached six-1.17.0-py2.py3-none-any.whl (11 kB)
deploy	Install Lambda Dependencies	2025-12-25T14:52:00.6976119Z Installing collected packages: urllib3, six, jmespath, python-dateutil, botocore, s3transfer, boto3
deploy	Install Lambda Dependencies	2025-12-25T14:52:01.4498619Z 
deploy	Install Lambda Dependencies	2025-12-25T14:52:01.4521114Z Successfully installed boto3-1.42.16 botocore-1.42.16 jmespath-1.0.1 python-dateutil-2.9.0.post0 s3transfer-0.16.0 six-1.17.0 urllib3-1.26.20
deploy	Install Lambda Dependencies	2025-12-25T14:52:01.5308478Z Installing dependencies for ./catalog/requirements.txt
deploy	Install Lambda Dependencies	2025-12-25T14:52:02.2540850Z Collecting boto3>=1.34.0 (from -r ./catalog/requirements.txt (line 1))
deploy	Install Lambda Dependencies	2025-12-25T14:52:02.2559926Z   Using cached boto3-1.42.16-py3-none-any.whl.metadata (6.8 kB)
deploy	Install Lambda Dependencies	2025-12-25T14:52:02.2695464Z Collecting python-dateutil>=2.8.2 (from -r ./catalog/requirements.txt (line 2))
deploy	Install Lambda Dependencies	2025-12-25T14:52:02.2712764Z   Using cached python_dateutil-2.9.0.post0-py2.py3-none-any.whl.metadata (8.4 kB)
deploy	Install Lambda Dependencies	2025-12-25T14:52:02.6932889Z Collecting botocore>=1.34.0 (from -r ./catalog/requirements.txt (line 3))
deploy	Install Lambda Dependencies	2025-12-25T14:52:02.6953221Z   Using cached botocore-1.42.16-py3-none-any.whl.metadata (5.9 kB)
deploy	Install Lambda Dependencies	2025-12-25T14:52:02.8839128Z Collecting jmespath<2.0.0,>=0.7.1 (from boto3>=1.34.0->-r ./catalog/requirements.txt (line 1))
deploy	Install Lambda Dependencies	2025-12-25T14:52:02.8857091Z   Using cached jmespath-1.0.1-py3-none-any.whl.metadata (7.6 kB)
deploy	Install Lambda Dependencies	2025-12-25T14:52:02.9025640Z Collecting s3transfer<0.17.0,>=0.16.0 (from boto3>=1.34.0->-r ./catalog/requirements.txt (line 1))
deploy	Install Lambda Dependencies	2025-12-25T14:52:02.9043104Z   Using cached s3transfer-0.16.0-py3-none-any.whl.metadata (1.7 kB)
deploy	Install Lambda Dependencies	2025-12-25T14:52:02.9349155Z Collecting urllib3<1.27,>=1.25.4 (from botocore>=1.34.0->-r ./catalog/requirements.txt (line 3))
deploy	Install Lambda Dependencies	2025-12-25T14:52:02.9366794Z   Using cached urllib3-1.26.20-py2.py3-none-any.whl.metadata (50 kB)
deploy	Install Lambda Dependencies	2025-12-25T14:52:02.9556264Z Collecting six>=1.5 (from python-dateutil>=2.8.2->-r ./catalog/requirements.txt (line 2))
deploy	Install Lambda Dependencies	2025-12-25T14:52:02.9573594Z   Using cached six-1.17.0-py2.py3-none-any.whl.metadata (1.7 kB)
deploy	Install Lambda Dependencies	2025-12-25T14:52:03.2063422Z Using cached boto3-1.42.16-py3-none-any.whl (140 kB)
deploy	Install Lambda Dependencies	2025-12-25T14:52:03.2081668Z Using cached botocore-1.42.16-py3-none-any.whl (14.6 MB)
deploy	Install Lambda Dependencies	2025-12-25T14:52:03.2206568Z Using cached python_dateutil-2.9.0.post0-py2.py3-none-any.whl (229 kB)
deploy	Install Lambda Dependencies	2025-12-25T14:52:03.2224887Z Using cached jmespath-1.0.1-py3-none-any.whl (20 kB)
deploy	Install Lambda Dependencies	2025-12-25T14:52:03.2241886Z Using cached s3transfer-0.16.0-py3-none-any.whl (86 kB)
deploy	Install Lambda Dependencies	2025-12-25T14:52:03.2259565Z Using cached urllib3-1.26.20-py2.py3-none-any.whl (144 kB)
deploy	Install Lambda Dependencies	2025-12-25T14:52:03.2277403Z Using cached six-1.17.0-py2.py3-none-any.whl (11 kB)
deploy	Install Lambda Dependencies	2025-12-25T14:52:03.2952782Z Installing collected packages: urllib3, six, jmespath, python-dateutil, botocore, s3transfer, boto3
deploy	Install Lambda Dependencies	2025-12-25T14:52:04.0475738Z 
deploy	Install Lambda Dependencies	2025-12-25T14:52:04.0498421Z Successfully installed boto3-1.42.16 botocore-1.42.16 jmespath-1.0.1 python-dateutil-2.9.0.post0 s3transfer-0.16.0 six-1.17.0 urllib3-1.26.20
deploy	Configure AWS credentials	ï»¿2025-12-25T14:52:04.1333676Z ##[group]Run aws-actions/configure-aws-credentials@v4
deploy	Configure AWS credentials	2025-12-25T14:52:04.1334005Z with:
deploy	Configure AWS credentials	2025-12-25T14:52:04.1334488Z   role-to-assume: arn:aws:iam::607250385528:role/OICD_GITHUB_ACTION_DEPLOY
deploy	Configure AWS credentials	2025-12-25T14:52:04.1334827Z   aws-region: us-east-1
deploy	Configure AWS credentials	2025-12-25T14:52:04.1335034Z   audience: sts.amazonaws.com
deploy	Configure AWS credentials	2025-12-25T14:52:04.1335275Z   output-env-credentials: true
deploy	Configure AWS credentials	2025-12-25T14:52:04.1335490Z env:
deploy	Configure AWS credentials	2025-12-25T14:52:04.1335717Z   pythonLocation: /opt/hostedtoolcache/Python/3.9.25/x64
deploy	Configure AWS credentials	2025-12-25T14:52:04.1336113Z   PKG_CONFIG_PATH: /opt/hostedtoolcache/Python/3.9.25/x64/lib/pkgconfig
deploy	Configure AWS credentials	2025-12-25T14:52:04.1336489Z   Python_ROOT_DIR: /opt/hostedtoolcache/Python/3.9.25/x64
deploy	Configure AWS credentials	2025-12-25T14:52:04.1336846Z   Python2_ROOT_DIR: /opt/hostedtoolcache/Python/3.9.25/x64
deploy	Configure AWS credentials	2025-12-25T14:52:04.1337175Z   Python3_ROOT_DIR: /opt/hostedtoolcache/Python/3.9.25/x64
deploy	Configure AWS credentials	2025-12-25T14:52:04.1337510Z   LD_LIBRARY_PATH: /opt/hostedtoolcache/Python/3.9.25/x64/lib
deploy	Configure AWS credentials	2025-12-25T14:52:04.1337795Z ##[endgroup]
deploy	Configure AWS credentials	2025-12-25T14:52:04.3892036Z Assuming role with OIDC
deploy	Configure AWS credentials	2025-12-25T14:52:04.5641420Z Authenticated as assumedRoleId AROAY2YXRRJ4FJCZEMYSV:GitHubActions
deploy	Install CDK dependencies	ï»¿2025-12-25T14:52:04.6071162Z ##[group]Run npm ci
deploy	Install CDK dependencies	2025-12-25T14:52:04.6071503Z [36;1mnpm ci[0m
deploy	Install CDK dependencies	2025-12-25T14:52:04.6105009Z shell: /usr/bin/bash -e {0}
deploy	Install CDK dependencies	2025-12-25T14:52:04.6105280Z env:
deploy	Install CDK dependencies	2025-12-25T14:52:04.6105559Z   pythonLocation: /opt/hostedtoolcache/Python/3.9.25/x64
deploy	Install CDK dependencies	2025-12-25T14:52:04.6106029Z   PKG_CONFIG_PATH: /opt/hostedtoolcache/Python/3.9.25/x64/lib/pkgconfig
deploy	Install CDK dependencies	2025-12-25T14:52:04.6106492Z   Python_ROOT_DIR: /opt/hostedtoolcache/Python/3.9.25/x64
deploy	Install CDK dependencies	2025-12-25T14:52:04.6106900Z   Python2_ROOT_DIR: /opt/hostedtoolcache/Python/3.9.25/x64
deploy	Install CDK dependencies	2025-12-25T14:52:04.6107476Z   Python3_ROOT_DIR: /opt/hostedtoolcache/Python/3.9.25/x64
deploy	Install CDK dependencies	2025-12-25T14:52:04.6107877Z   LD_LIBRARY_PATH: /opt/hostedtoolcache/Python/3.9.25/x64/lib
deploy	Install CDK dependencies	2025-12-25T14:52:04.6108231Z   AWS_DEFAULT_REGION: us-east-1
deploy	Install CDK dependencies	2025-12-25T14:52:04.6108493Z   AWS_REGION: us-east-1
deploy	Install CDK dependencies	2025-12-25T14:52:04.6109050Z   AWS_ACCESS_KEY_ID: ***
deploy	Install CDK dependencies	2025-12-25T14:52:04.6109408Z   AWS_SECRET_ACCESS_KEY: ***
deploy	Install CDK dependencies	2025-12-25T14:52:04.6115236Z   AWS_SESSION_TOKEN: ***
deploy	Install CDK dependencies	2025-12-25T14:52:04.6115469Z ##[endgroup]
deploy	Install CDK dependencies	2025-12-25T14:52:10.8604150Z 
deploy	Install CDK dependencies	2025-12-25T14:52:10.8605072Z added 26 packages, and audited 63 packages in 6s
deploy	Install CDK dependencies	2025-12-25T14:52:10.8605549Z 
deploy	Install CDK dependencies	2025-12-25T14:52:10.8605849Z 4 packages are looking for funding
deploy	Install CDK dependencies	2025-12-25T14:52:10.8606354Z   run `npm fund` for details
deploy	Install CDK dependencies	2025-12-25T14:52:10.8615073Z 
deploy	Install CDK dependencies	2025-12-25T14:52:10.8615432Z found 0 vulnerabilities
deploy	Sanitize Environment Name	ï»¿2025-12-25T14:52:10.8819966Z ##[group]Run # Get branch name (head_ref for PRs, ref_name for dispatch)
deploy	Sanitize Environment Name	2025-12-25T14:52:10.8820466Z [36;1m# Get branch name (head_ref for PRs, ref_name for dispatch)[0m
deploy	Sanitize Environment Name	2025-12-25T14:52:10.8820811Z [36;1mRAW_BRANCH=dev[0m
deploy	Sanitize Environment Name	2025-12-25T14:52:10.8821049Z [36;1m# Replace slashes with hyphens[0m
deploy	Sanitize Environment Name	2025-12-25T14:52:10.8821334Z [36;1mSANITIZED_BRANCH=${RAW_BRANCH//\//-}[0m
deploy	Sanitize Environment Name	2025-12-25T14:52:10.8821674Z [36;1mecho "ENV_NAME=${SANITIZED_BRANCH}" >> $GITHUB_ENV[0m
deploy	Sanitize Environment Name	2025-12-25T14:52:10.8855120Z shell: /usr/bin/bash -e {0}
deploy	Sanitize Environment Name	2025-12-25T14:52:10.8855375Z env:
deploy	Sanitize Environment Name	2025-12-25T14:52:10.8855634Z   pythonLocation: /opt/hostedtoolcache/Python/3.9.25/x64
deploy	Sanitize Environment Name	2025-12-25T14:52:10.8856048Z   PKG_CONFIG_PATH: /opt/hostedtoolcache/Python/3.9.25/x64/lib/pkgconfig
deploy	Sanitize Environment Name	2025-12-25T14:52:10.8856450Z   Python_ROOT_DIR: /opt/hostedtoolcache/Python/3.9.25/x64
deploy	Sanitize Environment Name	2025-12-25T14:52:10.8856809Z   Python2_ROOT_DIR: /opt/hostedtoolcache/Python/3.9.25/x64
deploy	Sanitize Environment Name	2025-12-25T14:52:10.8857160Z   Python3_ROOT_DIR: /opt/hostedtoolcache/Python/3.9.25/x64
deploy	Sanitize Environment Name	2025-12-25T14:52:10.8857563Z   LD_LIBRARY_PATH: /opt/hostedtoolcache/Python/3.9.25/x64/lib
deploy	Sanitize Environment Name	2025-12-25T14:52:10.8857877Z   AWS_DEFAULT_REGION: us-east-1
deploy	Sanitize Environment Name	2025-12-25T14:52:10.8858123Z   AWS_REGION: us-east-1
deploy	Sanitize Environment Name	2025-12-25T14:52:10.8858435Z   AWS_ACCESS_KEY_ID: ***
deploy	Sanitize Environment Name	2025-12-25T14:52:10.8858749Z   AWS_SECRET_ACCESS_KEY: ***
deploy	Sanitize Environment Name	2025-12-25T14:52:10.8863730Z   AWS_SESSION_TOKEN: ***
deploy	Sanitize Environment Name	2025-12-25T14:52:10.8863947Z ##[endgroup]
deploy	Deploy with CDK	ï»¿2025-12-25T14:52:10.8970205Z ##[group]Run npx cdk deploy --all --require-approval never
deploy	Deploy with CDK	2025-12-25T14:52:10.8970632Z [36;1mnpx cdk deploy --all --require-approval never[0m
deploy	Deploy with CDK	2025-12-25T14:52:10.9000900Z shell: /usr/bin/bash -e {0}
deploy	Deploy with CDK	2025-12-25T14:52:10.9001149Z env:
deploy	Deploy with CDK	2025-12-25T14:52:10.9001409Z   pythonLocation: /opt/hostedtoolcache/Python/3.9.25/x64
deploy	Deploy with CDK	2025-12-25T14:52:10.9001846Z   PKG_CONFIG_PATH: /opt/hostedtoolcache/Python/3.9.25/x64/lib/pkgconfig
deploy	Deploy with CDK	2025-12-25T14:52:10.9002253Z   Python_ROOT_DIR: /opt/hostedtoolcache/Python/3.9.25/x64
deploy	Deploy with CDK	2025-12-25T14:52:10.9002615Z   Python2_ROOT_DIR: /opt/hostedtoolcache/Python/3.9.25/x64
deploy	Deploy with CDK	2025-12-25T14:52:10.9002985Z   Python3_ROOT_DIR: /opt/hostedtoolcache/Python/3.9.25/x64
deploy	Deploy with CDK	2025-12-25T14:52:10.9003350Z   LD_LIBRARY_PATH: /opt/hostedtoolcache/Python/3.9.25/x64/lib
deploy	Deploy with CDK	2025-12-25T14:52:10.9003697Z   AWS_DEFAULT_REGION: us-east-1
deploy	Deploy with CDK	2025-12-25T14:52:10.9003930Z   AWS_REGION: us-east-1
deploy	Deploy with CDK	2025-12-25T14:52:10.9004394Z   AWS_ACCESS_KEY_ID: ***
deploy	Deploy with CDK	2025-12-25T14:52:10.9004917Z   AWS_SECRET_ACCESS_KEY: ***
deploy	Deploy with CDK	2025-12-25T14:52:10.9009725Z   AWS_SESSION_TOKEN: ***
deploy	Deploy with CDK	2025-12-25T14:52:10.9009953Z   ENV_NAME: dev
deploy	Deploy with CDK	2025-12-25T14:52:10.9010148Z   ENV: dev
deploy	Deploy with CDK	2025-12-25T14:52:10.9010324Z ##[endgroup]
deploy	Deploy with CDK	2025-12-25T14:52:17.0064583Z [WARNING] aws-cdk-lib.aws_dynamodb.TableOptions#pointInTimeRecovery is deprecated.
deploy	Deploy with CDK	2025-12-25T14:52:17.0065206Z   use `pointInTimeRecoverySpecification` instead
deploy	Deploy with CDK	2025-12-25T14:52:17.0065604Z   This API will be removed in the next major release.
deploy	Deploy with CDK	2025-12-25T14:52:17.0961773Z [WARNING] aws-cdk-lib.aws_dynamodb.TableOptions#pointInTimeRecovery is deprecated.
deploy	Deploy with CDK	2025-12-25T14:52:17.0962673Z   use `pointInTimeRecoverySpecification` instead
deploy	Deploy with CDK	2025-12-25T14:52:17.0963298Z   This API will be removed in the next major release.
deploy	Deploy with CDK	2025-12-25T14:52:17.0970085Z [WARNING] aws-cdk-lib.aws_dynamodb.TableOptions#pointInTimeRecovery is deprecated.
deploy	Deploy with CDK	2025-12-25T14:52:17.0971140Z   use `pointInTimeRecoverySpecification` instead
deploy	Deploy with CDK	2025-12-25T14:52:17.0971683Z   This API will be removed in the next major release.
deploy	Deploy with CDK	2025-12-25T14:52:17.0978509Z [WARNING] aws-cdk-lib.aws_dynamodb.TableOptions#pointInTimeRecovery is deprecated.
deploy	Deploy with CDK	2025-12-25T14:52:17.0979228Z   use `pointInTimeRecoverySpecification` instead
deploy	Deploy with CDK	2025-12-25T14:52:17.0979752Z   This API will be removed in the next major release.
deploy	Deploy with CDK	2025-12-25T14:52:17.0984097Z [WARNING] aws-cdk-lib.aws_dynamodb.TableOptions#pointInTimeRecovery is deprecated.
deploy	Deploy with CDK	2025-12-25T14:52:17.0985022Z   use `pointInTimeRecoverySpecification` instead
deploy	Deploy with CDK	2025-12-25T14:52:17.0985555Z   This API will be removed in the next major release.
deploy	Deploy with CDK	2025-12-25T14:52:17.0989512Z [WARNING] aws-cdk-lib.aws_dynamodb.TableOptions#pointInTimeRecovery is deprecated.
deploy	Deploy with CDK	2025-12-25T14:52:17.0990137Z   use `pointInTimeRecoverySpecification` instead
deploy	Deploy with CDK	2025-12-25T14:52:17.0990610Z   This API will be removed in the next major release.
deploy	Deploy with CDK	2025-12-25T14:52:17.0995047Z [WARNING] aws-cdk-lib.aws_dynamodb.TableOptions#pointInTimeRecovery is deprecated.
deploy	Deploy with CDK	2025-12-25T14:52:17.0995667Z   use `pointInTimeRecoverySpecification` instead
deploy	Deploy with CDK	2025-12-25T14:52:17.0999756Z   This API will be removed in the next major release.
deploy	Deploy with CDK	2025-12-25T14:52:17.1000553Z [WARNING] aws-cdk-lib.aws_dynamodb.TableOptions#pointInTimeRecovery is deprecated.
deploy	Deploy with CDK	2025-12-25T14:52:17.1001170Z   use `pointInTimeRecoverySpecification` instead
deploy	Deploy with CDK	2025-12-25T14:52:17.1005157Z   This API will be removed in the next major release.
deploy	Deploy with CDK	2025-12-25T14:52:17.1005933Z [WARNING] aws-cdk-lib.aws_dynamodb.TableOptions#pointInTimeRecovery is deprecated.
deploy	Deploy with CDK	2025-12-25T14:52:17.1006542Z   use `pointInTimeRecoverySpecification` instead
deploy	Deploy with CDK	2025-12-25T14:52:17.1007006Z   This API will be removed in the next major release.
deploy	Deploy with CDK	2025-12-25T14:52:17.1012593Z [WARNING] aws-cdk-lib.aws_dynamodb.TableOptions#pointInTimeRecovery is deprecated.
deploy	Deploy with CDK	2025-12-25T14:52:17.1013387Z   use `pointInTimeRecoverySpecification` instead
deploy	Deploy with CDK	2025-12-25T14:52:17.1013990Z   This API will be removed in the next major release.
deploy	Deploy with CDK	2025-12-25T14:52:17.1020390Z [WARNING] aws-cdk-lib.aws_dynamodb.TableOptions#pointInTimeRecovery is deprecated.
deploy	Deploy with CDK	2025-12-25T14:52:17.1021356Z   use `pointInTimeRecoverySpecification` instead
deploy	Deploy with CDK	2025-12-25T14:52:17.1022552Z   This API will be removed in the next major release.
deploy	Deploy with CDK	2025-12-25T14:52:17.1027291Z [WARNING] aws-cdk-lib.aws_dynamodb.TableOptions#pointInTimeRecovery is deprecated.
deploy	Deploy with CDK	2025-12-25T14:52:17.1028255Z   use `pointInTimeRecoverySpecification` instead
deploy	Deploy with CDK	2025-12-25T14:52:17.1028982Z   This API will be removed in the next major release.
deploy	Deploy with CDK	2025-12-25T14:52:17.1089949Z [WARNING] aws-cdk-lib.aws_cognito.UserPoolProps#advancedSecurityMode is deprecated.
deploy	Deploy with CDK	2025-12-25T14:52:17.1091789Z   Advanced Security Mode is deprecated due to user pool feature plans. Use StandardThreatProtectionMode and CustomThreatProtectionMode to set Thread Protection level.
deploy	Deploy with CDK	2025-12-25T14:52:17.1093292Z   This API will be removed in the next major release.
deploy	Deploy with CDK	2025-12-25T14:52:17.1094465Z [WARNING] aws-cdk-lib.aws_cognito.AdvancedSecurityMode is deprecated.
deploy	Deploy with CDK	2025-12-25T14:52:17.1096179Z   Advanced Security Mode is deprecated due to user pool feature plans. Use StandardThreatProtectionMode and CustomThreatProtectionMode to set Thread Protection level.
deploy	Deploy with CDK	2025-12-25T14:52:17.1097652Z   This API will be removed in the next major release.
deploy	Deploy with CDK	2025-12-25T14:52:17.1098663Z [WARNING] aws-cdk-lib.aws_cognito.AdvancedSecurityMode#ENFORCED is deprecated.
deploy	Deploy with CDK	2025-12-25T14:52:17.1099349Z   
deploy	Deploy with CDK	2025-12-25T14:52:17.1099770Z   This API will be removed in the next major release.
deploy	Deploy with CDK	2025-12-25T14:52:17.2380417Z [WARNING] aws-cdk-lib.aws_lambda.FunctionOptions#logRetention is deprecated.
deploy	Deploy with CDK	2025-12-25T14:52:17.2381394Z   use `logGroup` instead
deploy	Deploy with CDK	2025-12-25T14:52:17.2382080Z   This API will be removed in the next major release.
deploy	Deploy with CDK	2025-12-25T14:52:17.8543210Z [WARNING] aws-cdk-lib.aws_lambda.FunctionOptions#logRetention is deprecated.
deploy	Deploy with CDK	2025-12-25T14:52:17.8543825Z   use `logGroup` instead
deploy	Deploy with CDK	2025-12-25T14:52:17.8544651Z   This API will be removed in the next major release.
deploy	Deploy with CDK	2025-12-25T14:52:18.7883569Z [WARNING] aws-cdk-lib.aws_lambda.FunctionOptions#logRetention is deprecated.
deploy	Deploy with CDK	2025-12-25T14:52:18.7884684Z   use `logGroup` instead
deploy	Deploy with CDK	2025-12-25T14:52:18.7885266Z   This API will be removed in the next major release.
deploy	Deploy with CDK	2025-12-25T14:52:19.3649653Z [WARNING] aws-cdk-lib.aws_lambda.FunctionOptions#logRetention is deprecated.
deploy	Deploy with CDK	2025-12-25T14:52:19.3650265Z   use `logGroup` instead
deploy	Deploy with CDK	2025-12-25T14:52:19.3650695Z   This API will be removed in the next major release.
deploy	Deploy with CDK	2025-12-25T14:52:19.8588698Z [WARNING] aws-cdk-lib.aws_lambda.FunctionOptions#logRetention is deprecated.
deploy	Deploy with CDK	2025-12-25T14:52:19.8589686Z   use `logGroup` instead
deploy	Deploy with CDK	2025-12-25T14:52:19.8590335Z   This API will be removed in the next major release.
deploy	Deploy with CDK	2025-12-25T14:52:20.5858339Z [WARNING] aws-cdk-lib.aws_lambda.FunctionOptions#logRetention is deprecated.
deploy	Deploy with CDK	2025-12-25T14:52:20.5859194Z   use `logGroup` instead
deploy	Deploy with CDK	2025-12-25T14:52:20.5859760Z   This API will be removed in the next major release.
deploy	Deploy with CDK	2025-12-25T14:52:20.5883393Z [WARNING] aws-cdk-lib.aws_lambda.FunctionOptions#logRetention is deprecated.
deploy	Deploy with CDK	2025-12-25T14:52:20.5884423Z   use `logGroup` instead
deploy	Deploy with CDK	2025-12-25T14:52:20.5885030Z   This API will be removed in the next major release.
deploy	Deploy with CDK	2025-12-25T14:52:20.5906607Z [WARNING] aws-cdk-lib.aws_lambda.FunctionOptions#logRetention is deprecated.
deploy	Deploy with CDK	2025-12-25T14:52:20.5907388Z   use `logGroup` instead
deploy	Deploy with CDK	2025-12-25T14:52:20.5907965Z   This API will be removed in the next major release.
deploy	Deploy with CDK	2025-12-25T14:52:20.5931237Z [WARNING] aws-cdk-lib.aws_lambda.FunctionOptions#logRetention is deprecated.
deploy	Deploy with CDK	2025-12-25T14:52:20.5932025Z   use `logGroup` instead
deploy	Deploy with CDK	2025-12-25T14:52:20.5932615Z   This API will be removed in the next major release.
deploy	Deploy with CDK	2025-12-25T14:52:20.5955236Z [WARNING] aws-cdk-lib.aws_lambda.FunctionOptions#logRetention is deprecated.
deploy	Deploy with CDK	2025-12-25T14:52:20.5956029Z   use `logGroup` instead
deploy	Deploy with CDK	2025-12-25T14:52:20.5956612Z   This API will be removed in the next major release.
deploy	Deploy with CDK	2025-12-25T14:52:20.5980449Z [WARNING] aws-cdk-lib.aws_lambda.FunctionOptions#logRetention is deprecated.
deploy	Deploy with CDK	2025-12-25T14:52:20.5981266Z   use `logGroup` instead
deploy	Deploy with CDK	2025-12-25T14:52:20.5981858Z   This API will be removed in the next major release.
deploy	Deploy with CDK	2025-12-25T14:52:20.6063863Z [WARNING] aws-cdk-lib.aws_lambda.FunctionOptions#logRetention is deprecated.
deploy	Deploy with CDK	2025-12-25T14:52:20.6065158Z   use `logGroup` instead
deploy	Deploy with CDK	2025-12-25T14:52:20.6065746Z   This API will be removed in the next major release.
deploy	Deploy with CDK	2025-12-25T14:52:20.6157637Z [WARNING] aws-cdk-lib.aws_lambda.FunctionOptions#logRetention is deprecated.
deploy	Deploy with CDK	2025-12-25T14:52:20.6158420Z   use `logGroup` instead
deploy	Deploy with CDK	2025-12-25T14:52:20.6158831Z   This API will be removed in the next major release.
deploy	Deploy with CDK	2025-12-25T14:52:20.6356733Z [WARNING] aws-cdk-lib.aws_appsync.GraphqlApiProps#schema is deprecated.
deploy	Deploy with CDK	2025-12-25T14:52:20.6357312Z   use Definition.schema instead
deploy	Deploy with CDK	2025-12-25T14:52:20.6357744Z   This API will be removed in the next major release.
deploy	Deploy with CDK	2025-12-25T14:52:21.3047520Z current credentials could not be used to assume 'arn:aws:iam::607250385528:role/cdk-hnb659fds-lookup-role-607250385528-us-east-1', but are for the right account. Proceeding anyway.
deploy	Deploy with CDK	2025-12-25T14:52:26.3200121Z [WARNING] aws-cdk-lib.aws_dynamodb.TableOptions#pointInTimeRecovery is deprecated.
deploy	Deploy with CDK	2025-12-25T14:52:26.3200906Z   use `pointInTimeRecoverySpecification` instead
deploy	Deploy with CDK	2025-12-25T14:52:26.3201443Z   This API will be removed in the next major release.
deploy	Deploy with CDK	2025-12-25T14:52:26.4115760Z [WARNING] aws-cdk-lib.aws_dynamodb.TableOptions#pointInTimeRecovery is deprecated.
deploy	Deploy with CDK	2025-12-25T14:52:26.4116840Z   use `pointInTimeRecoverySpecification` instead
deploy	Deploy with CDK	2025-12-25T14:52:26.4117355Z   This API will be removed in the next major release.
deploy	Deploy with CDK	2025-12-25T14:52:26.4124764Z [WARNING] aws-cdk-lib.aws_dynamodb.TableOptions#pointInTimeRecovery is deprecated.
deploy	Deploy with CDK	2025-12-25T14:52:26.4125482Z   use `pointInTimeRecoverySpecification` instead
deploy	Deploy with CDK	2025-12-25T14:52:26.4125892Z   This API will be removed in the next major release.
deploy	Deploy with CDK	2025-12-25T14:52:26.4133007Z [WARNING] aws-cdk-lib.aws_dynamodb.TableOptions#pointInTimeRecovery is deprecated.
deploy	Deploy with CDK	2025-12-25T14:52:26.4134065Z   use `pointInTimeRecoverySpecification` instead
deploy	Deploy with CDK	2025-12-25T14:52:26.4138507Z   This API will be removed in the next major release.
deploy	Deploy with CDK	2025-12-25T14:52:26.4139377Z [WARNING] aws-cdk-lib.aws_dynamodb.TableOptions#pointInTimeRecovery is deprecated.
deploy	Deploy with CDK	2025-12-25T14:52:26.4139935Z   use `pointInTimeRecoverySpecification` instead
deploy	Deploy with CDK	2025-12-25T14:52:26.4140347Z   This API will be removed in the next major release.
deploy	Deploy with CDK	2025-12-25T14:52:26.4143983Z [WARNING] aws-cdk-lib.aws_dynamodb.TableOptions#pointInTimeRecovery is deprecated.
deploy	Deploy with CDK	2025-12-25T14:52:26.4144991Z   use `pointInTimeRecoverySpecification` instead
deploy	Deploy with CDK	2025-12-25T14:52:26.4145647Z   This API will be removed in the next major release.
deploy	Deploy with CDK	2025-12-25T14:52:26.4149630Z [WARNING] aws-cdk-lib.aws_dynamodb.TableOptions#pointInTimeRecovery is deprecated.
deploy	Deploy with CDK	2025-12-25T14:52:26.4150354Z   use `pointInTimeRecoverySpecification` instead
deploy	Deploy with CDK	2025-12-25T14:52:26.4150771Z   This API will be removed in the next major release.
deploy	Deploy with CDK	2025-12-25T14:52:26.4154702Z [WARNING] aws-cdk-lib.aws_dynamodb.TableOptions#pointInTimeRecovery is deprecated.
deploy	Deploy with CDK	2025-12-25T14:52:26.4155538Z   use `pointInTimeRecoverySpecification` instead
deploy	Deploy with CDK	2025-12-25T14:52:26.4156166Z   This API will be removed in the next major release.
deploy	Deploy with CDK	2025-12-25T14:52:26.4159469Z [WARNING] aws-cdk-lib.aws_dynamodb.TableOptions#pointInTimeRecovery is deprecated.
deploy	Deploy with CDK	2025-12-25T14:52:26.4160213Z   use `pointInTimeRecoverySpecification` instead
deploy	Deploy with CDK	2025-12-25T14:52:26.4160626Z   This API will be removed in the next major release.
deploy	Deploy with CDK	2025-12-25T14:52:26.4166795Z [WARNING] aws-cdk-lib.aws_dynamodb.TableOptions#pointInTimeRecovery is deprecated.
deploy	Deploy with CDK	2025-12-25T14:52:26.4167487Z   use `pointInTimeRecoverySpecification` instead
deploy	Deploy with CDK	2025-12-25T14:52:26.4167887Z   This API will be removed in the next major release.
deploy	Deploy with CDK	2025-12-25T14:52:26.4172547Z [WARNING] aws-cdk-lib.aws_dynamodb.TableOptions#pointInTimeRecovery is deprecated.
deploy	Deploy with CDK	2025-12-25T14:52:26.4173380Z   use `pointInTimeRecoverySpecification` instead
deploy	Deploy with CDK	2025-12-25T14:52:26.4174007Z   This API will be removed in the next major release.
deploy	Deploy with CDK	2025-12-25T14:52:26.4178240Z [WARNING] aws-cdk-lib.aws_dynamodb.TableOptions#pointInTimeRecovery is deprecated.
deploy	Deploy with CDK	2025-12-25T14:52:26.4179052Z   use `pointInTimeRecoverySpecification` instead
deploy	Deploy with CDK	2025-12-25T14:52:26.4179928Z   This API will be removed in the next major release.
deploy	Deploy with CDK	2025-12-25T14:52:26.4238901Z [WARNING] aws-cdk-lib.aws_cognito.UserPoolProps#advancedSecurityMode is deprecated.
deploy	Deploy with CDK	2025-12-25T14:52:26.4240914Z   Advanced Security Mode is deprecated due to user pool feature plans. Use StandardThreatProtectionMode and CustomThreatProtectionMode to set Thread Protection level.
deploy	Deploy with CDK	2025-12-25T14:52:26.4242617Z   This API will be removed in the next major release.
deploy	Deploy with CDK	2025-12-25T14:52:26.4243731Z [WARNING] aws-cdk-lib.aws_cognito.AdvancedSecurityMode is deprecated.
deploy	Deploy with CDK	2025-12-25T14:52:26.4245208Z   Advanced Security Mode is deprecated due to user pool feature plans. Use StandardThreatProtectionMode and CustomThreatProtectionMode to set Thread Protection level.
deploy	Deploy with CDK	2025-12-25T14:52:26.4246220Z   This API will be removed in the next major release.
deploy	Deploy with CDK	2025-12-25T14:52:26.4246885Z [WARNING] aws-cdk-lib.aws_cognito.AdvancedSecurityMode#ENFORCED is deprecated.
deploy	Deploy with CDK	2025-12-25T14:52:26.4247380Z   
deploy	Deploy with CDK	2025-12-25T14:52:26.4247709Z   This API will be removed in the next major release.
deploy	Deploy with CDK	2025-12-25T14:52:26.5538047Z [WARNING] aws-cdk-lib.aws_lambda.FunctionOptions#logRetention is deprecated.
deploy	Deploy with CDK	2025-12-25T14:52:26.5538815Z   use `logGroup` instead
deploy	Deploy with CDK	2025-12-25T14:52:26.5539356Z   This API will be removed in the next major release.
deploy	Deploy with CDK	2025-12-25T14:52:26.8039510Z [WARNING] aws-cdk-lib.aws_lambda.FunctionOptions#logRetention is deprecated.
deploy	Deploy with CDK	2025-12-25T14:52:26.8040714Z   use `logGroup` instead
deploy	Deploy with CDK	2025-12-25T14:52:26.8041572Z   This API will be removed in the next major release.
deploy	Deploy with CDK	2025-12-25T14:52:26.9732949Z [WARNING] aws-cdk-lib.aws_lambda.FunctionOptions#logRetention is deprecated.
deploy	Deploy with CDK	2025-12-25T14:52:26.9733553Z   use `logGroup` instead
deploy	Deploy with CDK	2025-12-25T14:52:26.9733963Z   This API will be removed in the next major release.
deploy	Deploy with CDK	2025-12-25T14:52:27.1412839Z [WARNING] aws-cdk-lib.aws_lambda.FunctionOptions#logRetention is deprecated.
deploy	Deploy with CDK	2025-12-25T14:52:27.1413427Z   use `logGroup` instead
deploy	Deploy with CDK	2025-12-25T14:52:27.1413839Z   This API will be removed in the next major release.
deploy	Deploy with CDK	2025-12-25T14:52:27.2858318Z [WARNING] aws-cdk-lib.aws_lambda.FunctionOptions#logRetention is deprecated.
deploy	Deploy with CDK	2025-12-25T14:52:27.2859078Z   use `logGroup` instead
deploy	Deploy with CDK	2025-12-25T14:52:27.2859628Z   This API will be removed in the next major release.
deploy	Deploy with CDK	2025-12-25T14:52:27.4971824Z [WARNING] aws-cdk-lib.aws_lambda.FunctionOptions#logRetention is deprecated.
deploy	Deploy with CDK	2025-12-25T14:52:27.4973141Z   use `logGroup` instead
deploy	Deploy with CDK	2025-12-25T14:52:27.4973953Z   This API will be removed in the next major release.
deploy	Deploy with CDK	2025-12-25T14:52:27.4994765Z [WARNING] aws-cdk-lib.aws_lambda.FunctionOptions#logRetention is deprecated.
deploy	Deploy with CDK	2025-12-25T14:52:27.4996679Z   use `logGroup` instead
deploy	Deploy with CDK	2025-12-25T14:52:27.4997274Z   This API will be removed in the next major release.
deploy	Deploy with CDK	2025-12-25T14:52:27.5016223Z [WARNING] aws-cdk-lib.aws_lambda.FunctionOptions#logRetention is deprecated.
deploy	Deploy with CDK	2025-12-25T14:52:27.5017382Z   use `logGroup` instead
deploy	Deploy with CDK	2025-12-25T14:52:27.5018333Z   This API will be removed in the next major release.
deploy	Deploy with CDK	2025-12-25T14:52:27.5049712Z [WARNING] aws-cdk-lib.aws_lambda.FunctionOptions#logRetention is deprecated.
deploy	Deploy with CDK	2025-12-25T14:52:27.5050512Z   use `logGroup` instead
deploy	Deploy with CDK	2025-12-25T14:52:27.5051081Z   This API will be removed in the next major release.
deploy	Deploy with CDK	2025-12-25T14:52:27.5068534Z [WARNING] aws-cdk-lib.aws_lambda.FunctionOptions#logRetention is deprecated.
deploy	Deploy with CDK	2025-12-25T14:52:27.5069194Z   use `logGroup` instead
deploy	Deploy with CDK	2025-12-25T14:52:27.5069542Z   This API will be removed in the next major release.
deploy	Deploy with CDK	2025-12-25T14:52:27.5095379Z [WARNING] aws-cdk-lib.aws_lambda.FunctionOptions#logRetention is deprecated.
deploy	Deploy with CDK	2025-12-25T14:52:27.5096088Z   use `logGroup` instead
deploy	Deploy with CDK	2025-12-25T14:52:27.5096618Z   This API will be removed in the next major release.
deploy	Deploy with CDK	2025-12-25T14:52:27.5184747Z [WARNING] aws-cdk-lib.aws_lambda.FunctionOptions#logRetention is deprecated.
deploy	Deploy with CDK	2025-12-25T14:52:27.5185364Z   use `logGroup` instead
deploy	Deploy with CDK	2025-12-25T14:52:27.5185691Z   This API will be removed in the next major release.
deploy	Deploy with CDK	2025-12-25T14:52:27.5306495Z [WARNING] aws-cdk-lib.aws_lambda.FunctionOptions#logRetention is deprecated.
deploy	Deploy with CDK	2025-12-25T14:52:27.5308700Z   use `logGroup` instead
deploy	Deploy with CDK	2025-12-25T14:52:27.5309254Z   This API will be removed in the next major release.
deploy	Deploy with CDK	2025-12-25T14:52:27.5521702Z [WARNING] aws-cdk-lib.aws_appsync.GraphqlApiProps#schema is deprecated.
deploy	Deploy with CDK	2025-12-25T14:52:27.5522533Z   use Definition.schema instead
deploy	Deploy with CDK	2025-12-25T14:52:27.5523150Z   This API will be removed in the next major release.
deploy	Deploy with CDK	2025-12-25T14:52:28.0498977Z 
deploy	Deploy with CDK	2025-12-25T14:52:28.0500060Z âœ¨  Synthesis time: 16.08s
deploy	Deploy with CDK	2025-12-25T14:52:28.0500440Z 
deploy	Deploy with CDK	2025-12-25T14:52:28.6109670Z ChatBooking-dev-Auth
deploy	Deploy with CDK	2025-12-25T14:52:28.6113640Z ChatBooking-dev-Auth: deploying... [2/5]
deploy	Deploy with CDK	2025-12-25T14:52:28.7171996Z current credentials could not be used to assume 'arn:aws:iam::607250385528:role/cdk-hnb659fds-deploy-role-607250385528-us-east-1', but are for the right account. Proceeding anyway.
deploy	Deploy with CDK	2025-12-25T14:52:28.7272753Z current credentials could not be used to assume 'arn:aws:iam::607250385528:role/cdk-hnb659fds-deploy-role-607250385528-us-east-1', but are for the right account. Proceeding anyway.
deploy	Deploy with CDK	2025-12-25T14:52:28.8670687Z ChatBooking-dev-Database: start: Building ChatBooking-dev-Database Template
deploy	Deploy with CDK	2025-12-25T14:52:28.8671670Z ChatBooking-dev-Database: success: Built ChatBooking-dev-Database Template
deploy	Deploy with CDK	2025-12-25T14:52:28.8684411Z ChatBooking-dev-VectorDB: start: Building ChatBooking-dev-VectorDB Template
deploy	Deploy with CDK	2025-12-25T14:52:28.8685632Z ChatBooking-dev-VectorDB: success: Built ChatBooking-dev-VectorDB Template
deploy	Deploy with CDK	2025-12-25T14:52:28.8769981Z ChatBooking-dev-Lambda: start: Building AuthResolverFunction/Code
deploy	Deploy with CDK	2025-12-25T14:52:28.8770712Z ChatBooking-dev-Lambda: success: Built AuthResolverFunction/Code
deploy	Deploy with CDK	2025-12-25T14:52:28.8799553Z ChatBooking-dev-Lambda: start: Building CatalogFunction/Code
deploy	Deploy with CDK	2025-12-25T14:52:28.8800545Z ChatBooking-dev-Lambda: success: Built CatalogFunction/Code
deploy	Deploy with CDK	2025-12-25T14:52:28.8806375Z ChatBooking-dev-Lambda: start: Building AvailabilityFunction/Code
deploy	Deploy with CDK	2025-12-25T14:52:28.8807429Z ChatBooking-dev-Lambda: success: Built AvailabilityFunction/Code
deploy	Deploy with CDK	2025-12-25T14:52:28.8813363Z ChatBooking-dev-Lambda: start: Building BookingFunction/Code
deploy	Deploy with CDK	2025-12-25T14:52:28.8814618Z ChatBooking-dev-Lambda: success: Built BookingFunction/Code
deploy	Deploy with CDK	2025-12-25T14:52:28.8820116Z ChatBooking-dev-Lambda: start: Building ChatAgentFunction/Code
deploy	Deploy with CDK	2025-12-25T14:52:28.8821109Z ChatBooking-dev-Lambda: success: Built ChatAgentFunction/Code
deploy	Deploy with CDK	2025-12-25T14:52:28.8826272Z ChatBooking-dev-Lambda: start: Building IngestionFunction/Code
deploy	Deploy with CDK	2025-12-25T14:52:28.8827253Z ChatBooking-dev-Lambda: success: Built IngestionFunction/Code
deploy	Deploy with CDK	2025-12-25T14:52:28.8833324Z ChatBooking-dev-Lambda: start: Building ChatBooking-dev-Lambda Template
deploy	Deploy with CDK	2025-12-25T14:52:28.8834675Z ChatBooking-dev-Lambda: success: Built ChatBooking-dev-Lambda Template
deploy	Deploy with CDK	2025-12-25T14:52:28.8840123Z ChatBooking-dev-AppSyncApi: start: Building ChatBooking-dev-AppSyncApi Template
deploy	Deploy with CDK	2025-12-25T14:52:28.8840866Z ChatBooking-dev-AppSyncApi: success: Built ChatBooking-dev-AppSyncApi Template
deploy	Deploy with CDK	2025-12-25T14:52:29.0281714Z ChatBooking-dev-VectorDB: start: Publishing ChatBooking-dev-VectorDB Template (607250385528-us-east-1-d11fe2c8)
deploy	Deploy with CDK	2025-12-25T14:52:29.0336280Z ChatBooking-dev-Database: start: Publishing ChatBooking-dev-Database Template (607250385528-us-east-1-34a2c6fc)
deploy	Deploy with CDK	2025-12-25T14:52:29.1386424Z current credentials could not be used to assume 'arn:aws:iam::607250385528:role/cdk-hnb659fds-file-publishing-role-607250385528-us-east-1', but are for the right account. Proceeding anyway.
deploy	Deploy with CDK	2025-12-25T14:52:29.1452388Z current credentials could not be used to assume 'arn:aws:iam::607250385528:role/cdk-hnb659fds-file-publishing-role-607250385528-us-east-1', but are for the right account. Proceeding anyway.
deploy	Deploy with CDK	2025-12-25T14:52:29.2342797Z 
deploy	Deploy with CDK	2025-12-25T14:52:29.2343516Z  âœ…  ChatBooking-dev-Auth (no changes)
deploy	Deploy with CDK	2025-12-25T14:52:29.2343892Z 
deploy	Deploy with CDK	2025-12-25T14:52:29.2344165Z âœ¨  Deployment time: 0.62s
deploy	Deploy with CDK	2025-12-25T14:52:29.2344657Z 
deploy	Deploy with CDK	2025-12-25T14:52:29.2344803Z Outputs:
deploy	Deploy with CDK	2025-12-25T14:52:29.2346091Z ChatBooking-dev-Auth.ExportsOutputFnGetAttAdminUserPoolD0AF18CFArnBE306E57 = arn:aws:cognito-idp:us-east-1:607250385528:userpool/us-east-1_dG9vi0gz5
deploy	Deploy with CDK	2025-12-25T14:52:29.2347772Z ChatBooking-dev-Auth.ExportsOutputRefAdminUserPoolD0AF18CF79276EF5 = us-east-1_dG9vi0gz5
deploy	Deploy with CDK	2025-12-25T14:52:29.2349066Z ChatBooking-dev-Auth.UserPoolArn = arn:aws:cognito-idp:us-east-1:607250385528:userpool/us-east-1_dG9vi0gz5
deploy	Deploy with CDK	2025-12-25T14:52:29.2349811Z ChatBooking-dev-Auth.UserPoolClientId = 7fst837q5gptanpev9fur88va6
deploy	Deploy with CDK	2025-12-25T14:52:29.2350378Z ChatBooking-dev-Auth.UserPoolDomain = chatbooking-admin-607250385528
deploy	Deploy with CDK	2025-12-25T14:52:29.2350880Z ChatBooking-dev-Auth.UserPoolId = us-east-1_dG9vi0gz5
deploy	Deploy with CDK	2025-12-25T14:52:29.2352315Z ChatBooking-dev-Auth.UserPoolLoginUrl = https://chatbooking-admin-607250385528.auth.us-east-1.amazoncognito.com/login?client_id=7fst837q5gptanpev9fur88va6&response_type=code&redirect_uri=http://localhost:3000/auth/callback
deploy	Deploy with CDK	2025-12-25T14:52:29.2353271Z Stack ARN:
deploy	Deploy with CDK	2025-12-25T14:52:29.2353820Z arn:aws:cloudformation:us-east-1:607250385528:stack/ChatBooking-dev-Auth/514e71b0-d5f3-11f0-a6f5-124023a51f0d
deploy	Deploy with CDK	2025-12-25T14:52:29.2354484Z 
deploy	Deploy with CDK	2025-12-25T14:52:29.2354706Z âœ¨  Total time: 16.7s
deploy	Deploy with CDK	2025-12-25T14:52:29.2354859Z 
deploy	Deploy with CDK	2025-12-25T14:52:29.6255570Z ChatBooking-dev-Database: success: Published ChatBooking-dev-Database Template (607250385528-us-east-1-34a2c6fc)
deploy	Deploy with CDK	2025-12-25T14:52:29.6256693Z ChatBooking-dev-Database
deploy	Deploy with CDK	2025-12-25T14:52:29.6259917Z ChatBooking-dev-Database: deploying... [1/5]
deploy	Deploy with CDK	2025-12-25T14:52:29.8110406Z ChatBooking-dev-VectorDB: success: Published ChatBooking-dev-VectorDB Template (607250385528-us-east-1-d11fe2c8)
deploy	Deploy with CDK	2025-12-25T14:52:30.4080400Z ChatBooking-dev-Database: creating CloudFormation changeset...
deploy	Deploy with CDK	2025-12-25T14:52:39.1901505Z ChatBooking-dev-Database | 0/3 | 2:52:36 PM | UPDATE_IN_PROGRESS   | AWS::CloudFormation::Stack | ChatBooking-dev-Database User Initiated
deploy	Deploy with CDK	2025-12-25T14:52:41.4224114Z ChatBooking-dev-Database | 0/3 | 2:52:40 PM | CREATE_IN_PROGRESS   | AWS::DynamoDB::Table       | DocumentsTable (DocumentsTable7E808EE5) 
deploy	Deploy with CDK	2025-12-25T14:52:43.6241911Z ChatBooking-dev-Database | 0/3 | 2:52:42 PM | CREATE_IN_PROGRESS   | AWS::DynamoDB::Table       | DocumentsTable (DocumentsTable7E808EE5) Resource creation Initiated
deploy	Deploy with CDK	2025-12-25T14:53:07.8572476Z ChatBooking-dev-Database | 1/3 | 2:53:05 PM | CREATE_COMPLETE      | AWS::DynamoDB::Table       | DocumentsTable (DocumentsTable7E808EE5) 
deploy	Deploy with CDK	2025-12-25T14:53:14.4395787Z ChatBooking-dev-Database | 2/3 | 2:53:12 PM | UPDATE_COMPLETE_CLEA | AWS::CloudFormation::Stack | ChatBooking-dev-Database 
deploy	Deploy with CDK	2025-12-25T14:53:14.4397291Z ChatBooking-dev-Database | 3/3 | 2:53:13 PM | UPDATE_COMPLETE      | AWS::CloudFormation::Stack | ChatBooking-dev-Database 
deploy	Deploy with CDK	2025-12-25T14:53:18.4092507Z 
deploy	Deploy with CDK	2025-12-25T14:53:18.4093351Z  âœ…  ChatBooking-dev-Database
deploy	Deploy with CDK	2025-12-25T14:53:18.4093722Z 
deploy	Deploy with CDK	2025-12-25T14:53:18.4094057Z âœ¨  Deployment time: 48.78s
deploy	Deploy with CDK	2025-12-25T14:53:18.4094578Z 
deploy	Deploy with CDK	2025-12-25T14:53:18.4094810Z Outputs:
deploy	Deploy with CDK	2025-12-25T14:53:18.4095523Z ChatBooking-dev-Database.ApiKeysTableName = ChatBooking-ApiKeys
deploy	Deploy with CDK	2025-12-25T14:53:18.4096723Z ChatBooking-dev-Database.AvailabilityTableName = ChatBooking-ProviderAvailability
deploy	Deploy with CDK	2025-12-25T14:53:18.4097906Z ChatBooking-dev-Database.BookingsTableName = ChatBooking-Bookings
deploy	Deploy with CDK	2025-12-25T14:53:18.4099026Z ChatBooking-dev-Database.CategoriesTableName = ChatBooking-Categories
deploy	Deploy with CDK	2025-12-25T14:53:18.4100202Z ChatBooking-dev-Database.ConversationsTableName = ChatBooking-Conversations
deploy	Deploy with CDK	2025-12-25T14:53:18.4101304Z ChatBooking-dev-Database.DocumentsTableName = ChatBooking-Documents
deploy	Deploy with CDK	2025-12-25T14:53:18.4103052Z ChatBooking-dev-Database.ExportsOutputFnGetAttApiKeysTable9F4DC7E7ArnE84F3BB0 = arn:aws:dynamodb:us-east-1:607250385528:table/ChatBooking-ApiKeys
deploy	Deploy with CDK	2025-12-25T14:53:18.4105751Z ChatBooking-dev-Database.ExportsOutputFnGetAttAvailabilityTable497A1E6EArn6251D385 = arn:aws:dynamodb:us-east-1:607250385528:table/ChatBooking-ProviderAvailability
deploy	Deploy with CDK	2025-12-25T14:53:18.4108243Z ChatBooking-dev-Database.ExportsOutputFnGetAttBookingsTableB2628485Arn4FAB36A9 = arn:aws:dynamodb:us-east-1:607250385528:table/ChatBooking-Bookings
deploy	Deploy with CDK	2025-12-25T14:53:18.4110607Z ChatBooking-dev-Database.ExportsOutputFnGetAttCategoriesTable9FFF5A67Arn8D0D486E = arn:aws:dynamodb:us-east-1:607250385528:table/ChatBooking-Categories
deploy	Deploy with CDK	2025-12-25T14:53:18.4113681Z ChatBooking-dev-Database.ExportsOutputFnGetAttConversationsTableCD91EB96Arn4A2B28C6 = arn:aws:dynamodb:us-east-1:607250385528:table/ChatBooking-Conversations
deploy	Deploy with CDK	2025-12-25T14:53:18.4116395Z ChatBooking-dev-Database.ExportsOutputFnGetAttDocumentsTable7E808EE5Arn0820EA25 = arn:aws:dynamodb:us-east-1:607250385528:table/ChatBooking-Documents
deploy	Deploy with CDK	2025-12-25T14:53:18.4118875Z ChatBooking-dev-Database.ExportsOutputFnGetAttFAQsTableB8072970ArnF8F4D35E = arn:aws:dynamodb:us-east-1:607250385528:table/ChatBooking-FAQs
deploy	Deploy with CDK	2025-12-25T14:53:18.4121228Z ChatBooking-dev-Database.ExportsOutputFnGetAttProvidersTable1BBEDB6DArn8763273B = arn:aws:dynamodb:us-east-1:607250385528:table/ChatBooking-Providers
deploy	Deploy with CDK	2025-12-25T14:53:18.4123617Z ChatBooking-dev-Database.ExportsOutputFnGetAttServicesTableF56E8DC5ArnE543C7F6 = arn:aws:dynamodb:us-east-1:607250385528:table/ChatBooking-Services
deploy	Deploy with CDK	2025-12-25T14:53:18.4126297Z ChatBooking-dev-Database.ExportsOutputFnGetAttTenantUsageTableF384CCCAArnA8EBDD0E = arn:aws:dynamodb:us-east-1:607250385528:table/ChatBooking-TenantUsage
deploy	Deploy with CDK	2025-12-25T14:53:18.4128745Z ChatBooking-dev-Database.ExportsOutputFnGetAttTenantsTableB701DC57ArnFFAEC087 = arn:aws:dynamodb:us-east-1:607250385528:table/ChatBooking-Tenants
deploy	Deploy with CDK	2025-12-25T14:53:18.4131205Z ChatBooking-dev-Database.ExportsOutputFnGetAttWorkflowsTable4E215008Arn0D44497B = arn:aws:dynamodb:us-east-1:607250385528:table/ChatBooking-Workflows
deploy	Deploy with CDK	2025-12-25T14:53:18.4133189Z ChatBooking-dev-Database.ExportsOutputRefApiKeysTable9F4DC7E79648F444 = ChatBooking-ApiKeys
deploy	Deploy with CDK	2025-12-25T14:53:18.4135186Z ChatBooking-dev-Database.ExportsOutputRefAvailabilityTable497A1E6E14D99412 = ChatBooking-ProviderAvailability
deploy	Deploy with CDK	2025-12-25T14:53:18.4136937Z ChatBooking-dev-Database.ExportsOutputRefBookingsTableB262848587A36CBD = ChatBooking-Bookings
deploy	Deploy with CDK	2025-12-25T14:53:18.4138888Z ChatBooking-dev-Database.ExportsOutputRefCategoriesTable9FFF5A678A053E38 = ChatBooking-Categories
deploy	Deploy with CDK	2025-12-25T14:53:18.4140635Z ChatBooking-dev-Database.ExportsOutputRefConversationsTableCD91EB96EE2E4585 = ChatBooking-Conversations
deploy	Deploy with CDK	2025-12-25T14:53:18.4142335Z ChatBooking-dev-Database.ExportsOutputRefDocumentsTable7E808EE5AF045745 = ChatBooking-Documents
deploy	Deploy with CDK	2025-12-25T14:53:18.4143863Z ChatBooking-dev-Database.ExportsOutputRefFAQsTableB80729705EF12C8E = ChatBooking-FAQs
deploy	Deploy with CDK	2025-12-25T14:53:18.4145579Z ChatBooking-dev-Database.ExportsOutputRefProvidersTable1BBEDB6D429B9BF2 = ChatBooking-Providers
deploy	Deploy with CDK	2025-12-25T14:53:18.4147136Z ChatBooking-dev-Database.ExportsOutputRefServicesTableF56E8DC54FC0C84D = ChatBooking-Services
deploy	Deploy with CDK	2025-12-25T14:53:18.4148753Z ChatBooking-dev-Database.ExportsOutputRefTenantUsageTableF384CCCA317F1334 = ChatBooking-TenantUsage
deploy	Deploy with CDK	2025-12-25T14:53:18.4150248Z ChatBooking-dev-Database.ExportsOutputRefTenantsTableB701DC57BE8E768B = ChatBooking-Tenants
deploy	Deploy with CDK	2025-12-25T14:53:18.4151837Z ChatBooking-dev-Database.ExportsOutputRefWorkflowsTable4E215008D0FFE690 = ChatBooking-Workflows
deploy	Deploy with CDK	2025-12-25T14:53:18.4152889Z ChatBooking-dev-Database.FAQsTableName = ChatBooking-FAQs
deploy	Deploy with CDK	2025-12-25T14:53:18.4153452Z ChatBooking-dev-Database.ProvidersTableName = ChatBooking-Providers
deploy	Deploy with CDK	2025-12-25T14:53:18.4154015Z ChatBooking-dev-Database.ServicesTableName = ChatBooking-Services
deploy	Deploy with CDK	2025-12-25T14:53:18.4154824Z ChatBooking-dev-Database.TenantUsageTableName = ChatBooking-TenantUsage
deploy	Deploy with CDK	2025-12-25T14:53:18.4155374Z ChatBooking-dev-Database.TenantsTableName = ChatBooking-Tenants
deploy	Deploy with CDK	2025-12-25T14:53:18.4155905Z ChatBooking-dev-Database.WorkflowsTableName = ChatBooking-Workflows
deploy	Deploy with CDK	2025-12-25T14:53:18.4156269Z Stack ARN:
deploy	Deploy with CDK	2025-12-25T14:53:18.4156825Z arn:aws:cloudformation:us-east-1:607250385528:stack/ChatBooking-dev-Database/734ed200-d5f3-11f0-aad1-0e2b43abba09
deploy	Deploy with CDK	2025-12-25T14:53:18.4157235Z 
deploy	Deploy with CDK	2025-12-25T14:53:18.4157442Z âœ¨  Total time: 64.86s
deploy	Deploy with CDK	2025-12-25T14:53:18.4157594Z 
deploy	Deploy with CDK	2025-12-25T14:53:18.4157705Z ChatBooking-dev-VectorDB
deploy	Deploy with CDK	2025-12-25T14:53:18.4158022Z ChatBooking-dev-VectorDB: deploying... [3/5]
deploy	Deploy with CDK	2025-12-25T14:53:18.6582240Z ChatBooking-dev-VectorDB: creating CloudFormation changeset...
deploy	Deploy with CDK	2025-12-25T14:53:27.1377921Z ChatBooking-dev-VectorDB |  0/23 | 2:53:19 PM | REVIEW_IN_PROGRESS   | AWS::CloudFormation::Stack                  | ChatBooking-dev-VectorDB User Initiated
deploy	Deploy with CDK	2025-12-25T14:53:27.1379401Z ChatBooking-dev-VectorDB |  0/23 | 2:53:24 PM | CREATE_IN_PROGRESS   | AWS::CloudFormation::Stack                  | ChatBooking-dev-VectorDB User Initiated
deploy	Deploy with CDK	2025-12-25T14:53:29.2760308Z ChatBooking-dev-VectorDB |  0/23 | 2:53:28 PM | CREATE_IN_PROGRESS   | AWS::EC2::VPC                               | ChatBookingVpc (ChatBookingVpcFB08EB92) 
deploy	Deploy with CDK	2025-12-25T14:53:29.2761953Z ChatBooking-dev-VectorDB |  0/23 | 2:53:28 PM | CREATE_IN_PROGRESS   | AWS::CDK::Metadata                          | CDKMetadata/Default (CDKMetadata) 
deploy	Deploy with CDK	2025-12-25T14:53:29.2763631Z ChatBooking-dev-VectorDB |  0/23 | 2:53:28 PM | CREATE_IN_PROGRESS   | AWS::SecretsManager::Secret                 | VectorDatabase/Secret (VectorDatabaseSecret18D3CE76) 
deploy	Deploy with CDK	2025-12-25T14:53:31.4269358Z ChatBooking-dev-VectorDB |  0/23 | 2:53:29 PM | CREATE_IN_PROGRESS   | AWS::CDK::Metadata                          | CDKMetadata/Default (CDKMetadata) Resource creation Initiated
deploy	Deploy with CDK	2025-12-25T14:53:31.4271404Z ChatBooking-dev-VectorDB |  0/23 | 2:53:29 PM | CREATE_IN_PROGRESS   | AWS::SecretsManager::Secret                 | VectorDatabase/Secret (VectorDatabaseSecret18D3CE76) Resource creation Initiated
deploy	Deploy with CDK	2025-12-25T14:53:31.4273822Z ChatBooking-dev-VectorDB |  1/23 | 2:53:29 PM | CREATE_COMPLETE      | AWS::CDK::Metadata                          | CDKMetadata/Default (CDKMetadata) 
deploy	Deploy with CDK	2025-12-25T14:53:31.4276795Z ChatBooking-dev-VectorDB |  1/23 | 2:53:29 PM | CREATE_IN_PROGRESS   | AWS::EC2::VPC                               | ChatBookingVpc (ChatBookingVpcFB08EB92) Resource creation Initiated
deploy	Deploy with CDK	2025-12-25T14:53:31.4279914Z ChatBooking-dev-VectorDB |  2/23 | 2:53:30 PM | CREATE_COMPLETE      | AWS::SecretsManager::Secret                 | VectorDatabase/Secret (VectorDatabaseSecret18D3CE76) 
deploy	Deploy with CDK	2025-12-25T14:53:42.0600293Z ChatBooking-dev-VectorDB |  3/23 | 2:53:41 PM | CREATE_COMPLETE      | AWS::EC2::VPC                               | ChatBookingVpc (ChatBookingVpcFB08EB92) 
deploy	Deploy with CDK	2025-12-25T14:53:44.2296058Z ChatBooking-dev-VectorDB |  3/23 | 2:53:42 PM | CREATE_IN_PROGRESS   | AWS::EC2::Subnet                            | ChatBookingVpc/IsolatedSubnet2/Subnet (ChatBookingVpcIsolatedSubnet2SubnetEE3163B2) 
deploy	Deploy with CDK	2025-12-25T14:53:44.2299080Z ChatBooking-dev-VectorDB |  3/23 | 2:53:42 PM | CREATE_IN_PROGRESS   | AWS::EC2::RouteTable                        | ChatBookingVpc/IsolatedSubnet1/RouteTable (ChatBookingVpcIsolatedSubnet1RouteTable0D9C1C20) 
deploy	Deploy with CDK	2025-12-25T14:53:44.2302121Z ChatBooking-dev-VectorDB |  3/23 | 2:53:42 PM | CREATE_IN_PROGRESS   | AWS::EC2::RouteTable                        | ChatBookingVpc/IsolatedSubnet2/RouteTable (ChatBookingVpcIsolatedSubnet2RouteTableE15BC413) 
deploy	Deploy with CDK	2025-12-25T14:53:44.2304056Z ChatBooking-dev-VectorDB |  3/23 | 2:53:42 PM | CREATE_IN_PROGRESS   | AWS::EC2::SecurityGroup                     | DbSecurityGroup (DbSecurityGroupE9D701AD) 
deploy	Deploy with CDK	2025-12-25T14:53:44.2305830Z ChatBooking-dev-VectorDB |  3/23 | 2:53:42 PM | CREATE_IN_PROGRESS   | AWS::EC2::Subnet                            | ChatBookingVpc/IsolatedSubnet1/Subnet (ChatBookingVpcIsolatedSubnet1Subnet32DB4342) 
deploy	Deploy with CDK	2025-12-25T14:53:44.2307838Z ChatBooking-dev-VectorDB |  3/23 | 2:53:43 PM | CREATE_IN_PROGRESS   | AWS::EC2::SecurityGroup                     | ChatBookingVpc/BedrockRuntimeEndpoint/SecurityGroup (ChatBookingVpcBedrockRuntimeEndpointSecurityGroup9F1DD5D8) 
deploy	Deploy with CDK	2025-12-25T14:53:44.2310076Z ChatBooking-dev-VectorDB |  3/23 | 2:53:43 PM | CREATE_IN_PROGRESS   | AWS::EC2::SecurityGroup                     | ChatBookingVpc/SecretsManagerEndpoint/SecurityGroup (ChatBookingVpcSecretsManagerEndpointSecurityGroupE8538BCA) 
deploy	Deploy with CDK	2025-12-25T14:53:44.2312246Z ChatBooking-dev-VectorDB |  3/23 | 2:53:43 PM | CREATE_IN_PROGRESS   | AWS::EC2::SecurityGroup                     | ChatBookingVpc/LogsEndpoint/SecurityGroup (ChatBookingVpcLogsEndpointSecurityGroup4E6F9D52) 
deploy	Deploy with CDK	2025-12-25T14:53:44.2314447Z ChatBooking-dev-VectorDB |  3/23 | 2:53:43 PM | CREATE_IN_PROGRESS   | AWS::EC2::RouteTable                        | ChatBookingVpc/IsolatedSubnet1/RouteTable (ChatBookingVpcIsolatedSubnet1RouteTable0D9C1C20) Resource creation Initiated
deploy	Deploy with CDK	2025-12-25T14:53:44.2316409Z ChatBooking-dev-VectorDB |  3/23 | 2:53:43 PM | CREATE_IN_PROGRESS   | AWS::EC2::RouteTable                        | ChatBookingVpc/IsolatedSubnet2/RouteTable (ChatBookingVpcIsolatedSubnet2RouteTableE15BC413) Resource creation Initiated
deploy	Deploy with CDK	2025-12-25T14:53:44.2317954Z ChatBooking-dev-VectorDB |  3/23 | 2:53:43 PM | CREATE_IN_PROGRESS   | AWS::EC2::Subnet                            | ChatBookingVpc/IsolatedSubnet2/Subnet (ChatBookingVpcIsolatedSubnet2SubnetEE3163B2) Resource creation Initiated
deploy	Deploy with CDK	2025-12-25T14:53:44.2319428Z ChatBooking-dev-VectorDB |  3/23 | 2:53:43 PM | CREATE_IN_PROGRESS   | AWS::EC2::Subnet                            | ChatBookingVpc/IsolatedSubnet1/Subnet (ChatBookingVpcIsolatedSubnet1Subnet32DB4342) Resource creation Initiated
deploy	Deploy with CDK	2025-12-25T14:53:46.3810547Z ChatBooking-dev-VectorDB |  3/23 | 2:53:44 PM | CREATE_IN_PROGRESS   | AWS::EC2::RouteTable                        | ChatBookingVpc/IsolatedSubnet2/RouteTable (ChatBookingVpcIsolatedSubnet2RouteTableE15BC413) Eventual consistency check initiated
deploy	Deploy with CDK	2025-12-25T14:53:46.3814629Z ChatBooking-dev-VectorDB |  3/23 | 2:53:44 PM | CREATE_IN_PROGRESS   | AWS::EC2::RouteTable                        | ChatBookingVpc/IsolatedSubnet1/RouteTable (ChatBookingVpcIsolatedSubnet1RouteTable0D9C1C20) Eventual consistency check initiated
deploy	Deploy with CDK	2025-12-25T14:53:46.3817624Z ChatBooking-dev-VectorDB |  3/23 | 2:53:44 PM | CREATE_IN_PROGRESS   | AWS::EC2::VPCEndpoint                       | ChatBookingVpc/DynamoDbEndpoint (ChatBookingVpcDynamoDbEndpointC7F40A96) 
deploy	Deploy with CDK	2025-12-25T14:53:46.3819621Z ChatBooking-dev-VectorDB |  3/23 | 2:53:44 PM | CREATE_IN_PROGRESS   | AWS::EC2::VPCEndpoint                       | ChatBookingVpc/S3Endpoint (ChatBookingVpcS3Endpoint696D3483) 
deploy	Deploy with CDK	2025-12-25T14:53:46.3821548Z ChatBooking-dev-VectorDB |  3/23 | 2:53:45 PM | CREATE_IN_PROGRESS   | AWS::EC2::SecurityGroup                     | DbSecurityGroup (DbSecurityGroupE9D701AD) Resource creation Initiated
deploy	Deploy with CDK	2025-12-25T14:53:46.3823703Z ChatBooking-dev-VectorDB |  3/23 | 2:53:45 PM | CREATE_IN_PROGRESS   | AWS::EC2::SecurityGroup                     | ChatBookingVpc/BedrockRuntimeEndpoint/SecurityGroup (ChatBookingVpcBedrockRuntimeEndpointSecurityGroup9F1DD5D8) Resource creation Initiated
deploy	Deploy with CDK	2025-12-25T14:53:46.3826172Z ChatBooking-dev-VectorDB |  3/23 | 2:53:45 PM | CREATE_IN_PROGRESS   | AWS::EC2::SecurityGroup                     | ChatBookingVpc/LogsEndpoint/SecurityGroup (ChatBookingVpcLogsEndpointSecurityGroup4E6F9D52) Resource creation Initiated
deploy	Deploy with CDK	2025-12-25T14:53:46.3827936Z ChatBooking-dev-VectorDB |  3/23 | 2:53:45 PM | CREATE_IN_PROGRESS   | AWS::EC2::SecurityGroup                     | ChatBookingVpc/SecretsManagerEndpoint/SecurityGroup (ChatBookingVpcSecretsManagerEndpointSecurityGroupE8538BCA) Resource creation Initiated
deploy	Deploy with CDK	2025-12-25T14:53:48.5418880Z ChatBooking-dev-VectorDB |  4/23 | 2:53:46 PM | CREATE_COMPLETE      | AWS::EC2::Subnet                            | ChatBookingVpc/IsolatedSubnet2/Subnet (ChatBookingVpcIsolatedSubnet2SubnetEE3163B2) 
deploy	Deploy with CDK	2025-12-25T14:53:48.5421125Z ChatBooking-dev-VectorDB |  5/23 | 2:53:47 PM | CREATE_COMPLETE      | AWS::EC2::Subnet                            | ChatBookingVpc/IsolatedSubnet1/Subnet (ChatBookingVpcIsolatedSubnet1Subnet32DB4342) 
deploy	Deploy with CDK	2025-12-25T14:53:48.5422989Z ChatBooking-dev-VectorDB |  5/23 | 2:53:47 PM | CREATE_IN_PROGRESS   | AWS::EC2::VPCEndpoint                       | ChatBookingVpc/S3Endpoint (ChatBookingVpcS3Endpoint696D3483) Resource creation Initiated
deploy	Deploy with CDK	2025-12-25T14:53:48.5425421Z ChatBooking-dev-VectorDB |  5/23 | 2:53:47 PM | CREATE_IN_PROGRESS   | AWS::EC2::SubnetRouteTableAssociation       | ChatBookingVpc/IsolatedSubnet2/RouteTableAssociation (ChatBookingVpcIsolatedSubnet2RouteTableAssociationD2BA09A3) 
deploy	Deploy with CDK	2025-12-25T14:53:48.5428079Z ChatBooking-dev-VectorDB |  5/23 | 2:53:47 PM | CREATE_IN_PROGRESS   | AWS::EC2::SubnetRouteTableAssociation       | ChatBookingVpc/IsolatedSubnet1/RouteTableAssociation (ChatBookingVpcIsolatedSubnet1RouteTableAssociation164D906C) 
deploy	Deploy with CDK	2025-12-25T14:53:48.5430791Z ChatBooking-dev-VectorDB |  5/23 | 2:53:47 PM | CREATE_IN_PROGRESS   | AWS::EC2::VPCEndpoint                       | ChatBookingVpc/DynamoDbEndpoint (ChatBookingVpcDynamoDbEndpointC7F40A96) Resource creation Initiated
deploy	Deploy with CDK	2025-12-25T14:53:48.5432712Z ChatBooking-dev-VectorDB |  5/23 | 2:53:47 PM | CREATE_IN_PROGRESS   | AWS::RDS::DBSubnetGroup                     | VectorDatabase/Subnets/Default (VectorDatabaseSubnets1815A9FB) 
deploy	Deploy with CDK	2025-12-25T14:53:48.5434500Z ChatBooking-dev-VectorDB |  6/23 | 2:53:48 PM | CREATE_COMPLETE      | AWS::EC2::VPCEndpoint                       | ChatBookingVpc/S3Endpoint (ChatBookingVpcS3Endpoint696D3483) 
deploy	Deploy with CDK	2025-12-25T14:53:48.5435944Z ChatBooking-dev-VectorDB |  7/23 | 2:53:48 PM | CREATE_COMPLETE      | AWS::EC2::VPCEndpoint                       | ChatBookingVpc/DynamoDbEndpoint (ChatBookingVpcDynamoDbEndpointC7F40A96) 
deploy	Deploy with CDK	2025-12-25T14:53:50.7145898Z ChatBooking-dev-VectorDB |  7/23 | 2:53:48 PM | CREATE_IN_PROGRESS   | AWS::RDS::DBSubnetGroup                     | VectorDatabase/Subnets/Default (VectorDatabaseSubnets1815A9FB) Resource creation Initiated
deploy	Deploy with CDK	2025-12-25T14:53:50.7148549Z ChatBooking-dev-VectorDB |  7/23 | 2:53:48 PM | CREATE_IN_PROGRESS   | AWS::EC2::SubnetRouteTableAssociation       | ChatBookingVpc/IsolatedSubnet1/RouteTableAssociation (ChatBookingVpcIsolatedSubnet1RouteTableAssociation164D906C) Resource creation Initiated
deploy	Deploy with CDK	2025-12-25T14:53:50.7150568Z ChatBooking-dev-VectorDB |  7/23 | 2:53:48 PM | CREATE_IN_PROGRESS   | AWS::EC2::SubnetRouteTableAssociation       | ChatBookingVpc/IsolatedSubnet2/RouteTableAssociation (ChatBookingVpcIsolatedSubnet2RouteTableAssociationD2BA09A3) Resource creation Initiated
deploy	Deploy with CDK	2025-12-25T14:53:50.7152684Z ChatBooking-dev-VectorDB |  8/23 | 2:53:49 PM | CREATE_COMPLETE      | AWS::EC2::SubnetRouteTableAssociation       | ChatBookingVpc/IsolatedSubnet1/RouteTableAssociation (ChatBookingVpcIsolatedSubnet1RouteTableAssociation164D906C) 
deploy	Deploy with CDK	2025-12-25T14:53:50.7154742Z ChatBooking-dev-VectorDB |  9/23 | 2:53:49 PM | CREATE_COMPLETE      | AWS::EC2::SubnetRouteTableAssociation       | ChatBookingVpc/IsolatedSubnet2/RouteTableAssociation (ChatBookingVpcIsolatedSubnet2RouteTableAssociationD2BA09A3) 
deploy	Deploy with CDK	2025-12-25T14:53:52.9165335Z ChatBooking-dev-VectorDB | 10/23 | 2:53:52 PM | CREATE_COMPLETE      | AWS::EC2::SecurityGroup                     | DbSecurityGroup (DbSecurityGroupE9D701AD) 
deploy	Deploy with CDK	2025-12-25T14:53:52.9166712Z ChatBooking-dev-VectorDB | 11/23 | 2:53:52 PM | CREATE_COMPLETE      | AWS::RDS::DBSubnetGroup                     | VectorDatabase/Subnets/Default (VectorDatabaseSubnets1815A9FB) 
deploy	Deploy with CDK	2025-12-25T14:53:55.1097246Z ChatBooking-dev-VectorDB | 12/23 | 2:53:52 PM | CREATE_COMPLETE      | AWS::EC2::SecurityGroup                     | ChatBookingVpc/BedrockRuntimeEndpoint/SecurityGroup (ChatBookingVpcBedrockRuntimeEndpointSecurityGroup9F1DD5D8) 
deploy	Deploy with CDK	2025-12-25T14:53:55.1100263Z ChatBooking-dev-VectorDB | 13/23 | 2:53:52 PM | CREATE_COMPLETE      | AWS::EC2::SecurityGroup                     | ChatBookingVpc/LogsEndpoint/SecurityGroup (ChatBookingVpcLogsEndpointSecurityGroup4E6F9D52) 
deploy	Deploy with CDK	2025-12-25T14:53:55.1103639Z ChatBooking-dev-VectorDB | 14/23 | 2:53:52 PM | CREATE_COMPLETE      | AWS::EC2::SecurityGroup                     | ChatBookingVpc/SecretsManagerEndpoint/SecurityGroup (ChatBookingVpcSecretsManagerEndpointSecurityGroupE8538BCA) 
deploy	Deploy with CDK	2025-12-25T14:53:55.1105457Z ChatBooking-dev-VectorDB | 14/23 | 2:53:53 PM | CREATE_IN_PROGRESS   | AWS::EC2::VPCEndpoint                       | ChatBookingVpc/BedrockRuntimeEndpoint (ChatBookingVpcBedrockRuntimeEndpoint1A9ECDDE) 
deploy	Deploy with CDK	2025-12-25T14:53:55.1106722Z ChatBooking-dev-VectorDB | 14/23 | 2:53:53 PM | CREATE_IN_PROGRESS   | AWS::EC2::VPCEndpoint                       | ChatBookingVpc/LogsEndpoint (ChatBookingVpcLogsEndpointC0808B9A) 
deploy	Deploy with CDK	2025-12-25T14:53:55.1107967Z ChatBooking-dev-VectorDB | 14/23 | 2:53:53 PM | CREATE_IN_PROGRESS   | AWS::EC2::VPCEndpoint                       | ChatBookingVpc/SecretsManagerEndpoint (ChatBookingVpcSecretsManagerEndpointB76B0E7F) 
deploy	Deploy with CDK	2025-12-25T14:53:55.1109339Z ChatBooking-dev-VectorDB | 14/23 | 2:53:53 PM | CREATE_IN_PROGRESS   | AWS::RDS::DBCluster                         | VectorDatabase (VectorDatabase3F35B757) 
deploy	Deploy with CDK	2025-12-25T14:53:55.1110514Z ChatBooking-dev-VectorDB | 15/23 | 2:53:54 PM | CREATE_COMPLETE      | AWS::EC2::RouteTable                        | ChatBookingVpc/IsolatedSubnet2/RouteTable (ChatBookingVpcIsolatedSubnet2RouteTableE15BC413) 
deploy	Deploy with CDK	2025-12-25T14:53:55.1111862Z ChatBooking-dev-VectorDB | 16/23 | 2:53:54 PM | CREATE_COMPLETE      | AWS::EC2::RouteTable                        | ChatBookingVpc/IsolatedSubnet1/RouteTable (ChatBookingVpcIsolatedSubnet1RouteTable0D9C1C20) 
deploy	Deploy with CDK	2025-12-25T14:53:57.2833915Z ChatBooking-dev-VectorDB | 16/23 | 2:53:55 PM | CREATE_IN_PROGRESS   | AWS::RDS::DBCluster                         | VectorDatabase (VectorDatabase3F35B757) Resource creation Initiated
deploy	Deploy with CDK	2025-12-25T14:53:57.2836221Z ChatBooking-dev-VectorDB | 16/23 | 2:53:55 PM | CREATE_IN_PROGRESS   | AWS::EC2::VPCEndpoint                       | ChatBookingVpc/LogsEndpoint (ChatBookingVpcLogsEndpointC0808B9A) Resource creation Initiated
deploy	Deploy with CDK	2025-12-25T14:53:57.2838557Z ChatBooking-dev-VectorDB | 16/23 | 2:53:55 PM | CREATE_IN_PROGRESS   | AWS::EC2::VPCEndpoint                       | ChatBookingVpc/SecretsManagerEndpoint (ChatBookingVpcSecretsManagerEndpointB76B0E7F) Resource creation Initiated
deploy	Deploy with CDK	2025-12-25T14:53:57.2841032Z ChatBooking-dev-VectorDB | 16/23 | 2:53:55 PM | CREATE_IN_PROGRESS   | AWS::EC2::VPCEndpoint                       | ChatBookingVpc/BedrockRuntimeEndpoint (ChatBookingVpcBedrockRuntimeEndpoint1A9ECDDE) Resource creation Initiated
deploy	Deploy with CDK	2025-12-25T14:53:57.2844750Z ChatBooking-dev-VectorDB | 16/23 | 2:53:56 PM | CREATE_FAILED        | AWS::RDS::DBCluster                         | VectorDatabase (VectorDatabase3F35B757) Resource handler returned message: "Cannot find version 15.3 for aurora-postgresql (Service: Rds, Status Code: 400, Request ID: 4958b6d7-9e87-4c63-a628-ab6eba01bf00) (SDK Attempt Count: 1)" (RequestToken: 1e510987-f0ce-fb85-0125-1162afb9a4f7, HandlerErrorCode: InvalidRequest)
deploy	Deploy with CDK	2025-12-25T14:53:59.5103720Z ChatBooking-dev-VectorDB | 16/23 | 2:53:57 PM | CREATE_FAILED        | AWS::EC2::VPCEndpoint                       | ChatBookingVpc/LogsEndpoint (ChatBookingVpcLogsEndpointC0808B9A) Resource creation cancelled
deploy	Deploy with CDK	2025-12-25T14:53:59.5106328Z ChatBooking-dev-VectorDB | 16/23 | 2:53:57 PM | CREATE_FAILED        | AWS::EC2::VPCEndpoint                       | ChatBookingVpc/BedrockRuntimeEndpoint (ChatBookingVpcBedrockRuntimeEndpoint1A9ECDDE) Resource creation cancelled
deploy	Deploy with CDK	2025-12-25T14:53:59.5109287Z ChatBooking-dev-VectorDB | 16/23 | 2:53:57 PM | CREATE_FAILED        | AWS::EC2::VPCEndpoint                       | ChatBookingVpc/SecretsManagerEndpoint (ChatBookingVpcSecretsManagerEndpointB76B0E7F) Resource creation cancelled
deploy	Deploy with CDK	2025-12-25T14:53:59.5115231Z ChatBooking-dev-VectorDB | 16/23 | 2:53:57 PM | ROLLBACK_IN_PROGRESS | AWS::CloudFormation::Stack                  | ChatBooking-dev-VectorDB The following resource(s) failed to create: [ChatBookingVpcSecretsManagerEndpointB76B0E7F, ChatBookingVpcBedrockRuntimeEndpoint1A9ECDDE, ChatBookingVpcLogsEndpointC0808B9A, VectorDatabase3F35B757]. Rollback requested by user.
deploy	Deploy with CDK	2025-12-25T14:54:01.7112163Z ChatBooking-dev-VectorDB | 16/23 | 2:54:00 PM | DELETE_IN_PROGRESS   | AWS::EC2::SubnetRouteTableAssociation       | ChatBookingVpc/IsolatedSubnet1/RouteTableAssociation (ChatBookingVpcIsolatedSubnet1RouteTableAssociation164D906C) 
deploy	Deploy with CDK	2025-12-25T14:54:01.7115168Z ChatBooking-dev-VectorDB | 16/23 | 2:54:00 PM | DELETE_IN_PROGRESS   | AWS::EC2::VPCEndpoint                       | ChatBookingVpc/S3Endpoint (ChatBookingVpcS3Endpoint696D3483) 
deploy	Deploy with CDK	2025-12-25T14:54:01.7117380Z ChatBooking-dev-VectorDB | 16/23 | 2:54:00 PM | DELETE_IN_PROGRESS   | AWS::EC2::VPCEndpoint                       | ChatBookingVpc/BedrockRuntimeEndpoint (ChatBookingVpcBedrockRuntimeEndpoint1A9ECDDE) 
deploy	Deploy with CDK	2025-12-25T14:54:01.7119128Z ChatBooking-dev-VectorDB | 16/23 | 2:54:00 PM | DELETE_IN_PROGRESS   | AWS::CDK::Metadata                          | CDKMetadata/Default (CDKMetadata) 
deploy	Deploy with CDK	2025-12-25T14:54:01.7121516Z ChatBooking-dev-VectorDB | 16/23 | 2:54:00 PM | DELETE_IN_PROGRESS   | AWS::EC2::SubnetRouteTableAssociation       | ChatBookingVpc/IsolatedSubnet2/RouteTableAssociation (ChatBookingVpcIsolatedSubnet2RouteTableAssociationD2BA09A3) 
deploy	Deploy with CDK	2025-12-25T14:54:01.7123349Z ChatBooking-dev-VectorDB | 16/23 | 2:54:00 PM | DELETE_IN_PROGRESS   | AWS::EC2::VPCEndpoint                       | ChatBookingVpc/LogsEndpoint (ChatBookingVpcLogsEndpointC0808B9A) 
deploy	Deploy with CDK	2025-12-25T14:54:01.7124880Z ChatBooking-dev-VectorDB | 16/23 | 2:54:00 PM | DELETE_IN_PROGRESS   | AWS::EC2::VPCEndpoint                       | ChatBookingVpc/DynamoDbEndpoint (ChatBookingVpcDynamoDbEndpointC7F40A96) 
deploy	Deploy with CDK	2025-12-25T14:54:01.7126281Z ChatBooking-dev-VectorDB | 16/23 | 2:54:00 PM | DELETE_IN_PROGRESS   | AWS::EC2::VPCEndpoint                       | ChatBookingVpc/SecretsManagerEndpoint (ChatBookingVpcSecretsManagerEndpointB76B0E7F) 
deploy	Deploy with CDK	2025-12-25T14:54:01.7127495Z ChatBooking-dev-VectorDB | 16/23 | 2:54:00 PM | DELETE_SKIPPED       | AWS::RDS::DBCluster                         | VectorDatabase (VectorDatabase3F35B757) 
deploy	Deploy with CDK	2025-12-25T14:54:01.7128557Z ChatBooking-dev-VectorDB | 16/23 | 2:54:00 PM | DELETE_IN_PROGRESS   | AWS::EC2::SecurityGroup                     | DbSecurityGroup (DbSecurityGroupE9D701AD) 
deploy	Deploy with CDK	2025-12-25T14:54:01.7129693Z ChatBooking-dev-VectorDB | 16/23 | 2:54:00 PM | DELETE_IN_PROGRESS   | AWS::SecretsManager::Secret                 | VectorDatabase/Secret (VectorDatabaseSecret18D3CE76) 
deploy	Deploy with CDK	2025-12-25T14:54:01.7130778Z ChatBooking-dev-VectorDB | 15/23 | 2:54:01 PM | DELETE_COMPLETE      | AWS::CDK::Metadata                          | CDKMetadata/Default (CDKMetadata) 
deploy	Deploy with CDK	2025-12-25T14:54:01.7132061Z ChatBooking-dev-VectorDB | 15/23 | 2:54:01 PM | DELETE_SKIPPED       | AWS::RDS::DBSubnetGroup                     | VectorDatabase/Subnets/Default (VectorDatabaseSubnets1815A9FB) 
deploy	Deploy with CDK	2025-12-25T14:54:01.7133289Z ChatBooking-dev-VectorDB | 14/23 | 2:54:01 PM | DELETE_COMPLETE      | AWS::EC2::VPCEndpoint                       | ChatBookingVpc/DynamoDbEndpoint (ChatBookingVpcDynamoDbEndpointC7F40A96) 
deploy	Deploy with CDK	2025-12-25T14:54:03.9134167Z ChatBooking-dev-VectorDB | 13/23 | 2:54:01 PM | DELETE_COMPLETE      | AWS::EC2::VPCEndpoint                       | ChatBookingVpc/S3Endpoint (ChatBookingVpcS3Endpoint696D3483) 
deploy	Deploy with CDK	2025-12-25T14:54:03.9135989Z ChatBooking-dev-VectorDB | 12/23 | 2:54:02 PM | DELETE_COMPLETE      | AWS::EC2::SecurityGroup                     | DbSecurityGroup (DbSecurityGroupE9D701AD) 
deploy	Deploy with CDK	2025-12-25T14:54:08.3221510Z ChatBooking-dev-VectorDB | 11/23 | 2:54:07 PM | DELETE_COMPLETE      | AWS::SecretsManager::Secret                 | VectorDatabase/Secret (VectorDatabaseSecret18D3CE76) 
deploy	Deploy with CDK	2025-12-25T14:54:17.1098726Z ChatBooking-dev-VectorDB | 10/23 | 2:54:16 PM | DELETE_COMPLETE      | AWS::EC2::SubnetRouteTableAssociation       | ChatBookingVpc/IsolatedSubnet1/RouteTableAssociation (ChatBookingVpcIsolatedSubnet1RouteTableAssociation164D906C) 
deploy	Deploy with CDK	2025-12-25T14:54:17.1102247Z ChatBooking-dev-VectorDB |  9/23 | 2:54:16 PM | DELETE_COMPLETE      | AWS::EC2::SubnetRouteTableAssociation       | ChatBookingVpc/IsolatedSubnet2/RouteTableAssociation (ChatBookingVpcIsolatedSubnet2RouteTableAssociationD2BA09A3) 
deploy	Deploy with CDK	2025-12-25T14:54:17.1104800Z ChatBooking-dev-VectorDB |  9/23 | 2:54:16 PM | DELETE_IN_PROGRESS   | AWS::EC2::RouteTable                        | ChatBookingVpc/IsolatedSubnet1/RouteTable (ChatBookingVpcIsolatedSubnet1RouteTable0D9C1C20) 
deploy	Deploy with CDK	2025-12-25T14:54:17.1106259Z ChatBooking-dev-VectorDB |  9/23 | 2:54:16 PM | DELETE_IN_PROGRESS   | AWS::EC2::RouteTable                        | ChatBookingVpc/IsolatedSubnet2/RouteTable (ChatBookingVpcIsolatedSubnet2RouteTableE15BC413) 
deploy	Deploy with CDK	2025-12-25T14:54:19.3149782Z ChatBooking-dev-VectorDB |  8/23 | 2:54:18 PM | DELETE_COMPLETE      | AWS::EC2::RouteTable                        | ChatBookingVpc/IsolatedSubnet1/RouteTable (ChatBookingVpcIsolatedSubnet1RouteTable0D9C1C20) 
deploy	Deploy with CDK	2025-12-25T14:54:19.3152688Z ChatBooking-dev-VectorDB |  7/23 | 2:54:18 PM | DELETE_COMPLETE      | AWS::EC2::RouteTable                        | ChatBookingVpc/IsolatedSubnet2/RouteTable (ChatBookingVpcIsolatedSubnet2RouteTableE15BC413) 
deploy	Deploy with CDK	2025-12-25T14:55:23.2018676Z ChatBooking-dev-VectorDB |  8/23 | 2:55:21 PM | DELETE_COMPLETE      | AWS::EC2::VPCEndpoint                       | ChatBookingVpc/LogsEndpoint (ChatBookingVpcLogsEndpointC0808B9A) 
deploy	Deploy with CDK	2025-12-25T14:55:23.2020816Z ChatBooking-dev-VectorDB |  8/23 | 2:55:22 PM | DELETE_IN_PROGRESS   | AWS::EC2::SecurityGroup                     | ChatBookingVpc/LogsEndpoint/SecurityGroup (ChatBookingVpcLogsEndpointSecurityGroup4E6F9D52) 
deploy	Deploy with CDK	2025-12-25T14:55:25.4089942Z ChatBooking-dev-VectorDB |  7/23 | 2:55:23 PM | DELETE_COMPLETE      | AWS::EC2::SecurityGroup                     | ChatBookingVpc/LogsEndpoint/SecurityGroup (ChatBookingVpcLogsEndpointSecurityGroup4E6F9D52) 
deploy	Deploy with CDK	2025-12-25T14:56:02.9015038Z ChatBooking-dev-VectorDB |  8/23 | 2:56:02 PM | DELETE_COMPLETE      | AWS::EC2::VPCEndpoint                       | ChatBookingVpc/BedrockRuntimeEndpoint (ChatBookingVpcBedrockRuntimeEndpoint1A9ECDDE) 
deploy	Deploy with CDK	2025-12-25T14:56:02.9017233Z ChatBooking-dev-VectorDB |  9/23 | 2:56:02 PM | DELETE_COMPLETE      | AWS::EC2::VPCEndpoint                       | ChatBookingVpc/SecretsManagerEndpoint (ChatBookingVpcSecretsManagerEndpointB76B0E7F) 
deploy	Deploy with CDK	2025-12-25T14:56:02.9019927Z ChatBooking-dev-VectorDB |  9/23 | 2:56:02 PM | DELETE_IN_PROGRESS   | AWS::EC2::SecurityGroup                     | ChatBookingVpc/BedrockRuntimeEndpoint/SecurityGroup (ChatBookingVpcBedrockRuntimeEndpointSecurityGroup9F1DD5D8) 
deploy	Deploy with CDK	2025-12-25T14:56:02.9023168Z ChatBooking-dev-VectorDB |  9/23 | 2:56:02 PM | DELETE_IN_PROGRESS   | AWS::EC2::Subnet                            | ChatBookingVpc/IsolatedSubnet2/Subnet (ChatBookingVpcIsolatedSubnet2SubnetEE3163B2) 
deploy	Deploy with CDK	2025-12-25T14:56:02.9026437Z ChatBooking-dev-VectorDB |  9/23 | 2:56:02 PM | DELETE_IN_PROGRESS   | AWS::EC2::Subnet                            | ChatBookingVpc/IsolatedSubnet1/Subnet (ChatBookingVpcIsolatedSubnet1Subnet32DB4342) 
deploy	Deploy with CDK	2025-12-25T14:56:02.9029361Z ChatBooking-dev-VectorDB |  9/23 | 2:56:02 PM | DELETE_IN_PROGRESS   | AWS::EC2::SecurityGroup                     | ChatBookingVpc/SecretsManagerEndpoint/SecurityGroup (ChatBookingVpcSecretsManagerEndpointSecurityGroupE8538BCA) 
deploy	Deploy with CDK	2025-12-25T14:56:05.0962985Z ChatBooking-dev-VectorDB |  8/23 | 2:56:03 PM | DELETE_COMPLETE      | AWS::EC2::SecurityGroup                     | ChatBookingVpc/BedrockRuntimeEndpoint/SecurityGroup (ChatBookingVpcBedrockRuntimeEndpointSecurityGroup9F1DD5D8) 
deploy	Deploy with CDK	2025-12-25T14:56:05.0965651Z ChatBooking-dev-VectorDB |  7/23 | 2:56:04 PM | DELETE_COMPLETE      | AWS::EC2::SecurityGroup                     | ChatBookingVpc/SecretsManagerEndpoint/SecurityGroup (ChatBookingVpcSecretsManagerEndpointSecurityGroupE8538BCA) 
deploy	Deploy with CDK	2025-12-25T14:56:05.0967542Z ChatBooking-dev-VectorDB |  6/23 | 2:56:04 PM | DELETE_COMPLETE      | AWS::EC2::Subnet                            | ChatBookingVpc/IsolatedSubnet1/Subnet (ChatBookingVpcIsolatedSubnet1Subnet32DB4342) 
deploy	Deploy with CDK	2025-12-25T14:56:05.0969393Z ChatBooking-dev-VectorDB |  5/23 | 2:56:04 PM | DELETE_COMPLETE      | AWS::EC2::Subnet                            | ChatBookingVpc/IsolatedSubnet2/Subnet (ChatBookingVpcIsolatedSubnet2SubnetEE3163B2) 
deploy	Deploy with CDK	2025-12-25T14:56:05.0970849Z ChatBooking-dev-VectorDB |  5/23 | 2:56:04 PM | DELETE_IN_PROGRESS   | AWS::EC2::VPC                               | ChatBookingVpc (ChatBookingVpcFB08EB92) 
deploy	Deploy with CDK	2025-12-25T14:56:07.2960594Z ChatBooking-dev-VectorDB |  4/23 | 2:56:06 PM | DELETE_COMPLETE      | AWS::EC2::VPC                               | ChatBookingVpc (ChatBookingVpcFB08EB92) 
deploy	Deploy with CDK	2025-12-25T14:56:07.2962562Z ChatBooking-dev-VectorDB |  5/23 | 2:56:06 PM | ROLLBACK_COMPLETE    | AWS::CloudFormation::Stack                  | ChatBooking-dev-VectorDB 
deploy	Deploy with CDK	2025-12-25T14:56:09.6937103Z 
deploy	Deploy with CDK	2025-12-25T14:56:09.6938172Z Failed resources:
deploy	Deploy with CDK	2025-12-25T14:56:09.6941004Z ChatBooking-dev-VectorDB | 2:53:56 PM | CREATE_FAILED        | AWS::RDS::DBCluster                         | VectorDatabase (VectorDatabase3F35B757) Resource handler returned message: "Cannot find version 15.3 for aurora-postgresql (Service: Rds, Status Code: 400, Request ID: 4958b6d7-9e87-4c63-a628-ab6eba01bf00) (SDK Attempt Count: 1)" (RequestToken: 1e510987-f0ce-fb85-0125-1162afb9a4f7, HandlerErrorCode: InvalidRequest)
deploy	Deploy with CDK	2025-12-25T14:56:09.7323091Z 
deploy	Deploy with CDK	2025-12-25T14:56:09.7323698Z NOTICES         (What's this? https://github.com/aws/aws-cdk/wiki/CLI-Notices)
deploy	Deploy with CDK	2025-12-25T14:56:09.7324035Z 
deploy	Deploy with CDK	2025-12-25T14:56:09.7327125Z 34892	CDK CLI will collect telemetry data on command usage starting at version 2.1100.0 (unless opted out)
deploy	Deploy with CDK	2025-12-25T14:56:09.7327543Z 
deploy	Deploy with CDK	2025-12-25T14:56:09.7327776Z 	Overview: We do not collect customer content and we anonymize the
deploy	Deploy with CDK	2025-12-25T14:56:09.7328253Z 	          telemetry we do collect. See the attached issue for more
deploy	Deploy with CDK	2025-12-25T14:56:09.7328666Z 	          information on what data is collected, why, and how to
deploy	Deploy with CDK	2025-12-25T14:56:09.7329076Z 	          opt-out. Telemetry will NOT be collected for any CDK CLI
deploy	Deploy with CDK	2025-12-25T14:56:09.7329482Z 	          version prior to version 2.1100.0 - regardless of
deploy	Deploy with CDK	2025-12-25T14:56:09.7329903Z 	          opt-in/out. You can also preview the telemetry we will start
deploy	Deploy with CDK	2025-12-25T14:56:09.7330320Z 	          collecting by logging it to a local file, by adding
deploy	Deploy with CDK	2025-12-25T14:56:09.7330741Z 	          `--unstable=telemetry --telemetry-file=my/local/file` to any
deploy	Deploy with CDK	2025-12-25T14:56:09.7331078Z 	          `cdk` command.
deploy	Deploy with CDK	2025-12-25T14:56:09.7331220Z 
deploy	Deploy with CDK	2025-12-25T14:56:09.7331364Z 	Affected versions: cli: >=2.0.0 <2.1100.0
deploy	Deploy with CDK	2025-12-25T14:56:09.7331554Z 
deploy	Deploy with CDK	2025-12-25T14:56:09.7331767Z 	More information at: https://github.com/aws/aws-cdk/issues/34892
deploy	Deploy with CDK	2025-12-25T14:56:09.7332027Z 
deploy	Deploy with CDK	2025-12-25T14:56:09.7332034Z 
deploy	Deploy with CDK	2025-12-25T14:56:09.7333390Z If you donâ€™t want to see a notice anymore, use "cdk acknowledge <id>". For example, "cdk acknowledge 34892".
deploy	Deploy with CDK	2025-12-25T14:56:09.7336510Z âŒ  ChatBooking-dev-VectorDB failed: ToolkitError: The stack named ChatBooking-dev-VectorDB failed creation, it may need to be manually deleted from the AWS console: ROLLBACK_COMPLETE: Resource handler returned message: "Cannot find version 15.3 for aurora-postgresql (Service: Rds, Status Code: 400, Request ID: 4958b6d7-9e87-4c63-a628-ab6eba01bf00) (SDK Attempt Count: 1)" (RequestToken: 1e510987-f0ce-fb85-0125-1162afb9a4f7, HandlerErrorCode: InvalidRequest)
deploy	Deploy with CDK	2025-12-25T14:56:09.7582827Z ##[error]Process completed with exit code 1.
deploy	Post Configure AWS credentials	ï»¿2025-12-25T14:56:09.7669863Z Post job cleanup.
deploy	Post Checkout repo	ï»¿2025-12-25T14:56:09.8953958Z Post job cleanup.
deploy	Post Checkout repo	2025-12-25T14:56:09.9894541Z [command]/usr/bin/git version
deploy	Post Checkout repo	2025-12-25T14:56:09.9931638Z git version 2.52.0
deploy	Post Checkout repo	2025-12-25T14:56:09.9973397Z Temporarily overriding HOME='/home/runner/work/_temp/74ab2284-5cc7-4707-a98b-094ea68d37ec' before making global git config changes
deploy	Post Checkout repo	2025-12-25T14:56:09.9974770Z Adding repository directory to the temporary git global config as a safe directory
deploy	Post Checkout repo	2025-12-25T14:56:09.9986166Z [command]/usr/bin/git config --global --add safe.directory /home/runner/work/chat-booking-backend/chat-booking-backend
deploy	Post Checkout repo	2025-12-25T14:56:10.0020274Z [command]/usr/bin/git config --local --name-only --get-regexp core\.sshCommand
deploy	Post Checkout repo	2025-12-25T14:56:10.0052626Z [command]/usr/bin/git submodule foreach --recursive sh -c "git config --local --name-only --get-regexp 'core\.sshCommand' && git config --local --unset-all 'core.sshCommand' || :"
deploy	Post Checkout repo	2025-12-25T14:56:10.0296286Z [command]/usr/bin/git config --local --name-only --get-regexp http\.https\:\/\/github\.com\/\.extraheader
deploy	Post Checkout repo	2025-12-25T14:56:10.0316751Z http.https://github.com/.extraheader
deploy	Post Checkout repo	2025-12-25T14:56:10.0329402Z [command]/usr/bin/git config --local --unset-all http.https://github.com/.extraheader
deploy	Post Checkout repo	2025-12-25T14:56:10.0363292Z [command]/usr/bin/git submodule foreach --recursive sh -c "git config --local --name-only --get-regexp 'http\.https\:\/\/github\.com\/\.extraheader' && git config --local --unset-all 'http.https://github.com/.extraheader' || :"
deploy	Post Checkout repo	2025-12-25T14:56:10.0623505Z [command]/usr/bin/git config --local --name-only --get-regexp ^includeIf\.gitdir:
deploy	Post Checkout repo	2025-12-25T14:56:10.0659421Z [command]/usr/bin/git submodule foreach --recursive git config --local --show-origin --name-only --get-regexp remote.origin.url
deploy	Complete job	ï»¿2025-12-25T14:56:10.1032218Z Cleaning up orphan processes
