deploy	Set up job	ï»¿2025-12-26T03:06:30.9699367Z Current runner version: '2.330.0'
deploy	Set up job	2025-12-26T03:06:30.9728426Z ##[group]Runner Image Provisioner
deploy	Set up job	2025-12-26T03:06:30.9729224Z Hosted Compute Agent
deploy	Set up job	2025-12-26T03:06:30.9729720Z Version: 20251211.462
deploy	Set up job	2025-12-26T03:06:30.9730420Z Commit: 6cbad8c2bb55d58165063d031ccabf57e2d2db61
deploy	Set up job	2025-12-26T03:06:30.9731074Z Build Date: 2025-12-11T16:28:49Z
deploy	Set up job	2025-12-26T03:06:30.9731723Z Worker ID: {ca2f56dc-0585-47a1-9a57-b1b69aa80278}
deploy	Set up job	2025-12-26T03:06:30.9732834Z ##[endgroup]
deploy	Set up job	2025-12-26T03:06:30.9733340Z ##[group]Operating System
deploy	Set up job	2025-12-26T03:06:30.9733883Z Ubuntu
deploy	Set up job	2025-12-26T03:06:30.9734390Z 24.04.3
deploy	Set up job	2025-12-26T03:06:30.9734839Z LTS
deploy	Set up job	2025-12-26T03:06:30.9735251Z ##[endgroup]
deploy	Set up job	2025-12-26T03:06:30.9735809Z ##[group]Runner Image
deploy	Set up job	2025-12-26T03:06:30.9736313Z Image: ubuntu-24.04
deploy	Set up job	2025-12-26T03:06:30.9736806Z Version: 20251215.174.1
deploy	Set up job	2025-12-26T03:06:30.9737850Z Included Software: https://github.com/actions/runner-images/blob/ubuntu24/20251215.174/images/ubuntu/Ubuntu2404-Readme.md
deploy	Set up job	2025-12-26T03:06:30.9739199Z Image Release: https://github.com/actions/runner-images/releases/tag/ubuntu24%2F20251215.174
deploy	Set up job	2025-12-26T03:06:30.9740420Z ##[endgroup]
deploy	Set up job	2025-12-26T03:06:30.9741396Z ##[group]GITHUB_TOKEN Permissions
deploy	Set up job	2025-12-26T03:06:30.9743444Z Contents: read
deploy	Set up job	2025-12-26T03:06:30.9744062Z Metadata: read
deploy	Set up job	2025-12-26T03:06:30.9744521Z ##[endgroup]
deploy	Set up job	2025-12-26T03:06:30.9746734Z Secret source: Actions
deploy	Set up job	2025-12-26T03:06:30.9747657Z Prepare workflow directory
deploy	Set up job	2025-12-26T03:06:31.0074258Z Prepare all required actions
deploy	Set up job	2025-12-26T03:06:31.0111425Z Getting action download info
deploy	Set up job	2025-12-26T03:06:31.3808026Z Download action repository 'actions/checkout@v4' (SHA:34e114876b0b11c390a56381ad16ebd13914f8d5)
deploy	Set up job	2025-12-26T03:06:31.4981571Z Download action repository 'actions/setup-node@v4' (SHA:49933ea5288caeca8642d1e84afbd3f7d6820020)
deploy	Set up job	2025-12-26T03:06:31.6491385Z Download action repository 'actions/setup-python@v5' (SHA:a26af69be951a213d495a4c3e4e4022e16d87065)
deploy	Set up job	2025-12-26T03:06:31.7687898Z Download action repository 'aws-actions/configure-aws-credentials@v4' (SHA:7474bc4690e29a8392af63c5b98e7449536d5c3a)
deploy	Set up job	2025-12-26T03:06:32.2614144Z Complete job name: deploy
deploy	Checkout repo	ï»¿2025-12-26T03:06:32.3382614Z ##[group]Run actions/checkout@v4
deploy	Checkout repo	2025-12-26T03:06:32.3383749Z with:
deploy	Checkout repo	2025-12-26T03:06:32.3384355Z   repository: AIX-Clever/chat-booking-backend
deploy	Checkout repo	2025-12-26T03:06:32.3385394Z   token: ***
deploy	Checkout repo	2025-12-26T03:06:32.3385912Z   ssh-strict: true
deploy	Checkout repo	2025-12-26T03:06:32.3386446Z   ssh-user: git
deploy	Checkout repo	2025-12-26T03:06:32.3387005Z   persist-credentials: true
deploy	Checkout repo	2025-12-26T03:06:32.3387656Z   clean: true
deploy	Checkout repo	2025-12-26T03:06:32.3388217Z   sparse-checkout-cone-mode: true
deploy	Checkout repo	2025-12-26T03:06:32.3388922Z   fetch-depth: 1
deploy	Checkout repo	2025-12-26T03:06:32.3389468Z   fetch-tags: false
deploy	Checkout repo	2025-12-26T03:06:32.3390038Z   show-progress: true
deploy	Checkout repo	2025-12-26T03:06:32.3390600Z   lfs: false
deploy	Checkout repo	2025-12-26T03:06:32.3391105Z   submodules: false
deploy	Checkout repo	2025-12-26T03:06:32.3391672Z   set-safe-directory: true
deploy	Checkout repo	2025-12-26T03:06:32.3392903Z ##[endgroup]
deploy	Checkout repo	2025-12-26T03:06:32.4497252Z Syncing repository: AIX-Clever/chat-booking-backend
deploy	Checkout repo	2025-12-26T03:06:32.4499532Z ##[group]Getting Git version info
deploy	Checkout repo	2025-12-26T03:06:32.4500961Z Working directory is '/home/runner/work/chat-booking-backend/chat-booking-backend'
deploy	Checkout repo	2025-12-26T03:06:32.4503000Z [command]/usr/bin/git version
deploy	Checkout repo	2025-12-26T03:06:32.7584326Z git version 2.52.0
deploy	Checkout repo	2025-12-26T03:06:32.7622438Z ##[endgroup]
deploy	Checkout repo	2025-12-26T03:06:32.7649454Z Temporarily overriding HOME='/home/runner/work/_temp/d1dd7f0d-3aba-46eb-8df3-02ba3955d658' before making global git config changes
deploy	Checkout repo	2025-12-26T03:06:32.7653856Z Adding repository directory to the temporary git global config as a safe directory
deploy	Checkout repo	2025-12-26T03:06:32.7657706Z [command]/usr/bin/git config --global --add safe.directory /home/runner/work/chat-booking-backend/chat-booking-backend
deploy	Checkout repo	2025-12-26T03:06:32.7704111Z Deleting the contents of '/home/runner/work/chat-booking-backend/chat-booking-backend'
deploy	Checkout repo	2025-12-26T03:06:32.7709787Z ##[group]Initializing the repository
deploy	Checkout repo	2025-12-26T03:06:32.7716413Z [command]/usr/bin/git init /home/runner/work/chat-booking-backend/chat-booking-backend
deploy	Checkout repo	2025-12-26T03:06:32.9470062Z hint: Using 'master' as the name for the initial branch. This default branch name
deploy	Checkout repo	2025-12-26T03:06:32.9473427Z hint: will change to "main" in Git 3.0. To configure the initial branch name
deploy	Checkout repo	2025-12-26T03:06:32.9476158Z hint: to use in all of your new repositories, which will suppress this warning,
deploy	Checkout repo	2025-12-26T03:06:32.9478255Z hint: call:
deploy	Checkout repo	2025-12-26T03:06:32.9479217Z hint:
deploy	Checkout repo	2025-12-26T03:06:32.9480463Z hint: 	git config --global init.defaultBranch <name>
deploy	Checkout repo	2025-12-26T03:06:32.9482247Z hint:
deploy	Checkout repo	2025-12-26T03:06:32.9483798Z hint: Names commonly chosen instead of 'master' are 'main', 'trunk' and
deploy	Checkout repo	2025-12-26T03:06:32.9486553Z hint: 'development'. The just-created branch can be renamed via this command:
deploy	Checkout repo	2025-12-26T03:06:32.9488675Z hint:
deploy	Checkout repo	2025-12-26T03:06:32.9489679Z hint: 	git branch -m <name>
deploy	Checkout repo	2025-12-26T03:06:32.9491014Z hint:
deploy	Checkout repo	2025-12-26T03:06:32.9493169Z hint: Disable this message with "git config set advice.defaultBranchName false"
deploy	Checkout repo	2025-12-26T03:06:32.9497137Z Initialized empty Git repository in /home/runner/work/chat-booking-backend/chat-booking-backend/.git/
deploy	Checkout repo	2025-12-26T03:06:32.9503409Z [command]/usr/bin/git remote add origin https://github.com/AIX-Clever/chat-booking-backend
deploy	Checkout repo	2025-12-26T03:06:33.0044501Z ##[endgroup]
deploy	Checkout repo	2025-12-26T03:06:33.0047409Z ##[group]Disabling automatic garbage collection
deploy	Checkout repo	2025-12-26T03:06:33.0050949Z [command]/usr/bin/git config --local gc.auto 0
deploy	Checkout repo	2025-12-26T03:06:33.0091535Z ##[endgroup]
deploy	Checkout repo	2025-12-26T03:06:33.0094177Z ##[group]Setting up auth
deploy	Checkout repo	2025-12-26T03:06:33.0102725Z [command]/usr/bin/git config --local --name-only --get-regexp core\.sshCommand
deploy	Checkout repo	2025-12-26T03:06:33.0142084Z [command]/usr/bin/git submodule foreach --recursive sh -c "git config --local --name-only --get-regexp 'core\.sshCommand' && git config --local --unset-all 'core.sshCommand' || :"
deploy	Checkout repo	2025-12-26T03:06:33.3646490Z [command]/usr/bin/git config --local --name-only --get-regexp http\.https\:\/\/github\.com\/\.extraheader
deploy	Checkout repo	2025-12-26T03:06:33.3682747Z [command]/usr/bin/git submodule foreach --recursive sh -c "git config --local --name-only --get-regexp 'http\.https\:\/\/github\.com\/\.extraheader' && git config --local --unset-all 'http.https://github.com/.extraheader' || :"
deploy	Checkout repo	2025-12-26T03:06:33.3902690Z [command]/usr/bin/git config --local --name-only --get-regexp ^includeIf\.gitdir:
deploy	Checkout repo	2025-12-26T03:06:33.3942803Z [command]/usr/bin/git submodule foreach --recursive git config --local --show-origin --name-only --get-regexp remote.origin.url
deploy	Checkout repo	2025-12-26T03:06:33.4172695Z [command]/usr/bin/git config --local http.https://github.com/.extraheader AUTHORIZATION: basic ***
deploy	Checkout repo	2025-12-26T03:06:33.5574281Z ##[endgroup]
deploy	Checkout repo	2025-12-26T03:06:33.5577209Z ##[group]Fetching the repository
deploy	Checkout repo	2025-12-26T03:06:33.5584355Z [command]/usr/bin/git -c protocol.version=2 fetch --no-tags --prune --no-recurse-submodules --depth=1 origin +664942c09be181b27230563ee36e9d7f60e2b997:refs/remotes/origin/dev
deploy	Checkout repo	2025-12-26T03:06:35.8183183Z From https://github.com/AIX-Clever/chat-booking-backend
deploy	Checkout repo	2025-12-26T03:06:35.8184326Z  * [new ref]         664942c09be181b27230563ee36e9d7f60e2b997 -> origin/dev
deploy	Checkout repo	2025-12-26T03:06:35.8217543Z ##[endgroup]
deploy	Checkout repo	2025-12-26T03:06:35.8218266Z ##[group]Determining the checkout info
deploy	Checkout repo	2025-12-26T03:06:35.8221302Z ##[endgroup]
deploy	Checkout repo	2025-12-26T03:06:35.8226582Z [command]/usr/bin/git sparse-checkout disable
deploy	Checkout repo	2025-12-26T03:06:35.8267502Z [command]/usr/bin/git config --local --unset-all extensions.worktreeConfig
deploy	Checkout repo	2025-12-26T03:06:35.8294127Z ##[group]Checking out the ref
deploy	Checkout repo	2025-12-26T03:06:35.8298613Z [command]/usr/bin/git checkout --progress --force -B dev refs/remotes/origin/dev
deploy	Checkout repo	2025-12-26T03:06:36.5994927Z Switched to a new branch 'dev'
deploy	Checkout repo	2025-12-26T03:06:36.5996102Z branch 'dev' set up to track 'origin/dev'.
deploy	Checkout repo	2025-12-26T03:06:36.6041196Z ##[endgroup]
deploy	Checkout repo	2025-12-26T03:06:36.6079574Z [command]/usr/bin/git log -1 --format=%H
deploy	Checkout repo	2025-12-26T03:06:36.6104308Z 664942c09be181b27230563ee36e9d7f60e2b997
deploy	Setup Node.js	ï»¿2025-12-26T03:06:36.6337564Z ##[group]Run actions/setup-node@v4
deploy	Setup Node.js	2025-12-26T03:06:36.6337892Z with:
deploy	Setup Node.js	2025-12-26T03:06:36.6338075Z   node-version: 20
deploy	Setup Node.js	2025-12-26T03:06:36.6338274Z   always-auth: false
deploy	Setup Node.js	2025-12-26T03:06:36.6338672Z   check-latest: false
deploy	Setup Node.js	2025-12-26T03:06:36.6339004Z   token: ***
deploy	Setup Node.js	2025-12-26T03:06:36.6339192Z ##[endgroup]
deploy	Setup Node.js	2025-12-26T03:06:36.8215100Z Found in cache @ /opt/hostedtoolcache/node/20.19.6/x64
deploy	Setup Node.js	2025-12-26T03:06:36.8222278Z ##[group]Environment details
deploy	Setup Node.js	2025-12-26T03:06:39.0968585Z node: v20.19.6
deploy	Setup Node.js	2025-12-26T03:06:39.0969055Z npm: 10.8.2
deploy	Setup Node.js	2025-12-26T03:06:39.0969372Z yarn: 1.22.22
deploy	Setup Node.js	2025-12-26T03:06:39.0970585Z ##[endgroup]
deploy	Setup Python	ï»¿2025-12-26T03:06:39.1169647Z ##[group]Run actions/setup-python@v5
deploy	Setup Python	2025-12-26T03:06:39.1169936Z with:
deploy	Setup Python	2025-12-26T03:06:39.1170135Z   python-version: 3.9
deploy	Setup Python	2025-12-26T03:06:39.1170368Z   check-latest: false
deploy	Setup Python	2025-12-26T03:06:39.1170713Z   token: ***
deploy	Setup Python	2025-12-26T03:06:39.1170904Z   update-environment: true
deploy	Setup Python	2025-12-26T03:06:39.1171133Z   allow-prereleases: false
deploy	Setup Python	2025-12-26T03:06:39.1171346Z   freethreaded: false
deploy	Setup Python	2025-12-26T03:06:39.1171541Z ##[endgroup]
deploy	Setup Python	2025-12-26T03:06:39.2829069Z ##[group]Installed versions
deploy	Setup Python	2025-12-26T03:06:39.2929958Z Successfully set up CPython (3.9.25)
deploy	Setup Python	2025-12-26T03:06:39.2930614Z ##[endgroup]
deploy	Install Lambda Dependencies	ï»¿2025-12-26T03:06:39.3035335Z ##[group]Run # Find all requirements.txt files and install dependencies to their directory
deploy	Install Lambda Dependencies	2025-12-26T03:06:39.3035978Z [36;1m# Find all requirements.txt files and install dependencies to their directory[0m
deploy	Install Lambda Dependencies	2025-12-26T03:06:39.3036586Z [36;1mfind . -name "requirements.txt" -not -path "*/node_modules/*" -not -path "*/.venv/*" | while read req_file; do[0m
deploy	Install Lambda Dependencies	2025-12-26T03:06:39.3037089Z [36;1m  echo "Installing dependencies for $req_file"[0m
deploy	Install Lambda Dependencies	2025-12-26T03:06:39.3037386Z [36;1m  dir=$(dirname "$req_file")[0m
deploy	Install Lambda Dependencies	2025-12-26T03:06:39.3037662Z [36;1m  pip install -r "$req_file" -t "$dir"[0m
deploy	Install Lambda Dependencies	2025-12-26T03:06:39.3037922Z [36;1mdone[0m
deploy	Install Lambda Dependencies	2025-12-26T03:06:39.3086463Z shell: /usr/bin/bash -e {0}
deploy	Install Lambda Dependencies	2025-12-26T03:06:39.3086728Z env:
deploy	Install Lambda Dependencies	2025-12-26T03:06:39.3086975Z   pythonLocation: /opt/hostedtoolcache/Python/3.9.25/x64
deploy	Install Lambda Dependencies	2025-12-26T03:06:39.3087403Z   PKG_CONFIG_PATH: /opt/hostedtoolcache/Python/3.9.25/x64/lib/pkgconfig
deploy	Install Lambda Dependencies	2025-12-26T03:06:39.3087803Z   Python_ROOT_DIR: /opt/hostedtoolcache/Python/3.9.25/x64
deploy	Install Lambda Dependencies	2025-12-26T03:06:39.3088199Z   Python2_ROOT_DIR: /opt/hostedtoolcache/Python/3.9.25/x64
deploy	Install Lambda Dependencies	2025-12-26T03:06:39.3088547Z   Python3_ROOT_DIR: /opt/hostedtoolcache/Python/3.9.25/x64
deploy	Install Lambda Dependencies	2025-12-26T03:06:39.3088888Z   LD_LIBRARY_PATH: /opt/hostedtoolcache/Python/3.9.25/x64/lib
deploy	Install Lambda Dependencies	2025-12-26T03:06:39.3089176Z ##[endgroup]
deploy	Install Lambda Dependencies	2025-12-26T03:06:39.3421100Z Installing dependencies for ./availability/requirements.txt
deploy	Install Lambda Dependencies	2025-12-26T03:06:41.6869578Z Collecting boto3>=1.34.0 (from -r ./availability/requirements.txt (line 1))
deploy	Install Lambda Dependencies	2025-12-26T03:06:41.7814759Z   Downloading boto3-1.42.16-py3-none-any.whl.metadata (6.8 kB)
deploy	Install Lambda Dependencies	2025-12-26T03:06:42.2128893Z Collecting botocore>=1.34.0 (from -r ./availability/requirements.txt (line 2))
deploy	Install Lambda Dependencies	2025-12-26T03:06:42.2339441Z   Downloading botocore-1.42.16-py3-none-any.whl.metadata (5.9 kB)
deploy	Install Lambda Dependencies	2025-12-26T03:06:42.2526478Z Collecting python-dateutil>=2.8.2 (from -r ./availability/requirements.txt (line 3))
deploy	Install Lambda Dependencies	2025-12-26T03:06:42.2733666Z   Downloading python_dateutil-2.9.0.post0-py2.py3-none-any.whl.metadata (8.4 kB)
deploy	Install Lambda Dependencies	2025-12-26T03:06:42.3154679Z Collecting pytz>=2023.3 (from -r ./availability/requirements.txt (line 4))
deploy	Install Lambda Dependencies	2025-12-26T03:06:42.3476513Z   Downloading pytz-2025.2-py2.py3-none-any.whl.metadata (22 kB)
deploy	Install Lambda Dependencies	2025-12-26T03:06:42.5658810Z Collecting jmespath<2.0.0,>=0.7.1 (from boto3>=1.34.0->-r ./availability/requirements.txt (line 1))
deploy	Install Lambda Dependencies	2025-12-26T03:06:42.5858919Z   Downloading jmespath-1.0.1-py3-none-any.whl.metadata (7.6 kB)
deploy	Install Lambda Dependencies	2025-12-26T03:06:42.6076879Z Collecting s3transfer<0.17.0,>=0.16.0 (from boto3>=1.34.0->-r ./availability/requirements.txt (line 1))
deploy	Install Lambda Dependencies	2025-12-26T03:06:42.6277855Z   Downloading s3transfer-0.16.0-py3-none-any.whl.metadata (1.7 kB)
deploy	Install Lambda Dependencies	2025-12-26T03:06:42.6617230Z Collecting urllib3<1.27,>=1.25.4 (from botocore>=1.34.0->-r ./availability/requirements.txt (line 2))
deploy	Install Lambda Dependencies	2025-12-26T03:06:42.6820422Z   Downloading urllib3-1.26.20-py2.py3-none-any.whl.metadata (50 kB)
deploy	Install Lambda Dependencies	2025-12-26T03:06:42.7229754Z Collecting six>=1.5 (from python-dateutil>=2.8.2->-r ./availability/requirements.txt (line 3))
deploy	Install Lambda Dependencies	2025-12-26T03:06:42.7430554Z   Downloading six-1.17.0-py2.py3-none-any.whl.metadata (1.7 kB)
deploy	Install Lambda Dependencies	2025-12-26T03:06:43.0135900Z Downloading boto3-1.42.16-py3-none-any.whl (140 kB)
deploy	Install Lambda Dependencies	2025-12-26T03:06:43.0567614Z Downloading botocore-1.42.16-py3-none-any.whl (14.6 MB)
deploy	Install Lambda Dependencies	2025-12-26T03:06:43.1973071Z    â”â”â”â”â”â”â”â”â”â”â”â”â”â”â”â”â”â”â”â”â”â”â”â”â”â”â”â”â”â”â”â”â”â”â”â”â”â”â”â” 14.6/14.6 MB 118.3 MB/s  0:00:00
deploy	Install Lambda Dependencies	2025-12-26T03:06:43.2177950Z Downloading python_dateutil-2.9.0.post0-py2.py3-none-any.whl (229 kB)
deploy	Install Lambda Dependencies	2025-12-26T03:06:43.2410105Z Downloading jmespath-1.0.1-py3-none-any.whl (20 kB)
deploy	Install Lambda Dependencies	2025-12-26T03:06:43.2638699Z Downloading s3transfer-0.16.0-py3-none-any.whl (86 kB)
deploy	Install Lambda Dependencies	2025-12-26T03:06:43.2864668Z Downloading urllib3-1.26.20-py2.py3-none-any.whl (144 kB)
deploy	Install Lambda Dependencies	2025-12-26T03:06:43.3092803Z Downloading pytz-2025.2-py2.py3-none-any.whl (509 kB)
deploy	Install Lambda Dependencies	2025-12-26T03:06:43.3336925Z Downloading six-1.17.0-py2.py3-none-any.whl (11 kB)
deploy	Install Lambda Dependencies	2025-12-26T03:06:43.4304607Z Installing collected packages: pytz, urllib3, six, jmespath, python-dateutil, botocore, s3transfer, boto3
deploy	Install Lambda Dependencies	2025-12-26T03:06:44.2975769Z 
deploy	Install Lambda Dependencies	2025-12-26T03:06:44.2999151Z Successfully installed boto3-1.42.16 botocore-1.42.16 jmespath-1.0.1 python-dateutil-2.9.0.post0 pytz-2025.2 s3transfer-0.16.0 six-1.17.0 urllib3-1.26.20
deploy	Install Lambda Dependencies	2025-12-26T03:06:44.4598632Z Installing dependencies for ./chat_agent/requirements.txt
deploy	Install Lambda Dependencies	2025-12-26T03:06:44.8566710Z Collecting requests (from -r ./chat_agent/requirements.txt (line 1))
deploy	Install Lambda Dependencies	2025-12-26T03:06:44.9366114Z   Downloading requests-2.32.5-py3-none-any.whl.metadata (4.9 kB)
deploy	Install Lambda Dependencies	2025-12-26T03:06:44.9572869Z Collecting aws-xray-sdk (from -r ./chat_agent/requirements.txt (line 2))
deploy	Install Lambda Dependencies	2025-12-26T03:06:44.9773705Z   Downloading aws_xray_sdk-2.15.0-py2.py3-none-any.whl.metadata (23 kB)
deploy	Install Lambda Dependencies	2025-12-26T03:06:45.3569126Z Collecting boto3>=1.34.0 (from -r ./chat_agent/requirements.txt (line 3))
deploy	Install Lambda Dependencies	2025-12-26T03:06:45.3589842Z   Using cached boto3-1.42.16-py3-none-any.whl.metadata (6.8 kB)
deploy	Install Lambda Dependencies	2025-12-26T03:06:45.3733051Z Collecting python-dateutil>=2.8.2 (from -r ./chat_agent/requirements.txt (line 4))
deploy	Install Lambda Dependencies	2025-12-26T03:06:45.3750378Z   Using cached python_dateutil-2.9.0.post0-py2.py3-none-any.whl.metadata (8.4 kB)
deploy	Install Lambda Dependencies	2025-12-26T03:06:45.4133967Z Collecting pytz>=2023.3 (from -r ./chat_agent/requirements.txt (line 5))
deploy	Install Lambda Dependencies	2025-12-26T03:06:45.4151162Z   Using cached pytz-2025.2-py2.py3-none-any.whl.metadata (22 kB)
deploy	Install Lambda Dependencies	2025-12-26T03:06:45.4441245Z Collecting pypdf>=3.0.0 (from -r ./chat_agent/requirements.txt (line 6))
deploy	Install Lambda Dependencies	2025-12-26T03:06:45.4640532Z   Downloading pypdf-6.5.0-py3-none-any.whl.metadata (7.1 kB)
deploy	Install Lambda Dependencies	2025-12-26T03:06:45.5749093Z Collecting charset_normalizer<4,>=2 (from requests->-r ./chat_agent/requirements.txt (line 1))
deploy	Install Lambda Dependencies	2025-12-26T03:06:45.5951645Z   Downloading charset_normalizer-3.4.4-cp39-cp39-manylinux2014_x86_64.manylinux_2_17_x86_64.manylinux_2_28_x86_64.whl.metadata (37 kB)
deploy	Install Lambda Dependencies	2025-12-26T03:06:45.6189877Z Collecting idna<4,>=2.5 (from requests->-r ./chat_agent/requirements.txt (line 1))
deploy	Install Lambda Dependencies	2025-12-26T03:06:45.6389251Z   Downloading idna-3.11-py3-none-any.whl.metadata (8.4 kB)
deploy	Install Lambda Dependencies	2025-12-26T03:06:45.6745704Z Collecting urllib3<3,>=1.21.1 (from requests->-r ./chat_agent/requirements.txt (line 1))
deploy	Install Lambda Dependencies	2025-12-26T03:06:45.6947405Z   Downloading urllib3-2.6.2-py3-none-any.whl.metadata (6.6 kB)
deploy	Install Lambda Dependencies	2025-12-26T03:06:45.7414034Z Collecting certifi>=2017.4.17 (from requests->-r ./chat_agent/requirements.txt (line 1))
deploy	Install Lambda Dependencies	2025-12-26T03:06:45.7616003Z   Downloading certifi-2025.11.12-py3-none-any.whl.metadata (2.5 kB)
deploy	Install Lambda Dependencies	2025-12-26T03:06:45.9352609Z Collecting wrapt (from aws-xray-sdk->-r ./chat_agent/requirements.txt (line 2))
deploy	Install Lambda Dependencies	2025-12-26T03:06:45.9556420Z   Downloading wrapt-2.0.1-cp39-cp39-manylinux1_x86_64.manylinux_2_28_x86_64.manylinux_2_5_x86_64.whl.metadata (9.0 kB)
deploy	Install Lambda Dependencies	2025-12-26T03:06:46.5012705Z Collecting botocore>=1.11.3 (from aws-xray-sdk->-r ./chat_agent/requirements.txt (line 2))
deploy	Install Lambda Dependencies	2025-12-26T03:06:46.5032731Z   Using cached botocore-1.42.16-py3-none-any.whl.metadata (5.9 kB)
deploy	Install Lambda Dependencies	2025-12-26T03:06:46.7532263Z Collecting jmespath<2.0.0,>=0.7.1 (from boto3>=1.34.0->-r ./chat_agent/requirements.txt (line 3))
deploy	Install Lambda Dependencies	2025-12-26T03:06:46.7548855Z   Using cached jmespath-1.0.1-py3-none-any.whl.metadata (7.6 kB)
deploy	Install Lambda Dependencies	2025-12-26T03:06:46.7768576Z Collecting s3transfer<0.17.0,>=0.16.0 (from boto3>=1.34.0->-r ./chat_agent/requirements.txt (line 3))
deploy	Install Lambda Dependencies	2025-12-26T03:06:46.7784668Z   Using cached s3transfer-0.16.0-py3-none-any.whl.metadata (1.7 kB)
deploy	Install Lambda Dependencies	2025-12-26T03:06:46.7938392Z Collecting urllib3<3,>=1.21.1 (from requests->-r ./chat_agent/requirements.txt (line 1))
deploy	Install Lambda Dependencies	2025-12-26T03:06:46.7955170Z   Using cached urllib3-1.26.20-py2.py3-none-any.whl.metadata (50 kB)
deploy	Install Lambda Dependencies	2025-12-26T03:06:46.8149750Z Collecting six>=1.5 (from python-dateutil>=2.8.2->-r ./chat_agent/requirements.txt (line 4))
deploy	Install Lambda Dependencies	2025-12-26T03:06:46.8166415Z   Using cached six-1.17.0-py2.py3-none-any.whl.metadata (1.7 kB)
deploy	Install Lambda Dependencies	2025-12-26T03:06:47.0456860Z Collecting typing_extensions>=4.0 (from pypdf>=3.0.0->-r ./chat_agent/requirements.txt (line 6))
deploy	Install Lambda Dependencies	2025-12-26T03:06:47.0658163Z   Downloading typing_extensions-4.15.0-py3-none-any.whl.metadata (3.3 kB)
deploy	Install Lambda Dependencies	2025-12-26T03:06:47.0932848Z Downloading requests-2.32.5-py3-none-any.whl (64 kB)
deploy	Install Lambda Dependencies	2025-12-26T03:06:47.1222696Z Downloading charset_normalizer-3.4.4-cp39-cp39-manylinux2014_x86_64.manylinux_2_17_x86_64.manylinux_2_28_x86_64.whl (153 kB)
deploy	Install Lambda Dependencies	2025-12-26T03:06:47.1620595Z Downloading idna-3.11-py3-none-any.whl (71 kB)
deploy	Install Lambda Dependencies	2025-12-26T03:06:47.1854703Z Downloading aws_xray_sdk-2.15.0-py2.py3-none-any.whl (103 kB)
deploy	Install Lambda Dependencies	2025-12-26T03:06:47.1915869Z Using cached boto3-1.42.16-py3-none-any.whl (140 kB)
deploy	Install Lambda Dependencies	2025-12-26T03:06:47.1933382Z Using cached botocore-1.42.16-py3-none-any.whl (14.6 MB)
deploy	Install Lambda Dependencies	2025-12-26T03:06:47.2057681Z Using cached python_dateutil-2.9.0.post0-py2.py3-none-any.whl (229 kB)
deploy	Install Lambda Dependencies	2025-12-26T03:06:47.2075276Z Using cached jmespath-1.0.1-py3-none-any.whl (20 kB)
deploy	Install Lambda Dependencies	2025-12-26T03:06:47.2091469Z Using cached s3transfer-0.16.0-py3-none-any.whl (86 kB)
deploy	Install Lambda Dependencies	2025-12-26T03:06:47.2108722Z Using cached urllib3-1.26.20-py2.py3-none-any.whl (144 kB)
deploy	Install Lambda Dependencies	2025-12-26T03:06:47.2125713Z Using cached pytz-2025.2-py2.py3-none-any.whl (509 kB)
deploy	Install Lambda Dependencies	2025-12-26T03:06:47.2332326Z Downloading pypdf-6.5.0-py3-none-any.whl (329 kB)
deploy	Install Lambda Dependencies	2025-12-26T03:06:47.2728313Z Downloading certifi-2025.11.12-py3-none-any.whl (159 kB)
deploy	Install Lambda Dependencies	2025-12-26T03:06:47.2777895Z Using cached six-1.17.0-py2.py3-none-any.whl (11 kB)
deploy	Install Lambda Dependencies	2025-12-26T03:06:47.2978986Z Downloading typing_extensions-4.15.0-py3-none-any.whl (44 kB)
deploy	Install Lambda Dependencies	2025-12-26T03:06:47.3200952Z Downloading wrapt-2.0.1-cp39-cp39-manylinux1_x86_64.manylinux_2_28_x86_64.manylinux_2_5_x86_64.whl (113 kB)
deploy	Install Lambda Dependencies	2025-12-26T03:06:47.4198915Z Installing collected packages: pytz, wrapt, urllib3, typing_extensions, six, jmespath, idna, charset_normalizer, certifi, requests, python-dateutil, pypdf, botocore, s3transfer, aws-xray-sdk, boto3
deploy	Install Lambda Dependencies	2025-12-26T03:06:48.7946042Z 
deploy	Install Lambda Dependencies	2025-12-26T03:06:48.7983872Z Successfully installed aws-xray-sdk-2.15.0 boto3-1.42.16 botocore-1.42.16 certifi-2025.11.12 charset_normalizer-3.4.4 idna-3.11 jmespath-1.0.1 pypdf-6.5.0 python-dateutil-2.9.0.post0 pytz-2025.2 requests-2.32.5 s3transfer-0.16.0 six-1.17.0 typing_extensions-4.15.0 urllib3-1.26.20 wrapt-2.0.1
deploy	Install Lambda Dependencies	2025-12-26T03:06:48.9563514Z Installing dependencies for ./auth_resolver/requirements.txt
deploy	Install Lambda Dependencies	2025-12-26T03:06:49.6925472Z Collecting boto3>=1.34.0 (from -r ./auth_resolver/requirements.txt (line 1))
deploy	Install Lambda Dependencies	2025-12-26T03:06:49.6947791Z   Using cached boto3-1.42.16-py3-none-any.whl.metadata (6.8 kB)
deploy	Install Lambda Dependencies	2025-12-26T03:06:49.7092142Z Collecting python-dateutil>=2.8.2 (from -r ./auth_resolver/requirements.txt (line 2))
deploy	Install Lambda Dependencies	2025-12-26T03:06:49.7111696Z   Using cached python_dateutil-2.9.0.post0-py2.py3-none-any.whl.metadata (8.4 kB)
deploy	Install Lambda Dependencies	2025-12-26T03:06:50.1479701Z Collecting botocore>=1.34.0 (from -r ./auth_resolver/requirements.txt (line 3))
deploy	Install Lambda Dependencies	2025-12-26T03:06:50.1500108Z   Using cached botocore-1.42.16-py3-none-any.whl.metadata (5.9 kB)
deploy	Install Lambda Dependencies	2025-12-26T03:06:50.3147883Z Collecting jmespath<2.0.0,>=0.7.1 (from boto3>=1.34.0->-r ./auth_resolver/requirements.txt (line 1))
deploy	Install Lambda Dependencies	2025-12-26T03:06:50.3165315Z   Using cached jmespath-1.0.1-py3-none-any.whl.metadata (7.6 kB)
deploy	Install Lambda Dependencies	2025-12-26T03:06:50.3349012Z Collecting s3transfer<0.17.0,>=0.16.0 (from boto3>=1.34.0->-r ./auth_resolver/requirements.txt (line 1))
deploy	Install Lambda Dependencies	2025-12-26T03:06:50.3366028Z   Using cached s3transfer-0.16.0-py3-none-any.whl.metadata (1.7 kB)
deploy	Install Lambda Dependencies	2025-12-26T03:06:50.3691754Z Collecting urllib3<1.27,>=1.25.4 (from botocore>=1.34.0->-r ./auth_resolver/requirements.txt (line 3))
deploy	Install Lambda Dependencies	2025-12-26T03:06:50.3710511Z   Using cached urllib3-1.26.20-py2.py3-none-any.whl.metadata (50 kB)
deploy	Install Lambda Dependencies	2025-12-26T03:06:50.3897234Z Collecting six>=1.5 (from python-dateutil>=2.8.2->-r ./auth_resolver/requirements.txt (line 2))
deploy	Install Lambda Dependencies	2025-12-26T03:06:50.3914324Z   Using cached six-1.17.0-py2.py3-none-any.whl.metadata (1.7 kB)
deploy	Install Lambda Dependencies	2025-12-26T03:06:50.5307478Z Using cached boto3-1.42.16-py3-none-any.whl (140 kB)
deploy	Install Lambda Dependencies	2025-12-26T03:06:50.5325051Z Using cached botocore-1.42.16-py3-none-any.whl (14.6 MB)
deploy	Install Lambda Dependencies	2025-12-26T03:06:50.5452233Z Using cached python_dateutil-2.9.0.post0-py2.py3-none-any.whl (229 kB)
deploy	Install Lambda Dependencies	2025-12-26T03:06:50.5469459Z Using cached jmespath-1.0.1-py3-none-any.whl (20 kB)
deploy	Install Lambda Dependencies	2025-12-26T03:06:50.5486488Z Using cached s3transfer-0.16.0-py3-none-any.whl (86 kB)
deploy	Install Lambda Dependencies	2025-12-26T03:06:50.5503360Z Using cached urllib3-1.26.20-py2.py3-none-any.whl (144 kB)
deploy	Install Lambda Dependencies	2025-12-26T03:06:50.5520694Z Using cached six-1.17.0-py2.py3-none-any.whl (11 kB)
deploy	Install Lambda Dependencies	2025-12-26T03:06:50.6211661Z Installing collected packages: urllib3, six, jmespath, python-dateutil, botocore, s3transfer, boto3
deploy	Install Lambda Dependencies	2025-12-26T03:06:51.3862489Z 
deploy	Install Lambda Dependencies	2025-12-26T03:06:51.3886175Z Successfully installed boto3-1.42.16 botocore-1.42.16 jmespath-1.0.1 python-dateutil-2.9.0.post0 s3transfer-0.16.0 six-1.17.0 urllib3-1.26.20
deploy	Install Lambda Dependencies	2025-12-26T03:06:51.4703362Z Installing dependencies for ./booking/requirements.txt
deploy	Install Lambda Dependencies	2025-12-26T03:06:52.2154841Z Collecting boto3>=1.34.0 (from -r ./booking/requirements.txt (line 1))
deploy	Install Lambda Dependencies	2025-12-26T03:06:52.2175035Z   Using cached boto3-1.42.16-py3-none-any.whl.metadata (6.8 kB)
deploy	Install Lambda Dependencies	2025-12-26T03:06:52.6589376Z Collecting botocore>=1.34.0 (from -r ./booking/requirements.txt (line 2))
deploy	Install Lambda Dependencies	2025-12-26T03:06:52.6608877Z   Using cached botocore-1.42.16-py3-none-any.whl.metadata (5.9 kB)
deploy	Install Lambda Dependencies	2025-12-26T03:06:52.6751191Z Collecting python-dateutil>=2.8.2 (from -r ./booking/requirements.txt (line 3))
deploy	Install Lambda Dependencies	2025-12-26T03:06:52.6768434Z   Using cached python_dateutil-2.9.0.post0-py2.py3-none-any.whl.metadata (8.4 kB)
deploy	Install Lambda Dependencies	2025-12-26T03:06:52.8382241Z Collecting jmespath<2.0.0,>=0.7.1 (from boto3>=1.34.0->-r ./booking/requirements.txt (line 1))
deploy	Install Lambda Dependencies	2025-12-26T03:06:52.8399911Z   Using cached jmespath-1.0.1-py3-none-any.whl.metadata (7.6 kB)
deploy	Install Lambda Dependencies	2025-12-26T03:06:52.8597144Z Collecting s3transfer<0.17.0,>=0.16.0 (from boto3>=1.34.0->-r ./booking/requirements.txt (line 1))
deploy	Install Lambda Dependencies	2025-12-26T03:06:52.8614906Z   Using cached s3transfer-0.16.0-py3-none-any.whl.metadata (1.7 kB)
deploy	Install Lambda Dependencies	2025-12-26T03:06:52.8925354Z Collecting urllib3<1.27,>=1.25.4 (from botocore>=1.34.0->-r ./booking/requirements.txt (line 2))
deploy	Install Lambda Dependencies	2025-12-26T03:06:52.8942413Z   Using cached urllib3-1.26.20-py2.py3-none-any.whl.metadata (50 kB)
deploy	Install Lambda Dependencies	2025-12-26T03:06:52.9132756Z Collecting six>=1.5 (from python-dateutil>=2.8.2->-r ./booking/requirements.txt (line 3))
deploy	Install Lambda Dependencies	2025-12-26T03:06:52.9150119Z   Using cached six-1.17.0-py2.py3-none-any.whl.metadata (1.7 kB)
deploy	Install Lambda Dependencies	2025-12-26T03:06:53.0842110Z Using cached boto3-1.42.16-py3-none-any.whl (140 kB)
deploy	Install Lambda Dependencies	2025-12-26T03:06:53.0861101Z Using cached botocore-1.42.16-py3-none-any.whl (14.6 MB)
deploy	Install Lambda Dependencies	2025-12-26T03:06:53.0984253Z Using cached python_dateutil-2.9.0.post0-py2.py3-none-any.whl (229 kB)
deploy	Install Lambda Dependencies	2025-12-26T03:06:53.1002954Z Using cached jmespath-1.0.1-py3-none-any.whl (20 kB)
deploy	Install Lambda Dependencies	2025-12-26T03:06:53.1020503Z Using cached s3transfer-0.16.0-py3-none-any.whl (86 kB)
deploy	Install Lambda Dependencies	2025-12-26T03:06:53.1038000Z Using cached urllib3-1.26.20-py2.py3-none-any.whl (144 kB)
deploy	Install Lambda Dependencies	2025-12-26T03:06:53.1056150Z Using cached six-1.17.0-py2.py3-none-any.whl (11 kB)
deploy	Install Lambda Dependencies	2025-12-26T03:06:53.1748846Z Installing collected packages: urllib3, six, jmespath, python-dateutil, botocore, s3transfer, boto3
deploy	Install Lambda Dependencies	2025-12-26T03:06:53.9429097Z 
deploy	Install Lambda Dependencies	2025-12-26T03:06:53.9452886Z Successfully installed boto3-1.42.16 botocore-1.42.16 jmespath-1.0.1 python-dateutil-2.9.0.post0 s3transfer-0.16.0 six-1.17.0 urllib3-1.26.20
deploy	Install Lambda Dependencies	2025-12-26T03:06:54.0310994Z Installing dependencies for ./catalog/requirements.txt
deploy	Install Lambda Dependencies	2025-12-26T03:06:54.7681696Z Collecting boto3>=1.34.0 (from -r ./catalog/requirements.txt (line 1))
deploy	Install Lambda Dependencies	2025-12-26T03:06:54.7701649Z   Using cached boto3-1.42.16-py3-none-any.whl.metadata (6.8 kB)
deploy	Install Lambda Dependencies	2025-12-26T03:06:54.7839906Z Collecting python-dateutil>=2.8.2 (from -r ./catalog/requirements.txt (line 2))
deploy	Install Lambda Dependencies	2025-12-26T03:06:54.7862283Z   Using cached python_dateutil-2.9.0.post0-py2.py3-none-any.whl.metadata (8.4 kB)
deploy	Install Lambda Dependencies	2025-12-26T03:06:55.2145923Z Collecting botocore>=1.34.0 (from -r ./catalog/requirements.txt (line 3))
deploy	Install Lambda Dependencies	2025-12-26T03:06:55.2166559Z   Using cached botocore-1.42.16-py3-none-any.whl.metadata (5.9 kB)
deploy	Install Lambda Dependencies	2025-12-26T03:06:55.3429522Z Collecting jmespath<2.0.0,>=0.7.1 (from boto3>=1.34.0->-r ./catalog/requirements.txt (line 1))
deploy	Install Lambda Dependencies	2025-12-26T03:06:55.3446570Z   Using cached jmespath-1.0.1-py3-none-any.whl.metadata (7.6 kB)
deploy	Install Lambda Dependencies	2025-12-26T03:06:55.3644240Z Collecting s3transfer<0.17.0,>=0.16.0 (from boto3>=1.34.0->-r ./catalog/requirements.txt (line 1))
deploy	Install Lambda Dependencies	2025-12-26T03:06:55.3660703Z   Using cached s3transfer-0.16.0-py3-none-any.whl.metadata (1.7 kB)
deploy	Install Lambda Dependencies	2025-12-26T03:06:55.3984760Z Collecting urllib3<1.27,>=1.25.4 (from botocore>=1.34.0->-r ./catalog/requirements.txt (line 3))
deploy	Install Lambda Dependencies	2025-12-26T03:06:55.4001652Z   Using cached urllib3-1.26.20-py2.py3-none-any.whl.metadata (50 kB)
deploy	Install Lambda Dependencies	2025-12-26T03:06:55.4182071Z Collecting six>=1.5 (from python-dateutil>=2.8.2->-r ./catalog/requirements.txt (line 2))
deploy	Install Lambda Dependencies	2025-12-26T03:06:55.4198706Z   Using cached six-1.17.0-py2.py3-none-any.whl.metadata (1.7 kB)
deploy	Install Lambda Dependencies	2025-12-26T03:06:55.6714087Z Using cached boto3-1.42.16-py3-none-any.whl (140 kB)
deploy	Install Lambda Dependencies	2025-12-26T03:06:55.6730860Z Using cached botocore-1.42.16-py3-none-any.whl (14.6 MB)
deploy	Install Lambda Dependencies	2025-12-26T03:06:55.6855347Z Using cached python_dateutil-2.9.0.post0-py2.py3-none-any.whl (229 kB)
deploy	Install Lambda Dependencies	2025-12-26T03:06:55.6872853Z Using cached jmespath-1.0.1-py3-none-any.whl (20 kB)
deploy	Install Lambda Dependencies	2025-12-26T03:06:55.6889410Z Using cached s3transfer-0.16.0-py3-none-any.whl (86 kB)
deploy	Install Lambda Dependencies	2025-12-26T03:06:55.6906390Z Using cached urllib3-1.26.20-py2.py3-none-any.whl (144 kB)
deploy	Install Lambda Dependencies	2025-12-26T03:06:55.6923366Z Using cached six-1.17.0-py2.py3-none-any.whl (11 kB)
deploy	Install Lambda Dependencies	2025-12-26T03:06:55.7604781Z Installing collected packages: urllib3, six, jmespath, python-dateutil, botocore, s3transfer, boto3
deploy	Install Lambda Dependencies	2025-12-26T03:06:56.5206327Z 
deploy	Install Lambda Dependencies	2025-12-26T03:06:56.5229466Z Successfully installed boto3-1.42.16 botocore-1.42.16 jmespath-1.0.1 python-dateutil-2.9.0.post0 s3transfer-0.16.0 six-1.17.0 urllib3-1.26.20
deploy	Configure AWS credentials	ï»¿2025-12-26T03:06:56.6100235Z ##[group]Run aws-actions/configure-aws-credentials@v4
deploy	Configure AWS credentials	2025-12-26T03:06:56.6100554Z with:
deploy	Configure AWS credentials	2025-12-26T03:06:56.6100819Z   role-to-assume: arn:aws:iam::607250385528:role/OICD_GITHUB_ACTION_DEPLOY
deploy	Configure AWS credentials	2025-12-26T03:06:56.6101141Z   aws-region: us-east-1
deploy	Configure AWS credentials	2025-12-26T03:06:56.6101352Z   audience: sts.amazonaws.com
deploy	Configure AWS credentials	2025-12-26T03:06:56.6101579Z   output-env-credentials: true
deploy	Configure AWS credentials	2025-12-26T03:06:56.6101795Z env:
deploy	Configure AWS credentials	2025-12-26T03:06:56.6102314Z   pythonLocation: /opt/hostedtoolcache/Python/3.9.25/x64
deploy	Configure AWS credentials	2025-12-26T03:06:56.6102714Z   PKG_CONFIG_PATH: /opt/hostedtoolcache/Python/3.9.25/x64/lib/pkgconfig
deploy	Configure AWS credentials	2025-12-26T03:06:56.6103099Z   Python_ROOT_DIR: /opt/hostedtoolcache/Python/3.9.25/x64
deploy	Configure AWS credentials	2025-12-26T03:06:56.6103443Z   Python2_ROOT_DIR: /opt/hostedtoolcache/Python/3.9.25/x64
deploy	Configure AWS credentials	2025-12-26T03:06:56.6103772Z   Python3_ROOT_DIR: /opt/hostedtoolcache/Python/3.9.25/x64
deploy	Configure AWS credentials	2025-12-26T03:06:56.6104102Z   LD_LIBRARY_PATH: /opt/hostedtoolcache/Python/3.9.25/x64/lib
deploy	Configure AWS credentials	2025-12-26T03:06:56.6104390Z ##[endgroup]
deploy	Configure AWS credentials	2025-12-26T03:06:56.8641388Z Assuming role with OIDC
deploy	Configure AWS credentials	2025-12-26T03:06:57.0247907Z Authenticated as assumedRoleId AROAY2YXRRJ4FJCZEMYSV:GitHubActions
deploy	Install CDK dependencies	ï»¿2025-12-26T03:06:57.0709642Z ##[group]Run npm ci
deploy	Install CDK dependencies	2025-12-26T03:06:57.0709902Z [36;1mnpm ci[0m
deploy	Install CDK dependencies	2025-12-26T03:06:57.0743619Z shell: /usr/bin/bash -e {0}
deploy	Install CDK dependencies	2025-12-26T03:06:57.0743859Z env:
deploy	Install CDK dependencies	2025-12-26T03:06:57.0744116Z   pythonLocation: /opt/hostedtoolcache/Python/3.9.25/x64
deploy	Install CDK dependencies	2025-12-26T03:06:57.0744538Z   PKG_CONFIG_PATH: /opt/hostedtoolcache/Python/3.9.25/x64/lib/pkgconfig
deploy	Install CDK dependencies	2025-12-26T03:06:57.0744953Z   Python_ROOT_DIR: /opt/hostedtoolcache/Python/3.9.25/x64
deploy	Install CDK dependencies	2025-12-26T03:06:57.0745309Z   Python2_ROOT_DIR: /opt/hostedtoolcache/Python/3.9.25/x64
deploy	Install CDK dependencies	2025-12-26T03:06:57.0745839Z   Python3_ROOT_DIR: /opt/hostedtoolcache/Python/3.9.25/x64
deploy	Install CDK dependencies	2025-12-26T03:06:57.0746191Z   LD_LIBRARY_PATH: /opt/hostedtoolcache/Python/3.9.25/x64/lib
deploy	Install CDK dependencies	2025-12-26T03:06:57.0746513Z   AWS_DEFAULT_REGION: us-east-1
deploy	Install CDK dependencies	2025-12-26T03:06:57.0746753Z   AWS_REGION: us-east-1
deploy	Install CDK dependencies	2025-12-26T03:06:57.0747414Z   AWS_ACCESS_KEY_ID: ***
deploy	Install CDK dependencies	2025-12-26T03:06:57.0747770Z   AWS_SECRET_ACCESS_KEY: ***
deploy	Install CDK dependencies	2025-12-26T03:06:57.0753195Z   AWS_SESSION_TOKEN: ***
deploy	Install CDK dependencies	2025-12-26T03:06:57.0753430Z ##[endgroup]
deploy	Install CDK dependencies	2025-12-26T03:07:03.4175629Z 
deploy	Install CDK dependencies	2025-12-26T03:07:03.4176347Z added 26 packages, and audited 63 packages in 6s
deploy	Install CDK dependencies	2025-12-26T03:07:03.4176806Z 
deploy	Install CDK dependencies	2025-12-26T03:07:03.4177112Z 4 packages are looking for funding
deploy	Install CDK dependencies	2025-12-26T03:07:03.4177707Z   run `npm fund` for details
deploy	Install CDK dependencies	2025-12-26T03:07:03.4186424Z 
deploy	Install CDK dependencies	2025-12-26T03:07:03.4186947Z found 0 vulnerabilities
deploy	Sanitize Environment Name	ï»¿2025-12-26T03:07:03.4380593Z ##[group]Run # Get branch name (head_ref for PRs, ref_name for dispatch)
deploy	Sanitize Environment Name	2025-12-26T03:07:03.4381095Z [36;1m# Get branch name (head_ref for PRs, ref_name for dispatch)[0m
deploy	Sanitize Environment Name	2025-12-26T03:07:03.4381446Z [36;1mRAW_BRANCH=dev[0m
deploy	Sanitize Environment Name	2025-12-26T03:07:03.4381683Z [36;1m# Replace slashes with hyphens[0m
deploy	Sanitize Environment Name	2025-12-26T03:07:03.4382142Z [36;1mSANITIZED_BRANCH=${RAW_BRANCH//\//-}[0m
deploy	Sanitize Environment Name	2025-12-26T03:07:03.4382476Z [36;1mecho "ENV_NAME=${SANITIZED_BRANCH}" >> $GITHUB_ENV[0m
deploy	Sanitize Environment Name	2025-12-26T03:07:03.4416704Z shell: /usr/bin/bash -e {0}
deploy	Sanitize Environment Name	2025-12-26T03:07:03.4416957Z env:
deploy	Sanitize Environment Name	2025-12-26T03:07:03.4417219Z   pythonLocation: /opt/hostedtoolcache/Python/3.9.25/x64
deploy	Sanitize Environment Name	2025-12-26T03:07:03.4417645Z   PKG_CONFIG_PATH: /opt/hostedtoolcache/Python/3.9.25/x64/lib/pkgconfig
deploy	Sanitize Environment Name	2025-12-26T03:07:03.4418065Z   Python_ROOT_DIR: /opt/hostedtoolcache/Python/3.9.25/x64
deploy	Sanitize Environment Name	2025-12-26T03:07:03.4418428Z   Python2_ROOT_DIR: /opt/hostedtoolcache/Python/3.9.25/x64
deploy	Sanitize Environment Name	2025-12-26T03:07:03.4418782Z   Python3_ROOT_DIR: /opt/hostedtoolcache/Python/3.9.25/x64
deploy	Sanitize Environment Name	2025-12-26T03:07:03.4419185Z   LD_LIBRARY_PATH: /opt/hostedtoolcache/Python/3.9.25/x64/lib
deploy	Sanitize Environment Name	2025-12-26T03:07:03.4419499Z   AWS_DEFAULT_REGION: us-east-1
deploy	Sanitize Environment Name	2025-12-26T03:07:03.4419747Z   AWS_REGION: us-east-1
deploy	Sanitize Environment Name	2025-12-26T03:07:03.4420051Z   AWS_ACCESS_KEY_ID: ***
deploy	Sanitize Environment Name	2025-12-26T03:07:03.4420374Z   AWS_SECRET_ACCESS_KEY: ***
deploy	Sanitize Environment Name	2025-12-26T03:07:03.4425257Z   AWS_SESSION_TOKEN: ***
deploy	Sanitize Environment Name	2025-12-26T03:07:03.4425482Z ##[endgroup]
deploy	Deploy with CDK	ï»¿2025-12-26T03:07:03.4531450Z ##[group]Run npx cdk deploy --all --require-approval never
deploy	Deploy with CDK	2025-12-26T03:07:03.4532124Z [36;1mnpx cdk deploy --all --require-approval never[0m
deploy	Deploy with CDK	2025-12-26T03:07:03.4563070Z shell: /usr/bin/bash -e {0}
deploy	Deploy with CDK	2025-12-26T03:07:03.4563319Z env:
deploy	Deploy with CDK	2025-12-26T03:07:03.4563572Z   pythonLocation: /opt/hostedtoolcache/Python/3.9.25/x64
deploy	Deploy with CDK	2025-12-26T03:07:03.4563996Z   PKG_CONFIG_PATH: /opt/hostedtoolcache/Python/3.9.25/x64/lib/pkgconfig
deploy	Deploy with CDK	2025-12-26T03:07:03.4564406Z   Python_ROOT_DIR: /opt/hostedtoolcache/Python/3.9.25/x64
deploy	Deploy with CDK	2025-12-26T03:07:03.4564764Z   Python2_ROOT_DIR: /opt/hostedtoolcache/Python/3.9.25/x64
deploy	Deploy with CDK	2025-12-26T03:07:03.4565113Z   Python3_ROOT_DIR: /opt/hostedtoolcache/Python/3.9.25/x64
deploy	Deploy with CDK	2025-12-26T03:07:03.4565613Z   LD_LIBRARY_PATH: /opt/hostedtoolcache/Python/3.9.25/x64/lib
deploy	Deploy with CDK	2025-12-26T03:07:03.4565969Z   AWS_DEFAULT_REGION: us-east-1
deploy	Deploy with CDK	2025-12-26T03:07:03.4566207Z   AWS_REGION: us-east-1
deploy	Deploy with CDK	2025-12-26T03:07:03.4566482Z   AWS_ACCESS_KEY_ID: ***
deploy	Deploy with CDK	2025-12-26T03:07:03.4566805Z   AWS_SECRET_ACCESS_KEY: ***
deploy	Deploy with CDK	2025-12-26T03:07:03.4571575Z   AWS_SESSION_TOKEN: ***
deploy	Deploy with CDK	2025-12-26T03:07:03.4571791Z   ENV_NAME: dev
deploy	Deploy with CDK	2025-12-26T03:07:03.4572221Z   ENV: dev
deploy	Deploy with CDK	2025-12-26T03:07:03.4572395Z ##[endgroup]
deploy	Deploy with CDK	2025-12-26T03:07:09.9851657Z [WARNING] aws-cdk-lib.aws_dynamodb.TableOptions#pointInTimeRecovery is deprecated.
deploy	Deploy with CDK	2025-12-26T03:07:09.9852794Z   use `pointInTimeRecoverySpecification` instead
deploy	Deploy with CDK	2025-12-26T03:07:09.9853453Z   This API will be removed in the next major release.
deploy	Deploy with CDK	2025-12-26T03:07:10.0825365Z [WARNING] aws-cdk-lib.aws_dynamodb.TableOptions#pointInTimeRecovery is deprecated.
deploy	Deploy with CDK	2025-12-26T03:07:10.0825954Z   use `pointInTimeRecoverySpecification` instead
deploy	Deploy with CDK	2025-12-26T03:07:10.0826344Z   This API will be removed in the next major release.
deploy	Deploy with CDK	2025-12-26T03:07:10.0834276Z [WARNING] aws-cdk-lib.aws_dynamodb.TableOptions#pointInTimeRecovery is deprecated.
deploy	Deploy with CDK	2025-12-26T03:07:10.0835700Z   use `pointInTimeRecoverySpecification` instead
deploy	Deploy with CDK	2025-12-26T03:07:10.0836429Z   This API will be removed in the next major release.
deploy	Deploy with CDK	2025-12-26T03:07:10.0843890Z [WARNING] aws-cdk-lib.aws_dynamodb.TableOptions#pointInTimeRecovery is deprecated.
deploy	Deploy with CDK	2025-12-26T03:07:10.0844869Z   use `pointInTimeRecoverySpecification` instead
deploy	Deploy with CDK	2025-12-26T03:07:10.0845602Z   This API will be removed in the next major release.
deploy	Deploy with CDK	2025-12-26T03:07:10.0850239Z [WARNING] aws-cdk-lib.aws_dynamodb.TableOptions#pointInTimeRecovery is deprecated.
deploy	Deploy with CDK	2025-12-26T03:07:10.0851184Z   use `pointInTimeRecoverySpecification` instead
deploy	Deploy with CDK	2025-12-26T03:07:10.0852103Z   This API will be removed in the next major release.
deploy	Deploy with CDK	2025-12-26T03:07:10.0856769Z [WARNING] aws-cdk-lib.aws_dynamodb.TableOptions#pointInTimeRecovery is deprecated.
deploy	Deploy with CDK	2025-12-26T03:07:10.0857713Z   use `pointInTimeRecoverySpecification` instead
deploy	Deploy with CDK	2025-12-26T03:07:10.0858440Z   This API will be removed in the next major release.
deploy	Deploy with CDK	2025-12-26T03:07:10.0864168Z [WARNING] aws-cdk-lib.aws_dynamodb.TableOptions#pointInTimeRecovery is deprecated.
deploy	Deploy with CDK	2025-12-26T03:07:10.0865366Z   use `pointInTimeRecoverySpecification` instead
deploy	Deploy with CDK	2025-12-26T03:07:10.0867132Z   This API will be removed in the next major release.
deploy	Deploy with CDK	2025-12-26T03:07:10.0869477Z [WARNING] aws-cdk-lib.aws_dynamodb.TableOptions#pointInTimeRecovery is deprecated.
deploy	Deploy with CDK	2025-12-26T03:07:10.0870428Z   use `pointInTimeRecoverySpecification` instead
deploy	Deploy with CDK	2025-12-26T03:07:10.0871154Z   This API will be removed in the next major release.
deploy	Deploy with CDK	2025-12-26T03:07:10.0877591Z [WARNING] aws-cdk-lib.aws_dynamodb.TableOptions#pointInTimeRecovery is deprecated.
deploy	Deploy with CDK	2025-12-26T03:07:10.0878611Z   use `pointInTimeRecoverySpecification` instead
deploy	Deploy with CDK	2025-12-26T03:07:10.0879303Z   This API will be removed in the next major release.
deploy	Deploy with CDK	2025-12-26T03:07:10.0886983Z [WARNING] aws-cdk-lib.aws_dynamodb.TableOptions#pointInTimeRecovery is deprecated.
deploy	Deploy with CDK	2025-12-26T03:07:10.0887931Z   use `pointInTimeRecoverySpecification` instead
deploy	Deploy with CDK	2025-12-26T03:07:10.0888667Z   This API will be removed in the next major release.
deploy	Deploy with CDK	2025-12-26T03:07:10.0892748Z [WARNING] aws-cdk-lib.aws_dynamodb.TableOptions#pointInTimeRecovery is deprecated.
deploy	Deploy with CDK	2025-12-26T03:07:10.0896097Z   use `pointInTimeRecoverySpecification` instead
deploy	Deploy with CDK	2025-12-26T03:07:10.0897211Z   This API will be removed in the next major release.
deploy	Deploy with CDK	2025-12-26T03:07:10.0899294Z [WARNING] aws-cdk-lib.aws_dynamodb.TableOptions#pointInTimeRecovery is deprecated.
deploy	Deploy with CDK	2025-12-26T03:07:10.0900214Z   use `pointInTimeRecoverySpecification` instead
deploy	Deploy with CDK	2025-12-26T03:07:10.0900936Z   This API will be removed in the next major release.
deploy	Deploy with CDK	2025-12-26T03:07:10.0962294Z [WARNING] aws-cdk-lib.aws_cognito.UserPoolProps#advancedSecurityMode is deprecated.
deploy	Deploy with CDK	2025-12-26T03:07:10.0964067Z   Advanced Security Mode is deprecated due to user pool feature plans. Use StandardThreatProtectionMode and CustomThreatProtectionMode to set Thread Protection level.
deploy	Deploy with CDK	2025-12-26T03:07:10.0965538Z   This API will be removed in the next major release.
deploy	Deploy with CDK	2025-12-26T03:07:10.0966446Z [WARNING] aws-cdk-lib.aws_cognito.AdvancedSecurityMode is deprecated.
deploy	Deploy with CDK	2025-12-26T03:07:10.0968080Z   Advanced Security Mode is deprecated due to user pool feature plans. Use StandardThreatProtectionMode and CustomThreatProtectionMode to set Thread Protection level.
deploy	Deploy with CDK	2025-12-26T03:07:10.0969504Z   This API will be removed in the next major release.
deploy	Deploy with CDK	2025-12-26T03:07:10.0970510Z [WARNING] aws-cdk-lib.aws_cognito.AdvancedSecurityMode#ENFORCED is deprecated.
deploy	Deploy with CDK	2025-12-26T03:07:10.0971177Z   
deploy	Deploy with CDK	2025-12-26T03:07:10.0971613Z   This API will be removed in the next major release.
deploy	Deploy with CDK	2025-12-26T03:07:10.2309506Z [WARNING] aws-cdk-lib.aws_lambda.FunctionOptions#logRetention is deprecated.
deploy	Deploy with CDK	2025-12-26T03:07:10.2310096Z   use `logGroup` instead
deploy	Deploy with CDK	2025-12-26T03:07:10.2310481Z   This API will be removed in the next major release.
deploy	Deploy with CDK	2025-12-26T03:07:10.8934189Z [WARNING] aws-cdk-lib.aws_lambda.FunctionOptions#logRetention is deprecated.
deploy	Deploy with CDK	2025-12-26T03:07:10.8935011Z   use `logGroup` instead
deploy	Deploy with CDK	2025-12-26T03:07:10.8935974Z   This API will be removed in the next major release.
deploy	Deploy with CDK	2025-12-26T03:07:11.4321549Z [WARNING] aws-cdk-lib.aws_lambda.FunctionOptions#logRetention is deprecated.
deploy	Deploy with CDK	2025-12-26T03:07:12.0669920Z   use `logGroup` instead
deploy	Deploy with CDK	2025-12-26T03:07:12.0670636Z   This API will be removed in the next major release.
deploy	Deploy with CDK	2025-12-26T03:07:12.0671630Z [WARNING] aws-cdk-lib.aws_lambda.FunctionOptions#logRetention is deprecated.
deploy	Deploy with CDK	2025-12-26T03:07:12.0672666Z   use `logGroup` instead
deploy	Deploy with CDK	2025-12-26T03:07:12.0673234Z   This API will be removed in the next major release.
deploy	Deploy with CDK	2025-12-26T03:07:12.5720810Z [WARNING] aws-cdk-lib.aws_lambda.FunctionOptions#logRetention is deprecated.
deploy	Deploy with CDK	2025-12-26T03:07:12.5721672Z   use `logGroup` instead
deploy	Deploy with CDK	2025-12-26T03:07:12.5722610Z   This API will be removed in the next major release.
deploy	Deploy with CDK	2025-12-26T03:07:13.2474648Z [WARNING] aws-cdk-lib.aws_lambda.FunctionOptions#logRetention is deprecated.
deploy	Deploy with CDK	2025-12-26T03:07:13.2475502Z   use `logGroup` instead
deploy	Deploy with CDK	2025-12-26T03:07:13.2476081Z   This API will be removed in the next major release.
deploy	Deploy with CDK	2025-12-26T03:07:13.2499728Z [WARNING] aws-cdk-lib.aws_lambda.FunctionOptions#logRetention is deprecated.
deploy	Deploy with CDK	2025-12-26T03:07:13.2500520Z   use `logGroup` instead
deploy	Deploy with CDK	2025-12-26T03:07:13.2501103Z   This API will be removed in the next major release.
deploy	Deploy with CDK	2025-12-26T03:07:13.2523215Z [WARNING] aws-cdk-lib.aws_lambda.FunctionOptions#logRetention is deprecated.
deploy	Deploy with CDK	2025-12-26T03:07:13.2523989Z   use `logGroup` instead
deploy	Deploy with CDK	2025-12-26T03:07:13.2524578Z   This API will be removed in the next major release.
deploy	Deploy with CDK	2025-12-26T03:07:13.2548554Z [WARNING] aws-cdk-lib.aws_lambda.FunctionOptions#logRetention is deprecated.
deploy	Deploy with CDK	2025-12-26T03:07:13.2549348Z   use `logGroup` instead
deploy	Deploy with CDK	2025-12-26T03:07:13.2549953Z   This API will be removed in the next major release.
deploy	Deploy with CDK	2025-12-26T03:07:13.2571694Z [WARNING] aws-cdk-lib.aws_lambda.FunctionOptions#logRetention is deprecated.
deploy	Deploy with CDK	2025-12-26T03:07:13.2572709Z   use `logGroup` instead
deploy	Deploy with CDK	2025-12-26T03:07:13.2573315Z   This API will be removed in the next major release.
deploy	Deploy with CDK	2025-12-26T03:07:13.2597111Z [WARNING] aws-cdk-lib.aws_lambda.FunctionOptions#logRetention is deprecated.
deploy	Deploy with CDK	2025-12-26T03:07:13.2597925Z   use `logGroup` instead
deploy	Deploy with CDK	2025-12-26T03:07:13.2598509Z   This API will be removed in the next major release.
deploy	Deploy with CDK	2025-12-26T03:07:13.2684546Z [WARNING] aws-cdk-lib.aws_lambda.FunctionOptions#logRetention is deprecated.
deploy	Deploy with CDK	2025-12-26T03:07:13.2685862Z   use `logGroup` instead
deploy	Deploy with CDK	2025-12-26T03:07:13.2686539Z   This API will be removed in the next major release.
deploy	Deploy with CDK	2025-12-26T03:07:13.2779562Z [WARNING] aws-cdk-lib.aws_lambda.FunctionOptions#logRetention is deprecated.
deploy	Deploy with CDK	2025-12-26T03:07:13.2780400Z   use `logGroup` instead
deploy	Deploy with CDK	2025-12-26T03:07:13.2781015Z   This API will be removed in the next major release.
deploy	Deploy with CDK	2025-12-26T03:07:13.2980548Z [WARNING] aws-cdk-lib.aws_appsync.GraphqlApiProps#schema is deprecated.
deploy	Deploy with CDK	2025-12-26T03:07:13.2981372Z   use Definition.schema instead
deploy	Deploy with CDK	2025-12-26T03:07:13.2982261Z   This API will be removed in the next major release.
deploy	Deploy with CDK	2025-12-26T03:07:13.9489175Z current credentials could not be used to assume 'arn:aws:iam::607250385528:role/cdk-hnb659fds-lookup-role-607250385528-us-east-1', but are for the right account. Proceeding anyway.
deploy	Deploy with CDK	2025-12-26T03:07:18.9355083Z [WARNING] aws-cdk-lib.aws_dynamodb.TableOptions#pointInTimeRecovery is deprecated.
deploy	Deploy with CDK	2025-12-26T03:07:18.9356123Z   use `pointInTimeRecoverySpecification` instead
deploy	Deploy with CDK	2025-12-26T03:07:18.9356908Z   This API will be removed in the next major release.
deploy	Deploy with CDK	2025-12-26T03:07:19.0238646Z [WARNING] aws-cdk-lib.aws_dynamodb.TableOptions#pointInTimeRecovery is deprecated.
deploy	Deploy with CDK	2025-12-26T03:07:19.0239666Z   use `pointInTimeRecoverySpecification` instead
deploy	Deploy with CDK	2025-12-26T03:07:19.0240395Z   This API will be removed in the next major release.
deploy	Deploy with CDK	2025-12-26T03:07:19.0248321Z [WARNING] aws-cdk-lib.aws_dynamodb.TableOptions#pointInTimeRecovery is deprecated.
deploy	Deploy with CDK	2025-12-26T03:07:19.0249280Z   use `pointInTimeRecoverySpecification` instead
deploy	Deploy with CDK	2025-12-26T03:07:19.0250018Z   This API will be removed in the next major release.
deploy	Deploy with CDK	2025-12-26T03:07:19.0257777Z [WARNING] aws-cdk-lib.aws_dynamodb.TableOptions#pointInTimeRecovery is deprecated.
deploy	Deploy with CDK	2025-12-26T03:07:19.0259390Z   use `pointInTimeRecoverySpecification` instead
deploy	Deploy with CDK	2025-12-26T03:07:19.0260137Z   This API will be removed in the next major release.
deploy	Deploy with CDK	2025-12-26T03:07:19.0264731Z [WARNING] aws-cdk-lib.aws_dynamodb.TableOptions#pointInTimeRecovery is deprecated.
deploy	Deploy with CDK	2025-12-26T03:07:19.0265702Z   use `pointInTimeRecoverySpecification` instead
deploy	Deploy with CDK	2025-12-26T03:07:19.0266440Z   This API will be removed in the next major release.
deploy	Deploy with CDK	2025-12-26T03:07:19.0270959Z [WARNING] aws-cdk-lib.aws_dynamodb.TableOptions#pointInTimeRecovery is deprecated.
deploy	Deploy with CDK	2025-12-26T03:07:19.0272155Z   use `pointInTimeRecoverySpecification` instead
deploy	Deploy with CDK	2025-12-26T03:07:19.0272901Z   This API will be removed in the next major release.
deploy	Deploy with CDK	2025-12-26T03:07:19.0278012Z [WARNING] aws-cdk-lib.aws_dynamodb.TableOptions#pointInTimeRecovery is deprecated.
deploy	Deploy with CDK	2025-12-26T03:07:19.0278983Z   use `pointInTimeRecoverySpecification` instead
deploy	Deploy with CDK	2025-12-26T03:07:19.0279737Z   This API will be removed in the next major release.
deploy	Deploy with CDK	2025-12-26T03:07:19.0284303Z [WARNING] aws-cdk-lib.aws_dynamodb.TableOptions#pointInTimeRecovery is deprecated.
deploy	Deploy with CDK	2025-12-26T03:07:19.0285250Z   use `pointInTimeRecoverySpecification` instead
deploy	Deploy with CDK	2025-12-26T03:07:19.0285980Z   This API will be removed in the next major release.
deploy	Deploy with CDK	2025-12-26T03:07:19.0289948Z [WARNING] aws-cdk-lib.aws_dynamodb.TableOptions#pointInTimeRecovery is deprecated.
deploy	Deploy with CDK	2025-12-26T03:07:19.0290882Z   use `pointInTimeRecoverySpecification` instead
deploy	Deploy with CDK	2025-12-26T03:07:19.0291593Z   This API will be removed in the next major release.
deploy	Deploy with CDK	2025-12-26T03:07:19.0298380Z [WARNING] aws-cdk-lib.aws_dynamodb.TableOptions#pointInTimeRecovery is deprecated.
deploy	Deploy with CDK	2025-12-26T03:07:19.0299313Z   use `pointInTimeRecoverySpecification` instead
deploy	Deploy with CDK	2025-12-26T03:07:19.0300023Z   This API will be removed in the next major release.
deploy	Deploy with CDK	2025-12-26T03:07:19.0305524Z [WARNING] aws-cdk-lib.aws_dynamodb.TableOptions#pointInTimeRecovery is deprecated.
deploy	Deploy with CDK	2025-12-26T03:07:19.0306461Z   use `pointInTimeRecoverySpecification` instead
deploy	Deploy with CDK	2025-12-26T03:07:19.0307188Z   This API will be removed in the next major release.
deploy	Deploy with CDK	2025-12-26T03:07:19.0312700Z [WARNING] aws-cdk-lib.aws_dynamodb.TableOptions#pointInTimeRecovery is deprecated.
deploy	Deploy with CDK	2025-12-26T03:07:19.0313391Z   use `pointInTimeRecoverySpecification` instead
deploy	Deploy with CDK	2025-12-26T03:07:19.0314399Z   This API will be removed in the next major release.
deploy	Deploy with CDK	2025-12-26T03:07:19.0374492Z [WARNING] aws-cdk-lib.aws_cognito.UserPoolProps#advancedSecurityMode is deprecated.
deploy	Deploy with CDK	2025-12-26T03:07:19.0376260Z   Advanced Security Mode is deprecated due to user pool feature plans. Use StandardThreatProtectionMode and CustomThreatProtectionMode to set Thread Protection level.
deploy	Deploy with CDK	2025-12-26T03:07:19.0377699Z   This API will be removed in the next major release.
deploy	Deploy with CDK	2025-12-26T03:07:19.0378421Z [WARNING] aws-cdk-lib.aws_cognito.AdvancedSecurityMode is deprecated.
deploy	Deploy with CDK	2025-12-26T03:07:19.0379578Z   Advanced Security Mode is deprecated due to user pool feature plans. Use StandardThreatProtectionMode and CustomThreatProtectionMode to set Thread Protection level.
deploy	Deploy with CDK	2025-12-26T03:07:19.0380655Z   This API will be removed in the next major release.
deploy	Deploy with CDK	2025-12-26T03:07:19.0381346Z [WARNING] aws-cdk-lib.aws_cognito.AdvancedSecurityMode#ENFORCED is deprecated.
deploy	Deploy with CDK	2025-12-26T03:07:19.0382024Z   
deploy	Deploy with CDK	2025-12-26T03:07:19.0382392Z   This API will be removed in the next major release.
deploy	Deploy with CDK	2025-12-26T03:07:19.1688136Z [WARNING] aws-cdk-lib.aws_lambda.FunctionOptions#logRetention is deprecated.
deploy	Deploy with CDK	2025-12-26T03:07:19.1689091Z   use `logGroup` instead
deploy	Deploy with CDK	2025-12-26T03:07:19.1692107Z   This API will be removed in the next major release.
deploy	Deploy with CDK	2025-12-26T03:07:19.4341710Z [WARNING] aws-cdk-lib.aws_lambda.FunctionOptions#logRetention is deprecated.
deploy	Deploy with CDK	2025-12-26T03:07:19.4342835Z   use `logGroup` instead
deploy	Deploy with CDK	2025-12-26T03:07:19.4343431Z   This API will be removed in the next major release.
deploy	Deploy with CDK	2025-12-26T03:07:19.5948385Z [WARNING] aws-cdk-lib.aws_lambda.FunctionOptions#logRetention is deprecated.
deploy	Deploy with CDK	2025-12-26T03:07:19.5949134Z   use `logGroup` instead
deploy	Deploy with CDK	2025-12-26T03:07:19.5949643Z   This API will be removed in the next major release.
deploy	Deploy with CDK	2025-12-26T03:07:19.7664374Z [WARNING] aws-cdk-lib.aws_lambda.FunctionOptions#logRetention is deprecated.
deploy	Deploy with CDK	2025-12-26T03:07:19.7665194Z   use `logGroup` instead
deploy	Deploy with CDK	2025-12-26T03:07:19.7665859Z   This API will be removed in the next major release.
deploy	Deploy with CDK	2025-12-26T03:07:19.9126267Z [WARNING] aws-cdk-lib.aws_lambda.FunctionOptions#logRetention is deprecated.
deploy	Deploy with CDK	2025-12-26T03:07:19.9127022Z   use `logGroup` instead
deploy	Deploy with CDK	2025-12-26T03:07:19.9127453Z   This API will be removed in the next major release.
deploy	Deploy with CDK	2025-12-26T03:07:20.1094335Z [WARNING] aws-cdk-lib.aws_lambda.FunctionOptions#logRetention is deprecated.
deploy	Deploy with CDK	2025-12-26T03:07:20.1094893Z   use `logGroup` instead
deploy	Deploy with CDK	2025-12-26T03:07:20.1095217Z   This API will be removed in the next major release.
deploy	Deploy with CDK	2025-12-26T03:07:20.1113587Z [WARNING] aws-cdk-lib.aws_lambda.FunctionOptions#logRetention is deprecated.
deploy	Deploy with CDK	2025-12-26T03:07:20.1114284Z   use `logGroup` instead
deploy	Deploy with CDK	2025-12-26T03:07:20.1114684Z   This API will be removed in the next major release.
deploy	Deploy with CDK	2025-12-26T03:07:20.1131650Z [WARNING] aws-cdk-lib.aws_lambda.FunctionOptions#logRetention is deprecated.
deploy	Deploy with CDK	2025-12-26T03:07:20.1132702Z   use `logGroup` instead
deploy	Deploy with CDK	2025-12-26T03:07:20.1133334Z   This API will be removed in the next major release.
deploy	Deploy with CDK	2025-12-26T03:07:20.1153506Z [WARNING] aws-cdk-lib.aws_lambda.FunctionOptions#logRetention is deprecated.
deploy	Deploy with CDK	2025-12-26T03:07:20.1154218Z   use `logGroup` instead
deploy	Deploy with CDK	2025-12-26T03:07:20.1154630Z   This API will be removed in the next major release.
deploy	Deploy with CDK	2025-12-26T03:07:20.1174173Z [WARNING] aws-cdk-lib.aws_lambda.FunctionOptions#logRetention is deprecated.
deploy	Deploy with CDK	2025-12-26T03:07:20.1174999Z   use `logGroup` instead
deploy	Deploy with CDK	2025-12-26T03:07:20.1175500Z   This API will be removed in the next major release.
deploy	Deploy with CDK	2025-12-26T03:07:20.1194869Z [WARNING] aws-cdk-lib.aws_lambda.FunctionOptions#logRetention is deprecated.
deploy	Deploy with CDK	2025-12-26T03:07:20.1195462Z   use `logGroup` instead
deploy	Deploy with CDK	2025-12-26T03:07:20.1195778Z   This API will be removed in the next major release.
deploy	Deploy with CDK	2025-12-26T03:07:20.1275645Z [WARNING] aws-cdk-lib.aws_lambda.FunctionOptions#logRetention is deprecated.
deploy	Deploy with CDK	2025-12-26T03:07:20.1276401Z   use `logGroup` instead
deploy	Deploy with CDK	2025-12-26T03:07:20.1276813Z   This API will be removed in the next major release.
deploy	Deploy with CDK	2025-12-26T03:07:20.1383131Z [WARNING] aws-cdk-lib.aws_lambda.FunctionOptions#logRetention is deprecated.
deploy	Deploy with CDK	2025-12-26T03:07:20.1384097Z   use `logGroup` instead
deploy	Deploy with CDK	2025-12-26T03:07:20.1384497Z   This API will be removed in the next major release.
deploy	Deploy with CDK	2025-12-26T03:07:20.1583398Z [WARNING] aws-cdk-lib.aws_appsync.GraphqlApiProps#schema is deprecated.
deploy	Deploy with CDK	2025-12-26T03:07:20.1584211Z   use Definition.schema instead
deploy	Deploy with CDK	2025-12-26T03:07:20.1584835Z   This API will be removed in the next major release.
deploy	Deploy with CDK	2025-12-26T03:07:20.6639667Z 
deploy	Deploy with CDK	2025-12-26T03:07:20.6640617Z âœ¨  Synthesis time: 16.05s
deploy	Deploy with CDK	2025-12-26T03:07:20.6640954Z 
deploy	Deploy with CDK	2025-12-26T03:07:21.3199257Z ChatBooking-dev-Database
deploy	Deploy with CDK	2025-12-26T03:07:21.3203426Z ChatBooking-dev-Database: deploying... [1/5]
deploy	Deploy with CDK	2025-12-26T03:07:21.4258123Z current credentials could not be used to assume 'arn:aws:iam::607250385528:role/cdk-hnb659fds-deploy-role-607250385528-us-east-1', but are for the right account. Proceeding anyway.
deploy	Deploy with CDK	2025-12-26T03:07:21.4309279Z current credentials could not be used to assume 'arn:aws:iam::607250385528:role/cdk-hnb659fds-deploy-role-607250385528-us-east-1', but are for the right account. Proceeding anyway.
deploy	Deploy with CDK	2025-12-26T03:07:21.5951300Z ChatBooking-dev-Backend: start: Building AuthResolverFunction/Code
deploy	Deploy with CDK	2025-12-26T03:07:21.5952294Z ChatBooking-dev-Backend: success: Built AuthResolverFunction/Code
deploy	Deploy with CDK	2025-12-26T03:07:21.6001342Z ChatBooking-dev-Backend: start: Building CatalogFunction/Code
deploy	Deploy with CDK	2025-12-26T03:07:21.6003049Z ChatBooking-dev-Backend: success: Built CatalogFunction/Code
deploy	Deploy with CDK	2025-12-26T03:07:21.6007736Z ChatBooking-dev-Backend: start: Building AvailabilityFunction/Code
deploy	Deploy with CDK	2025-12-26T03:07:21.6008971Z ChatBooking-dev-Backend: success: Built AvailabilityFunction/Code
deploy	Deploy with CDK	2025-12-26T03:07:21.6013240Z ChatBooking-dev-Backend: start: Building BookingFunction/Code
deploy	Deploy with CDK	2025-12-26T03:07:21.6014246Z ChatBooking-dev-Backend: success: Built BookingFunction/Code
deploy	Deploy with CDK	2025-12-26T03:07:21.6019207Z ChatBooking-dev-Backend: start: Building ChatAgentFunction/Code
deploy	Deploy with CDK	2025-12-26T03:07:21.6020146Z ChatBooking-dev-Backend: success: Built ChatAgentFunction/Code
deploy	Deploy with CDK	2025-12-26T03:07:21.6024786Z ChatBooking-dev-Backend: start: Building ChatBooking-dev-Backend Template
deploy	Deploy with CDK	2025-12-26T03:07:21.6025747Z ChatBooking-dev-Backend: success: Built ChatBooking-dev-Backend Template
deploy	Deploy with CDK	2025-12-26T03:07:21.6036049Z ChatBooking-dev-AppSyncApi: start: Building ChatBooking-dev-AppSyncApi Template
deploy	Deploy with CDK	2025-12-26T03:07:21.6037388Z ChatBooking-dev-AppSyncApi: success: Built ChatBooking-dev-AppSyncApi Template
deploy	Deploy with CDK	2025-12-26T03:07:21.9764565Z 
deploy	Deploy with CDK	2025-12-26T03:07:21.9765335Z  âœ…  ChatBooking-dev-Database (no changes)
deploy	Deploy with CDK	2025-12-26T03:07:21.9765724Z 
deploy	Deploy with CDK	2025-12-26T03:07:21.9765965Z âœ¨  Deployment time: 0.66s
deploy	Deploy with CDK	2025-12-26T03:07:21.9766151Z 
deploy	Deploy with CDK	2025-12-26T03:07:21.9766330Z Outputs:
deploy	Deploy with CDK	2025-12-26T03:07:21.9767109Z ChatBooking-dev-Database.ApiKeysTableName = ChatBooking-ApiKeys
deploy	Deploy with CDK	2025-12-26T03:07:21.9768331Z ChatBooking-dev-Database.AvailabilityTableName = ChatBooking-ProviderAvailability
deploy	Deploy with CDK	2025-12-26T03:07:21.9769640Z ChatBooking-dev-Database.BookingsTableName = ChatBooking-Bookings
deploy	Deploy with CDK	2025-12-26T03:07:21.9770782Z ChatBooking-dev-Database.CategoriesTableName = ChatBooking-Categories
deploy	Deploy with CDK	2025-12-26T03:07:21.9772241Z ChatBooking-dev-Database.ConversationsTableName = ChatBooking-Conversations
deploy	Deploy with CDK	2025-12-26T03:07:21.9773469Z ChatBooking-dev-Database.DocumentsTableName = ChatBooking-Documents
deploy	Deploy with CDK	2025-12-26T03:07:21.9775041Z ChatBooking-dev-Database.ExportsOutputFnGetAttApiKeysTable9F4DC7E7ArnE84F3BB0 = arn:aws:dynamodb:us-east-1:607250385528:table/ChatBooking-ApiKeys
deploy	Deploy with CDK	2025-12-26T03:07:21.9776680Z ChatBooking-dev-Database.ExportsOutputFnGetAttAvailabilityTable497A1E6EArn6251D385 = arn:aws:dynamodb:us-east-1:607250385528:table/ChatBooking-ProviderAvailability
deploy	Deploy with CDK	2025-12-26T03:07:21.9778305Z ChatBooking-dev-Database.ExportsOutputFnGetAttBookingsTableB2628485Arn4FAB36A9 = arn:aws:dynamodb:us-east-1:607250385528:table/ChatBooking-Bookings
deploy	Deploy with CDK	2025-12-26T03:07:21.9779566Z ChatBooking-dev-Database.ExportsOutputFnGetAttCategoriesTable9FFF5A67Arn8D0D486E = arn:aws:dynamodb:us-east-1:607250385528:table/ChatBooking-Categories
deploy	Deploy with CDK	2025-12-26T03:07:21.9780862Z ChatBooking-dev-Database.ExportsOutputFnGetAttConversationsTableCD91EB96Arn4A2B28C6 = arn:aws:dynamodb:us-east-1:607250385528:table/ChatBooking-Conversations
deploy	Deploy with CDK	2025-12-26T03:07:21.9782984Z ChatBooking-dev-Database.ExportsOutputFnGetAttDocumentsTable7E808EE5Arn0820EA25 = arn:aws:dynamodb:us-east-1:607250385528:table/ChatBooking-Documents
deploy	Deploy with CDK	2025-12-26T03:07:21.9784182Z ChatBooking-dev-Database.ExportsOutputFnGetAttFAQsTableB8072970ArnF8F4D35E = arn:aws:dynamodb:us-east-1:607250385528:table/ChatBooking-FAQs
deploy	Deploy with CDK	2025-12-26T03:07:21.9785603Z ChatBooking-dev-Database.ExportsOutputFnGetAttProvidersTable1BBEDB6DArn8763273B = arn:aws:dynamodb:us-east-1:607250385528:table/ChatBooking-Providers
deploy	Deploy with CDK	2025-12-26T03:07:21.9786898Z ChatBooking-dev-Database.ExportsOutputFnGetAttServicesTableF56E8DC5ArnE543C7F6 = arn:aws:dynamodb:us-east-1:607250385528:table/ChatBooking-Services
deploy	Deploy with CDK	2025-12-26T03:07:21.9788529Z ChatBooking-dev-Database.ExportsOutputFnGetAttTenantUsageTableF384CCCAArnA8EBDD0E = arn:aws:dynamodb:us-east-1:607250385528:table/ChatBooking-TenantUsage
deploy	Deploy with CDK	2025-12-26T03:07:21.9789766Z ChatBooking-dev-Database.ExportsOutputFnGetAttTenantsTableB701DC57ArnFFAEC087 = arn:aws:dynamodb:us-east-1:607250385528:table/ChatBooking-Tenants
deploy	Deploy with CDK	2025-12-26T03:07:21.9790989Z ChatBooking-dev-Database.ExportsOutputFnGetAttWorkflowsTable4E215008Arn0D44497B = arn:aws:dynamodb:us-east-1:607250385528:table/ChatBooking-Workflows
deploy	Deploy with CDK	2025-12-26T03:07:21.9792294Z ChatBooking-dev-Database.ExportsOutputRefApiKeysTable9F4DC7E79648F444 = ChatBooking-ApiKeys
deploy	Deploy with CDK	2025-12-26T03:07:21.9793514Z ChatBooking-dev-Database.ExportsOutputRefAvailabilityTable497A1E6E14D99412 = ChatBooking-ProviderAvailability
deploy	Deploy with CDK	2025-12-26T03:07:21.9794404Z ChatBooking-dev-Database.ExportsOutputRefBookingsTableB262848587A36CBD = ChatBooking-Bookings
deploy	Deploy with CDK	2025-12-26T03:07:21.9795235Z ChatBooking-dev-Database.ExportsOutputRefCategoriesTable9FFF5A678A053E38 = ChatBooking-Categories
deploy	Deploy with CDK	2025-12-26T03:07:21.9796361Z ChatBooking-dev-Database.ExportsOutputRefConversationsTableCD91EB96EE2E4585 = ChatBooking-Conversations
deploy	Deploy with CDK	2025-12-26T03:07:21.9797220Z ChatBooking-dev-Database.ExportsOutputRefDocumentsTable7E808EE5AF045745 = ChatBooking-Documents
deploy	Deploy with CDK	2025-12-26T03:07:21.9797991Z ChatBooking-dev-Database.ExportsOutputRefFAQsTableB80729705EF12C8E = ChatBooking-FAQs
deploy	Deploy with CDK	2025-12-26T03:07:21.9798779Z ChatBooking-dev-Database.ExportsOutputRefProvidersTable1BBEDB6D429B9BF2 = ChatBooking-Providers
deploy	Deploy with CDK	2025-12-26T03:07:21.9799594Z ChatBooking-dev-Database.ExportsOutputRefServicesTableF56E8DC54FC0C84D = ChatBooking-Services
deploy	Deploy with CDK	2025-12-26T03:07:21.9800428Z ChatBooking-dev-Database.ExportsOutputRefTenantUsageTableF384CCCA317F1334 = ChatBooking-TenantUsage
deploy	Deploy with CDK	2025-12-26T03:07:21.9801243Z ChatBooking-dev-Database.ExportsOutputRefTenantsTableB701DC57BE8E768B = ChatBooking-Tenants
deploy	Deploy with CDK	2025-12-26T03:07:21.9802159Z ChatBooking-dev-Database.ExportsOutputRefWorkflowsTable4E215008D0FFE690 = ChatBooking-Workflows
deploy	Deploy with CDK	2025-12-26T03:07:21.9802797Z ChatBooking-dev-Database.FAQsTableName = ChatBooking-FAQs
deploy	Deploy with CDK	2025-12-26T03:07:21.9803309Z ChatBooking-dev-Database.ProvidersTableName = ChatBooking-Providers
deploy	Deploy with CDK	2025-12-26T03:07:21.9803866Z ChatBooking-dev-Database.ServicesTableName = ChatBooking-Services
deploy	Deploy with CDK	2025-12-26T03:07:21.9804456Z ChatBooking-dev-Database.TenantUsageTableName = ChatBooking-TenantUsage
deploy	Deploy with CDK	2025-12-26T03:07:21.9805019Z ChatBooking-dev-Database.TenantsTableName = ChatBooking-Tenants
deploy	Deploy with CDK	2025-12-26T03:07:21.9805558Z ChatBooking-dev-Database.WorkflowsTableName = ChatBooking-Workflows
deploy	Deploy with CDK	2025-12-26T03:07:21.9805921Z Stack ARN:
deploy	Deploy with CDK	2025-12-26T03:07:21.9806478Z arn:aws:cloudformation:us-east-1:607250385528:stack/ChatBooking-dev-Database/734ed200-d5f3-11f0-aad1-0e2b43abba09
deploy	Deploy with CDK	2025-12-26T03:07:21.9806880Z 
deploy	Deploy with CDK	2025-12-26T03:07:21.9807063Z âœ¨  Total time: 16.71s
deploy	Deploy with CDK	2025-12-26T03:07:21.9807206Z 
deploy	Deploy with CDK	2025-12-26T03:07:21.9807311Z ChatBooking-dev-Auth
deploy	Deploy with CDK	2025-12-26T03:07:21.9807600Z ChatBooking-dev-Auth: deploying... [2/5]
deploy	Deploy with CDK	2025-12-26T03:07:22.2630052Z 
deploy	Deploy with CDK	2025-12-26T03:07:22.2630929Z  âœ…  ChatBooking-dev-Auth (no changes)
deploy	Deploy with CDK	2025-12-26T03:07:22.2631358Z 
deploy	Deploy with CDK	2025-12-26T03:07:22.2631640Z âœ¨  Deployment time: 0.28s
deploy	Deploy with CDK	2025-12-26T03:07:22.2632055Z 
deploy	Deploy with CDK	2025-12-26T03:07:22.2632200Z Outputs:
deploy	Deploy with CDK	2025-12-26T03:07:22.2633580Z ChatBooking-dev-Auth.ExportsOutputFnGetAttAdminUserPoolD0AF18CFArnBE306E57 = arn:aws:cognito-idp:us-east-1:607250385528:userpool/us-east-1_dG9vi0gz5
deploy	Deploy with CDK	2025-12-26T03:07:22.2635709Z ChatBooking-dev-Auth.ExportsOutputRefAdminUserPoolD0AF18CF79276EF5 = us-east-1_dG9vi0gz5
deploy	Deploy with CDK	2025-12-26T03:07:22.2637132Z ChatBooking-dev-Auth.UserPoolArn = arn:aws:cognito-idp:us-east-1:607250385528:userpool/us-east-1_dG9vi0gz5
deploy	Deploy with CDK	2025-12-26T03:07:22.2638256Z ChatBooking-dev-Auth.UserPoolClientId = 7fst837q5gptanpev9fur88va6
deploy	Deploy with CDK	2025-12-26T03:07:22.2639237Z ChatBooking-dev-Auth.UserPoolDomain = chatbooking-admin-607250385528
deploy	Deploy with CDK	2025-12-26T03:07:22.2640079Z ChatBooking-dev-Auth.UserPoolId = us-east-1_dG9vi0gz5
deploy	Deploy with CDK	2025-12-26T03:07:22.2642423Z ChatBooking-dev-Auth.UserPoolLoginUrl = https://chatbooking-admin-607250385528.auth.us-east-1.amazoncognito.com/login?client_id=7fst837q5gptanpev9fur88va6&response_type=code&redirect_uri=http://localhost:3000/auth/callback
deploy	Deploy with CDK	2025-12-26T03:07:22.2643570Z Stack ARN:
deploy	Deploy with CDK	2025-12-26T03:07:22.2644127Z arn:aws:cloudformation:us-east-1:607250385528:stack/ChatBooking-dev-Auth/514e71b0-d5f3-11f0-a6f5-124023a51f0d
deploy	Deploy with CDK	2025-12-26T03:07:22.2644536Z 
deploy	Deploy with CDK	2025-12-26T03:07:22.2644720Z âœ¨  Total time: 16.33s
deploy	Deploy with CDK	2025-12-26T03:07:22.2644859Z 
deploy	Deploy with CDK	2025-12-26T03:07:22.2644987Z ChatBooking-dev-KnowledgeBase
deploy	Deploy with CDK	2025-12-26T03:07:22.2645337Z ChatBooking-dev-KnowledgeBase: deploying... [3/5]
deploy	Deploy with CDK	2025-12-26T03:07:22.5952853Z 
deploy	Deploy with CDK	2025-12-26T03:07:22.5954298Z  âœ…  ChatBooking-dev-KnowledgeBase (no changes)
deploy	Deploy with CDK	2025-12-26T03:07:22.5955343Z 
deploy	Deploy with CDK	2025-12-26T03:07:22.5955953Z âœ¨  Deployment time: 0.33s
deploy	Deploy with CDK	2025-12-26T03:07:22.5956650Z 
deploy	Deploy with CDK	2025-12-26T03:07:22.5958035Z Outputs:
deploy	Deploy with CDK	2025-12-26T03:07:22.5959703Z ChatBooking-dev-KnowledgeBase.DatabaseEndpoint = chatbooking-dev-knowledge-vectordatabasev2434b2578-xdcvfqx3st8i.cluster-cklcyqa8b2gr.us-east-1.rds.amazonaws.com
deploy	Deploy with CDK	2025-12-26T03:07:22.5962887Z ChatBooking-dev-KnowledgeBase.DatabaseSecretArn = arn:aws:secretsmanager:us-east-1:607250385528:secret:VectorDatabaseV2SecretAA59A-yOEbH5z6ns7F-vISSvC
deploy	Deploy with CDK	2025-12-26T03:07:22.5970658Z ChatBooking-dev-KnowledgeBase.ExportsOutputFnGetAttDbSecurityGroupE9D701ADGroupId7A7C114A = sg-03991c5a50ebedb3a
deploy	Deploy with CDK	2025-12-26T03:07:22.5972928Z ChatBooking-dev-KnowledgeBase.ExportsOutputRefChatBookingVpcIsolatedSubnet1Subnet32DB4342E8F5464C = subnet-088ef2147e97824fb
deploy	Deploy with CDK	2025-12-26T03:07:22.5975040Z ChatBooking-dev-KnowledgeBase.ExportsOutputRefChatBookingVpcIsolatedSubnet2SubnetEE3163B2F94EAEE0 = subnet-0133a325246e83ff3
deploy	Deploy with CDK	2025-12-26T03:07:22.5977320Z ChatBooking-dev-KnowledgeBase.ExportsOutputRefVectorDatabaseV2434B25788F13BE46 = chatbooking-dev-knowledge-vectordatabasev2434b2578-xdcvfqx3st8i
deploy	Deploy with CDK	2025-12-26T03:07:22.5980254Z ChatBooking-dev-KnowledgeBase.ExportsOutputRefVectorDatabaseV2SecretAttachmentF170D3E6384C4713 = arn:aws:secretsmanager:us-east-1:607250385528:secret:VectorDatabaseV2SecretAA59A-yOEbH5z6ns7F-vISSvC
deploy	Deploy with CDK	2025-12-26T03:07:22.5982001Z Stack ARN:
deploy	Deploy with CDK	2025-12-26T03:07:22.5983086Z arn:aws:cloudformation:us-east-1:607250385528:stack/ChatBooking-dev-KnowledgeBase/49f72bc0-e203-11f0-a598-12771eb5df43
deploy	Deploy with CDK	2025-12-26T03:07:22.5983852Z 
deploy	Deploy with CDK	2025-12-26T03:07:22.5984134Z âœ¨  Total time: 16.38s
deploy	Deploy with CDK	2025-12-26T03:07:22.5984382Z 
deploy	Deploy with CDK	2025-12-26T03:07:22.7840903Z ChatBooking-dev-Backend: start: Publishing AuthResolverFunction/Code (607250385528-us-east-1-3269af2c)
deploy	Deploy with CDK	2025-12-26T03:07:22.8091747Z ChatBooking-dev-Backend: start: Publishing AvailabilityFunction/Code (607250385528-us-east-1-e28912e7)
deploy	Deploy with CDK	2025-12-26T03:07:22.8175040Z ChatBooking-dev-Backend: start: Publishing CatalogFunction/Code (607250385528-us-east-1-a113a7e2)
deploy	Deploy with CDK	2025-12-26T03:07:22.8477909Z ChatBooking-dev-Backend: start: Publishing ChatAgentFunction/Code (607250385528-us-east-1-26f5022a)
deploy	Deploy with CDK	2025-12-26T03:07:22.8519666Z ChatBooking-dev-Backend: start: Publishing ChatBooking-dev-Backend Template (607250385528-us-east-1-78f5c148)
deploy	Deploy with CDK	2025-12-26T03:07:22.8583781Z ChatBooking-dev-Backend: start: Publishing BookingFunction/Code (607250385528-us-east-1-9c2b2c98)
deploy	Deploy with CDK	2025-12-26T03:07:22.9018443Z current credentials could not be used to assume 'arn:aws:iam::607250385528:role/cdk-hnb659fds-file-publishing-role-607250385528-us-east-1', but are for the right account. Proceeding anyway.
deploy	Deploy with CDK	2025-12-26T03:07:22.9110519Z current credentials could not be used to assume 'arn:aws:iam::607250385528:role/cdk-hnb659fds-file-publishing-role-607250385528-us-east-1', but are for the right account. Proceeding anyway.
deploy	Deploy with CDK	2025-12-26T03:07:22.9146631Z current credentials could not be used to assume 'arn:aws:iam::607250385528:role/cdk-hnb659fds-file-publishing-role-607250385528-us-east-1', but are for the right account. Proceeding anyway.
deploy	Deploy with CDK	2025-12-26T03:07:22.9583259Z current credentials could not be used to assume 'arn:aws:iam::607250385528:role/cdk-hnb659fds-file-publishing-role-607250385528-us-east-1', but are for the right account. Proceeding anyway.
deploy	Deploy with CDK	2025-12-26T03:07:22.9625389Z current credentials could not be used to assume 'arn:aws:iam::607250385528:role/cdk-hnb659fds-file-publishing-role-607250385528-us-east-1', but are for the right account. Proceeding anyway.
deploy	Deploy with CDK	2025-12-26T03:07:22.9671558Z current credentials could not be used to assume 'arn:aws:iam::607250385528:role/cdk-hnb659fds-file-publishing-role-607250385528-us-east-1', but are for the right account. Proceeding anyway.
deploy	Deploy with CDK	2025-12-26T03:07:23.7408600Z ChatBooking-dev-Backend: success: Published ChatBooking-dev-Backend Template (607250385528-us-east-1-78f5c148)
deploy	Deploy with CDK	2025-12-26T03:07:28.5963887Z ChatBooking-dev-Backend: success: Published CatalogFunction/Code (607250385528-us-east-1-a113a7e2)
deploy	Deploy with CDK	2025-12-26T03:07:28.6190525Z ChatBooking-dev-Backend: success: Published BookingFunction/Code (607250385528-us-east-1-9c2b2c98)
deploy	Deploy with CDK	2025-12-26T03:07:28.6411156Z ChatBooking-dev-Backend: success: Published AuthResolverFunction/Code (607250385528-us-east-1-3269af2c)
deploy	Deploy with CDK	2025-12-26T03:07:29.4026966Z ChatBooking-dev-Backend: success: Published AvailabilityFunction/Code (607250385528-us-east-1-e28912e7)
deploy	Deploy with CDK	2025-12-26T03:07:29.7178918Z ChatBooking-dev-Backend: success: Published ChatAgentFunction/Code (607250385528-us-east-1-26f5022a)
deploy	Deploy with CDK	2025-12-26T03:07:29.7180140Z ChatBooking-dev-Backend
deploy	Deploy with CDK	2025-12-26T03:07:29.7189693Z ChatBooking-dev-Backend: deploying... [4/5]
deploy	Deploy with CDK	2025-12-26T03:07:30.4740492Z ChatBooking-dev-Backend: creating CloudFormation changeset...
deploy	Deploy with CDK	2025-12-26T03:07:30.7281082Z 
deploy	Deploy with CDK	2025-12-26T03:07:30.7282105Z NOTICES         (What's this? https://github.com/aws/aws-cdk/wiki/CLI-Notices)
deploy	Deploy with CDK	2025-12-26T03:07:30.7282539Z 
deploy	Deploy with CDK	2025-12-26T03:07:30.7285412Z 34892	CDK CLI will collect telemetry data on command usage starting at version 2.1100.0 (unless opted out)
deploy	Deploy with CDK	2025-12-26T03:07:30.7285999Z 
deploy	Deploy with CDK	2025-12-26T03:07:30.7286223Z 	Overview: We do not collect customer content and we anonymize the
deploy	Deploy with CDK	2025-12-26T03:07:30.7286696Z 	          telemetry we do collect. See the attached issue for more
deploy	Deploy with CDK	2025-12-26T03:07:30.7287123Z 	          information on what data is collected, why, and how to
deploy	Deploy with CDK	2025-12-26T03:07:30.7287538Z 	          opt-out. Telemetry will NOT be collected for any CDK CLI
deploy	Deploy with CDK	2025-12-26T03:07:30.7287969Z 	          version prior to version 2.1100.0 - regardless of
deploy	Deploy with CDK	2025-12-26T03:07:30.7288394Z 	          opt-in/out. You can also preview the telemetry we will start
deploy	Deploy with CDK	2025-12-26T03:07:30.7288806Z 	          collecting by logging it to a local file, by adding
deploy	Deploy with CDK	2025-12-26T03:07:30.7289246Z 	          `--unstable=telemetry --telemetry-file=my/local/file` to any
deploy	Deploy with CDK	2025-12-26T03:07:30.7289586Z 	          `cdk` command.
deploy	Deploy with CDK	2025-12-26T03:07:30.7289726Z 
deploy	Deploy with CDK	2025-12-26T03:07:30.7289866Z 	Affected versions: cli: >=2.0.0 <2.1100.0
deploy	Deploy with CDK	2025-12-26T03:07:30.7290047Z 
deploy	Deploy with CDK	2025-12-26T03:07:30.7290271Z 	More information at: https://github.com/aws/aws-cdk/issues/34892
deploy	Deploy with CDK	2025-12-26T03:07:30.7290524Z 
deploy	Deploy with CDK	2025-12-26T03:07:30.7290534Z 
deploy	Deploy with CDK	2025-12-26T03:07:30.7293500Z If you donâ€™t want to see a notice anymore, use "cdk acknowledge <id>". For example, "cdk acknowledge 34892".
deploy	Deploy with CDK	2025-12-26T03:07:30.7295095Z âŒ  ChatBooking-dev-Backend failed: ValidationError: Stack:arn:aws:cloudformation:us-east-1:607250385528:stack/ChatBooking-dev-Backend/55638490-e203-11f0-a2f5-0e1bbbb9f3a1 is in CREATE_IN_PROGRESS state and can not be updated.
deploy	Deploy with CDK	2025-12-26T03:07:30.7635398Z ##[error]Process completed with exit code 1.
deploy	Post Configure AWS credentials	ï»¿2025-12-26T03:07:30.7708754Z Post job cleanup.
deploy	Post Checkout repo	ï»¿2025-12-26T03:07:30.9019912Z Post job cleanup.
deploy	Post Checkout repo	2025-12-26T03:07:30.9961720Z [command]/usr/bin/git version
deploy	Post Checkout repo	2025-12-26T03:07:30.9997760Z git version 2.52.0
deploy	Post Checkout repo	2025-12-26T03:07:31.0040378Z Temporarily overriding HOME='/home/runner/work/_temp/32028181-1e04-400a-aced-6eb2d78b93f7' before making global git config changes
deploy	Post Checkout repo	2025-12-26T03:07:31.0041624Z Adding repository directory to the temporary git global config as a safe directory
deploy	Post Checkout repo	2025-12-26T03:07:31.0053129Z [command]/usr/bin/git config --global --add safe.directory /home/runner/work/chat-booking-backend/chat-booking-backend
deploy	Post Checkout repo	2025-12-26T03:07:31.0086479Z [command]/usr/bin/git config --local --name-only --get-regexp core\.sshCommand
deploy	Post Checkout repo	2025-12-26T03:07:31.0118255Z [command]/usr/bin/git submodule foreach --recursive sh -c "git config --local --name-only --get-regexp 'core\.sshCommand' && git config --local --unset-all 'core.sshCommand' || :"
deploy	Post Checkout repo	2025-12-26T03:07:31.0367440Z [command]/usr/bin/git config --local --name-only --get-regexp http\.https\:\/\/github\.com\/\.extraheader
deploy	Post Checkout repo	2025-12-26T03:07:31.0391396Z http.https://github.com/.extraheader
deploy	Post Checkout repo	2025-12-26T03:07:31.0409171Z [command]/usr/bin/git config --local --unset-all http.https://github.com/.extraheader
deploy	Post Checkout repo	2025-12-26T03:07:31.0445942Z [command]/usr/bin/git submodule foreach --recursive sh -c "git config --local --name-only --get-regexp 'http\.https\:\/\/github\.com\/\.extraheader' && git config --local --unset-all 'http.https://github.com/.extraheader' || :"
deploy	Post Checkout repo	2025-12-26T03:07:31.0700922Z [command]/usr/bin/git config --local --name-only --get-regexp ^includeIf\.gitdir:
deploy	Post Checkout repo	2025-12-26T03:07:31.0736201Z [command]/usr/bin/git submodule foreach --recursive git config --local --show-origin --name-only --get-regexp remote.origin.url
deploy	Complete job	ï»¿2025-12-26T03:07:31.1099704Z Cleaning up orphan processes
